[0.044s] Invoking command in '/home/eating/work/build/gui_interface': CMAKE_PREFIX_PATH=${CMAKE_PREFIX_PATH}:/home/eating/work/install/pallet_main:/home/eating/work/install/main_control:/home/eating/work/install/gui:/home/eating/work/install/docking_pkg:/opt/ros/humble /usr/bin/cmake --build /home/eating/work/build/gui_interface -- -j8 -l8
[0.538s] [  9%] Built target gui_interface__rosidl_generator_c
[0.539s] [ 12%] Built target gui_interface__cpp
[0.539s] [ 12%] Built target ament_cmake_python_copy_gui_interface
[0.540s] [ 25%] Built target gui_interface__rosidl_typesupport_introspection_c
[0.541s] [ 32%] Built target gui_interface__rosidl_typesupport_fastrtps_c
[0.542s] [ 41%] Built target gui_interface__rosidl_typesupport_c
[0.542s] [ 51%] Built target gui_interface__rosidl_typesupport_introspection_cpp
[0.542s] [ 61%] Built target gui_interface__rosidl_typesupport_cpp
[0.542s] [ 70%] Built target gui_interface__rosidl_typesupport_fastrtps_cpp
[0.542s] [ 70%] Built target gui_interface
[0.542s] [ 74%] Built target gui_interface__py
[0.542s] [ 80%] Built target gui_interface__rosidl_generator_py
[0.542s] [ 87%] Built target gui_interface__rosidl_typesupport_fastrtps_c__pyext
[0.542s] [ 93%] Built target gui_interface__rosidl_typesupport_introspection_c__pyext
[0.543s] [100%] Built target gui_interface__rosidl_typesupport_c__pyext
[0.597s] running egg_info
[0.598s] writing gui_interface.egg-info/PKG-INFO
[0.612s] writing dependency_links to gui_interface.egg-info/dependency_links.txt
[0.612s] writing top-level names to gui_interface.egg-info/top_level.txt
[0.612s] reading manifest file 'gui_interface.egg-info/SOURCES.txt'
[0.613s] writing manifest file 'gui_interface.egg-info/SOURCES.txt'
[0.674s] [100%] Built target ament_cmake_python_build_gui_interface_egg
[0.739s] Invoked command in '/home/eating/work/build/gui_interface' returned '0': CMAKE_PREFIX_PATH=${CMAKE_PREFIX_PATH}:/home/eating/work/install/pallet_main:/home/eating/work/install/main_control:/home/eating/work/install/gui:/home/eating/work/install/docking_pkg:/opt/ros/humble /usr/bin/cmake --build /home/eating/work/build/gui_interface -- -j8 -l8
[0.741s] Invoking command in '/home/eating/work/build/gui_interface': CMAKE_PREFIX_PATH=${CMAKE_PREFIX_PATH}:/home/eating/work/install/pallet_main:/home/eating/work/install/main_control:/home/eating/work/install/gui:/home/eating/work/install/docking_pkg:/opt/ros/humble /usr/bin/cmake --install /home/eating/work/build/gui_interface
[0.788s] -- Install configuration: ""
[0.788s] -- Up-to-date: /home/eating/work/install/gui_interface/share/ament_index/resource_index/rosidl_interfaces/gui_interface
[0.788s] -- Up-to-date: /home/eating/work/install/gui_interface/include/gui_interface/gui_interface
[0.788s] -- Up-to-date: /home/eating/work/install/gui_interface/include/gui_interface/gui_interface/msg
[0.788s] -- Up-to-date: /home/eating/work/install/gui_interface/include/gui_interface/gui_interface/msg/rosidl_generator_c__visibility_control.h
[0.788s] -- Up-to-date: /home/eating/work/install/gui_interface/include/gui_interface/gui_interface/srv
[0.788s] -- Up-to-date: /home/eating/work/install/gui_interface/include/gui_interface/gui_interface/srv/detail
[0.788s] -- Up-to-date: /home/eating/work/install/gui_interface/include/gui_interface/gui_interface/srv/detail/taskcmd__struct.h
[0.789s] -- Up-to-date: /home/eating/work/install/gui_interface/include/gui_interface/gui_interface/srv/detail/taskcmd__type_support.h
[0.789s] -- Up-to-date: /home/eating/work/install/gui_interface/include/gui_interface/gui_interface/srv/detail/taskcmd__functions.h
[0.789s] -- Up-to-date: /home/eating/work/install/gui_interface/include/gui_interface/gui_interface/srv/detail/taskcmd__functions.c
[0.789s] -- Up-to-date: /home/eating/work/install/gui_interface/include/gui_interface/gui_interface/srv/taskcmd.h
[0.789s] -- Up-to-date: /home/eating/work/install/gui_interface/share/gui_interface/environment/library_path.sh
[0.789s] -- Up-to-date: /home/eating/work/install/gui_interface/share/gui_interface/environment/library_path.dsv
[0.789s] -- Up-to-date: /home/eating/work/install/gui_interface/lib/libgui_interface__rosidl_generator_c.so
[0.789s] -- Up-to-date: /home/eating/work/install/gui_interface/include/gui_interface/gui_interface
[0.790s] -- Up-to-date: /home/eating/work/install/gui_interface/include/gui_interface/gui_interface/msg
[0.790s] -- Up-to-date: /home/eating/work/install/gui_interface/include/gui_interface/gui_interface/msg/rosidl_typesupport_fastrtps_c__visibility_control.h
[0.790s] -- Up-to-date: /home/eating/work/install/gui_interface/include/gui_interface/gui_interface/srv
[0.790s] -- Up-to-date: /home/eating/work/install/gui_interface/include/gui_interface/gui_interface/srv/detail
[0.790s] -- Up-to-date: /home/eating/work/install/gui_interface/include/gui_interface/gui_interface/srv/detail/taskcmd__rosidl_typesupport_fastrtps_c.h
[0.790s] -- Up-to-date: /home/eating/work/install/gui_interface/lib/libgui_interface__rosidl_typesupport_fastrtps_c.so
[0.790s] -- Up-to-date: /home/eating/work/install/gui_interface/include/gui_interface/gui_interface
[0.790s] -- Up-to-date: /home/eating/work/install/gui_interface/include/gui_interface/gui_interface/msg
[0.790s] -- Up-to-date: /home/eating/work/install/gui_interface/include/gui_interface/gui_interface/msg/rosidl_generator_cpp__visibility_control.hpp
[0.790s] -- Up-to-date: /home/eating/work/install/gui_interface/include/gui_interface/gui_interface/srv
[0.791s] -- Up-to-date: /home/eating/work/install/gui_interface/include/gui_interface/gui_interface/srv/taskcmd.hpp
[0.791s] -- Up-to-date: /home/eating/work/install/gui_interface/include/gui_interface/gui_interface/srv/detail
[0.791s] -- Up-to-date: /home/eating/work/install/gui_interface/include/gui_interface/gui_interface/srv/detail/taskcmd__struct.hpp
[0.791s] -- Up-to-date: /home/eating/work/install/gui_interface/include/gui_interface/gui_interface/srv/detail/taskcmd__builder.hpp
[0.791s] -- Up-to-date: /home/eating/work/install/gui_interface/include/gui_interface/gui_interface/srv/detail/taskcmd__type_support.hpp
[0.791s] -- Up-to-date: /home/eating/work/install/gui_interface/include/gui_interface/gui_interface/srv/detail/taskcmd__traits.hpp
[0.791s] -- Up-to-date: /home/eating/work/install/gui_interface/include/gui_interface/gui_interface
[0.792s] -- Up-to-date: /home/eating/work/install/gui_interface/include/gui_interface/gui_interface/msg
[0.792s] -- Up-to-date: /home/eating/work/install/gui_interface/include/gui_interface/gui_interface/msg/rosidl_typesupport_fastrtps_cpp__visibility_control.h
[0.792s] -- Up-to-date: /home/eating/work/install/gui_interface/include/gui_interface/gui_interface/srv
[0.792s] -- Up-to-date: /home/eating/work/install/gui_interface/include/gui_interface/gui_interface/srv/detail
[0.792s] -- Up-to-date: /home/eating/work/install/gui_interface/include/gui_interface/gui_interface/srv/detail/dds_fastrtps
[0.792s] -- Up-to-date: /home/eating/work/install/gui_interface/include/gui_interface/gui_interface/srv/detail/taskcmd__rosidl_typesupport_fastrtps_cpp.hpp
[0.792s] -- Up-to-date: /home/eating/work/install/gui_interface/lib/libgui_interface__rosidl_typesupport_fastrtps_cpp.so
[0.793s] -- Up-to-date: /home/eating/work/install/gui_interface/include/gui_interface/gui_interface
[0.793s] -- Up-to-date: /home/eating/work/install/gui_interface/include/gui_interface/gui_interface/msg
[0.793s] -- Up-to-date: /home/eating/work/install/gui_interface/include/gui_interface/gui_interface/msg/rosidl_typesupport_introspection_c__visibility_control.h
[0.793s] -- Up-to-date: /home/eating/work/install/gui_interface/include/gui_interface/gui_interface/srv
[0.793s] -- Up-to-date: /home/eating/work/install/gui_interface/include/gui_interface/gui_interface/srv/detail
[0.793s] -- Up-to-date: /home/eating/work/install/gui_interface/include/gui_interface/gui_interface/srv/detail/taskcmd__type_support.c
[0.793s] -- Up-to-date: /home/eating/work/install/gui_interface/include/gui_interface/gui_interface/srv/detail/taskcmd__rosidl_typesupport_introspection_c.h
[0.793s] -- Up-to-date: /home/eating/work/install/gui_interface/lib/libgui_interface__rosidl_typesupport_introspection_c.so
[0.794s] -- Up-to-date: /home/eating/work/install/gui_interface/lib/libgui_interface__rosidl_typesupport_c.so
[0.794s] -- Up-to-date: /home/eating/work/install/gui_interface/include/gui_interface/gui_interface
[0.794s] -- Up-to-date: /home/eating/work/install/gui_interface/include/gui_interface/gui_interface/srv
[0.794s] -- Up-to-date: /home/eating/work/install/gui_interface/include/gui_interface/gui_interface/srv/detail
[0.794s] -- Up-to-date: /home/eating/work/install/gui_interface/include/gui_interface/gui_interface/srv/detail/taskcmd__rosidl_typesupport_introspection_cpp.hpp
[0.794s] -- Up-to-date: /home/eating/work/install/gui_interface/include/gui_interface/gui_interface/srv/detail/taskcmd__type_support.cpp
[0.794s] -- Up-to-date: /home/eating/work/install/gui_interface/lib/libgui_interface__rosidl_typesupport_introspection_cpp.so
[0.794s] -- Up-to-date: /home/eating/work/install/gui_interface/lib/libgui_interface__rosidl_typesupport_cpp.so
[0.794s] -- Up-to-date: /home/eating/work/install/gui_interface/share/gui_interface/environment/pythonpath.sh
[0.794s] -- Up-to-date: /home/eating/work/install/gui_interface/share/gui_interface/environment/pythonpath.dsv
[0.794s] -- Up-to-date: /home/eating/work/install/gui_interface/local/lib/python3.10/dist-packages/gui_interface-0.0.0-py3.10.egg-info
[0.794s] -- Installing: /home/eating/work/install/gui_interface/local/lib/python3.10/dist-packages/gui_interface-0.0.0-py3.10.egg-info/top_level.txt
[0.794s] -- Installing: /home/eating/work/install/gui_interface/local/lib/python3.10/dist-packages/gui_interface-0.0.0-py3.10.egg-info/SOURCES.txt
[0.794s] -- Installing: /home/eating/work/install/gui_interface/local/lib/python3.10/dist-packages/gui_interface-0.0.0-py3.10.egg-info/dependency_links.txt
[0.795s] -- Installing: /home/eating/work/install/gui_interface/local/lib/python3.10/dist-packages/gui_interface-0.0.0-py3.10.egg-info/PKG-INFO
[0.795s] -- Up-to-date: /home/eating/work/install/gui_interface/local/lib/python3.10/dist-packages/gui_interface
[0.795s] -- Up-to-date: /home/eating/work/install/gui_interface/local/lib/python3.10/dist-packages/gui_interface/__init__.py
[0.795s] -- Up-to-date: /home/eating/work/install/gui_interface/local/lib/python3.10/dist-packages/gui_interface/gui_interface_s__rosidl_typesupport_c.cpython-310-x86_64-linux-gnu.so
[0.795s] -- Up-to-date: /home/eating/work/install/gui_interface/local/lib/python3.10/dist-packages/gui_interface/_gui_interface_s.ep.rosidl_typesupport_fastrtps_c.c
[0.795s] -- Up-to-date: /home/eating/work/install/gui_interface/local/lib/python3.10/dist-packages/gui_interface/_gui_interface_s.ep.rosidl_typesupport_c.c
[0.795s] -- Up-to-date: /home/eating/work/install/gui_interface/local/lib/python3.10/dist-packages/gui_interface/gui_interface_s__rosidl_typesupport_introspection_c.cpython-310-x86_64-linux-gnu.so
[0.796s] -- Up-to-date: /home/eating/work/install/gui_interface/local/lib/python3.10/dist-packages/gui_interface/srv
[0.796s] -- Up-to-date: /home/eating/work/install/gui_interface/local/lib/python3.10/dist-packages/gui_interface/srv/__init__.py
[0.796s] -- Up-to-date: /home/eating/work/install/gui_interface/local/lib/python3.10/dist-packages/gui_interface/srv/_taskcmd.py
[0.796s] -- Up-to-date: /home/eating/work/install/gui_interface/local/lib/python3.10/dist-packages/gui_interface/srv/_taskcmd_s.c
[0.796s] -- Up-to-date: /home/eating/work/install/gui_interface/local/lib/python3.10/dist-packages/gui_interface/libgui_interface__rosidl_generator_py.so
[0.796s] -- Up-to-date: /home/eating/work/install/gui_interface/local/lib/python3.10/dist-packages/gui_interface/gui_interface_s__rosidl_typesupport_fastrtps_c.cpython-310-x86_64-linux-gnu.so
[0.796s] -- Up-to-date: /home/eating/work/install/gui_interface/local/lib/python3.10/dist-packages/gui_interface/_gui_interface_s.ep.rosidl_typesupport_introspection_c.c
[0.797s] Listing '/home/eating/work/install/gui_interface/local/lib/python3.10/dist-packages/gui_interface'...
[0.797s] Listing '/home/eating/work/install/gui_interface/local/lib/python3.10/dist-packages/gui_interface/srv'...
[0.797s] -- Up-to-date: /home/eating/work/install/gui_interface/local/lib/python3.10/dist-packages/gui_interface/gui_interface_s__rosidl_typesupport_fastrtps_c.cpython-310-x86_64-linux-gnu.so
[0.797s] -- Up-to-date: /home/eating/work/install/gui_interface/local/lib/python3.10/dist-packages/gui_interface/gui_interface_s__rosidl_typesupport_introspection_c.cpython-310-x86_64-linux-gnu.so
[0.797s] -- Up-to-date: /home/eating/work/install/gui_interface/local/lib/python3.10/dist-packages/gui_interface/gui_interface_s__rosidl_typesupport_c.cpython-310-x86_64-linux-gnu.so
[0.797s] -- Up-to-date: /home/eating/work/install/gui_interface/lib/libgui_interface__rosidl_generator_py.so
[0.797s] -- Up-to-date: /home/eating/work/install/gui_interface/share/gui_interface/srv/Taskcmd.idl
[0.797s] -- Up-to-date: /home/eating/work/install/gui_interface/share/gui_interface/srv/Taskcmd.srv
[0.797s] -- Up-to-date: /home/eating/work/install/gui_interface/share/gui_interface/srv/Taskcmd_Request.msg
[0.797s] -- Up-to-date: /home/eating/work/install/gui_interface/share/gui_interface/srv/Taskcmd_Response.msg
[0.798s] -- Up-to-date: /home/eating/work/install/gui_interface/share/ament_index/resource_index/package_run_dependencies/gui_interface
[0.798s] -- Up-to-date: /home/eating/work/install/gui_interface/share/ament_index/resource_index/parent_prefix_path/gui_interface
[0.798s] -- Up-to-date: /home/eating/work/install/gui_interface/share/gui_interface/environment/ament_prefix_path.sh
[0.798s] -- Up-to-date: /home/eating/work/install/gui_interface/share/gui_interface/environment/ament_prefix_path.dsv
[0.798s] -- Up-to-date: /home/eating/work/install/gui_interface/share/gui_interface/environment/path.sh
[0.798s] -- Up-to-date: /home/eating/work/install/gui_interface/share/gui_interface/environment/path.dsv
[0.798s] -- Up-to-date: /home/eating/work/install/gui_interface/share/gui_interface/local_setup.bash
[0.798s] -- Up-to-date: /home/eating/work/install/gui_interface/share/gui_interface/local_setup.sh
[0.798s] -- Up-to-date: /home/eating/work/install/gui_interface/share/gui_interface/local_setup.zsh
[0.799s] -- Up-to-date: /home/eating/work/install/gui_interface/share/gui_interface/local_setup.dsv
[0.799s] -- Installing: /home/eating/work/install/gui_interface/share/gui_interface/package.dsv
[0.799s] -- Up-to-date: /home/eating/work/install/gui_interface/share/ament_index/resource_index/packages/gui_interface
[0.799s] -- Up-to-date: /home/eating/work/install/gui_interface/share/gui_interface/cmake/export_gui_interface__rosidl_generator_cExport.cmake
[0.799s] -- Up-to-date: /home/eating/work/install/gui_interface/share/gui_interface/cmake/export_gui_interface__rosidl_generator_cExport-noconfig.cmake
[0.799s] -- Up-to-date: /home/eating/work/install/gui_interface/share/gui_interface/cmake/export_gui_interface__rosidl_typesupport_fastrtps_cExport.cmake
[0.799s] -- Up-to-date: /home/eating/work/install/gui_interface/share/gui_interface/cmake/export_gui_interface__rosidl_typesupport_fastrtps_cExport-noconfig.cmake
[0.799s] -- Up-to-date: /home/eating/work/install/gui_interface/share/gui_interface/cmake/export_gui_interface__rosidl_generator_cppExport.cmake
[0.799s] -- Up-to-date: /home/eating/work/install/gui_interface/share/gui_interface/cmake/export_gui_interface__rosidl_typesupport_fastrtps_cppExport.cmake
[0.799s] -- Up-to-date: /home/eating/work/install/gui_interface/share/gui_interface/cmake/export_gui_interface__rosidl_typesupport_fastrtps_cppExport-noconfig.cmake
[0.799s] -- Up-to-date: /home/eating/work/install/gui_interface/share/gui_interface/cmake/gui_interface__rosidl_typesupport_introspection_cExport.cmake
[0.799s] -- Up-to-date: /home/eating/work/install/gui_interface/share/gui_interface/cmake/gui_interface__rosidl_typesupport_introspection_cExport-noconfig.cmake
[0.800s] -- Up-to-date: /home/eating/work/install/gui_interface/share/gui_interface/cmake/gui_interface__rosidl_typesupport_cExport.cmake
[0.800s] -- Up-to-date: /home/eating/work/install/gui_interface/share/gui_interface/cmake/gui_interface__rosidl_typesupport_cExport-noconfig.cmake
[0.800s] -- Up-to-date: /home/eating/work/install/gui_interface/share/gui_interface/cmake/gui_interface__rosidl_typesupport_introspection_cppExport.cmake
[0.800s] -- Up-to-date: /home/eating/work/install/gui_interface/share/gui_interface/cmake/gui_interface__rosidl_typesupport_introspection_cppExport-noconfig.cmake
[0.800s] -- Up-to-date: /home/eating/work/install/gui_interface/share/gui_interface/cmake/gui_interface__rosidl_typesupport_cppExport.cmake
[0.800s] -- Up-to-date: /home/eating/work/install/gui_interface/share/gui_interface/cmake/gui_interface__rosidl_typesupport_cppExport-noconfig.cmake
[0.801s] -- Up-to-date: /home/eating/work/install/gui_interface/share/gui_interface/cmake/export_gui_interface__rosidl_generator_pyExport.cmake
[0.801s] -- Up-to-date: /home/eating/work/install/gui_interface/share/gui_interface/cmake/export_gui_interface__rosidl_generator_pyExport-noconfig.cmake
[0.801s] -- Up-to-date: /home/eating/work/install/gui_interface/share/gui_interface/cmake/rosidl_cmake-extras.cmake
[0.801s] -- Up-to-date: /home/eating/work/install/gui_interface/share/gui_interface/cmake/ament_cmake_export_dependencies-extras.cmake
[0.801s] -- Up-to-date: /home/eating/work/install/gui_interface/share/gui_interface/cmake/ament_cmake_export_include_directories-extras.cmake
[0.802s] -- Up-to-date: /home/eating/work/install/gui_interface/share/gui_interface/cmake/ament_cmake_export_libraries-extras.cmake
[0.802s] -- Up-to-date: /home/eating/work/install/gui_interface/share/gui_interface/cmake/ament_cmake_export_targets-extras.cmake
[0.802s] -- Up-to-date: /home/eating/work/install/gui_interface/share/gui_interface/cmake/rosidl_cmake_export_typesupport_targets-extras.cmake
[0.802s] -- Up-to-date: /home/eating/work/install/gui_interface/share/gui_interface/cmake/rosidl_cmake_export_typesupport_libraries-extras.cmake
[0.802s] -- Up-to-date: /home/eating/work/install/gui_interface/share/gui_interface/cmake/gui_interfaceConfig.cmake
[0.802s] -- Up-to-date: /home/eating/work/install/gui_interface/share/gui_interface/cmake/gui_interfaceConfig-version.cmake
[0.802s] -- Up-to-date: /home/eating/work/install/gui_interface/share/gui_interface/package.xml
[0.827s] Invoked command in '/home/eating/work/build/gui_interface' returned '0': CMAKE_PREFIX_PATH=${CMAKE_PREFIX_PATH}:/home/eating/work/install/pallet_main:/home/eating/work/install/main_control:/home/eating/work/install/gui:/home/eating/work/install/docking_pkg:/opt/ros/humble /usr/bin/cmake --install /home/eating/work/build/gui_interface
