[0.019s] Invoking command in '/home/fxck/work/build/gui_interface': CMAKE_PREFIX_PATH=/opt/ros/humble /usr/bin/cmake /home/fxck/work/src/GUI/gui_interface -DCMAKE_INSTALL_PREFIX=/home/fxck/work/install/gui_interface
[0.196s] -- The C compiler identification is GNU 11.4.0
[0.301s] -- The CXX compiler identification is GNU 11.4.0
[0.310s] -- Detecting C compiler ABI info
[0.385s] -- Detecting C compiler ABI info - done
[0.395s] -- Check for working C compiler: /usr/bin/cc - skipped
[0.395s] -- Detecting C compile features
[0.395s] -- Detecting C compile features - done
[0.399s] -- Detecting CXX compiler ABI info
[0.473s] -- Detecting CXX compiler ABI info - done
[0.483s] -- Check for working CXX compiler: /usr/bin/c++ - skipped
[0.484s] -- Detecting CXX compile features
[0.484s] -- Detecting CXX compile features - done
[0.491s] -- Found ament_cmake: 1.3.11 (/opt/ros/humble/share/ament_cmake/cmake)
[0.620s] -- Found Python3: /usr/bin/python3 (found version "3.10.12") found components: Interpreter 
[0.727s] -- Found geometry_msgs: 4.2.4 (/opt/ros/humble/share/geometry_msgs/cmake)
[0.789s] -- Found rosidl_generator_c: 3.1.6 (/opt/ros/humble/share/rosidl_generator_c/cmake)
[0.796s] -- Found rosidl_adapter: 3.1.6 (/opt/ros/humble/share/rosidl_adapter/cmake)
[0.806s] -- Found rosidl_generator_cpp: 3.1.6 (/opt/ros/humble/share/rosidl_generator_cpp/cmake)
[0.818s] -- Using all available rosidl_typesupport_c: rosidl_typesupport_fastrtps_c;rosidl_typesupport_introspection_c
[0.836s] -- Using all available rosidl_typesupport_cpp: rosidl_typesupport_fastrtps_cpp;rosidl_typesupport_introspection_cpp
[0.888s] -- Found rosidl_default_generators: 1.2.0 (/opt/ros/humble/share/rosidl_default_generators/cmake)
[1.143s] -- Found ament_cmake_ros: 0.10.0 (/opt/ros/humble/share/ament_cmake_ros/cmake)
[1.527s] -- Using all available rosidl_typesupport_c: rosidl_typesupport_fastrtps_c;rosidl_typesupport_introspection_c
[1.676s] -- Using all available rosidl_typesupport_cpp: rosidl_typesupport_fastrtps_cpp;rosidl_typesupport_introspection_cpp
[1.695s] -- Found PythonInterp: /usr/bin/python3 (found suitable version "3.10.12", minimum required is "3.6") 
[1.697s] -- Found python_cmake_module: 0.10.0 (/opt/ros/humble/share/python_cmake_module/cmake)
[1.719s] -- Found PythonLibs: /usr/lib/x86_64-linux-gnu/libpython3.10.so (found suitable version "3.10.12", minimum required is "3.5") 
[1.719s] -- Using PYTHON_EXECUTABLE: /usr/bin/python3
[1.719s] -- Using PYTHON_INCLUDE_DIRS: /usr/include/python3.10
[1.719s] -- Using PYTHON_LIBRARIES: /usr/lib/x86_64-linux-gnu/libpython3.10.so
[1.737s] -- Found PythonExtra: .so  
[1.793s] -- Found ament_lint_auto: 0.12.11 (/opt/ros/humble/share/ament_lint_auto/cmake)
[1.812s] -- Added test 'lint_cmake' to check CMake code style
[1.813s] -- Added test 'xmllint' to check XML markup files
[1.816s] -- Configuring done
[1.853s] -- Generating done
[1.865s] -- Build files have been written to: /home/fxck/work/build/gui_interface
[1.871s] Invoked command in '/home/fxck/work/build/gui_interface' returned '0': CMAKE_PREFIX_PATH=/opt/ros/humble /usr/bin/cmake /home/fxck/work/src/GUI/gui_interface -DCMAKE_INSTALL_PREFIX=/home/fxck/work/install/gui_interface
[1.873s] Invoking command in '/home/fxck/work/build/gui_interface': CMAKE_PREFIX_PATH=/opt/ros/humble /usr/bin/cmake --build /home/fxck/work/build/gui_interface -- -j16 -l16
[1.914s] [  3%] [34m[1mGenerating C code for ROS interfaces[0m
[1.921s] [  6%] [34m[1mGenerating C++ code for ROS interfaces[0m
[1.930s] [  6%] Built target ament_cmake_python_copy_gui_interface
[2.152s] [  6%] Built target gui_interface__cpp
[2.167s] [ 12%] [34m[1mGenerating C++ introspection for ROS interfaces[0m
[2.167s] [ 12%] [34m[1mGenerating C++ type support dispatch for ROS interfaces[0m
[2.167s] [ 16%] [34m[1mGenerating C++ type support for eProsima Fast-RTPS[0m
[2.167s] running egg_info
[2.167s] creating gui_interface.egg-info
[2.168s] writing gui_interface.egg-info/PKG-INFO
[2.171s] writing dependency_links to gui_interface.egg-info/dependency_links.txt
[2.171s] writing top-level names to gui_interface.egg-info/top_level.txt
[2.171s] writing manifest file 'gui_interface.egg-info/SOURCES.txt'
[2.171s] reading manifest file 'gui_interface.egg-info/SOURCES.txt'
[2.172s] writing manifest file 'gui_interface.egg-info/SOURCES.txt'
[2.217s] [ 19%] [32mBuilding C object CMakeFiles/gui_interface__rosidl_generator_c.dir/rosidl_generator_c/gui_interface/srv/detail/taskcmd__functions.c.o[0m
[2.223s] [ 19%] Built target ament_cmake_python_build_gui_interface_egg
[2.300s] [ 22%] [32m[1mLinking C shared library libgui_interface__rosidl_generator_c.so[0m
[2.350s] [ 22%] Built target gui_interface__rosidl_generator_c
[2.370s] [ 25%] [34m[1mGenerating C introspection for ROS interfaces[0m
[2.370s] [ 29%] [34m[1mGenerating C type support dispatch for ROS interfaces[0m
[2.370s] [ 32%] [34m[1mGenerating C type support for eProsima Fast-RTPS[0m
[2.438s] [ 35%] [32mBuilding CXX object CMakeFiles/gui_interface__rosidl_typesupport_cpp.dir/rosidl_typesupport_cpp/gui_interface/srv/taskcmd__type_support.cpp.o[0m
[2.461s] [ 38%] [32mBuilding CXX object CMakeFiles/gui_interface__rosidl_typesupport_introspection_cpp.dir/rosidl_typesupport_introspection_cpp/gui_interface/srv/detail/taskcmd__type_support.cpp.o[0m
[2.514s] [ 41%] [32mBuilding CXX object CMakeFiles/gui_interface__rosidl_typesupport_fastrtps_cpp.dir/rosidl_typesupport_fastrtps_cpp/gui_interface/srv/detail/dds_fastrtps/taskcmd__type_support.cpp.o[0m
[2.668s] [ 45%] [32mBuilding CXX object CMakeFiles/gui_interface__rosidl_typesupport_c.dir/rosidl_typesupport_c/gui_interface/srv/taskcmd__type_support.cpp.o[0m
[2.711s] [ 48%] [32m[1mLinking CXX shared library libgui_interface__rosidl_typesupport_c.so[0m
[2.713s] [ 51%] [32mBuilding C object CMakeFiles/gui_interface__rosidl_typesupport_introspection_c.dir/rosidl_typesupport_introspection_c/gui_interface/srv/detail/taskcmd__type_support.c.o[0m
[2.722s] [ 54%] [32mBuilding CXX object CMakeFiles/gui_interface__rosidl_typesupport_fastrtps_c.dir/rosidl_typesupport_fastrtps_c/gui_interface/srv/detail/taskcmd__type_support_c.cpp.o[0m
[2.767s] [ 58%] [32m[1mLinking C shared library libgui_interface__rosidl_typesupport_introspection_c.so[0m
[2.773s] [ 58%] Built target gui_interface__rosidl_typesupport_c
[2.778s] [ 61%] [32m[1mLinking CXX shared library libgui_interface__rosidl_typesupport_cpp.so[0m
[2.819s] [ 61%] Built target gui_interface__rosidl_typesupport_introspection_c
[2.832s] [ 61%] Built target gui_interface__rosidl_typesupport_cpp
[2.926s] [ 64%] [32m[1mLinking CXX shared library libgui_interface__rosidl_typesupport_introspection_cpp.so[0m
[2.996s] [ 67%] [32m[1mLinking CXX shared library libgui_interface__rosidl_typesupport_fastrtps_cpp.so[0m
[3.003s] [ 67%] Built target gui_interface__rosidl_typesupport_introspection_cpp
[3.038s] [ 70%] [32m[1mLinking CXX shared library libgui_interface__rosidl_typesupport_fastrtps_c.so[0m
[3.075s] [ 70%] Built target gui_interface__rosidl_typesupport_fastrtps_cpp
[3.113s] [ 70%] Built target gui_interface__rosidl_typesupport_fastrtps_c
[3.133s] [ 70%] Built target gui_interface
[3.154s] [ 74%] [34m[1mGenerating Python code for ROS interfaces[0m
[3.435s] [ 74%] Built target gui_interface__py
[3.455s] [ 77%] [32mBuilding C object CMakeFiles/gui_interface__rosidl_generator_py.dir/rosidl_generator_py/gui_interface/srv/_taskcmd_s.c.o[0m
[3.573s] [ 80%] [32m[1mLinking C shared library rosidl_generator_py/gui_interface/libgui_interface__rosidl_generator_py.so[0m
[3.615s] [ 80%] Built target gui_interface__rosidl_generator_py
[3.637s] [ 83%] [32mBuilding C object CMakeFiles/gui_interface__rosidl_typesupport_introspection_c__pyext.dir/rosidl_generator_py/gui_interface/_gui_interface_s.ep.rosidl_typesupport_introspection_c.c.o[0m
[3.638s] [ 87%] [32mBuilding C object CMakeFiles/gui_interface__rosidl_typesupport_fastrtps_c__pyext.dir/rosidl_generator_py/gui_interface/_gui_interface_s.ep.rosidl_typesupport_fastrtps_c.c.o[0m
[3.639s] [ 90%] [32mBuilding C object CMakeFiles/gui_interface__rosidl_typesupport_c__pyext.dir/rosidl_generator_py/gui_interface/_gui_interface_s.ep.rosidl_typesupport_c.c.o[0m
[3.746s] [ 93%] [32m[1mLinking C shared library rosidl_generator_py/gui_interface/gui_interface_s__rosidl_typesupport_introspection_c.cpython-310-x86_64-linux-gnu.so[0m
[3.773s] [ 96%] [32m[1mLinking C shared library rosidl_generator_py/gui_interface/gui_interface_s__rosidl_typesupport_c.cpython-310-x86_64-linux-gnu.so[0m
[3.780s] [100%] [32m[1mLinking C shared library rosidl_generator_py/gui_interface/gui_interface_s__rosidl_typesupport_fastrtps_c.cpython-310-x86_64-linux-gnu.so[0m
[3.789s] [100%] Built target gui_interface__rosidl_typesupport_introspection_c__pyext
[3.814s] [100%] Built target gui_interface__rosidl_typesupport_c__pyext
[3.822s] [100%] Built target gui_interface__rosidl_typesupport_fastrtps_c__pyext
[3.844s] Invoked command in '/home/fxck/work/build/gui_interface' returned '0': CMAKE_PREFIX_PATH=/opt/ros/humble /usr/bin/cmake --build /home/fxck/work/build/gui_interface -- -j16 -l16
[3.845s] Invoking command in '/home/fxck/work/build/gui_interface': CMAKE_PREFIX_PATH=/opt/ros/humble /usr/bin/cmake --install /home/fxck/work/build/gui_interface
[3.852s] -- Install configuration: ""
[3.853s] -- Installing: /home/fxck/work/install/gui_interface/share/ament_index/resource_index/rosidl_interfaces/gui_interface
[3.853s] -- Installing: /home/fxck/work/install/gui_interface/include/gui_interface/gui_interface
[3.853s] -- Installing: /home/fxck/work/install/gui_interface/include/gui_interface/gui_interface/msg
[3.853s] -- Installing: /home/fxck/work/install/gui_interface/include/gui_interface/gui_interface/msg/rosidl_generator_c__visibility_control.h
[3.853s] -- Installing: /home/fxck/work/install/gui_interface/include/gui_interface/gui_interface/srv
[3.853s] -- Installing: /home/fxck/work/install/gui_interface/include/gui_interface/gui_interface/srv/taskcmd.h
[3.854s] -- Installing: /home/fxck/work/install/gui_interface/include/gui_interface/gui_interface/srv/detail
[3.854s] -- Installing: /home/fxck/work/install/gui_interface/include/gui_interface/gui_interface/srv/detail/taskcmd__struct.h
[3.854s] -- Installing: /home/fxck/work/install/gui_interface/include/gui_interface/gui_interface/srv/detail/taskcmd__functions.h
[3.854s] -- Installing: /home/fxck/work/install/gui_interface/include/gui_interface/gui_interface/srv/detail/taskcmd__type_support.h
[3.854s] -- Installing: /home/fxck/work/install/gui_interface/include/gui_interface/gui_interface/srv/detail/taskcmd__functions.c
[3.855s] -- Installing: /home/fxck/work/install/gui_interface/share/gui_interface/environment/library_path.sh
[3.855s] -- Installing: /home/fxck/work/install/gui_interface/share/gui_interface/environment/library_path.dsv
[3.855s] -- Installing: /home/fxck/work/install/gui_interface/lib/libgui_interface__rosidl_generator_c.so
[3.856s] -- Set runtime path of "/home/fxck/work/install/gui_interface/lib/libgui_interface__rosidl_generator_c.so" to ""
[3.856s] -- Up-to-date: /home/fxck/work/install/gui_interface/include/gui_interface/gui_interface
[3.856s] -- Up-to-date: /home/fxck/work/install/gui_interface/include/gui_interface/gui_interface/msg
[3.856s] -- Installing: /home/fxck/work/install/gui_interface/include/gui_interface/gui_interface/msg/rosidl_typesupport_fastrtps_c__visibility_control.h
[3.856s] -- Up-to-date: /home/fxck/work/install/gui_interface/include/gui_interface/gui_interface/srv
[3.856s] -- Up-to-date: /home/fxck/work/install/gui_interface/include/gui_interface/gui_interface/srv/detail
[3.856s] -- Installing: /home/fxck/work/install/gui_interface/include/gui_interface/gui_interface/srv/detail/taskcmd__rosidl_typesupport_fastrtps_c.h
[3.856s] -- Installing: /home/fxck/work/install/gui_interface/lib/libgui_interface__rosidl_typesupport_fastrtps_c.so
[3.856s] -- Set runtime path of "/home/fxck/work/install/gui_interface/lib/libgui_interface__rosidl_typesupport_fastrtps_c.so" to ""
[3.857s] -- Up-to-date: /home/fxck/work/install/gui_interface/include/gui_interface/gui_interface
[3.857s] -- Up-to-date: /home/fxck/work/install/gui_interface/include/gui_interface/gui_interface/msg
[3.857s] -- Installing: /home/fxck/work/install/gui_interface/include/gui_interface/gui_interface/msg/rosidl_generator_cpp__visibility_control.hpp
[3.857s] -- Up-to-date: /home/fxck/work/install/gui_interface/include/gui_interface/gui_interface/srv
[3.858s] -- Installing: /home/fxck/work/install/gui_interface/include/gui_interface/gui_interface/srv/taskcmd.hpp
[3.858s] -- Up-to-date: /home/fxck/work/install/gui_interface/include/gui_interface/gui_interface/srv/detail
[3.858s] -- Installing: /home/fxck/work/install/gui_interface/include/gui_interface/gui_interface/srv/detail/taskcmd__builder.hpp
[3.858s] -- Installing: /home/fxck/work/install/gui_interface/include/gui_interface/gui_interface/srv/detail/taskcmd__struct.hpp
[3.858s] -- Installing: /home/fxck/work/install/gui_interface/include/gui_interface/gui_interface/srv/detail/taskcmd__type_support.hpp
[3.858s] -- Installing: /home/fxck/work/install/gui_interface/include/gui_interface/gui_interface/srv/detail/taskcmd__traits.hpp
[3.859s] -- Up-to-date: /home/fxck/work/install/gui_interface/include/gui_interface/gui_interface
[3.859s] -- Up-to-date: /home/fxck/work/install/gui_interface/include/gui_interface/gui_interface/msg
[3.859s] -- Installing: /home/fxck/work/install/gui_interface/include/gui_interface/gui_interface/msg/rosidl_typesupport_fastrtps_cpp__visibility_control.h
[3.859s] -- Up-to-date: /home/fxck/work/install/gui_interface/include/gui_interface/gui_interface/srv
[3.859s] -- Up-to-date: /home/fxck/work/install/gui_interface/include/gui_interface/gui_interface/srv/detail
[3.859s] -- Installing: /home/fxck/work/install/gui_interface/include/gui_interface/gui_interface/srv/detail/dds_fastrtps
[3.859s] -- Installing: /home/fxck/work/install/gui_interface/include/gui_interface/gui_interface/srv/detail/taskcmd__rosidl_typesupport_fastrtps_cpp.hpp
[3.860s] -- Installing: /home/fxck/work/install/gui_interface/lib/libgui_interface__rosidl_typesupport_fastrtps_cpp.so
[3.860s] -- Set runtime path of "/home/fxck/work/install/gui_interface/lib/libgui_interface__rosidl_typesupport_fastrtps_cpp.so" to ""
[3.860s] -- Up-to-date: /home/fxck/work/install/gui_interface/include/gui_interface/gui_interface
[3.860s] -- Up-to-date: /home/fxck/work/install/gui_interface/include/gui_interface/gui_interface/msg
[3.861s] -- Installing: /home/fxck/work/install/gui_interface/include/gui_interface/gui_interface/msg/rosidl_typesupport_introspection_c__visibility_control.h
[3.861s] -- Up-to-date: /home/fxck/work/install/gui_interface/include/gui_interface/gui_interface/srv
[3.861s] -- Up-to-date: /home/fxck/work/install/gui_interface/include/gui_interface/gui_interface/srv/detail
[3.861s] -- Installing: /home/fxck/work/install/gui_interface/include/gui_interface/gui_interface/srv/detail/taskcmd__type_support.c
[3.861s] -- Installing: /home/fxck/work/install/gui_interface/include/gui_interface/gui_interface/srv/detail/taskcmd__rosidl_typesupport_introspection_c.h
[3.861s] -- Installing: /home/fxck/work/install/gui_interface/lib/libgui_interface__rosidl_typesupport_introspection_c.so
[3.861s] -- Set runtime path of "/home/fxck/work/install/gui_interface/lib/libgui_interface__rosidl_typesupport_introspection_c.so" to ""
[3.861s] -- Installing: /home/fxck/work/install/gui_interface/lib/libgui_interface__rosidl_typesupport_c.so
[3.862s] -- Set runtime path of "/home/fxck/work/install/gui_interface/lib/libgui_interface__rosidl_typesupport_c.so" to ""
[3.862s] -- Up-to-date: /home/fxck/work/install/gui_interface/include/gui_interface/gui_interface
[3.862s] -- Up-to-date: /home/fxck/work/install/gui_interface/include/gui_interface/gui_interface/srv
[3.862s] -- Up-to-date: /home/fxck/work/install/gui_interface/include/gui_interface/gui_interface/srv/detail
[3.862s] -- Installing: /home/fxck/work/install/gui_interface/include/gui_interface/gui_interface/srv/detail/taskcmd__type_support.cpp
[3.862s] -- Installing: /home/fxck/work/install/gui_interface/include/gui_interface/gui_interface/srv/detail/taskcmd__rosidl_typesupport_introspection_cpp.hpp
[3.862s] -- Installing: /home/fxck/work/install/gui_interface/lib/libgui_interface__rosidl_typesupport_introspection_cpp.so
[3.863s] -- Set runtime path of "/home/fxck/work/install/gui_interface/lib/libgui_interface__rosidl_typesupport_introspection_cpp.so" to ""
[3.863s] -- Installing: /home/fxck/work/install/gui_interface/lib/libgui_interface__rosidl_typesupport_cpp.so
[3.863s] -- Set runtime path of "/home/fxck/work/install/gui_interface/lib/libgui_interface__rosidl_typesupport_cpp.so" to ""
[3.863s] -- Installing: /home/fxck/work/install/gui_interface/share/gui_interface/environment/pythonpath.sh
[3.864s] -- Installing: /home/fxck/work/install/gui_interface/share/gui_interface/environment/pythonpath.dsv
[3.864s] -- Installing: /home/fxck/work/install/gui_interface/local/lib/python3.10/dist-packages/gui_interface-0.0.0-py3.10.egg-info
[3.864s] -- Installing: /home/fxck/work/install/gui_interface/local/lib/python3.10/dist-packages/gui_interface-0.0.0-py3.10.egg-info/SOURCES.txt
[3.864s] -- Installing: /home/fxck/work/install/gui_interface/local/lib/python3.10/dist-packages/gui_interface-0.0.0-py3.10.egg-info/dependency_links.txt
[3.864s] -- Installing: /home/fxck/work/install/gui_interface/local/lib/python3.10/dist-packages/gui_interface-0.0.0-py3.10.egg-info/PKG-INFO
[3.864s] -- Installing: /home/fxck/work/install/gui_interface/local/lib/python3.10/dist-packages/gui_interface-0.0.0-py3.10.egg-info/top_level.txt
[3.865s] -- Installing: /home/fxck/work/install/gui_interface/local/lib/python3.10/dist-packages/gui_interface
[3.865s] -- Installing: /home/fxck/work/install/gui_interface/local/lib/python3.10/dist-packages/gui_interface/srv
[3.865s] -- Installing: /home/fxck/work/install/gui_interface/local/lib/python3.10/dist-packages/gui_interface/srv/_taskcmd_s.c
[3.865s] -- Installing: /home/fxck/work/install/gui_interface/local/lib/python3.10/dist-packages/gui_interface/srv/_taskcmd.py
[3.865s] -- Installing: /home/fxck/work/install/gui_interface/local/lib/python3.10/dist-packages/gui_interface/srv/__init__.py
[3.865s] -- Installing: /home/fxck/work/install/gui_interface/local/lib/python3.10/dist-packages/gui_interface/_gui_interface_s.ep.rosidl_typesupport_fastrtps_c.c
[3.865s] -- Installing: /home/fxck/work/install/gui_interface/local/lib/python3.10/dist-packages/gui_interface/gui_interface_s__rosidl_typesupport_fastrtps_c.cpython-310-x86_64-linux-gnu.so
[3.865s] -- Installing: /home/fxck/work/install/gui_interface/local/lib/python3.10/dist-packages/gui_interface/libgui_interface__rosidl_generator_py.so
[3.865s] -- Installing: /home/fxck/work/install/gui_interface/local/lib/python3.10/dist-packages/gui_interface/gui_interface_s__rosidl_typesupport_c.cpython-310-x86_64-linux-gnu.so
[3.865s] -- Installing: /home/fxck/work/install/gui_interface/local/lib/python3.10/dist-packages/gui_interface/_gui_interface_s.ep.rosidl_typesupport_c.c
[3.865s] -- Installing: /home/fxck/work/install/gui_interface/local/lib/python3.10/dist-packages/gui_interface/_gui_interface_s.ep.rosidl_typesupport_introspection_c.c
[3.866s] -- Installing: /home/fxck/work/install/gui_interface/local/lib/python3.10/dist-packages/gui_interface/__init__.py
[3.866s] -- Installing: /home/fxck/work/install/gui_interface/local/lib/python3.10/dist-packages/gui_interface/gui_interface_s__rosidl_typesupport_introspection_c.cpython-310-x86_64-linux-gnu.so
[3.894s] Listing '/home/fxck/work/install/gui_interface/local/lib/python3.10/dist-packages/gui_interface'...
[3.894s] Compiling '/home/fxck/work/install/gui_interface/local/lib/python3.10/dist-packages/gui_interface/__init__.py'...
[3.894s] Listing '/home/fxck/work/install/gui_interface/local/lib/python3.10/dist-packages/gui_interface/srv'...
[3.894s] Compiling '/home/fxck/work/install/gui_interface/local/lib/python3.10/dist-packages/gui_interface/srv/__init__.py'...
[3.894s] Compiling '/home/fxck/work/install/gui_interface/local/lib/python3.10/dist-packages/gui_interface/srv/_taskcmd.py'...
[3.898s] -- Installing: /home/fxck/work/install/gui_interface/local/lib/python3.10/dist-packages/gui_interface/gui_interface_s__rosidl_typesupport_fastrtps_c.cpython-310-x86_64-linux-gnu.so
[3.898s] -- Set runtime path of "/home/fxck/work/install/gui_interface/local/lib/python3.10/dist-packages/gui_interface/gui_interface_s__rosidl_typesupport_fastrtps_c.cpython-310-x86_64-linux-gnu.so" to ""
[3.899s] -- Installing: /home/fxck/work/install/gui_interface/local/lib/python3.10/dist-packages/gui_interface/gui_interface_s__rosidl_typesupport_introspection_c.cpython-310-x86_64-linux-gnu.so
[3.899s] -- Set runtime path of "/home/fxck/work/install/gui_interface/local/lib/python3.10/dist-packages/gui_interface/gui_interface_s__rosidl_typesupport_introspection_c.cpython-310-x86_64-linux-gnu.so" to ""
[3.899s] -- Installing: /home/fxck/work/install/gui_interface/local/lib/python3.10/dist-packages/gui_interface/gui_interface_s__rosidl_typesupport_c.cpython-310-x86_64-linux-gnu.so
[3.900s] -- Set runtime path of "/home/fxck/work/install/gui_interface/local/lib/python3.10/dist-packages/gui_interface/gui_interface_s__rosidl_typesupport_c.cpython-310-x86_64-linux-gnu.so" to ""
[3.900s] -- Installing: /home/fxck/work/install/gui_interface/lib/libgui_interface__rosidl_generator_py.so
[3.901s] -- Set runtime path of "/home/fxck/work/install/gui_interface/lib/libgui_interface__rosidl_generator_py.so" to ""
[3.902s] -- Installing: /home/fxck/work/install/gui_interface/share/gui_interface/srv/Taskcmd.idl
[3.902s] -- Installing: /home/fxck/work/install/gui_interface/share/gui_interface/srv/Taskcmd.srv
[3.902s] -- Installing: /home/fxck/work/install/gui_interface/share/gui_interface/srv/Taskcmd_Request.msg
[3.902s] -- Installing: /home/fxck/work/install/gui_interface/share/gui_interface/srv/Taskcmd_Response.msg
[3.903s] -- Installing: /home/fxck/work/install/gui_interface/share/ament_index/resource_index/package_run_dependencies/gui_interface
[3.903s] -- Installing: /home/fxck/work/install/gui_interface/share/ament_index/resource_index/parent_prefix_path/gui_interface
[3.903s] -- Installing: /home/fxck/work/install/gui_interface/share/gui_interface/environment/ament_prefix_path.sh
[3.904s] -- Installing: /home/fxck/work/install/gui_interface/share/gui_interface/environment/ament_prefix_path.dsv
[3.904s] -- Installing: /home/fxck/work/install/gui_interface/share/gui_interface/environment/path.sh
[3.904s] -- Installing: /home/fxck/work/install/gui_interface/share/gui_interface/environment/path.dsv
[3.904s] -- Installing: /home/fxck/work/install/gui_interface/share/gui_interface/local_setup.bash
[3.905s] -- Installing: /home/fxck/work/install/gui_interface/share/gui_interface/local_setup.sh
[3.905s] -- Installing: /home/fxck/work/install/gui_interface/share/gui_interface/local_setup.zsh
[3.906s] -- Installing: /home/fxck/work/install/gui_interface/share/gui_interface/local_setup.dsv
[3.906s] -- Installing: /home/fxck/work/install/gui_interface/share/gui_interface/package.dsv
[3.906s] -- Installing: /home/fxck/work/install/gui_interface/share/ament_index/resource_index/packages/gui_interface
[3.907s] -- Installing: /home/fxck/work/install/gui_interface/share/gui_interface/cmake/export_gui_interface__rosidl_generator_cExport.cmake
[3.907s] -- Installing: /home/fxck/work/install/gui_interface/share/gui_interface/cmake/export_gui_interface__rosidl_generator_cExport-noconfig.cmake
[3.907s] -- Installing: /home/fxck/work/install/gui_interface/share/gui_interface/cmake/export_gui_interface__rosidl_typesupport_fastrtps_cExport.cmake
[3.907s] -- Installing: /home/fxck/work/install/gui_interface/share/gui_interface/cmake/export_gui_interface__rosidl_typesupport_fastrtps_cExport-noconfig.cmake
[3.907s] -- Installing: /home/fxck/work/install/gui_interface/share/gui_interface/cmake/export_gui_interface__rosidl_generator_cppExport.cmake
[3.908s] -- Installing: /home/fxck/work/install/gui_interface/share/gui_interface/cmake/export_gui_interface__rosidl_typesupport_fastrtps_cppExport.cmake
[3.908s] -- Installing: /home/fxck/work/install/gui_interface/share/gui_interface/cmake/export_gui_interface__rosidl_typesupport_fastrtps_cppExport-noconfig.cmake
[3.908s] -- Installing: /home/fxck/work/install/gui_interface/share/gui_interface/cmake/gui_interface__rosidl_typesupport_introspection_cExport.cmake
[3.908s] -- Installing: /home/fxck/work/install/gui_interface/share/gui_interface/cmake/gui_interface__rosidl_typesupport_introspection_cExport-noconfig.cmake
[3.908s] -- Installing: /home/fxck/work/install/gui_interface/share/gui_interface/cmake/gui_interface__rosidl_typesupport_cExport.cmake
[3.909s] -- Installing: /home/fxck/work/install/gui_interface/share/gui_interface/cmake/gui_interface__rosidl_typesupport_cExport-noconfig.cmake
[3.909s] -- Installing: /home/fxck/work/install/gui_interface/share/gui_interface/cmake/gui_interface__rosidl_typesupport_introspection_cppExport.cmake
[3.909s] -- Installing: /home/fxck/work/install/gui_interface/share/gui_interface/cmake/gui_interface__rosidl_typesupport_introspection_cppExport-noconfig.cmake
[3.910s] -- Installing: /home/fxck/work/install/gui_interface/share/gui_interface/cmake/gui_interface__rosidl_typesupport_cppExport.cmake
[3.910s] -- Installing: /home/fxck/work/install/gui_interface/share/gui_interface/cmake/gui_interface__rosidl_typesupport_cppExport-noconfig.cmake
[3.910s] -- Installing: /home/fxck/work/install/gui_interface/share/gui_interface/cmake/export_gui_interface__rosidl_generator_pyExport.cmake
[3.910s] -- Installing: /home/fxck/work/install/gui_interface/share/gui_interface/cmake/export_gui_interface__rosidl_generator_pyExport-noconfig.cmake
[3.910s] -- Installing: /home/fxck/work/install/gui_interface/share/gui_interface/cmake/rosidl_cmake-extras.cmake
[3.911s] -- Installing: /home/fxck/work/install/gui_interface/share/gui_interface/cmake/ament_cmake_export_dependencies-extras.cmake
[3.911s] -- Installing: /home/fxck/work/install/gui_interface/share/gui_interface/cmake/ament_cmake_export_include_directories-extras.cmake
[3.911s] -- Installing: /home/fxck/work/install/gui_interface/share/gui_interface/cmake/ament_cmake_export_libraries-extras.cmake
[3.911s] -- Installing: /home/fxck/work/install/gui_interface/share/gui_interface/cmake/ament_cmake_export_targets-extras.cmake
[3.911s] -- Installing: /home/fxck/work/install/gui_interface/share/gui_interface/cmake/rosidl_cmake_export_typesupport_targets-extras.cmake
[3.911s] -- Installing: /home/fxck/work/install/gui_interface/share/gui_interface/cmake/rosidl_cmake_export_typesupport_libraries-extras.cmake
[3.911s] -- Installing: /home/fxck/work/install/gui_interface/share/gui_interface/cmake/gui_interfaceConfig.cmake
[3.912s] -- Installing: /home/fxck/work/install/gui_interface/share/gui_interface/cmake/gui_interfaceConfig-version.cmake
[3.912s] -- Installing: /home/fxck/work/install/gui_interface/share/gui_interface/package.xml
[3.933s] Invoked command in '/home/fxck/work/build/gui_interface' returned '0': CMAKE_PREFIX_PATH=/opt/ros/humble /usr/bin/cmake --install /home/fxck/work/build/gui_interface
