[ 50%] [32mBuilding CXX object CMakeFiles/main.dir/src/t.cpp.o[0m
[100%] [32m[1mLinking CXX executable main[0m
[100%] Built target main
-- Install configuration: ""
-- Installing: /home/iclab/work/install/keyboard_control/lib/keyboard_control/main
-- Set runtime path of "/home/iclab/work/install/keyboard_control/lib/keyboard_control/main" to ""
-- Installing: /home/iclab/work/install/keyboard_control/share/ament_index/resource_index/package_run_dependencies/keyboard_control
-- Installing: /home/iclab/work/install/keyboard_control/share/ament_index/resource_index/parent_prefix_path/keyboard_control
-- Installing: /home/iclab/work/install/keyboard_control/share/keyboard_control/environment/ament_prefix_path.sh
-- Installing: /home/iclab/work/install/keyboard_control/share/keyboard_control/environment/ament_prefix_path.dsv
-- Installing: /home/iclab/work/install/keyboard_control/share/keyboard_control/environment/path.sh
-- Installing: /home/iclab/work/install/keyboard_control/share/keyboard_control/environment/path.dsv
-- Installing: /home/iclab/work/install/keyboard_control/share/keyboard_control/local_setup.bash
-- Installing: /home/iclab/work/install/keyboard_control/share/keyboard_control/local_setup.sh
-- Installing: /home/iclab/work/install/keyboard_control/share/keyboard_control/local_setup.zsh
-- Installing: /home/iclab/work/install/keyboard_control/share/keyboard_control/local_setup.dsv
-- Installing: /home/iclab/work/install/keyboard_control/share/keyboard_control/package.dsv
-- Installing: /home/iclab/work/install/keyboard_control/share/ament_index/resource_index/packages/keyboard_control
-- Installing: /home/iclab/work/install/keyboard_control/share/keyboard_control/cmake/keyboard_controlConfig.cmake
-- Installing: /home/iclab/work/install/keyboard_control/share/keyboard_control/cmake/keyboard_controlConfig-version.cmake
-- Installing: /home/iclab/work/install/keyboard_control/share/keyboard_control/package.xml
