[0.059s] Invoking command in '/home/eating/work/build/timda_gazebo': CMAKE_PREFIX_PATH=/opt/ros/humble /usr/bin/cmake --build /home/eating/work/build/timda_gazebo -- -j8 -l8
[0.550s] Invoked command in '/home/eating/work/build/timda_gazebo' returned '0': CMAKE_PREFIX_PATH=/opt/ros/humble /usr/bin/cmake --build /home/eating/work/build/timda_gazebo -- -j8 -l8
[0.551s] Invoking command in '/home/eating/work/build/timda_gazebo': CMAKE_PREFIX_PATH=/opt/ros/humble /usr/bin/cmake --install /home/eating/work/build/timda_gazebo
[0.586s] -- Install configuration: ""
[0.586s] -- Up-to-date: /home/eating/work/install/timda_gazebo/share/ament_index/resource_index/package_run_dependencies/timda_gazebo
[0.587s] -- Up-to-date: /home/eating/work/install/timda_gazebo/share/ament_index/resource_index/parent_prefix_path/timda_gazebo
[0.587s] -- Up-to-date: /home/eating/work/install/timda_gazebo/share/timda_gazebo/environment/ament_prefix_path.sh
[0.587s] -- Up-to-date: /home/eating/work/install/timda_gazebo/share/timda_gazebo/environment/ament_prefix_path.dsv
[0.588s] -- Up-to-date: /home/eating/work/install/timda_gazebo/share/timda_gazebo/environment/path.sh
[0.588s] -- Up-to-date: /home/eating/work/install/timda_gazebo/share/timda_gazebo/environment/path.dsv
[0.588s] -- Up-to-date: /home/eating/work/install/timda_gazebo/share/timda_gazebo/local_setup.bash
[0.588s] -- Up-to-date: /home/eating/work/install/timda_gazebo/share/timda_gazebo/local_setup.sh
[0.589s] -- Up-to-date: /home/eating/work/install/timda_gazebo/share/timda_gazebo/local_setup.zsh
[0.589s] -- Up-to-date: /home/eating/work/install/timda_gazebo/share/timda_gazebo/local_setup.dsv
[0.589s] -- Installing: /home/eating/work/install/timda_gazebo/share/timda_gazebo/package.dsv
[0.589s] -- Up-to-date: /home/eating/work/install/timda_gazebo/share/ament_index/resource_index/packages/timda_gazebo
[0.589s] -- Up-to-date: /home/eating/work/install/timda_gazebo/share/timda_gazebo/cmake/timda_gazeboConfig.cmake
[0.589s] -- Up-to-date: /home/eating/work/install/timda_gazebo/share/timda_gazebo/cmake/timda_gazeboConfig-version.cmake
[0.589s] -- Up-to-date: /home/eating/work/install/timda_gazebo/share/timda_gazebo/package.xml
[0.608s] Invoked command in '/home/eating/work/build/timda_gazebo' returned '0': CMAKE_PREFIX_PATH=/opt/ros/humble /usr/bin/cmake --install /home/eating/work/build/timda_gazebo
