[1.082s] Invoking command in '/home/eating/work/src/docking/docking_pkg': PYTHONPATH=/home/eating/work/build/docking_pkg/prefix_override:/usr/lib/python3/dist-packages/colcon_core/task/python/colcon_distutils_commands:/home/eating/work/install/docking_pkg/lib/python3.10/site-packages:${PYTHONPATH} /usr/bin/python3 -W ignore:setup.py install is deprecated -W ignore:easy_install command is deprecated setup.py egg_info --egg-base ../../../build/docking_pkg build --build-base /home/eating/work/build/docking_pkg/build install --record /home/eating/work/build/docking_pkg/install.log --single-version-externally-managed install_data
[1.383s] running egg_info
[1.384s] writing ../../../build/docking_pkg/docking_pkg.egg-info/PKG-INFO
[1.384s] writing dependency_links to ../../../build/docking_pkg/docking_pkg.egg-info/dependency_links.txt
[1.384s] writing entry points to ../../../build/docking_pkg/docking_pkg.egg-info/entry_points.txt
[1.385s] writing requirements to ../../../build/docking_pkg/docking_pkg.egg-info/requires.txt
[1.385s] writing top-level names to ../../../build/docking_pkg/docking_pkg.egg-info/top_level.txt
[1.386s] reading manifest file '../../../build/docking_pkg/docking_pkg.egg-info/SOURCES.txt'
[1.387s] writing manifest file '../../../build/docking_pkg/docking_pkg.egg-info/SOURCES.txt'
[1.387s] running build
[1.387s] running build_py
[1.387s] running install
[1.388s] running install_lib
[1.389s] running install_data
[1.389s] running install_egg_info
[1.391s] removing '/home/eating/work/install/docking_pkg/lib/python3.10/site-packages/docking_pkg-0.0.0-py3.10.egg-info' (and everything under it)
[1.391s] Copying ../../../build/docking_pkg/docking_pkg.egg-info to /home/eating/work/install/docking_pkg/lib/python3.10/site-packages/docking_pkg-0.0.0-py3.10.egg-info
[1.392s] running install_scripts
[1.411s] Installing YoloDepthProcessor script to /home/eating/work/install/docking_pkg/lib/docking_pkg
[1.411s] Installing docking_status_server script to /home/eating/work/install/docking_pkg/lib/docking_pkg
[1.411s] Installing dockingcamera script to /home/eating/work/install/docking_pkg/lib/docking_pkg
[1.412s] Installing pid_mecanum_node script to /home/eating/work/install/docking_pkg/lib/docking_pkg
[1.412s] Installing ransac script to /home/eating/work/install/docking_pkg/lib/docking_pkg
[1.412s] Installing yolo_subscriber script to /home/eating/work/install/docking_pkg/lib/docking_pkg
[1.412s] writing list of installed files to '/home/eating/work/build/docking_pkg/install.log'
[1.872s] Invoked command in '/home/eating/work/src/docking/docking_pkg' returned '0': PYTHONPATH=/home/eating/work/build/docking_pkg/prefix_override:/usr/lib/python3/dist-packages/colcon_core/task/python/colcon_distutils_commands:/home/eating/work/install/docking_pkg/lib/python3.10/site-packages:${PYTHONPATH} /usr/bin/python3 -W ignore:setup.py install is deprecated -W ignore:easy_install command is deprecated setup.py egg_info --egg-base ../../../build/docking_pkg build --build-base /home/eating/work/build/docking_pkg/build install --record /home/eating/work/build/docking_pkg/install.log --single-version-externally-managed install_data
