[0.024s] Invoking command in '/home/eating/work/build/mobile_description': CMAKE_PREFIX_PATH=/opt/ros/humble /usr/bin/cmake /home/eating/work/src/timda_sim/mobile_description -DCMAKE_INSTALL_PREFIX=/home/eating/work/install/mobile_description
[0.519s] -- The C compiler identification is GNU 11.4.0
[0.519s] -- The CXX compiler identification is GNU 11.4.0
[0.519s] -- Detecting C compiler ABI info
[0.519s] -- Detecting C compiler ABI info - done
[0.519s] -- Check for working C compiler: /usr/bin/cc - skipped
[0.519s] -- Detecting C compile features
[0.519s] -- Detecting C compile features - done
[0.519s] -- Detecting CXX compiler ABI info
[0.519s] -- Detecting CXX compiler ABI info - done
[0.519s] -- Check for working CXX compiler: /usr/bin/c++ - skipped
[0.520s] -- Detecting CXX compile features
[0.520s] -- Detecting CXX compile features - done
[0.520s] -- Found ament_cmake: 1.3.11 (/opt/ros/humble/share/ament_cmake/cmake)
[0.746s] -- Found Python3: /usr/bin/python3 (found version "3.10.12") found components: Interpreter 
[0.904s] -- Found ament_lint_auto: 0.12.12 (/opt/ros/humble/share/ament_lint_auto/cmake)
[1.045s] -- Added test 'lint_cmake' to check CMake code style
[1.048s] -- Added test 'xmllint' to check XML markup files
[1.050s] -- Configuring done
[1.055s] -- Generating done
[1.057s] -- Build files have been written to: /home/eating/work/build/mobile_description
[1.073s] Invoked command in '/home/eating/work/build/mobile_description' returned '0': CMAKE_PREFIX_PATH=/opt/ros/humble /usr/bin/cmake /home/eating/work/src/timda_sim/mobile_description -DCMAKE_INSTALL_PREFIX=/home/eating/work/install/mobile_description
[1.073s] Invoking command in '/home/eating/work/build/mobile_description': CMAKE_PREFIX_PATH=/opt/ros/humble /usr/bin/cmake --build /home/eating/work/build/mobile_description -- -j8 -l8
[1.420s] Invoked command in '/home/eating/work/build/mobile_description' returned '0': CMAKE_PREFIX_PATH=/opt/ros/humble /usr/bin/cmake --build /home/eating/work/build/mobile_description -- -j8 -l8
[1.461s] Invoking command in '/home/eating/work/build/mobile_description': CMAKE_PREFIX_PATH=/opt/ros/humble /usr/bin/cmake --install /home/eating/work/build/mobile_description
[6.489s] -- Install configuration: ""
[6.490s] -- Installing: /home/eating/work/install/mobile_description/share/mobile_description/meshes
[6.490s] -- Installing: /home/eating/work/install/mobile_description/share/mobile_description/meshes/base_link.STL
[6.490s] -- Installing: /home/eating/work/install/mobile_description/share/mobile_description/urdf
[6.490s] -- Installing: /home/eating/work/install/mobile_description/share/mobile_description/urdf/timda_mobile_platform.urdf.xacro
[6.490s] -- Installing: /home/eating/work/install/mobile_description/share/mobile_description/urdf/timda_mobile_platform.csv
[6.490s] -- Installing: /home/eating/work/install/mobile_description/share/mobile_description/urdf/timda_mobile_platform.gazebo.xacro
[6.490s] -- Installing: /home/eating/work/install/mobile_description/share/mobile_description/urdf/timda_mobile_platform_sim_odom.urdf.xacro
[6.490s] -- Installing: /home/eating/work/install/mobile_description/share/mobile_description/urdf/timda_mobile_platform.urdf
[6.490s] -- Installing: /home/eating/work/install/mobile_description/share/ament_index/resource_index/package_run_dependencies/mobile_description
[6.490s] -- Installing: /home/eating/work/install/mobile_description/share/ament_index/resource_index/parent_prefix_path/mobile_description
[6.491s] -- Installing: /home/eating/work/install/mobile_description/share/mobile_description/environment/ament_prefix_path.sh
[6.491s] -- Installing: /home/eating/work/install/mobile_description/share/mobile_description/environment/ament_prefix_path.dsv
[6.491s] -- Installing: /home/eating/work/install/mobile_description/share/mobile_description/environment/path.sh
[6.491s] -- Installing: /home/eating/work/install/mobile_description/share/mobile_description/environment/path.dsv
[6.491s] -- Installing: /home/eating/work/install/mobile_description/share/mobile_description/local_setup.bash
[6.491s] -- Installing: /home/eating/work/install/mobile_description/share/mobile_description/local_setup.sh
[6.491s] -- Installing: /home/eating/work/install/mobile_description/share/mobile_description/local_setup.zsh
[6.491s] -- Installing: /home/eating/work/install/mobile_description/share/mobile_description/local_setup.dsv
[6.491s] -- Installing: /home/eating/work/install/mobile_description/share/mobile_description/package.dsv
[6.491s] -- Installing: /home/eating/work/install/mobile_description/share/ament_index/resource_index/packages/mobile_description
[6.491s] -- Installing: /home/eating/work/install/mobile_description/share/mobile_description/cmake/mobile_descriptionConfig.cmake
[6.492s] -- Installing: /home/eating/work/install/mobile_description/share/mobile_description/cmake/mobile_descriptionConfig-version.cmake
[6.492s] -- Installing: /home/eating/work/install/mobile_description/share/mobile_description/package.xml
[6.496s] Invoked command in '/home/eating/work/build/mobile_description' returned '0': CMAKE_PREFIX_PATH=/opt/ros/humble /usr/bin/cmake --install /home/eating/work/build/mobile_description
