[0.924s] Invoking command in '/home/eating/work/build/robot_arm_description': CMAKE_PREFIX_PATH=${CMAKE_PREFIX_PATH}:/home/eating/work/install/pallet_main:/home/eating/work/install/main_control:/home/eating/work/install/gui:/home/eating/work/install/docking_pkg:/opt/ros/humble /usr/bin/cmake /home/eating/work/src/timda_sim/robot_arm_description -DCMAKE_INSTALL_PREFIX=/home/eating/work/install/robot_arm_description
[1.091s] -- The C compiler identification is GNU 11.4.0
[1.290s] -- The CXX compiler identification is GNU 11.4.0
[1.309s] -- Detecting C compiler ABI info
[1.522s] -- Detecting C compiler ABI info - done
[1.538s] -- Check for working C compiler: /usr/bin/cc - skipped
[1.538s] -- Detecting C compile features
[1.539s] -- Detecting C compile features - done
[1.545s] -- Detecting CXX compiler ABI info
[1.722s] -- Detecting CXX compiler ABI info - done
[1.739s] -- Check for working CXX compiler: /usr/bin/c++ - skipped
[1.740s] -- Detecting CXX compile features
[1.741s] -- Detecting CXX compile features - done
[1.751s] -- Found ament_cmake: 1.3.11 (/opt/ros/humble/share/ament_cmake/cmake)
[2.294s] -- Found Python3: /usr/bin/python3 (found version "3.10.12") found components: Interpreter 
[2.459s] -- Found ament_lint_auto: 0.12.12 (/opt/ros/humble/share/ament_lint_auto/cmake)
[2.603s] -- Added test 'lint_cmake' to check CMake code style
[2.606s] -- Added test 'xmllint' to check XML markup files
[2.609s] -- Configuring done
[2.614s] -- Generating done
[2.617s] -- Build files have been written to: /home/eating/work/build/robot_arm_description
[2.625s] Invoked command in '/home/eating/work/build/robot_arm_description' returned '0': CMAKE_PREFIX_PATH=${CMAKE_PREFIX_PATH}:/home/eating/work/install/pallet_main:/home/eating/work/install/main_control:/home/eating/work/install/gui:/home/eating/work/install/docking_pkg:/opt/ros/humble /usr/bin/cmake /home/eating/work/src/timda_sim/robot_arm_description -DCMAKE_INSTALL_PREFIX=/home/eating/work/install/robot_arm_description
[2.626s] Invoking command in '/home/eating/work/build/robot_arm_description': CMAKE_PREFIX_PATH=${CMAKE_PREFIX_PATH}:/home/eating/work/install/pallet_main:/home/eating/work/install/main_control:/home/eating/work/install/gui:/home/eating/work/install/docking_pkg:/opt/ros/humble /usr/bin/cmake --build /home/eating/work/build/robot_arm_description -- -j8 -l8
[3.420s] Invoked command in '/home/eating/work/build/robot_arm_description' returned '0': CMAKE_PREFIX_PATH=${CMAKE_PREFIX_PATH}:/home/eating/work/install/pallet_main:/home/eating/work/install/main_control:/home/eating/work/install/gui:/home/eating/work/install/docking_pkg:/opt/ros/humble /usr/bin/cmake --build /home/eating/work/build/robot_arm_description -- -j8 -l8
[3.422s] Invoking command in '/home/eating/work/build/robot_arm_description': CMAKE_PREFIX_PATH=${CMAKE_PREFIX_PATH}:/home/eating/work/install/pallet_main:/home/eating/work/install/main_control:/home/eating/work/install/gui:/home/eating/work/install/docking_pkg:/opt/ros/humble /usr/bin/cmake --install /home/eating/work/build/robot_arm_description
[3.457s] -- Install configuration: ""
[3.457s] -- Installing: /home/eating/work/install/robot_arm_description/share/robot_arm_description/meshes
[3.457s] -- Installing: /home/eating/work/install/robot_arm_description/share/robot_arm_description/meshes/Link_4.STL
[3.457s] -- Installing: /home/eating/work/install/robot_arm_description/share/robot_arm_description/meshes/Link_6.STL
[3.457s] -- Installing: /home/eating/work/install/robot_arm_description/share/robot_arm_description/meshes/Link_7.STL
[3.457s] -- Installing: /home/eating/work/install/robot_arm_description/share/robot_arm_description/meshes/Link_2.STL
[3.457s] -- Installing: /home/eating/work/install/robot_arm_description/share/robot_arm_description/meshes/Base.STL
[3.458s] -- Installing: /home/eating/work/install/robot_arm_description/share/robot_arm_description/meshes/Link_1.STL
[3.458s] -- Installing: /home/eating/work/install/robot_arm_description/share/robot_arm_description/meshes/Link_8.STL
[3.458s] -- Installing: /home/eating/work/install/robot_arm_description/share/robot_arm_description/meshes/Link_3.STL
[3.458s] -- Installing: /home/eating/work/install/robot_arm_description/share/robot_arm_description/meshes/Link_5.STL
[3.462s] -- Installing: /home/eating/work/install/robot_arm_description/share/robot_arm_description/urdf
[3.462s] -- Installing: /home/eating/work/install/robot_arm_description/share/robot_arm_description/urdf/single_arm.gazebo.xacro
[3.462s] -- Installing: /home/eating/work/install/robot_arm_description/share/robot_arm_description/urdf/materials.xacro
[3.462s] -- Installing: /home/eating/work/install/robot_arm_description/share/robot_arm_description/urdf/single_arm.xacro
[3.463s] -- Installing: /home/eating/work/install/robot_arm_description/share/robot_arm_description/urdf/single_arm.transmission.xacro
[3.463s] -- Installing: /home/eating/work/install/robot_arm_description/share/ament_index/resource_index/package_run_dependencies/robot_arm_description
[3.463s] -- Installing: /home/eating/work/install/robot_arm_description/share/ament_index/resource_index/parent_prefix_path/robot_arm_description
[3.463s] -- Installing: /home/eating/work/install/robot_arm_description/share/robot_arm_description/environment/ament_prefix_path.sh
[3.464s] -- Installing: /home/eating/work/install/robot_arm_description/share/robot_arm_description/environment/ament_prefix_path.dsv
[3.464s] -- Installing: /home/eating/work/install/robot_arm_description/share/robot_arm_description/environment/path.sh
[3.464s] -- Installing: /home/eating/work/install/robot_arm_description/share/robot_arm_description/environment/path.dsv
[3.464s] -- Installing: /home/eating/work/install/robot_arm_description/share/robot_arm_description/local_setup.bash
[3.464s] -- Installing: /home/eating/work/install/robot_arm_description/share/robot_arm_description/local_setup.sh
[3.465s] -- Installing: /home/eating/work/install/robot_arm_description/share/robot_arm_description/local_setup.zsh
[3.465s] -- Installing: /home/eating/work/install/robot_arm_description/share/robot_arm_description/local_setup.dsv
[3.465s] -- Installing: /home/eating/work/install/robot_arm_description/share/robot_arm_description/package.dsv
[3.465s] -- Installing: /home/eating/work/install/robot_arm_description/share/ament_index/resource_index/packages/robot_arm_description
[3.466s] -- Installing: /home/eating/work/install/robot_arm_description/share/robot_arm_description/cmake/robot_arm_descriptionConfig.cmake
[3.466s] -- Installing: /home/eating/work/install/robot_arm_description/share/robot_arm_description/cmake/robot_arm_descriptionConfig-version.cmake
[3.469s] -- Installing: /home/eating/work/install/robot_arm_description/share/robot_arm_description/package.xml
[3.566s] Invoked command in '/home/eating/work/build/robot_arm_description' returned '0': CMAKE_PREFIX_PATH=${CMAKE_PREFIX_PATH}:/home/eating/work/install/pallet_main:/home/eating/work/install/main_control:/home/eating/work/install/gui:/home/eating/work/install/docking_pkg:/opt/ros/humble /usr/bin/cmake --install /home/eating/work/build/robot_arm_description
