[0.482s] Invoking command in '/home/eating/work/build/robot_arm_description': CMAKE_PREFIX_PATH=/opt/ros/humble /usr/bin/cmake /home/eating/work/src/timda_sim/robot_arm_description -DCMAKE_INSTALL_PREFIX=/home/eating/work/install/robot_arm_description
[0.568s] -- The C compiler identification is GNU 11.4.0
[0.697s] -- The CXX compiler identification is GNU 11.4.0
[0.716s] -- Detecting C compiler ABI info
[0.888s] -- Detecting C compiler ABI info - done
[0.909s] -- Check for working C compiler: /usr/bin/cc - skipped
[0.910s] -- Detecting C compile features
[0.916s] -- Detecting C compile features - done
[0.924s] -- Detecting CXX compiler ABI info
[1.115s] -- Detecting CXX compiler ABI info - done
[1.130s] -- Check for working CXX compiler: /usr/bin/c++ - skipped
[1.130s] -- Detecting CXX compile features
[1.131s] -- Detecting CXX compile features - done
[1.135s] -- Found ament_cmake: 1.3.11 (/opt/ros/humble/share/ament_cmake/cmake)
[1.494s] -- Found Python3: /usr/bin/python3 (found version "3.10.12") found components: Interpreter 
[1.688s] -- Found ament_lint_auto: 0.12.12 (/opt/ros/humble/share/ament_lint_auto/cmake)
[1.797s] -- Added test 'lint_cmake' to check CMake code style
[1.799s] -- Added test 'xmllint' to check XML markup files
[1.800s] -- Configuring done
[1.804s] -- Generating done
[1.807s] -- Build files have been written to: /home/eating/work/build/robot_arm_description
[1.816s] Invoked command in '/home/eating/work/build/robot_arm_description' returned '0': CMAKE_PREFIX_PATH=/opt/ros/humble /usr/bin/cmake /home/eating/work/src/timda_sim/robot_arm_description -DCMAKE_INSTALL_PREFIX=/home/eating/work/install/robot_arm_description
[1.820s] Invoking command in '/home/eating/work/build/robot_arm_description': CMAKE_PREFIX_PATH=/opt/ros/humble /usr/bin/cmake --build /home/eating/work/build/robot_arm_description -- -j8 -l8
[1.889s] Invoked command in '/home/eating/work/build/robot_arm_description' returned '0': CMAKE_PREFIX_PATH=/opt/ros/humble /usr/bin/cmake --build /home/eating/work/build/robot_arm_description -- -j8 -l8
[1.889s] Invoking command in '/home/eating/work/build/robot_arm_description': CMAKE_PREFIX_PATH=/opt/ros/humble /usr/bin/cmake --install /home/eating/work/build/robot_arm_description
[2.670s] -- Install configuration: ""
[2.670s] -- Installing: /home/eating/work/install/robot_arm_description/share/robot_arm_description/meshes
[2.672s] -- Installing: /home/eating/work/install/robot_arm_description/share/robot_arm_description/meshes/Link_4.STL
[2.672s] -- Installing: /home/eating/work/install/robot_arm_description/share/robot_arm_description/meshes/Link_6.STL
[2.672s] -- Installing: /home/eating/work/install/robot_arm_description/share/robot_arm_description/meshes/Link_7.STL
[2.672s] -- Installing: /home/eating/work/install/robot_arm_description/share/robot_arm_description/meshes/Link_2.STL
[2.673s] -- Installing: /home/eating/work/install/robot_arm_description/share/robot_arm_description/meshes/Base.STL
[2.673s] -- Installing: /home/eating/work/install/robot_arm_description/share/robot_arm_description/meshes/Link_1.STL
[2.673s] -- Installing: /home/eating/work/install/robot_arm_description/share/robot_arm_description/meshes/Link_8.STL
[2.673s] -- Installing: /home/eating/work/install/robot_arm_description/share/robot_arm_description/meshes/Link_3.STL
[2.673s] -- Installing: /home/eating/work/install/robot_arm_description/share/robot_arm_description/meshes/Link_5.STL
[2.673s] -- Installing: /home/eating/work/install/robot_arm_description/share/robot_arm_description/urdf
[2.673s] -- Installing: /home/eating/work/install/robot_arm_description/share/robot_arm_description/urdf/single_arm.gazebo.xacro
[2.673s] -- Installing: /home/eating/work/install/robot_arm_description/share/robot_arm_description/urdf/materials.xacro
[2.674s] -- Installing: /home/eating/work/install/robot_arm_description/share/robot_arm_description/urdf/single_arm.xacro
[2.674s] -- Installing: /home/eating/work/install/robot_arm_description/share/robot_arm_description/urdf/single_arm.transmission.xacro
[2.674s] -- Installing: /home/eating/work/install/robot_arm_description/share/ament_index/resource_index/package_run_dependencies/robot_arm_description
[2.674s] -- Installing: /home/eating/work/install/robot_arm_description/share/ament_index/resource_index/parent_prefix_path/robot_arm_description
[2.674s] -- Installing: /home/eating/work/install/robot_arm_description/share/robot_arm_description/environment/ament_prefix_path.sh
[2.674s] -- Installing: /home/eating/work/install/robot_arm_description/share/robot_arm_description/environment/ament_prefix_path.dsv
[2.674s] -- Installing: /home/eating/work/install/robot_arm_description/share/robot_arm_description/environment/path.sh
[2.674s] -- Installing: /home/eating/work/install/robot_arm_description/share/robot_arm_description/environment/path.dsv
[2.674s] -- Installing: /home/eating/work/install/robot_arm_description/share/robot_arm_description/local_setup.bash
[2.675s] -- Installing: /home/eating/work/install/robot_arm_description/share/robot_arm_description/local_setup.sh
[2.675s] -- Installing: /home/eating/work/install/robot_arm_description/share/robot_arm_description/local_setup.zsh
[2.675s] -- Installing: /home/eating/work/install/robot_arm_description/share/robot_arm_description/local_setup.dsv
[2.675s] -- Installing: /home/eating/work/install/robot_arm_description/share/robot_arm_description/package.dsv
[2.675s] -- Installing: /home/eating/work/install/robot_arm_description/share/ament_index/resource_index/packages/robot_arm_description
[2.675s] -- Installing: /home/eating/work/install/robot_arm_description/share/robot_arm_description/cmake/robot_arm_descriptionConfig.cmake
[2.675s] -- Installing: /home/eating/work/install/robot_arm_description/share/robot_arm_description/cmake/robot_arm_descriptionConfig-version.cmake
[2.675s] -- Installing: /home/eating/work/install/robot_arm_description/share/robot_arm_description/package.xml
[2.686s] Invoked command in '/home/eating/work/build/robot_arm_description' returned '0': CMAKE_PREFIX_PATH=/opt/ros/humble /usr/bin/cmake --install /home/eating/work/build/robot_arm_description
