[0.020s] Invoking command in '/home/iclab/work/build/Interface': CMAKE_PREFIX_PATH=/opt/ros/humble /usr/bin/cmake /home/iclab/work/src/Interface -DCMAKE_INSTALL_PREFIX=/home/iclab/work/install/Interface
[0.097s] -- The C compiler identification is GNU 11.4.0
[0.184s] -- The CXX compiler identification is GNU 11.4.0
[0.196s] -- Detecting C compiler ABI info
[0.303s] -- Detecting C compiler ABI info - done
[0.338s] -- Check for working C compiler: /usr/bin/cc - skipped
[0.338s] -- Detecting C compile features
[0.339s] -- Detecting C compile features - done
[0.345s] -- Detecting CXX compiler ABI info
[0.483s] -- Detecting CXX compiler ABI info - done
[0.503s] -- Check for working CXX compiler: /usr/bin/c++ - skipped
[0.504s] -- Detecting CXX compile features
[0.505s] -- Detecting CXX compile features - done
[0.511s] -- Found ament_cmake: 1.3.11 (/opt/ros/humble/share/ament_cmake/cmake)
[0.712s] -- Found Python3: /usr/bin/python3 (found version "3.10.12") found components: Interpreter 
[0.826s] -- Found geometry_msgs: 4.2.4 (/opt/ros/humble/share/geometry_msgs/cmake)
[0.867s] -- Found rosidl_generator_c: 3.1.6 (/opt/ros/humble/share/rosidl_generator_c/cmake)
[0.874s] -- Found rosidl_adapter: 3.1.6 (/opt/ros/humble/share/rosidl_adapter/cmake)
[0.883s] -- Found rosidl_generator_cpp: 3.1.6 (/opt/ros/humble/share/rosidl_generator_cpp/cmake)
[0.898s] -- Using all available rosidl_typesupport_c: rosidl_typesupport_fastrtps_c;rosidl_typesupport_introspection_c
[0.925s] -- Using all available rosidl_typesupport_cpp: rosidl_typesupport_fastrtps_cpp;rosidl_typesupport_introspection_cpp
[0.984s] -- Found rosidl_default_generators: 1.2.0 (/opt/ros/humble/share/rosidl_default_generators/cmake)
[1.146s] [31mCMake Error at /opt/ros/humble/share/rosidl_adapter/cmake/rosidl_adapt_interfaces.cmake:59 (message):
[1.146s]   execute_process(/usr/bin/python3 -m rosidl_adapter --package-name Interface
[1.147s]   --arguments-file
[1.147s]   /home/iclab/work/build/Interface/rosidl_adapter__arguments__Interface.json
[1.147s]   --output-dir /home/iclab/work/build/Interface/rosidl_adapter/Interface
[1.147s]   --output-file
[1.147s]   /home/iclab/work/build/Interface/rosidl_adapter/Interface.idls) returned
[1.147s]   error code 1:
[1.147s] 
[1.148s]   Traceback (most recent call last):
[1.148s] 
[1.148s]     File "/usr/lib/python3.10/runpy.py", line 196, in _run_module_as_main
[1.148s]       return _run_code(code, main_globals, None,
[1.148s]     File "/usr/lib/python3.10/runpy.py", line 86, in _run_code
[1.148s]       exec(code, run_globals)
[1.148s]     File "/opt/ros/humble/local/lib/python3.10/dist-packages/rosidl_adapter/__main__.py", line 19, in <module>
[1.149s]       sys.exit(main())
[1.149s]     File "/opt/ros/humble/local/lib/python3.10/dist-packages/rosidl_adapter/main.py", line 53, in main
[1.149s]       abs_idl_file = convert_to_idl(
[1.149s]     File "/opt/ros/humble/local/lib/python3.10/dist-packages/rosidl_adapter/__init__.py", line 24, in convert_to_idl
[1.149s]       return convert_srv_to_idl(
[1.149s]     File "/opt/ros/humble/local/lib/python3.10/dist-packages/rosidl_adapter/srv/__init__.py", line 28, in convert_srv_to_idl
[1.149s]       srv = parse_service_string(package_name, input_file.stem, content)
[1.149s]     File "/opt/ros/humble/local/lib/python3.10/dist-packages/rosidl_adapter/parser.py", line 859, in parse_service_string
[1.150s]       request_message = parse_message_string(
[1.150s]     File "/opt/ros/humble/local/lib/python3.10/dist-packages/rosidl_adapter/parser.py", line 544, in parse_message_string
[1.150s]       msg = MessageSpecification(pkg_name, msg_name, fields, constants)
[1.150s]     File "/opt/ros/humble/local/lib/python3.10/dist-packages/rosidl_adapter/parser.py", line 388, in __init__
[1.150s]       self.base_type = BaseType(
[1.150s]     File "/opt/ros/humble/local/lib/python3.10/dist-packages/rosidl_adapter/parser.py", line 201, in __init__
[1.150s]       raise InvalidResourceName(
[1.150s] 
[1.151s]   rosidl_adapter.parser.InvalidResourceName: 'Interface' is an invalid
[1.151s]   package name.  It should have the pattern
[1.151s]   '^(?!.*__)(?!.*_$)[a-z][a-z0-9_]*$'
[1.151s] 
[1.151s] Call Stack (most recent call first):
[1.151s]   /opt/ros/humble/share/rosidl_cmake/cmake/rosidl_generate_interfaces.cmake:130 (rosidl_adapt_interfaces)
[1.151s]   CMakeLists.txt:16 (rosidl_generate_interfaces)
[1.151s] 
[1.152s] [0m
[1.152s] -- Configuring incomplete, errors occurred!
[1.152s] See also "/home/iclab/work/build/Interface/CMakeFiles/CMakeOutput.log".
[1.159s] Invoked command in '/home/iclab/work/build/Interface' returned '1': CMAKE_PREFIX_PATH=/opt/ros/humble /usr/bin/cmake /home/iclab/work/src/Interface -DCMAKE_INSTALL_PREFIX=/home/iclab/work/install/Interface
