-- Install configuration: ""
-- Up-to-date: /home/eating/work/install/timda_body_description/share/timda_body_description/config
-- Up-to-date: /home/eating/work/install/timda_body_description/share/timda_body_description/config/joint_names_timda_body.yaml
-- Up-to-date: /home/eating/work/install/timda_body_description/share/timda_body_description/meshes
-- Up-to-date: /home/eating/work/install/timda_body_description/share/timda_body_description/meshes/slide_left.STL
-- Up-to-date: /home/eating/work/install/timda_body_description/share/timda_body_description/meshes/base_link.STL
-- Up-to-date: /home/eating/work/install/timda_body_description/share/timda_body_description/meshes/slide_right.STL
-- Up-to-date: /home/eating/work/install/timda_body_description/share/timda_body_description/urdf
-- Up-to-date: /home/eating/work/install/timda_body_description/share/timda_body_description/urdf/timda_body.xacro
-- Up-to-date: /home/eating/work/install/timda_body_description/share/timda_body_description/urdf/timda_body.gazebo.xacro
-- Up-to-date: /home/eating/work/install/timda_body_description/share/ament_index/resource_index/package_run_dependencies/timda_body_description
-- Up-to-date: /home/eating/work/install/timda_body_description/share/ament_index/resource_index/parent_prefix_path/timda_body_description
-- Up-to-date: /home/eating/work/install/timda_body_description/share/timda_body_description/environment/ament_prefix_path.sh
-- Up-to-date: /home/eating/work/install/timda_body_description/share/timda_body_description/environment/ament_prefix_path.dsv
-- Up-to-date: /home/eating/work/install/timda_body_description/share/timda_body_description/environment/path.sh
-- Up-to-date: /home/eating/work/install/timda_body_description/share/timda_body_description/environment/path.dsv
-- Up-to-date: /home/eating/work/install/timda_body_description/share/timda_body_description/local_setup.bash
-- Up-to-date: /home/eating/work/install/timda_body_description/share/timda_body_description/local_setup.sh
-- Up-to-date: /home/eating/work/install/timda_body_description/share/timda_body_description/local_setup.zsh
-- Up-to-date: /home/eating/work/install/timda_body_description/share/timda_body_description/local_setup.dsv
-- Installing: /home/eating/work/install/timda_body_description/share/timda_body_description/package.dsv
-- Up-to-date: /home/eating/work/install/timda_body_description/share/ament_index/resource_index/packages/timda_body_description
-- Up-to-date: /home/eating/work/install/timda_body_description/share/timda_body_description/cmake/timda_body_descriptionConfig.cmake
-- Up-to-date: /home/eating/work/install/timda_body_description/share/timda_body_description/cmake/timda_body_descriptionConfig-version.cmake
-- Up-to-date: /home/eating/work/install/timda_body_description/share/timda_body_description/package.xml
