running egg_info
creating ../../../build/gui/gui.egg-info
writing ../../../build/gui/gui.egg-info/PKG-INFO
writing dependency_links to ../../../build/gui/gui.egg-info/dependency_links.txt
writing entry points to ../../../build/gui/gui.egg-info/entry_points.txt
writing requirements to ../../../build/gui/gui.egg-info/requires.txt
writing top-level names to ../../../build/gui/gui.egg-info/top_level.txt
writing manifest file '../../../build/gui/gui.egg-info/SOURCES.txt'
reading manifest file '../../../build/gui/gui.egg-info/SOURCES.txt'
writing manifest file '../../../build/gui/gui.egg-info/SOURCES.txt'
running build
running build_py
creating /home/eating/work/build/gui/build
creating /home/eating/work/build/gui/build/lib
creating /home/eating/work/build/gui/build/lib/gui
copying gui/main_ui.py -> /home/eating/work/build/gui/build/lib/gui
copying gui/__init__.py -> /home/eating/work/build/gui/build/lib/gui
copying gui/main.py -> /home/eating/work/build/gui/build/lib/gui
copying gui/ui_to_py.py -> /home/eating/work/build/gui/build/lib/gui
running install
running install_lib
creating /home/eating/work/install/gui/lib/python3.10/site-packages/gui
copying /home/eating/work/build/gui/build/lib/gui/main_ui.py -> /home/eating/work/install/gui/lib/python3.10/site-packages/gui
copying /home/eating/work/build/gui/build/lib/gui/__init__.py -> /home/eating/work/install/gui/lib/python3.10/site-packages/gui
copying /home/eating/work/build/gui/build/lib/gui/main.py -> /home/eating/work/install/gui/lib/python3.10/site-packages/gui
copying /home/eating/work/build/gui/build/lib/gui/ui_to_py.py -> /home/eating/work/install/gui/lib/python3.10/site-packages/gui
byte-compiling /home/eating/work/install/gui/lib/python3.10/site-packages/gui/main_ui.py to main_ui.cpython-310.pyc
byte-compiling /home/eating/work/install/gui/lib/python3.10/site-packages/gui/__init__.py to __init__.cpython-310.pyc
byte-compiling /home/eating/work/install/gui/lib/python3.10/site-packages/gui/main.py to main.cpython-310.pyc
byte-compiling /home/eating/work/install/gui/lib/python3.10/site-packages/gui/ui_to_py.py to ui_to_py.cpython-310.pyc
running install_data
creating /home/eating/work/install/gui/share/ament_index
creating /home/eating/work/install/gui/share/ament_index/resource_index
creating /home/eating/work/install/gui/share/ament_index/resource_index/packages
copying resource/gui -> /home/eating/work/install/gui/share/ament_index/resource_index/packages
copying package.xml -> /home/eating/work/install/gui/share/gui
running install_egg_info
Copying ../../../build/gui/gui.egg-info to /home/eating/work/install/gui/lib/python3.10/site-packages/gui-0.0.0-py3.10.egg-info
running install_scripts
Installing main script to /home/eating/work/install/gui/lib/gui
writing list of installed files to '/home/eating/work/build/gui/install.log'
