[0.025s] Invoking command in '/home/eating/work/build/interface': CMAKE_PREFIX_PATH=${CMAKE_PREFIX_PATH}:/home/eating/work/install/pallet_main:/home/eating/work/install/main_control:/home/eating/work/install/gui:/home/eating/work/install/docking_pkg:/opt/ros/humble /usr/bin/cmake /home/eating/work/src/interface -DCMAKE_INSTALL_PREFIX=/home/eating/work/install/interface
[0.379s] -- The C compiler identification is GNU 11.4.0
[0.379s] -- The CXX compiler identification is GNU 11.4.0
[0.379s] -- Detecting C compiler ABI info
[0.379s] -- Detecting C compiler ABI info - done
[0.380s] -- Check for working C compiler: /usr/bin/cc - skipped
[0.380s] -- Detecting C compile features
[0.380s] -- Detecting C compile features - done
[0.380s] -- Detecting CXX compiler ABI info
[0.380s] -- Detecting CXX compiler ABI info - done
[0.380s] -- Check for working CXX compiler: /usr/bin/c++ - skipped
[0.380s] -- Detecting CXX compile features
[0.381s] -- Detecting CXX compile features - done
[0.381s] -- Found ament_cmake: 1.3.11 (/opt/ros/humble/share/ament_cmake/cmake)
[0.511s] -- Found Python3: /usr/bin/python3 (found version "3.10.12") found components: Interpreter 
[0.649s] -- Found geometry_msgs: 4.9.0 (/opt/ros/humble/share/geometry_msgs/cmake)
[0.704s] -- Found rosidl_generator_c: 3.1.6 (/opt/ros/humble/share/rosidl_generator_c/cmake)
[0.713s] -- Found rosidl_adapter: 3.1.6 (/opt/ros/humble/share/rosidl_adapter/cmake)
[0.727s] -- Found rosidl_generator_cpp: 3.1.6 (/opt/ros/humble/share/rosidl_generator_cpp/cmake)
[0.748s] -- Using all available rosidl_typesupport_c: rosidl_typesupport_fastrtps_c;rosidl_typesupport_introspection_c
[0.778s] -- Using all available rosidl_typesupport_cpp: rosidl_typesupport_fastrtps_cpp;rosidl_typesupport_introspection_cpp
[0.850s] -- Found rosidl_default_generators: 1.2.0 (/opt/ros/humble/share/rosidl_default_generators/cmake)
[1.356s] -- Found ament_cmake_ros: 0.10.0 (/opt/ros/humble/share/ament_cmake_ros/cmake)
[2.010s] -- Using all available rosidl_typesupport_c: rosidl_typesupport_fastrtps_c;rosidl_typesupport_introspection_c
[2.281s] -- Using all available rosidl_typesupport_cpp: rosidl_typesupport_fastrtps_cpp;rosidl_typesupport_introspection_cpp
[2.327s] -- Found PythonInterp: /usr/bin/python3 (found suitable version "3.10.12", minimum required is "3.6") 
[2.330s] -- Found python_cmake_module: 0.10.0 (/opt/ros/humble/share/python_cmake_module/cmake)
[2.372s] -- Found PythonLibs: /usr/lib/x86_64-linux-gnu/libpython3.10.so (found suitable version "3.10.12", minimum required is "3.5") 
[2.373s] -- Using PYTHON_EXECUTABLE: /usr/bin/python3
[2.373s] -- Using PYTHON_INCLUDE_DIRS: /usr/include/python3.10
[2.373s] -- Using PYTHON_LIBRARIES: /usr/lib/x86_64-linux-gnu/libpython3.10.so
[2.403s] -- Found PythonExtra: .so  
[2.535s] -- Found ament_lint_auto: 0.12.12 (/opt/ros/humble/share/ament_lint_auto/cmake)
[2.564s] -- Added test 'lint_cmake' to check CMake code style
[2.566s] -- Added test 'xmllint' to check XML markup files
[2.572s] -- Configuring done
[2.627s] -- Generating done
[2.647s] -- Build files have been written to: /home/eating/work/build/interface
[2.665s] Invoked command in '/home/eating/work/build/interface' returned '0': CMAKE_PREFIX_PATH=${CMAKE_PREFIX_PATH}:/home/eating/work/install/pallet_main:/home/eating/work/install/main_control:/home/eating/work/install/gui:/home/eating/work/install/docking_pkg:/opt/ros/humble /usr/bin/cmake /home/eating/work/src/interface -DCMAKE_INSTALL_PREFIX=/home/eating/work/install/interface
[2.665s] Invoking command in '/home/eating/work/build/interface': CMAKE_PREFIX_PATH=${CMAKE_PREFIX_PATH}:/home/eating/work/install/pallet_main:/home/eating/work/install/main_control:/home/eating/work/install/gui:/home/eating/work/install/docking_pkg:/opt/ros/humble /usr/bin/cmake --build /home/eating/work/build/interface -- -j8 -l8
[3.397s] [  3%] [34m[1mGenerating C code for ROS interfaces[0m
[3.397s] [  6%] [34m[1mGenerating C++ code for ROS interfaces[0m
[3.398s] [  6%] Built target ament_cmake_python_copy_interface
[3.720s] [  6%] Built target interface__cpp
[3.823s] [  9%] [34m[1mGenerating C++ type support dispatch for ROS interfaces[0m
[3.837s] [ 12%] [34m[1mGenerating C++ type support for eProsima Fast-RTPS[0m
[3.868s] [ 16%] [34m[1mGenerating C++ introspection for ROS interfaces[0m
[3.935s] running egg_info
[3.936s] creating interface.egg-info
[3.936s] writing interface.egg-info/PKG-INFO
[3.936s] writing dependency_links to interface.egg-info/dependency_links.txt
[3.936s] writing top-level names to interface.egg-info/top_level.txt
[3.937s] writing manifest file 'interface.egg-info/SOURCES.txt'
[3.939s] reading manifest file 'interface.egg-info/SOURCES.txt'
[3.940s] writing manifest file 'interface.egg-info/SOURCES.txt'
[3.999s] [ 19%] [32mBuilding C object CMakeFiles/interface__rosidl_generator_c.dir/rosidl_generator_c/interface/srv/detail/maincontroller__functions.c.o[0m
[4.105s] [ 19%] Built target ament_cmake_python_build_interface_egg
[4.210s] [ 22%] [32m[1mLinking C shared library libinterface__rosidl_generator_c.so[0m
[4.331s] [ 22%] Built target interface__rosidl_generator_c
[4.402s] [ 25%] [34m[1mGenerating C type support for eProsima Fast-RTPS[0m
[4.417s] [ 29%] [34m[1mGenerating C introspection for ROS interfaces[0m
[4.449s] [ 32%] [34m[1mGenerating C type support dispatch for ROS interfaces[0m
[4.841s] [ 35%] [32mBuilding CXX object CMakeFiles/interface__rosidl_typesupport_cpp.dir/rosidl_typesupport_cpp/interface/srv/maincontroller__type_support.cpp.o[0m
[5.125s] [ 38%] [32mBuilding CXX object CMakeFiles/interface__rosidl_typesupport_introspection_cpp.dir/rosidl_typesupport_introspection_cpp/interface/srv/detail/maincontroller__type_support.cpp.o[0m
[5.230s] [ 41%] [32mBuilding CXX object CMakeFiles/interface__rosidl_typesupport_fastrtps_cpp.dir/rosidl_typesupport_fastrtps_cpp/interface/srv/detail/dds_fastrtps/maincontroller__type_support.cpp.o[0m
[5.540s] [ 45%] [32mBuilding C object CMakeFiles/interface__rosidl_typesupport_introspection_c.dir/rosidl_typesupport_introspection_c/interface/srv/detail/maincontroller__type_support.c.o[0m
[5.581s] [ 48%] [32mBuilding CXX object CMakeFiles/interface__rosidl_typesupport_c.dir/rosidl_typesupport_c/interface/srv/maincontroller__type_support.cpp.o[0m
[5.625s] [ 51%] [32m[1mLinking CXX shared library libinterface__rosidl_typesupport_cpp.so[0m
[5.652s] [ 54%] [32mBuilding CXX object CMakeFiles/interface__rosidl_typesupport_fastrtps_c.dir/rosidl_typesupport_fastrtps_c/interface/srv/detail/maincontroller__type_support_c.cpp.o[0m
[5.740s] [ 58%] [32m[1mLinking CXX shared library libinterface__rosidl_typesupport_c.so[0m
[5.745s] [ 61%] [32m[1mLinking C shared library libinterface__rosidl_typesupport_introspection_c.so[0m
[5.834s] [ 61%] Built target interface__rosidl_typesupport_cpp
[5.878s] [ 61%] Built target interface__rosidl_typesupport_introspection_c
[5.967s] [ 61%] Built target interface__rosidl_typesupport_c
[6.214s] [ 64%] [32m[1mLinking CXX shared library libinterface__rosidl_typesupport_fastrtps_cpp.so[0m
[6.416s] [ 67%] [32m[1mLinking CXX shared library libinterface__rosidl_typesupport_introspection_cpp.so[0m
[6.429s] [ 70%] [32m[1mLinking CXX shared library libinterface__rosidl_typesupport_fastrtps_c.so[0m
[6.509s] [ 70%] Built target interface__rosidl_typesupport_fastrtps_cpp
[6.511s] [ 70%] Built target interface__rosidl_typesupport_introspection_cpp
[6.707s] [ 70%] Built target interface__rosidl_typesupport_fastrtps_c
[6.793s] [ 70%] Built target interface
[6.881s] [ 74%] [34m[1mGenerating Python code for ROS interfaces[0m
[8.151s] [ 74%] Built target interface__py
[8.299s] [ 77%] [32mBuilding C object CMakeFiles/interface__rosidl_generator_py.dir/rosidl_generator_py/interface/srv/_maincontroller_s.c.o[0m
[8.774s] [ 80%] [32m[1mLinking C shared library rosidl_generator_py/interface/libinterface__rosidl_generator_py.so[0m
[8.903s] [ 80%] Built target interface__rosidl_generator_py
[9.016s] [ 83%] [32mBuilding C object CMakeFiles/interface__rosidl_typesupport_fastrtps_c__pyext.dir/rosidl_generator_py/interface/_interface_s.ep.rosidl_typesupport_fastrtps_c.c.o[0m
[9.036s] [ 87%] [32mBuilding C object CMakeFiles/interface__rosidl_typesupport_c__pyext.dir/rosidl_generator_py/interface/_interface_s.ep.rosidl_typesupport_c.c.o[0m
[9.045s] [ 90%] [32mBuilding C object CMakeFiles/interface__rosidl_typesupport_introspection_c__pyext.dir/rosidl_generator_py/interface/_interface_s.ep.rosidl_typesupport_introspection_c.c.o[0m
[9.366s] [ 93%] [32m[1mLinking C shared library rosidl_generator_py/interface/interface_s__rosidl_typesupport_introspection_c.cpython-310-x86_64-linux-gnu.so[0m
[9.394s] [ 96%] [32m[1mLinking C shared library rosidl_generator_py/interface/interface_s__rosidl_typesupport_fastrtps_c.cpython-310-x86_64-linux-gnu.so[0m
[9.444s] [100%] [32m[1mLinking C shared library rosidl_generator_py/interface/interface_s__rosidl_typesupport_c.cpython-310-x86_64-linux-gnu.so[0m
[9.542s] [100%] Built target interface__rosidl_typesupport_introspection_c__pyext
[9.603s] [100%] Built target interface__rosidl_typesupport_fastrtps_c__pyext
[9.623s] [100%] Built target interface__rosidl_typesupport_c__pyext
[9.684s] Invoked command in '/home/eating/work/build/interface' returned '0': CMAKE_PREFIX_PATH=${CMAKE_PREFIX_PATH}:/home/eating/work/install/pallet_main:/home/eating/work/install/main_control:/home/eating/work/install/gui:/home/eating/work/install/docking_pkg:/opt/ros/humble /usr/bin/cmake --build /home/eating/work/build/interface -- -j8 -l8
[9.684s] Invoking command in '/home/eating/work/build/interface': CMAKE_PREFIX_PATH=${CMAKE_PREFIX_PATH}:/home/eating/work/install/pallet_main:/home/eating/work/install/main_control:/home/eating/work/install/gui:/home/eating/work/install/docking_pkg:/opt/ros/humble /usr/bin/cmake --install /home/eating/work/build/interface
[9.714s] -- Install configuration: ""
[9.714s] -- Installing: /home/eating/work/install/interface/share/ament_index/resource_index/rosidl_interfaces/interface
[9.714s] -- Installing: /home/eating/work/install/interface/include/interface/interface
[9.714s] -- Installing: /home/eating/work/install/interface/include/interface/interface/msg
[9.714s] -- Installing: /home/eating/work/install/interface/include/interface/interface/msg/rosidl_generator_c__visibility_control.h
[9.715s] -- Installing: /home/eating/work/install/interface/include/interface/interface/srv
[9.715s] -- Installing: /home/eating/work/install/interface/include/interface/interface/srv/detail
[9.715s] -- Installing: /home/eating/work/install/interface/include/interface/interface/srv/detail/maincontroller__struct.h
[9.715s] -- Installing: /home/eating/work/install/interface/include/interface/interface/srv/detail/maincontroller__functions.c
[9.715s] -- Installing: /home/eating/work/install/interface/include/interface/interface/srv/detail/maincontroller__functions.h
[9.715s] -- Installing: /home/eating/work/install/interface/include/interface/interface/srv/detail/maincontroller__type_support.h
[9.715s] -- Installing: /home/eating/work/install/interface/include/interface/interface/srv/maincontroller.h
[9.715s] -- Installing: /home/eating/work/install/interface/share/interface/environment/library_path.sh
[9.715s] -- Installing: /home/eating/work/install/interface/share/interface/environment/library_path.dsv
[9.715s] -- Installing: /home/eating/work/install/interface/lib/libinterface__rosidl_generator_c.so
[9.715s] -- Set runtime path of "/home/eating/work/install/interface/lib/libinterface__rosidl_generator_c.so" to ""
[9.716s] -- Up-to-date: /home/eating/work/install/interface/include/interface/interface
[9.716s] -- Up-to-date: /home/eating/work/install/interface/include/interface/interface/msg
[9.716s] -- Installing: /home/eating/work/install/interface/include/interface/interface/msg/rosidl_typesupport_fastrtps_c__visibility_control.h
[9.716s] -- Up-to-date: /home/eating/work/install/interface/include/interface/interface/srv
[9.716s] -- Up-to-date: /home/eating/work/install/interface/include/interface/interface/srv/detail
[9.716s] -- Installing: /home/eating/work/install/interface/include/interface/interface/srv/detail/maincontroller__rosidl_typesupport_fastrtps_c.h
[9.716s] -- Installing: /home/eating/work/install/interface/lib/libinterface__rosidl_typesupport_fastrtps_c.so
[9.716s] -- Set runtime path of "/home/eating/work/install/interface/lib/libinterface__rosidl_typesupport_fastrtps_c.so" to ""
[9.716s] -- Up-to-date: /home/eating/work/install/interface/include/interface/interface
[9.717s] -- Up-to-date: /home/eating/work/install/interface/include/interface/interface/msg
[9.717s] -- Installing: /home/eating/work/install/interface/include/interface/interface/msg/rosidl_generator_cpp__visibility_control.hpp
[9.717s] -- Up-to-date: /home/eating/work/install/interface/include/interface/interface/srv
[9.717s] -- Installing: /home/eating/work/install/interface/include/interface/interface/srv/maincontroller.hpp
[9.717s] -- Up-to-date: /home/eating/work/install/interface/include/interface/interface/srv/detail
[9.717s] -- Installing: /home/eating/work/install/interface/include/interface/interface/srv/detail/maincontroller__builder.hpp
[9.717s] -- Installing: /home/eating/work/install/interface/include/interface/interface/srv/detail/maincontroller__traits.hpp
[9.717s] -- Installing: /home/eating/work/install/interface/include/interface/interface/srv/detail/maincontroller__type_support.hpp
[9.717s] -- Installing: /home/eating/work/install/interface/include/interface/interface/srv/detail/maincontroller__struct.hpp
[9.717s] -- Up-to-date: /home/eating/work/install/interface/include/interface/interface
[9.717s] -- Up-to-date: /home/eating/work/install/interface/include/interface/interface/msg
[9.718s] -- Installing: /home/eating/work/install/interface/include/interface/interface/msg/rosidl_typesupport_fastrtps_cpp__visibility_control.h
[9.718s] -- Up-to-date: /home/eating/work/install/interface/include/interface/interface/srv
[9.718s] -- Up-to-date: /home/eating/work/install/interface/include/interface/interface/srv/detail
[9.718s] -- Installing: /home/eating/work/install/interface/include/interface/interface/srv/detail/dds_fastrtps
[9.718s] -- Installing: /home/eating/work/install/interface/include/interface/interface/srv/detail/maincontroller__rosidl_typesupport_fastrtps_cpp.hpp
[9.718s] -- Installing: /home/eating/work/install/interface/lib/libinterface__rosidl_typesupport_fastrtps_cpp.so
[9.718s] -- Set runtime path of "/home/eating/work/install/interface/lib/libinterface__rosidl_typesupport_fastrtps_cpp.so" to ""
[9.718s] -- Up-to-date: /home/eating/work/install/interface/include/interface/interface
[9.718s] -- Up-to-date: /home/eating/work/install/interface/include/interface/interface/msg
[9.718s] -- Installing: /home/eating/work/install/interface/include/interface/interface/msg/rosidl_typesupport_introspection_c__visibility_control.h
[9.719s] -- Up-to-date: /home/eating/work/install/interface/include/interface/interface/srv
[9.719s] -- Up-to-date: /home/eating/work/install/interface/include/interface/interface/srv/detail
[9.719s] -- Installing: /home/eating/work/install/interface/include/interface/interface/srv/detail/maincontroller__type_support.c
[9.719s] -- Installing: /home/eating/work/install/interface/include/interface/interface/srv/detail/maincontroller__rosidl_typesupport_introspection_c.h
[9.719s] -- Installing: /home/eating/work/install/interface/lib/libinterface__rosidl_typesupport_introspection_c.so
[9.719s] -- Set runtime path of "/home/eating/work/install/interface/lib/libinterface__rosidl_typesupport_introspection_c.so" to ""
[9.719s] -- Installing: /home/eating/work/install/interface/lib/libinterface__rosidl_typesupport_c.so
[9.719s] -- Set runtime path of "/home/eating/work/install/interface/lib/libinterface__rosidl_typesupport_c.so" to ""
[9.719s] -- Up-to-date: /home/eating/work/install/interface/include/interface/interface
[9.719s] -- Up-to-date: /home/eating/work/install/interface/include/interface/interface/srv
[9.720s] -- Up-to-date: /home/eating/work/install/interface/include/interface/interface/srv/detail
[9.720s] -- Installing: /home/eating/work/install/interface/include/interface/interface/srv/detail/maincontroller__type_support.cpp
[9.720s] -- Installing: /home/eating/work/install/interface/include/interface/interface/srv/detail/maincontroller__rosidl_typesupport_introspection_cpp.hpp
[9.720s] -- Installing: /home/eating/work/install/interface/lib/libinterface__rosidl_typesupport_introspection_cpp.so
[9.720s] -- Set runtime path of "/home/eating/work/install/interface/lib/libinterface__rosidl_typesupport_introspection_cpp.so" to ""
[9.720s] -- Installing: /home/eating/work/install/interface/lib/libinterface__rosidl_typesupport_cpp.so
[9.721s] -- Set runtime path of "/home/eating/work/install/interface/lib/libinterface__rosidl_typesupport_cpp.so" to ""
[9.721s] -- Installing: /home/eating/work/install/interface/share/interface/environment/pythonpath.sh
[9.721s] -- Installing: /home/eating/work/install/interface/share/interface/environment/pythonpath.dsv
[9.721s] -- Installing: /home/eating/work/install/interface/local/lib/python3.10/dist-packages/interface-0.0.0-py3.10.egg-info
[9.721s] -- Installing: /home/eating/work/install/interface/local/lib/python3.10/dist-packages/interface-0.0.0-py3.10.egg-info/top_level.txt
[9.721s] -- Installing: /home/eating/work/install/interface/local/lib/python3.10/dist-packages/interface-0.0.0-py3.10.egg-info/SOURCES.txt
[9.721s] -- Installing: /home/eating/work/install/interface/local/lib/python3.10/dist-packages/interface-0.0.0-py3.10.egg-info/dependency_links.txt
[9.721s] -- Installing: /home/eating/work/install/interface/local/lib/python3.10/dist-packages/interface-0.0.0-py3.10.egg-info/PKG-INFO
[9.721s] -- Installing: /home/eating/work/install/interface/local/lib/python3.10/dist-packages/interface
[9.722s] -- Installing: /home/eating/work/install/interface/local/lib/python3.10/dist-packages/interface/interface_s__rosidl_typesupport_fastrtps_c.cpython-310-x86_64-linux-gnu.so
[9.722s] -- Installing: /home/eating/work/install/interface/local/lib/python3.10/dist-packages/interface/libinterface__rosidl_generator_py.so
[9.722s] -- Installing: /home/eating/work/install/interface/local/lib/python3.10/dist-packages/interface/__init__.py
[9.722s] -- Installing: /home/eating/work/install/interface/local/lib/python3.10/dist-packages/interface/_interface_s.ep.rosidl_typesupport_fastrtps_c.c
[9.722s] -- Installing: /home/eating/work/install/interface/local/lib/python3.10/dist-packages/interface/_interface_s.ep.rosidl_typesupport_c.c
[9.722s] -- Installing: /home/eating/work/install/interface/local/lib/python3.10/dist-packages/interface/srv
[9.722s] -- Installing: /home/eating/work/install/interface/local/lib/python3.10/dist-packages/interface/srv/__init__.py
[9.722s] -- Installing: /home/eating/work/install/interface/local/lib/python3.10/dist-packages/interface/srv/_maincontroller.py
[9.722s] -- Installing: /home/eating/work/install/interface/local/lib/python3.10/dist-packages/interface/srv/_maincontroller_s.c
[9.723s] -- Installing: /home/eating/work/install/interface/local/lib/python3.10/dist-packages/interface/_interface_s.ep.rosidl_typesupport_introspection_c.c
[9.723s] -- Installing: /home/eating/work/install/interface/local/lib/python3.10/dist-packages/interface/interface_s__rosidl_typesupport_introspection_c.cpython-310-x86_64-linux-gnu.so
[9.723s] -- Installing: /home/eating/work/install/interface/local/lib/python3.10/dist-packages/interface/interface_s__rosidl_typesupport_c.cpython-310-x86_64-linux-gnu.so
[9.848s] Listing '/home/eating/work/install/interface/local/lib/python3.10/dist-packages/interface'...
[9.848s] Compiling '/home/eating/work/install/interface/local/lib/python3.10/dist-packages/interface/__init__.py'...
[9.848s] Listing '/home/eating/work/install/interface/local/lib/python3.10/dist-packages/interface/srv'...
[9.849s] Compiling '/home/eating/work/install/interface/local/lib/python3.10/dist-packages/interface/srv/__init__.py'...
[9.849s] Compiling '/home/eating/work/install/interface/local/lib/python3.10/dist-packages/interface/srv/_maincontroller.py'...
[9.869s] -- Installing: /home/eating/work/install/interface/local/lib/python3.10/dist-packages/interface/interface_s__rosidl_typesupport_fastrtps_c.cpython-310-x86_64-linux-gnu.so
[9.869s] -- Set runtime path of "/home/eating/work/install/interface/local/lib/python3.10/dist-packages/interface/interface_s__rosidl_typesupport_fastrtps_c.cpython-310-x86_64-linux-gnu.so" to ""
[9.870s] -- Installing: /home/eating/work/install/interface/local/lib/python3.10/dist-packages/interface/interface_s__rosidl_typesupport_introspection_c.cpython-310-x86_64-linux-gnu.so
[9.871s] -- Set runtime path of "/home/eating/work/install/interface/local/lib/python3.10/dist-packages/interface/interface_s__rosidl_typesupport_introspection_c.cpython-310-x86_64-linux-gnu.so" to ""
[9.871s] -- Installing: /home/eating/work/install/interface/local/lib/python3.10/dist-packages/interface/interface_s__rosidl_typesupport_c.cpython-310-x86_64-linux-gnu.so
[9.872s] -- Set runtime path of "/home/eating/work/install/interface/local/lib/python3.10/dist-packages/interface/interface_s__rosidl_typesupport_c.cpython-310-x86_64-linux-gnu.so" to ""
[9.872s] -- Installing: /home/eating/work/install/interface/lib/libinterface__rosidl_generator_py.so
[9.873s] -- Set runtime path of "/home/eating/work/install/interface/lib/libinterface__rosidl_generator_py.so" to ""
[9.873s] -- Installing: /home/eating/work/install/interface/share/interface/srv/Maincontroller.idl
[9.873s] -- Installing: /home/eating/work/install/interface/share/interface/srv/Maincontroller.srv
[9.874s] -- Installing: /home/eating/work/install/interface/share/interface/srv/Maincontroller_Request.msg
[9.874s] -- Installing: /home/eating/work/install/interface/share/interface/srv/Maincontroller_Response.msg
[9.875s] -- Installing: /home/eating/work/install/interface/share/ament_index/resource_index/package_run_dependencies/interface
[9.875s] -- Installing: /home/eating/work/install/interface/share/ament_index/resource_index/parent_prefix_path/interface
[9.875s] -- Installing: /home/eating/work/install/interface/share/interface/environment/ament_prefix_path.sh
[9.876s] -- Installing: /home/eating/work/install/interface/share/interface/environment/ament_prefix_path.dsv
[9.876s] -- Installing: /home/eating/work/install/interface/share/interface/environment/path.sh
[9.876s] -- Installing: /home/eating/work/install/interface/share/interface/environment/path.dsv
[9.877s] -- Installing: /home/eating/work/install/interface/share/interface/local_setup.bash
[9.877s] -- Installing: /home/eating/work/install/interface/share/interface/local_setup.sh
[9.877s] -- Installing: /home/eating/work/install/interface/share/interface/local_setup.zsh
[9.878s] -- Installing: /home/eating/work/install/interface/share/interface/local_setup.dsv
[9.878s] -- Installing: /home/eating/work/install/interface/share/interface/package.dsv
[9.879s] -- Installing: /home/eating/work/install/interface/share/ament_index/resource_index/packages/interface
[9.879s] -- Installing: /home/eating/work/install/interface/share/interface/cmake/export_interface__rosidl_generator_cExport.cmake
[9.879s] -- Installing: /home/eating/work/install/interface/share/interface/cmake/export_interface__rosidl_generator_cExport-noconfig.cmake
[9.880s] -- Installing: /home/eating/work/install/interface/share/interface/cmake/export_interface__rosidl_typesupport_fastrtps_cExport.cmake
[9.880s] -- Installing: /home/eating/work/install/interface/share/interface/cmake/export_interface__rosidl_typesupport_fastrtps_cExport-noconfig.cmake
[9.881s] -- Installing: /home/eating/work/install/interface/share/interface/cmake/export_interface__rosidl_generator_cppExport.cmake
[9.881s] -- Installing: /home/eating/work/install/interface/share/interface/cmake/export_interface__rosidl_typesupport_fastrtps_cppExport.cmake
[9.881s] -- Installing: /home/eating/work/install/interface/share/interface/cmake/export_interface__rosidl_typesupport_fastrtps_cppExport-noconfig.cmake
[9.882s] -- Installing: /home/eating/work/install/interface/share/interface/cmake/interface__rosidl_typesupport_introspection_cExport.cmake
[9.882s] -- Installing: /home/eating/work/install/interface/share/interface/cmake/interface__rosidl_typesupport_introspection_cExport-noconfig.cmake
[9.882s] -- Installing: /home/eating/work/install/interface/share/interface/cmake/interface__rosidl_typesupport_cExport.cmake
[9.883s] -- Installing: /home/eating/work/install/interface/share/interface/cmake/interface__rosidl_typesupport_cExport-noconfig.cmake
[9.883s] -- Installing: /home/eating/work/install/interface/share/interface/cmake/interface__rosidl_typesupport_introspection_cppExport.cmake
[9.884s] -- Installing: /home/eating/work/install/interface/share/interface/cmake/interface__rosidl_typesupport_introspection_cppExport-noconfig.cmake
[9.884s] -- Installing: /home/eating/work/install/interface/share/interface/cmake/interface__rosidl_typesupport_cppExport.cmake
[9.884s] -- Installing: /home/eating/work/install/interface/share/interface/cmake/interface__rosidl_typesupport_cppExport-noconfig.cmake
[9.885s] -- Installing: /home/eating/work/install/interface/share/interface/cmake/export_interface__rosidl_generator_pyExport.cmake
[9.885s] -- Installing: /home/eating/work/install/interface/share/interface/cmake/export_interface__rosidl_generator_pyExport-noconfig.cmake
[9.885s] -- Installing: /home/eating/work/install/interface/share/interface/cmake/rosidl_cmake-extras.cmake
[9.885s] -- Installing: /home/eating/work/install/interface/share/interface/cmake/ament_cmake_export_dependencies-extras.cmake
[9.885s] -- Installing: /home/eating/work/install/interface/share/interface/cmake/ament_cmake_export_include_directories-extras.cmake
[9.886s] -- Installing: /home/eating/work/install/interface/share/interface/cmake/ament_cmake_export_libraries-extras.cmake
[9.886s] -- Installing: /home/eating/work/install/interface/share/interface/cmake/ament_cmake_export_targets-extras.cmake
[9.886s] -- Installing: /home/eating/work/install/interface/share/interface/cmake/rosidl_cmake_export_typesupport_targets-extras.cmake
[9.886s] -- Installing: /home/eating/work/install/interface/share/interface/cmake/rosidl_cmake_export_typesupport_libraries-extras.cmake
[9.886s] -- Installing: /home/eating/work/install/interface/share/interface/cmake/interfaceConfig.cmake
[9.887s] -- Installing: /home/eating/work/install/interface/share/interface/cmake/interfaceConfig-version.cmake
[9.887s] -- Installing: /home/eating/work/install/interface/share/interface/package.xml
[9.892s] Invoked command in '/home/eating/work/build/interface' returned '0': CMAKE_PREFIX_PATH=${CMAKE_PREFIX_PATH}:/home/eating/work/install/pallet_main:/home/eating/work/install/main_control:/home/eating/work/install/gui:/home/eating/work/install/docking_pkg:/opt/ros/humble /usr/bin/cmake --install /home/eating/work/build/interface
