[0.534s] Invoking command in '/home/eating/work/build/ira_laser_tools': CMAKE_PREFIX_PATH=${CMAKE_PREFIX_PATH}:/home/eating/work/install/pallet_main:/home/eating/work/install/main_control:/home/eating/work/install/gui:/home/eating/work/install/docking_pkg:/opt/ros/humble /usr/bin/cmake --build /home/eating/work/build/ira_laser_tools -- -j8 -l8
[0.628s] [ 50%] Built target laserscan_multi_merger
[0.645s] [100%] Built target laserscan_virtualizer
[0.715s] Invoked command in '/home/eating/work/build/ira_laser_tools' returned '0': CMAKE_PREFIX_PATH=${CMAKE_PREFIX_PATH}:/home/eating/work/install/pallet_main:/home/eating/work/install/main_control:/home/eating/work/install/gui:/home/eating/work/install/docking_pkg:/opt/ros/humble /usr/bin/cmake --build /home/eating/work/build/ira_laser_tools -- -j8 -l8
[0.719s] Invoking command in '/home/eating/work/build/ira_laser_tools': CMAKE_PREFIX_PATH=${CMAKE_PREFIX_PATH}:/home/eating/work/install/pallet_main:/home/eating/work/install/main_control:/home/eating/work/install/gui:/home/eating/work/install/docking_pkg:/opt/ros/humble /usr/bin/cmake --install /home/eating/work/build/ira_laser_tools
[0.752s] -- Install configuration: ""
[0.752s] -- Up-to-date: /home/eating/work/install/ira_laser_tools/lib/ira_laser_tools/laserscan_multi_merger
[0.753s] -- Up-to-date: /home/eating/work/install/ira_laser_tools/lib/ira_laser_tools/laserscan_virtualizer
[0.753s] -- Up-to-date: /home/eating/work/install/ira_laser_tools/share/ira_laser_tools/launch
[0.753s] -- Up-to-date: /home/eating/work/install/ira_laser_tools/share/ira_laser_tools/launch/laserscan_multi_merger.launch
[0.753s] -- Up-to-date: /home/eating/work/install/ira_laser_tools/share/ira_laser_tools/launch/laserscan_virtualizer.launch
[0.753s] -- Up-to-date: /home/eating/work/install/ira_laser_tools/share/ament_index/resource_index/package_run_dependencies/ira_laser_tools
[0.754s] -- Up-to-date: /home/eating/work/install/ira_laser_tools/share/ament_index/resource_index/parent_prefix_path/ira_laser_tools
[0.754s] -- Up-to-date: /home/eating/work/install/ira_laser_tools/share/ira_laser_tools/environment/ament_prefix_path.sh
[0.754s] -- Up-to-date: /home/eating/work/install/ira_laser_tools/share/ira_laser_tools/environment/ament_prefix_path.dsv
[0.754s] -- Up-to-date: /home/eating/work/install/ira_laser_tools/share/ira_laser_tools/environment/path.sh
[0.754s] -- Up-to-date: /home/eating/work/install/ira_laser_tools/share/ira_laser_tools/environment/path.dsv
[0.755s] -- Up-to-date: /home/eating/work/install/ira_laser_tools/share/ira_laser_tools/local_setup.bash
[0.755s] -- Up-to-date: /home/eating/work/install/ira_laser_tools/share/ira_laser_tools/local_setup.sh
[0.755s] -- Up-to-date: /home/eating/work/install/ira_laser_tools/share/ira_laser_tools/local_setup.zsh
[0.755s] -- Up-to-date: /home/eating/work/install/ira_laser_tools/share/ira_laser_tools/local_setup.dsv
[0.755s] -- Installing: /home/eating/work/install/ira_laser_tools/share/ira_laser_tools/package.dsv
[0.755s] -- Up-to-date: /home/eating/work/install/ira_laser_tools/share/ament_index/resource_index/packages/ira_laser_tools
[0.756s] -- Up-to-date: /home/eating/work/install/ira_laser_tools/share/ira_laser_tools/cmake/ament_cmake_export_dependencies-extras.cmake
[0.756s] -- Up-to-date: /home/eating/work/install/ira_laser_tools/share/ira_laser_tools/cmake/ira_laser_toolsConfig.cmake
[0.756s] -- Up-to-date: /home/eating/work/install/ira_laser_tools/share/ira_laser_tools/cmake/ira_laser_toolsConfig-version.cmake
[0.756s] -- Up-to-date: /home/eating/work/install/ira_laser_tools/share/ira_laser_tools/package.xml
[0.800s] Invoked command in '/home/eating/work/build/ira_laser_tools' returned '0': CMAKE_PREFIX_PATH=${CMAKE_PREFIX_PATH}:/home/eating/work/install/pallet_main:/home/eating/work/install/main_control:/home/eating/work/install/gui:/home/eating/work/install/docking_pkg:/opt/ros/humble /usr/bin/cmake --install /home/eating/work/build/ira_laser_tools
