running egg_info
writing ../../../build/docking_pkg/docking_pkg.egg-info/PKG-INFO
writing dependency_links to ../../../build/docking_pkg/docking_pkg.egg-info/dependency_links.txt
writing entry points to ../../../build/docking_pkg/docking_pkg.egg-info/entry_points.txt
writing requirements to ../../../build/docking_pkg/docking_pkg.egg-info/requires.txt
writing top-level names to ../../../build/docking_pkg/docking_pkg.egg-info/top_level.txt
reading manifest file '../../../build/docking_pkg/docking_pkg.egg-info/SOURCES.txt'
writing manifest file '../../../build/docking_pkg/docking_pkg.egg-info/SOURCES.txt'
running build
running build_py
copying docking_pkg/YoloDepthProcessor.py -> /home/eating/work/build/docking_pkg/build/lib/docking_pkg
running install
running install_lib
copying /home/eating/work/build/docking_pkg/build/lib/docking_pkg/YoloDepthProcessor.py -> /home/eating/work/install/docking_pkg/lib/python3.10/site-packages/docking_pkg
byte-compiling /home/eating/work/install/docking_pkg/lib/python3.10/site-packages/docking_pkg/YoloDepthProcessor.py to YoloDepthProcessor.cpython-310.pyc
running install_data
running install_egg_info
removing '/home/eating/work/install/docking_pkg/lib/python3.10/site-packages/docking_pkg-0.0.0-py3.10.egg-info' (and everything under it)
Copying ../../../build/docking_pkg/docking_pkg.egg-info to /home/eating/work/install/docking_pkg/lib/python3.10/site-packages/docking_pkg-0.0.0-py3.10.egg-info
running install_scripts
Installing YoloDepthProcessor script to /home/eating/work/install/docking_pkg/lib/docking_pkg
Installing docking_processor_node script to /home/eating/work/install/docking_pkg/lib/docking_pkg
Installing docking_status_server script to /home/eating/work/install/docking_pkg/lib/docking_pkg
Installing dockingcamera script to /home/eating/work/install/docking_pkg/lib/docking_pkg
Installing pid_mecanum_node script to /home/eating/work/install/docking_pkg/lib/docking_pkg
Installing ransac script to /home/eating/work/install/docking_pkg/lib/docking_pkg
Installing yolo_subscriber script to /home/eating/work/install/docking_pkg/lib/docking_pkg
writing list of installed files to '/home/eating/work/build/docking_pkg/install.log'
