[0.071s] Invoking command in '/home/eating/work/build/timda_description': CMAKE_PREFIX_PATH=${CMAKE_PREFIX_PATH}:/home/eating/work/install/pallet_main:/home/eating/work/install/main_control:/home/eating/work/install/gui:/home/eating/work/install/docking_pkg:/opt/ros/humble /usr/bin/cmake /home/eating/work/src/timda_sim/timda_description -DCMAKE_INSTALL_PREFIX=/home/eating/work/install/timda_description
[1.043s] -- The C compiler identification is GNU 11.4.0
[1.044s] -- The CXX compiler identification is GNU 11.4.0
[1.044s] -- Detecting C compiler ABI info
[1.044s] -- Detecting C compiler ABI info - done
[1.044s] -- Check for working C compiler: /usr/bin/cc - skipped
[1.044s] -- Detecting C compile features
[1.044s] -- Detecting C compile features - done
[1.044s] -- Detecting CXX compiler ABI info
[1.129s] -- Detecting CXX compiler ABI info - done
[1.151s] -- Check for working CXX compiler: /usr/bin/c++ - skipped
[1.152s] -- Detecting CXX compile features
[1.155s] -- Detecting CXX compile features - done
[1.169s] -- Found ament_cmake: 1.3.11 (/opt/ros/humble/share/ament_cmake/cmake)
[1.620s] -- Found Python3: /usr/bin/python3 (found version "3.10.12") found components: Interpreter 
[1.926s] -- Found ament_lint_auto: 0.12.12 (/opt/ros/humble/share/ament_lint_auto/cmake)
[2.131s] -- Added test 'lint_cmake' to check CMake code style
[2.133s] -- Added test 'xmllint' to check XML markup files
[2.137s] -- Configuring done
[2.144s] -- Generating done
[2.146s] -- Build files have been written to: /home/eating/work/build/timda_description
[3.114s] Invoked command in '/home/eating/work/build/timda_description' returned '0': CMAKE_PREFIX_PATH=${CMAKE_PREFIX_PATH}:/home/eating/work/install/pallet_main:/home/eating/work/install/main_control:/home/eating/work/install/gui:/home/eating/work/install/docking_pkg:/opt/ros/humble /usr/bin/cmake /home/eating/work/src/timda_sim/timda_description -DCMAKE_INSTALL_PREFIX=/home/eating/work/install/timda_description
[3.115s] Invoking command in '/home/eating/work/build/timda_description': CMAKE_PREFIX_PATH=${CMAKE_PREFIX_PATH}:/home/eating/work/install/pallet_main:/home/eating/work/install/main_control:/home/eating/work/install/gui:/home/eating/work/install/docking_pkg:/opt/ros/humble /usr/bin/cmake --build /home/eating/work/build/timda_description -- -j8 -l8
[3.187s] Invoked command in '/home/eating/work/build/timda_description' returned '0': CMAKE_PREFIX_PATH=${CMAKE_PREFIX_PATH}:/home/eating/work/install/pallet_main:/home/eating/work/install/main_control:/home/eating/work/install/gui:/home/eating/work/install/docking_pkg:/opt/ros/humble /usr/bin/cmake --build /home/eating/work/build/timda_description -- -j8 -l8
[3.203s] Invoking command in '/home/eating/work/build/timda_description': CMAKE_PREFIX_PATH=${CMAKE_PREFIX_PATH}:/home/eating/work/install/pallet_main:/home/eating/work/install/main_control:/home/eating/work/install/gui:/home/eating/work/install/docking_pkg:/opt/ros/humble /usr/bin/cmake --install /home/eating/work/build/timda_description
[3.225s] -- Install configuration: ""
[3.225s] -- Installing: /home/eating/work/install/timda_description/share/timda_description/urdf
[3.225s] -- Installing: /home/eating/work/install/timda_description/share/timda_description/urdf/timda_sim_odom.urdf.xacro
[3.225s] -- Installing: /home/eating/work/install/timda_description/share/timda_description/urdf/timda.gazebo.xacro
[3.226s] -- Installing: /home/eating/work/install/timda_description/share/timda_description/urdf/timda.urdf.xacro
[3.226s] -- Installing: /home/eating/work/install/timda_description/share/timda_description/urdf/timda_only_mobile.urdf.xacro
[3.226s] -- Installing: /home/eating/work/install/timda_description/share/ament_index/resource_index/package_run_dependencies/timda_description
[3.227s] -- Installing: /home/eating/work/install/timda_description/share/ament_index/resource_index/parent_prefix_path/timda_description
[3.227s] -- Installing: /home/eating/work/install/timda_description/share/timda_description/environment/ament_prefix_path.sh
[3.227s] -- Installing: /home/eating/work/install/timda_description/share/timda_description/environment/ament_prefix_path.dsv
[3.227s] -- Installing: /home/eating/work/install/timda_description/share/timda_description/environment/path.sh
[3.227s] -- Installing: /home/eating/work/install/timda_description/share/timda_description/environment/path.dsv
[3.228s] -- Installing: /home/eating/work/install/timda_description/share/timda_description/local_setup.bash
[3.228s] -- Installing: /home/eating/work/install/timda_description/share/timda_description/local_setup.sh
[3.228s] -- Installing: /home/eating/work/install/timda_description/share/timda_description/local_setup.zsh
[3.228s] -- Installing: /home/eating/work/install/timda_description/share/timda_description/local_setup.dsv
[3.228s] -- Installing: /home/eating/work/install/timda_description/share/timda_description/package.dsv
[3.229s] -- Installing: /home/eating/work/install/timda_description/share/ament_index/resource_index/packages/timda_description
[3.229s] -- Installing: /home/eating/work/install/timda_description/share/timda_description/cmake/timda_descriptionConfig.cmake
[3.229s] -- Installing: /home/eating/work/install/timda_description/share/timda_description/cmake/timda_descriptionConfig-version.cmake
[3.229s] -- Installing: /home/eating/work/install/timda_description/share/timda_description/package.xml
[3.232s] Invoked command in '/home/eating/work/build/timda_description' returned '0': CMAKE_PREFIX_PATH=${CMAKE_PREFIX_PATH}:/home/eating/work/install/pallet_main:/home/eating/work/install/main_control:/home/eating/work/install/gui:/home/eating/work/install/docking_pkg:/opt/ros/humble /usr/bin/cmake --install /home/eating/work/build/timda_description
