[0.237s] Invoking command in '/home/aa/work/build/linear_move': CMAKE_PREFIX_PATH=/opt/ros/humble /usr/local/bin/cmake /home/aa/work/src/linear_move -DCMAKE_INSTALL_PREFIX=/home/aa/work/install/linear_move
[0.325s] [0mCMake Deprecation Warning at CMakeLists.txt:1 (cmake_minimum_required):
[0.325s]   Compatibility with CMake < 3.10 will be removed from a future version of
[0.325s]   CMake.
[0.325s] 
[0.325s]   Update the VERSION argument <min> value.  Or, use the <min>...<max> syntax
[0.326s]   to tell CMake that the project requires at least <min> but has been updated
[0.326s]   to work with policies introduced by <max> or earlier.
[0.326s] 
[0.326s] [0m
[0.402s] -- The C compiler identification is GNU 11.4.0
[0.482s] -- The CXX compiler identification is GNU 11.4.0
[0.492s] -- Detecting C compiler ABI info
[0.547s] -- Detecting C compiler ABI info - done
[0.568s] -- Check for working C compiler: /usr/bin/cc - skipped
[0.569s] -- Detecting C compile features
[0.569s] -- Detecting C compile features - done
[0.580s] -- Detecting CXX compiler ABI info
[0.639s] -- Detecting CXX compiler ABI info - done
[0.661s] -- Check for working CXX compiler: /usr/bin/c++ - skipped
[0.661s] -- Detecting CXX compile features
[0.662s] -- Detecting CXX compile features - done
[0.671s] -- Found ament_cmake: 1.3.11 (/opt/ros/humble/share/ament_cmake/cmake)
[0.797s] -- Found Python3: /usr/bin/python3 (found version "3.10.12") found components: Interpreter
[0.955s] -- Found rclcpp: 16.0.12 (/opt/ros/humble/share/rclcpp/cmake)
[1.041s] -- Found rosidl_generator_c: 3.1.6 (/opt/ros/humble/share/rosidl_generator_c/cmake)
[1.050s] -- Found rosidl_adapter: 3.1.6 (/opt/ros/humble/share/rosidl_adapter/cmake)
[1.068s] -- Found rosidl_generator_cpp: 3.1.6 (/opt/ros/humble/share/rosidl_generator_cpp/cmake)
[1.094s] -- Using all available rosidl_typesupport_c: rosidl_typesupport_fastrtps_c;rosidl_typesupport_introspection_c
[1.125s] -- Using all available rosidl_typesupport_cpp: rosidl_typesupport_fastrtps_cpp;rosidl_typesupport_introspection_cpp
[1.193s] -- Found rmw_implementation_cmake: 6.1.2 (/opt/ros/humble/share/rmw_implementation_cmake/cmake)
[1.198s] -- Found rmw_cyclonedds_cpp: 1.3.4 (/opt/ros/humble/share/rmw_cyclonedds_cpp/cmake)
[1.227s] -- Using RMW implementation 'rmw_cyclonedds_cpp' as default
[1.244s] -- Performing Test CMAKE_HAVE_LIBC_PTHREAD
[1.292s] -- Performing Test CMAKE_HAVE_LIBC_PTHREAD - Success
[1.293s] -- Found Threads: TRUE
[1.369s] -- Found ament_lint_auto: 0.12.12 (/opt/ros/humble/share/ament_lint_auto/cmake)
[1.457s] -- Added test 'cppcheck' to perform static code analysis on C / C++ code
[1.458s] -- Configured cppcheck include dirs: /home/aa/work/src/linear_move/include
[1.458s] -- Configured cppcheck exclude dirs and/or files: 
[1.458s] -- Added test 'lint_cmake' to check CMake code style
[1.459s] -- Added test 'uncrustify' to check C / C++ code style
[1.460s] -- Configured uncrustify additional arguments: 
[1.460s] -- Added test 'xmllint' to check XML markup files
[1.461s] -- Configuring done (1.1s)
[1.471s] -- Generating done (0.0s)
[1.473s] -- Build files have been written to: /home/aa/work/build/linear_move
[1.480s] Invoked command in '/home/aa/work/build/linear_move' returned '0': CMAKE_PREFIX_PATH=/opt/ros/humble /usr/local/bin/cmake /home/aa/work/src/linear_move -DCMAKE_INSTALL_PREFIX=/home/aa/work/install/linear_move
[1.481s] Invoking command in '/home/aa/work/build/linear_move': CMAKE_PREFIX_PATH=/opt/ros/humble /usr/local/bin/cmake --build /home/aa/work/build/linear_move -- -j12 -l12
[1.564s] [ 50%] [32mBuilding CXX object CMakeFiles/slide.dir/src/slide.cpp.o[0m
[10.679s] [100%] [32m[1mLinking CXX executable slide[0m
[10.989s] [100%] Built target slide
[10.992s] Invoked command in '/home/aa/work/build/linear_move' returned '0': CMAKE_PREFIX_PATH=/opt/ros/humble /usr/local/bin/cmake --build /home/aa/work/build/linear_move -- -j12 -l12
[10.993s] Invoking command in '/home/aa/work/build/linear_move': CMAKE_PREFIX_PATH=/opt/ros/humble /usr/local/bin/cmake --install /home/aa/work/build/linear_move
[11.057s] -- Install configuration: ""
[11.057s] -- Installing: /home/aa/work/install/linear_move/lib/linear_move/slide
[11.058s] -- Set non-toolchain portion of runtime path of "/home/aa/work/install/linear_move/lib/linear_move/slide" to ""
[11.059s] -- Installing: /home/aa/work/install/linear_move/share/ament_index/resource_index/package_run_dependencies/linear_move
[11.059s] -- Installing: /home/aa/work/install/linear_move/share/ament_index/resource_index/parent_prefix_path/linear_move
[11.059s] -- Installing: /home/aa/work/install/linear_move/share/linear_move/environment/ament_prefix_path.sh
[11.059s] -- Installing: /home/aa/work/install/linear_move/share/linear_move/environment/ament_prefix_path.dsv
[11.059s] -- Installing: /home/aa/work/install/linear_move/share/linear_move/environment/path.sh
[11.059s] -- Installing: /home/aa/work/install/linear_move/share/linear_move/environment/path.dsv
[11.059s] -- Installing: /home/aa/work/install/linear_move/share/linear_move/local_setup.bash
[11.059s] -- Installing: /home/aa/work/install/linear_move/share/linear_move/local_setup.sh
[11.060s] -- Installing: /home/aa/work/install/linear_move/share/linear_move/local_setup.zsh
[11.060s] -- Installing: /home/aa/work/install/linear_move/share/linear_move/local_setup.dsv
[11.060s] -- Installing: /home/aa/work/install/linear_move/share/linear_move/package.dsv
[11.060s] -- Installing: /home/aa/work/install/linear_move/share/ament_index/resource_index/packages/linear_move
[11.060s] -- Installing: /home/aa/work/install/linear_move/share/linear_move/cmake/linear_moveConfig.cmake
[11.060s] -- Installing: /home/aa/work/install/linear_move/share/linear_move/cmake/linear_moveConfig-version.cmake
[11.060s] -- Installing: /home/aa/work/install/linear_move/share/linear_move/package.xml
[11.068s] Invoked command in '/home/aa/work/build/linear_move' returned '0': CMAKE_PREFIX_PATH=/opt/ros/humble /usr/local/bin/cmake --install /home/aa/work/build/linear_move
