[0.273s] Invoking command in '/home/eating/work/build/mecanum': CMAKE_PREFIX_PATH=/opt/ros/humble /usr/bin/cmake /home/eating/work/src/mecanum -DCMAKE_INSTALL_PREFIX=/home/eating/work/install/mecanum
[1.738s] -- The C compiler identification is GNU 11.4.0
[1.738s] -- The CXX compiler identification is GNU 11.4.0
[1.738s] -- Detecting C compiler ABI info
[1.739s] -- Detecting C compiler ABI info - done
[1.739s] -- Check for working C compiler: /usr/bin/cc - skipped
[1.739s] -- Detecting C compile features
[1.739s] -- Detecting C compile features - done
[1.739s] -- Detecting CXX compiler ABI info
[1.739s] -- Detecting CXX compiler ABI info - done
[1.739s] -- Check for working CXX compiler: /usr/bin/c++ - skipped
[1.739s] -- Detecting CXX compile features
[1.739s] -- Detecting CXX compile features - done
[1.739s] -- Found ament_cmake: 1.3.11 (/opt/ros/humble/share/ament_cmake/cmake)
[1.739s] -- Found Python3: /usr/bin/python3 (found version "3.10.12") found components: Interpreter 
[1.739s] -- Found rclcpp: 16.0.12 (/opt/ros/humble/share/rclcpp/cmake)
[1.740s] -- Found rosidl_generator_c: 3.1.6 (/opt/ros/humble/share/rosidl_generator_c/cmake)
[1.740s] -- Found rosidl_adapter: 3.1.6 (/opt/ros/humble/share/rosidl_adapter/cmake)
[1.740s] -- Found rosidl_generator_cpp: 3.1.6 (/opt/ros/humble/share/rosidl_generator_cpp/cmake)
[1.740s] -- Using all available rosidl_typesupport_c: rosidl_typesupport_fastrtps_c;rosidl_typesupport_introspection_c
[1.740s] -- Using all available rosidl_typesupport_cpp: rosidl_typesupport_fastrtps_cpp;rosidl_typesupport_introspection_cpp
[1.740s] -- Found rmw_implementation_cmake: 6.1.2 (/opt/ros/humble/share/rmw_implementation_cmake/cmake)
[1.740s] -- Found rmw_cyclonedds_cpp: 1.3.4 (/opt/ros/humble/share/rmw_cyclonedds_cpp/cmake)
[1.740s] -- Using RMW implementation 'rmw_cyclonedds_cpp' as default
[1.740s] -- Looking for pthread.h
[1.740s] -- Looking for pthread.h - found
[1.740s] -- Performing Test CMAKE_HAVE_LIBC_PTHREAD
[1.740s] -- Performing Test CMAKE_HAVE_LIBC_PTHREAD - Success
[1.741s] -- Found Threads: TRUE  
[1.741s] -- Found geometry_msgs: 4.8.0 (/opt/ros/humble/share/geometry_msgs/cmake)
[1.741s] -- Found tf2_ros: 0.25.12 (/opt/ros/humble/share/tf2_ros/cmake)
[1.778s] -- Found tf2_geometry_msgs: 0.25.12 (/opt/ros/humble/share/tf2_geometry_msgs/cmake)
[1.789s] -- Found eigen3_cmake_module: 0.1.1 (/opt/ros/humble/share/eigen3_cmake_module/cmake)
[1.795s] -- Found Eigen3: TRUE (found version "3.4.0") 
[1.795s] -- Ensuring Eigen3 include directory is part of orocos-kdl CMake target
[1.795s] -- Found nav_msgs: 4.8.0 (/opt/ros/humble/share/nav_msgs/cmake)
[1.831s] -- Found ament_lint_auto: 0.12.12 (/opt/ros/humble/share/ament_lint_auto/cmake)
[1.963s] -- Added test 'cppcheck' to perform static code analysis on C / C++ code
[1.964s] -- Configured cppcheck include dirs: /home/eating/work/src/mecanum/include
[1.964s] -- Configured cppcheck exclude dirs and/or files: 
[1.968s] -- Added test 'lint_cmake' to check CMake code style
[1.977s] -- Added test 'uncrustify' to check C / C++ code style
[1.978s] -- Configured uncrustify additional arguments: 
[1.980s] -- Added test 'xmllint' to check XML markup files
[1.982s] -- Configuring done
[2.004s] -- Generating done
[2.012s] -- Build files have been written to: /home/eating/work/build/mecanum
[2.028s] Invoked command in '/home/eating/work/build/mecanum' returned '0': CMAKE_PREFIX_PATH=/opt/ros/humble /usr/bin/cmake /home/eating/work/src/mecanum -DCMAKE_INSTALL_PREFIX=/home/eating/work/install/mecanum
[2.028s] Invoking command in '/home/eating/work/build/mecanum': CMAKE_PREFIX_PATH=/opt/ros/humble /usr/bin/cmake --build /home/eating/work/build/mecanum -- -j8 -l8
[2.850s] [ 25%] [32mBuilding CXX object CMakeFiles/mobile_node.dir/src/mobile_node.cpp.o[0m
[2.850s] [ 50%] [32mBuilding CXX object CMakeFiles/mobile_node.dir/src/TimdaModbus.cpp.o[0m
[2.850s] [ 75%] [32mBuilding CXX object CMakeFiles/mobile_node.dir/src/Mecanum.cpp.o[0m
[18.638s] [100%] [32m[1mLinking CXX executable mobile_node[0m
[19.317s] [100%] Built target mobile_node
[19.327s] Invoked command in '/home/eating/work/build/mecanum' returned '0': CMAKE_PREFIX_PATH=/opt/ros/humble /usr/bin/cmake --build /home/eating/work/build/mecanum -- -j8 -l8
[19.329s] Invoking command in '/home/eating/work/build/mecanum': CMAKE_PREFIX_PATH=/opt/ros/humble /usr/bin/cmake --install /home/eating/work/build/mecanum
[19.336s] -- Install configuration: ""
[19.336s] -- Installing: /home/eating/work/install/mecanum/include/mecanum
[19.336s] -- Installing: /home/eating/work/install/mecanum/include/mecanum/TimdaModbus.h
[19.336s] -- Installing: /home/eating/work/install/mecanum/include/mecanum/Mecanum.h
[19.336s] -- Installing: /home/eating/work/install/mecanum/lib/mecanum/mobile_node
[19.340s] -- Set runtime path of "/home/eating/work/install/mecanum/lib/mecanum/mobile_node" to ""
[19.340s] -- Installing: /home/eating/work/install/mecanum/share/ament_index/resource_index/package_run_dependencies/mecanum
[19.340s] -- Installing: /home/eating/work/install/mecanum/share/ament_index/resource_index/parent_prefix_path/mecanum
[19.340s] -- Installing: /home/eating/work/install/mecanum/share/mecanum/environment/ament_prefix_path.sh
[19.341s] -- Installing: /home/eating/work/install/mecanum/share/mecanum/environment/ament_prefix_path.dsv
[19.341s] -- Installing: /home/eating/work/install/mecanum/share/mecanum/environment/path.sh
[19.341s] -- Installing: /home/eating/work/install/mecanum/share/mecanum/environment/path.dsv
[19.341s] -- Installing: /home/eating/work/install/mecanum/share/mecanum/local_setup.bash
[19.342s] -- Installing: /home/eating/work/install/mecanum/share/mecanum/local_setup.sh
[19.342s] -- Installing: /home/eating/work/install/mecanum/share/mecanum/local_setup.zsh
[19.342s] -- Installing: /home/eating/work/install/mecanum/share/mecanum/local_setup.dsv
[19.343s] -- Installing: /home/eating/work/install/mecanum/share/mecanum/package.dsv
[19.343s] -- Installing: /home/eating/work/install/mecanum/share/ament_index/resource_index/packages/mecanum
[19.343s] -- Installing: /home/eating/work/install/mecanum/share/mecanum/cmake/mecanumConfig.cmake
[19.344s] -- Installing: /home/eating/work/install/mecanum/share/mecanum/cmake/mecanumConfig-version.cmake
[19.344s] -- Installing: /home/eating/work/install/mecanum/share/mecanum/package.xml
[19.347s] Invoked command in '/home/eating/work/build/mecanum' returned '0': CMAKE_PREFIX_PATH=/opt/ros/humble /usr/bin/cmake --install /home/eating/work/build/mecanum
