[0.314s] Invoking command in '/home/eating/work/build/ira_laser_tools': CMAKE_PREFIX_PATH=${CMAKE_PREFIX_PATH}:/home/eating/work/install/pallet_main:/home/eating/work/install/main_control:/home/eating/work/install/gui:/home/eating/work/install/docking_pkg:/opt/ros/humble /usr/bin/cmake /home/eating/work/src/ira_laser_tools -DCMAKE_INSTALL_PREFIX=/home/eating/work/install/ira_laser_tools
[0.378s] -- The C compiler identification is GNU 11.4.0
[0.461s] -- The CXX compiler identification is GNU 11.4.0
[0.471s] -- Detecting C compiler ABI info
[0.562s] -- Detecting C compiler ABI info - done
[0.577s] -- Check for working C compiler: /usr/bin/cc - skipped
[0.577s] -- Detecting C compile features
[0.578s] -- Detecting C compile features - done
[0.582s] -- Detecting CXX compiler ABI info
[0.709s] -- Detecting CXX compiler ABI info - done
[0.723s] -- Check for working CXX compiler: /usr/bin/c++ - skipped
[0.723s] -- Detecting CXX compile features
[0.724s] -- Detecting CXX compile features - done
[0.728s] -- Found ament_cmake: 1.3.11 (/opt/ros/humble/share/ament_cmake/cmake)
[0.962s] -- Found Python3: /usr/bin/python3 (found version "3.10.12") found components: Interpreter 
[1.105s] -- Found rclcpp: 16.0.12 (/opt/ros/humble/share/rclcpp/cmake)
[1.164s] -- Found rosidl_generator_c: 3.1.6 (/opt/ros/humble/share/rosidl_generator_c/cmake)
[1.172s] -- Found rosidl_adapter: 3.1.6 (/opt/ros/humble/share/rosidl_adapter/cmake)
[1.188s] -- Found rosidl_generator_cpp: 3.1.6 (/opt/ros/humble/share/rosidl_generator_cpp/cmake)
[1.209s] -- Using all available rosidl_typesupport_c: rosidl_typesupport_fastrtps_c;rosidl_typesupport_introspection_c
[1.237s] -- Using all available rosidl_typesupport_cpp: rosidl_typesupport_fastrtps_cpp;rosidl_typesupport_introspection_cpp
[1.312s] -- Found rmw_implementation_cmake: 6.1.2 (/opt/ros/humble/share/rmw_implementation_cmake/cmake)
[1.317s] -- Found rmw_cyclonedds_cpp: 1.3.4 (/opt/ros/humble/share/rmw_cyclonedds_cpp/cmake)
[1.354s] -- Using RMW implementation 'rmw_cyclonedds_cpp' as default
[1.368s] -- Looking for pthread.h
[1.476s] -- Looking for pthread.h - found
[1.476s] -- Performing Test CMAKE_HAVE_LIBC_PTHREAD
[1.566s] -- Performing Test CMAKE_HAVE_LIBC_PTHREAD - Success
[1.568s] -- Found Threads: TRUE  
[1.643s] -- Found rclcpp_action: 16.0.12 (/opt/ros/humble/share/rclcpp_action/cmake)
[1.702s] -- Found rclcpp_lifecycle: 16.0.12 (/opt/ros/humble/share/rclcpp_lifecycle/cmake)
[1.745s] -- Found geometry_msgs: 4.8.0 (/opt/ros/humble/share/geometry_msgs/cmake)
[1.769s] -- Found sensor_msgs: 4.8.0 (/opt/ros/humble/share/sensor_msgs/cmake)
[1.792s] -- Found laser_geometry: 2.4.0 (/opt/ros/humble/share/laser_geometry/cmake)
[1.831s] -- Found tf2_ros: 0.25.12 (/opt/ros/humble/share/tf2_ros/cmake)
[1.937s] -- Found pcl_ros: 2.4.5 (/opt/ros/humble/share/pcl_ros/cmake)
[2.017s] -- Checking for module 'eigen3'
[2.041s] --   Found eigen3, version 3.4.0
[2.077s] -- Found Eigen: /usr/include/eigen3 (Required is at least version "3.1") 
[2.078s] -- Eigen found (include: /usr/include/eigen3, version: 3.4.0)
[2.155s] -- Checking for module 'flann'
[2.188s] --   Found flann, version 1.9.1
[2.246s] -- Found FLANN: /usr/lib/x86_64-linux-gnu/libflann_cpp.so  
[2.246s] -- FLANN found (include: /usr/include, lib: /usr/lib/x86_64-linux-gnu/libflann_cpp.so)
[6.034s] -- Checking for module 'libusb-1.0'
[6.145s] --   Found libusb-1.0, version 1.0.25
[6.375s] -- Found libusb: /usr/lib/x86_64-linux-gnu/libusb-1.0.so  
[6.378s] -- OpenNI found (version: 1.5.4.0, include: /usr/include/ni, lib: /usr/lib/libOpenNI.so;libusb::libusb)
[6.775s] -- OpenNI2 found (version: 2.2.0.33, include: /usr/include/openni2, lib: /usr/lib/x86_64-linux-gnu/libOpenNI2.so;libusb::libusb)
[7.281s] -- Eigen found (include: /usr/include/eigen3, version: 3.4.0)
[7.313s] -- OpenNI found (version: 1.5.4.0, include: /usr/include/ni, lib: /usr/lib/libOpenNI.so;libusb::libusb)
[7.329s] -- OpenNI2 found (version: 2.2.0.33, include: /usr/include/openni2, lib: /usr/lib/x86_64-linux-gnu/libOpenNI2.so;libusb::libusb)
[7.876s] -- Found Qhull version 8.0.2
[8.433s] -- OpenNI found (version: 1.5.4.0, include: /usr/include/ni, lib: /usr/lib/libOpenNI.so;libusb::libusb)
[8.702s] -- Found PCL_COMMON: /usr/lib/x86_64-linux-gnu/libpcl_common.so  
[8.704s] -- Found PCL_KDTREE: /usr/lib/x86_64-linux-gnu/libpcl_kdtree.so  
[8.705s] -- Found PCL_OCTREE: /usr/lib/x86_64-linux-gnu/libpcl_octree.so  
[8.707s] -- Found PCL_SEARCH: /usr/lib/x86_64-linux-gnu/libpcl_search.so  
[8.708s] -- Found PCL_SAMPLE_CONSENSUS: /usr/lib/x86_64-linux-gnu/libpcl_sample_consensus.so  
[8.710s] -- Found PCL_FILTERS: /usr/lib/x86_64-linux-gnu/libpcl_filters.so  
[8.711s] -- Found PCL_2D: /usr/include/pcl-1.12  
[8.712s] -- Found PCL_GEOMETRY: /usr/include/pcl-1.12  
[8.715s] -- Found PCL_IO: /usr/lib/x86_64-linux-gnu/libpcl_io.so  
[8.717s] -- Found PCL_FEATURES: /usr/lib/x86_64-linux-gnu/libpcl_features.so  
[8.719s] -- Found PCL_ML: /usr/lib/x86_64-linux-gnu/libpcl_ml.so  
[8.721s] -- Found PCL_SEGMENTATION: /usr/lib/x86_64-linux-gnu/libpcl_segmentation.so  
[8.723s] -- Found PCL_VISUALIZATION: /usr/lib/x86_64-linux-gnu/libpcl_visualization.so  
[8.725s] -- Found PCL_SURFACE: /usr/lib/x86_64-linux-gnu/libpcl_surface.so  
[8.727s] -- Found PCL_REGISTRATION: /usr/lib/x86_64-linux-gnu/libpcl_registration.so  
[8.730s] -- Found PCL_KEYPOINTS: /usr/lib/x86_64-linux-gnu/libpcl_keypoints.so  
[8.732s] -- Found PCL_TRACKING: /usr/lib/x86_64-linux-gnu/libpcl_tracking.so  
[8.734s] -- Found PCL_RECOGNITION: /usr/lib/x86_64-linux-gnu/libpcl_recognition.so  
[8.737s] -- Found PCL_STEREO: /usr/lib/x86_64-linux-gnu/libpcl_stereo.so  
[8.739s] -- Found PCL_APPS: /usr/lib/x86_64-linux-gnu/libpcl_apps.so  
[8.741s] -- Found PCL_IN_HAND_SCANNER: /usr/include/pcl-1.12  
[8.742s] -- Found PCL_MODELER: /usr/include/pcl-1.12  
[8.744s] -- Found PCL_POINT_CLOUD_EDITOR: /usr/include/pcl-1.12  
[8.746s] -- Found PCL_OUTOFCORE: /usr/lib/x86_64-linux-gnu/libpcl_outofcore.so  
[8.748s] -- Found PCL_PEOPLE: /usr/lib/x86_64-linux-gnu/libpcl_people.so  
[8.780s] -- Found Eigen3: TRUE (found version "3.4.0") 
[8.780s] -- Ensuring Eigen3 include directory is part of orocos-kdl CMake target
[8.788s] [33mCMake Warning (dev) at CMakeLists.txt:27 (find_package):
[8.788s]   Policy CMP0074 is not set: find_package uses <PackageName>_ROOT variables.
[8.788s]   Run "cmake --help-policy CMP0074" for policy details.  Use the cmake_policy
[8.788s]   command to set the policy and suppress this warning.
[8.788s] 
[8.788s]   CMake variable PCL_ROOT is set to:
[8.789s] 
[8.789s]     /usr
[8.789s] 
[8.789s]   For compatibility, CMake is ignoring the variable.
[8.789s] This warning is for project developers.  Use -Wno-dev to suppress it.
[8.789s] [0m
[9.036s] -- Configuring done
[9.262s] -- Generating done
[9.335s] -- Build files have been written to: /home/eating/work/build/ira_laser_tools
[9.399s] Invoked command in '/home/eating/work/build/ira_laser_tools' returned '0': CMAKE_PREFIX_PATH=${CMAKE_PREFIX_PATH}:/home/eating/work/install/pallet_main:/home/eating/work/install/main_control:/home/eating/work/install/gui:/home/eating/work/install/docking_pkg:/opt/ros/humble /usr/bin/cmake /home/eating/work/src/ira_laser_tools -DCMAKE_INSTALL_PREFIX=/home/eating/work/install/ira_laser_tools
[9.399s] Invoking command in '/home/eating/work/build/ira_laser_tools': CMAKE_PREFIX_PATH=${CMAKE_PREFIX_PATH}:/home/eating/work/install/pallet_main:/home/eating/work/install/main_control:/home/eating/work/install/gui:/home/eating/work/install/docking_pkg:/opt/ros/humble /usr/bin/cmake --build /home/eating/work/build/ira_laser_tools -- -j8 -l8
[9.647s] [ 25%] [32mBuilding CXX object CMakeFiles/laserscan_multi_merger.dir/src/laserscan_multi_merger.cpp.o[0m
[9.710s] [ 50%] [32mBuilding CXX object CMakeFiles/laserscan_virtualizer.dir/src/laserscan_virtualizer.cpp.o[0m
[27.567s] [ 75%] [32m[1mLinking CXX executable laserscan_multi_merger[0m
[27.939s] [100%] [32m[1mLinking CXX executable laserscan_virtualizer[0m
[28.673s] [100%] Built target laserscan_multi_merger
[28.857s] [100%] Built target laserscan_virtualizer
