[  2%] Built target pallet_interfaces__cpp
[ 12%] Built target pallet_interfaces__rosidl_generator_c
[ 12%] Built target ament_cmake_python_copy_pallet_interfaces
[ 23%] Built target pallet_interfaces__rosidl_typesupport_introspection_cpp
[ 33%] Built target pallet_interfaces__rosidl_typesupport_cpp
[ 53%] Built target pallet_interfaces__rosidl_typesupport_fastrtps_cpp
[ 53%] Built target pallet_interfaces__rosidl_typesupport_introspection_c
[ 64%] Built target pallet_interfaces__rosidl_typesupport_c
[ 74%] Built target pallet_interfaces__rosidl_typesupport_fastrtps_c
[ 74%] Built target pallet_interfaces
[ 76%] Built target pallet_interfaces__py
[ 84%] Built target pallet_interfaces__rosidl_generator_py
[ 89%] Built target pallet_interfaces__rosidl_typesupport_fastrtps_c__pyext
[ 94%] Built target pallet_interfaces__rosidl_typesupport_c__pyext
[100%] Built target pallet_interfaces__rosidl_typesupport_introspection_c__pyext
running egg_info
writing pallet_interfaces.egg-info/PKG-INFO
writing dependency_links to pallet_interfaces.egg-info/dependency_links.txt
writing top-level names to pallet_interfaces.egg-info/top_level.txt
reading manifest file 'pallet_interfaces.egg-info/SOURCES.txt'
writing manifest file 'pallet_interfaces.egg-info/SOURCES.txt'
[100%] Built target ament_cmake_python_build_pallet_interfaces_egg
-- Install configuration: ""
-- Up-to-date: /home/eating/work/install/pallet_interfaces/share/ament_index/resource_index/rosidl_interfaces/pallet_interfaces
-- Up-to-date: /home/eating/work/install/pallet_interfaces/include/pallet_interfaces/pallet_interfaces
-- Up-to-date: /home/eating/work/install/pallet_interfaces/include/pallet_interfaces/pallet_interfaces/msg
-- Up-to-date: /home/eating/work/install/pallet_interfaces/include/pallet_interfaces/pallet_interfaces/msg/rosidl_generator_c__visibility_control.h
-- Up-to-date: /home/eating/work/install/pallet_interfaces/include/pallet_interfaces/pallet_interfaces/msg/detail
-- Up-to-date: /home/eating/work/install/pallet_interfaces/include/pallet_interfaces/pallet_interfaces/msg/detail/boxinfo__functions.h
-- Up-to-date: /home/eating/work/install/pallet_interfaces/include/pallet_interfaces/pallet_interfaces/msg/detail/boxinfo__struct.h
-- Up-to-date: /home/eating/work/install/pallet_interfaces/include/pallet_interfaces/pallet_interfaces/msg/detail/boxinfo__functions.c
-- Up-to-date: /home/eating/work/install/pallet_interfaces/include/pallet_interfaces/pallet_interfaces/msg/detail/boxinfo__type_support.h
-- Up-to-date: /home/eating/work/install/pallet_interfaces/include/pallet_interfaces/pallet_interfaces/msg/boxinfo.h
-- Up-to-date: /home/eating/work/install/pallet_interfaces/include/pallet_interfaces/pallet_interfaces/srv
-- Up-to-date: /home/eating/work/install/pallet_interfaces/include/pallet_interfaces/pallet_interfaces/srv/detail
-- Up-to-date: /home/eating/work/install/pallet_interfaces/include/pallet_interfaces/pallet_interfaces/srv/detail/palletstate__struct.h
-- Up-to-date: /home/eating/work/install/pallet_interfaces/include/pallet_interfaces/pallet_interfaces/srv/detail/palletstate__functions.c
-- Up-to-date: /home/eating/work/install/pallet_interfaces/include/pallet_interfaces/pallet_interfaces/srv/detail/palletstate__functions.h
-- Up-to-date: /home/eating/work/install/pallet_interfaces/include/pallet_interfaces/pallet_interfaces/srv/detail/palletstate__type_support.h
-- Up-to-date: /home/eating/work/install/pallet_interfaces/include/pallet_interfaces/pallet_interfaces/srv/palletstate.h
-- Up-to-date: /home/eating/work/install/pallet_interfaces/share/pallet_interfaces/environment/library_path.sh
-- Up-to-date: /home/eating/work/install/pallet_interfaces/share/pallet_interfaces/environment/library_path.dsv
-- Up-to-date: /home/eating/work/install/pallet_interfaces/lib/libpallet_interfaces__rosidl_generator_c.so
-- Up-to-date: /home/eating/work/install/pallet_interfaces/include/pallet_interfaces/pallet_interfaces
-- Up-to-date: /home/eating/work/install/pallet_interfaces/include/pallet_interfaces/pallet_interfaces/msg
-- Up-to-date: /home/eating/work/install/pallet_interfaces/include/pallet_interfaces/pallet_interfaces/msg/detail
-- Up-to-date: /home/eating/work/install/pallet_interfaces/include/pallet_interfaces/pallet_interfaces/msg/detail/boxinfo__rosidl_typesupport_fastrtps_c.h
-- Up-to-date: /home/eating/work/install/pallet_interfaces/include/pallet_interfaces/pallet_interfaces/msg/rosidl_typesupport_fastrtps_c__visibility_control.h
-- Up-to-date: /home/eating/work/install/pallet_interfaces/include/pallet_interfaces/pallet_interfaces/srv
-- Up-to-date: /home/eating/work/install/pallet_interfaces/include/pallet_interfaces/pallet_interfaces/srv/detail
-- Up-to-date: /home/eating/work/install/pallet_interfaces/include/pallet_interfaces/pallet_interfaces/srv/detail/palletstate__rosidl_typesupport_fastrtps_c.h
-- Up-to-date: /home/eating/work/install/pallet_interfaces/lib/libpallet_interfaces__rosidl_typesupport_fastrtps_c.so
-- Up-to-date: /home/eating/work/install/pallet_interfaces/include/pallet_interfaces/pallet_interfaces
-- Up-to-date: /home/eating/work/install/pallet_interfaces/include/pallet_interfaces/pallet_interfaces/msg
-- Up-to-date: /home/eating/work/install/pallet_interfaces/include/pallet_interfaces/pallet_interfaces/msg/detail
-- Up-to-date: /home/eating/work/install/pallet_interfaces/include/pallet_interfaces/pallet_interfaces/msg/detail/boxinfo__type_support.hpp
-- Up-to-date: /home/eating/work/install/pallet_interfaces/include/pallet_interfaces/pallet_interfaces/msg/detail/boxinfo__builder.hpp
-- Up-to-date: /home/eating/work/install/pallet_interfaces/include/pallet_interfaces/pallet_interfaces/msg/detail/boxinfo__struct.hpp
-- Up-to-date: /home/eating/work/install/pallet_interfaces/include/pallet_interfaces/pallet_interfaces/msg/detail/boxinfo__traits.hpp
-- Up-to-date: /home/eating/work/install/pallet_interfaces/include/pallet_interfaces/pallet_interfaces/msg/rosidl_generator_cpp__visibility_control.hpp
-- Up-to-date: /home/eating/work/install/pallet_interfaces/include/pallet_interfaces/pallet_interfaces/msg/boxinfo.hpp
-- Up-to-date: /home/eating/work/install/pallet_interfaces/include/pallet_interfaces/pallet_interfaces/srv
-- Up-to-date: /home/eating/work/install/pallet_interfaces/include/pallet_interfaces/pallet_interfaces/srv/detail
-- Up-to-date: /home/eating/work/install/pallet_interfaces/include/pallet_interfaces/pallet_interfaces/srv/detail/palletstate__builder.hpp
-- Up-to-date: /home/eating/work/install/pallet_interfaces/include/pallet_interfaces/pallet_interfaces/srv/detail/palletstate__type_support.hpp
-- Up-to-date: /home/eating/work/install/pallet_interfaces/include/pallet_interfaces/pallet_interfaces/srv/detail/palletstate__struct.hpp
-- Up-to-date: /home/eating/work/install/pallet_interfaces/include/pallet_interfaces/pallet_interfaces/srv/detail/palletstate__traits.hpp
-- Up-to-date: /home/eating/work/install/pallet_interfaces/include/pallet_interfaces/pallet_interfaces/srv/palletstate.hpp
-- Up-to-date: /home/eating/work/install/pallet_interfaces/include/pallet_interfaces/pallet_interfaces
-- Up-to-date: /home/eating/work/install/pallet_interfaces/include/pallet_interfaces/pallet_interfaces/msg
-- Up-to-date: /home/eating/work/install/pallet_interfaces/include/pallet_interfaces/pallet_interfaces/msg/detail
-- Up-to-date: /home/eating/work/install/pallet_interfaces/include/pallet_interfaces/pallet_interfaces/msg/detail/boxinfo__rosidl_typesupport_fastrtps_cpp.hpp
-- Up-to-date: /home/eating/work/install/pallet_interfaces/include/pallet_interfaces/pallet_interfaces/msg/detail/dds_fastrtps
-- Up-to-date: /home/eating/work/install/pallet_interfaces/include/pallet_interfaces/pallet_interfaces/msg/rosidl_typesupport_fastrtps_cpp__visibility_control.h
-- Up-to-date: /home/eating/work/install/pallet_interfaces/include/pallet_interfaces/pallet_interfaces/srv
-- Up-to-date: /home/eating/work/install/pallet_interfaces/include/pallet_interfaces/pallet_interfaces/srv/detail
-- Up-to-date: /home/eating/work/install/pallet_interfaces/include/pallet_interfaces/pallet_interfaces/srv/detail/palletstate__rosidl_typesupport_fastrtps_cpp.hpp
-- Up-to-date: /home/eating/work/install/pallet_interfaces/include/pallet_interfaces/pallet_interfaces/srv/detail/dds_fastrtps
-- Up-to-date: /home/eating/work/install/pallet_interfaces/lib/libpallet_interfaces__rosidl_typesupport_fastrtps_cpp.so
-- Up-to-date: /home/eating/work/install/pallet_interfaces/include/pallet_interfaces/pallet_interfaces
-- Up-to-date: /home/eating/work/install/pallet_interfaces/include/pallet_interfaces/pallet_interfaces/msg
-- Up-to-date: /home/eating/work/install/pallet_interfaces/include/pallet_interfaces/pallet_interfaces/msg/rosidl_typesupport_introspection_c__visibility_control.h
-- Up-to-date: /home/eating/work/install/pallet_interfaces/include/pallet_interfaces/pallet_interfaces/msg/detail
-- Up-to-date: /home/eating/work/install/pallet_interfaces/include/pallet_interfaces/pallet_interfaces/msg/detail/boxinfo__rosidl_typesupport_introspection_c.h
-- Up-to-date: /home/eating/work/install/pallet_interfaces/include/pallet_interfaces/pallet_interfaces/msg/detail/boxinfo__type_support.c
-- Up-to-date: /home/eating/work/install/pallet_interfaces/include/pallet_interfaces/pallet_interfaces/srv
-- Up-to-date: /home/eating/work/install/pallet_interfaces/include/pallet_interfaces/pallet_interfaces/srv/detail
-- Up-to-date: /home/eating/work/install/pallet_interfaces/include/pallet_interfaces/pallet_interfaces/srv/detail/palletstate__type_support.c
-- Up-to-date: /home/eating/work/install/pallet_interfaces/include/pallet_interfaces/pallet_interfaces/srv/detail/palletstate__rosidl_typesupport_introspection_c.h
-- Up-to-date: /home/eating/work/install/pallet_interfaces/lib/libpallet_interfaces__rosidl_typesupport_introspection_c.so
-- Up-to-date: /home/eating/work/install/pallet_interfaces/lib/libpallet_interfaces__rosidl_typesupport_c.so
-- Up-to-date: /home/eating/work/install/pallet_interfaces/include/pallet_interfaces/pallet_interfaces
-- Up-to-date: /home/eating/work/install/pallet_interfaces/include/pallet_interfaces/pallet_interfaces/msg
-- Up-to-date: /home/eating/work/install/pallet_interfaces/include/pallet_interfaces/pallet_interfaces/msg/detail
-- Up-to-date: /home/eating/work/install/pallet_interfaces/include/pallet_interfaces/pallet_interfaces/msg/detail/boxinfo__type_support.cpp
-- Up-to-date: /home/eating/work/install/pallet_interfaces/include/pallet_interfaces/pallet_interfaces/msg/detail/boxinfo__rosidl_typesupport_introspection_cpp.hpp
-- Up-to-date: /home/eating/work/install/pallet_interfaces/include/pallet_interfaces/pallet_interfaces/srv
-- Up-to-date: /home/eating/work/install/pallet_interfaces/include/pallet_interfaces/pallet_interfaces/srv/detail
-- Up-to-date: /home/eating/work/install/pallet_interfaces/include/pallet_interfaces/pallet_interfaces/srv/detail/palletstate__type_support.cpp
-- Up-to-date: /home/eating/work/install/pallet_interfaces/include/pallet_interfaces/pallet_interfaces/srv/detail/palletstate__rosidl_typesupport_introspection_cpp.hpp
-- Up-to-date: /home/eating/work/install/pallet_interfaces/lib/libpallet_interfaces__rosidl_typesupport_introspection_cpp.so
-- Up-to-date: /home/eating/work/install/pallet_interfaces/lib/libpallet_interfaces__rosidl_typesupport_cpp.so
-- Up-to-date: /home/eating/work/install/pallet_interfaces/share/pallet_interfaces/environment/pythonpath.sh
-- Up-to-date: /home/eating/work/install/pallet_interfaces/share/pallet_interfaces/environment/pythonpath.dsv
-- Up-to-date: /home/eating/work/install/pallet_interfaces/local/lib/python3.10/dist-packages/pallet_interfaces-0.0.0-py3.10.egg-info
-- Installing: /home/eating/work/install/pallet_interfaces/local/lib/python3.10/dist-packages/pallet_interfaces-0.0.0-py3.10.egg-info/top_level.txt
-- Installing: /home/eating/work/install/pallet_interfaces/local/lib/python3.10/dist-packages/pallet_interfaces-0.0.0-py3.10.egg-info/SOURCES.txt
-- Installing: /home/eating/work/install/pallet_interfaces/local/lib/python3.10/dist-packages/pallet_interfaces-0.0.0-py3.10.egg-info/dependency_links.txt
-- Installing: /home/eating/work/install/pallet_interfaces/local/lib/python3.10/dist-packages/pallet_interfaces-0.0.0-py3.10.egg-info/PKG-INFO
-- Up-to-date: /home/eating/work/install/pallet_interfaces/local/lib/python3.10/dist-packages/pallet_interfaces
-- Up-to-date: /home/eating/work/install/pallet_interfaces/local/lib/python3.10/dist-packages/pallet_interfaces/msg
-- Up-to-date: /home/eating/work/install/pallet_interfaces/local/lib/python3.10/dist-packages/pallet_interfaces/msg/__init__.py
-- Up-to-date: /home/eating/work/install/pallet_interfaces/local/lib/python3.10/dist-packages/pallet_interfaces/msg/_boxinfo.py
-- Up-to-date: /home/eating/work/install/pallet_interfaces/local/lib/python3.10/dist-packages/pallet_interfaces/msg/_boxinfo_s.c
-- Up-to-date: /home/eating/work/install/pallet_interfaces/local/lib/python3.10/dist-packages/pallet_interfaces/__init__.py
-- Up-to-date: /home/eating/work/install/pallet_interfaces/local/lib/python3.10/dist-packages/pallet_interfaces/_pallet_interfaces_s.ep.rosidl_typesupport_c.c
-- Up-to-date: /home/eating/work/install/pallet_interfaces/local/lib/python3.10/dist-packages/pallet_interfaces/libpallet_interfaces__rosidl_generator_py.so
-- Up-to-date: /home/eating/work/install/pallet_interfaces/local/lib/python3.10/dist-packages/pallet_interfaces/pallet_interfaces_s__rosidl_typesupport_fastrtps_c.cpython-310-x86_64-linux-gnu.so
-- Up-to-date: /home/eating/work/install/pallet_interfaces/local/lib/python3.10/dist-packages/pallet_interfaces/pallet_interfaces_s__rosidl_typesupport_introspection_c.cpython-310-x86_64-linux-gnu.so
-- Up-to-date: /home/eating/work/install/pallet_interfaces/local/lib/python3.10/dist-packages/pallet_interfaces/srv
-- Up-to-date: /home/eating/work/install/pallet_interfaces/local/lib/python3.10/dist-packages/pallet_interfaces/srv/__init__.py
-- Up-to-date: /home/eating/work/install/pallet_interfaces/local/lib/python3.10/dist-packages/pallet_interfaces/srv/_palletstate_s.c
-- Up-to-date: /home/eating/work/install/pallet_interfaces/local/lib/python3.10/dist-packages/pallet_interfaces/srv/_palletstate.py
-- Up-to-date: /home/eating/work/install/pallet_interfaces/local/lib/python3.10/dist-packages/pallet_interfaces/_pallet_interfaces_s.ep.rosidl_typesupport_introspection_c.c
-- Up-to-date: /home/eating/work/install/pallet_interfaces/local/lib/python3.10/dist-packages/pallet_interfaces/pallet_interfaces_s__rosidl_typesupport_c.cpython-310-x86_64-linux-gnu.so
-- Up-to-date: /home/eating/work/install/pallet_interfaces/local/lib/python3.10/dist-packages/pallet_interfaces/_pallet_interfaces_s.ep.rosidl_typesupport_fastrtps_c.c
Listing '/home/eating/work/install/pallet_interfaces/local/lib/python3.10/dist-packages/pallet_interfaces'...
Listing '/home/eating/work/install/pallet_interfaces/local/lib/python3.10/dist-packages/pallet_interfaces/msg'...
Listing '/home/eating/work/install/pallet_interfaces/local/lib/python3.10/dist-packages/pallet_interfaces/srv'...
-- Up-to-date: /home/eating/work/install/pallet_interfaces/local/lib/python3.10/dist-packages/pallet_interfaces/pallet_interfaces_s__rosidl_typesupport_fastrtps_c.cpython-310-x86_64-linux-gnu.so
-- Up-to-date: /home/eating/work/install/pallet_interfaces/local/lib/python3.10/dist-packages/pallet_interfaces/pallet_interfaces_s__rosidl_typesupport_introspection_c.cpython-310-x86_64-linux-gnu.so
-- Up-to-date: /home/eating/work/install/pallet_interfaces/local/lib/python3.10/dist-packages/pallet_interfaces/pallet_interfaces_s__rosidl_typesupport_c.cpython-310-x86_64-linux-gnu.so
-- Up-to-date: /home/eating/work/install/pallet_interfaces/lib/libpallet_interfaces__rosidl_generator_py.so
-- Up-to-date: /home/eating/work/install/pallet_interfaces/share/pallet_interfaces/msg/Boxinfo.idl
-- Up-to-date: /home/eating/work/install/pallet_interfaces/share/pallet_interfaces/srv/Palletstate.idl
-- Up-to-date: /home/eating/work/install/pallet_interfaces/share/pallet_interfaces/msg/Boxinfo.msg
-- Up-to-date: /home/eating/work/install/pallet_interfaces/share/pallet_interfaces/srv/Palletstate.srv
-- Up-to-date: /home/eating/work/install/pallet_interfaces/share/pallet_interfaces/srv/Palletstate_Request.msg
-- Up-to-date: /home/eating/work/install/pallet_interfaces/share/pallet_interfaces/srv/Palletstate_Response.msg
-- Up-to-date: /home/eating/work/install/pallet_interfaces/share/ament_index/resource_index/package_run_dependencies/pallet_interfaces
-- Up-to-date: /home/eating/work/install/pallet_interfaces/share/ament_index/resource_index/parent_prefix_path/pallet_interfaces
-- Up-to-date: /home/eating/work/install/pallet_interfaces/share/pallet_interfaces/environment/ament_prefix_path.sh
-- Up-to-date: /home/eating/work/install/pallet_interfaces/share/pallet_interfaces/environment/ament_prefix_path.dsv
-- Up-to-date: /home/eating/work/install/pallet_interfaces/share/pallet_interfaces/environment/path.sh
-- Up-to-date: /home/eating/work/install/pallet_interfaces/share/pallet_interfaces/environment/path.dsv
-- Up-to-date: /home/eating/work/install/pallet_interfaces/share/pallet_interfaces/local_setup.bash
-- Up-to-date: /home/eating/work/install/pallet_interfaces/share/pallet_interfaces/local_setup.sh
-- Up-to-date: /home/eating/work/install/pallet_interfaces/share/pallet_interfaces/local_setup.zsh
-- Up-to-date: /home/eating/work/install/pallet_interfaces/share/pallet_interfaces/local_setup.dsv
-- Installing: /home/eating/work/install/pallet_interfaces/share/pallet_interfaces/package.dsv
-- Up-to-date: /home/eating/work/install/pallet_interfaces/share/ament_index/resource_index/packages/pallet_interfaces
-- Up-to-date: /home/eating/work/install/pallet_interfaces/share/pallet_interfaces/cmake/export_pallet_interfaces__rosidl_generator_cExport.cmake
-- Up-to-date: /home/eating/work/install/pallet_interfaces/share/pallet_interfaces/cmake/export_pallet_interfaces__rosidl_generator_cExport-noconfig.cmake
-- Up-to-date: /home/eating/work/install/pallet_interfaces/share/pallet_interfaces/cmake/export_pallet_interfaces__rosidl_typesupport_fastrtps_cExport.cmake
-- Up-to-date: /home/eating/work/install/pallet_interfaces/share/pallet_interfaces/cmake/export_pallet_interfaces__rosidl_typesupport_fastrtps_cExport-noconfig.cmake
-- Up-to-date: /home/eating/work/install/pallet_interfaces/share/pallet_interfaces/cmake/export_pallet_interfaces__rosidl_generator_cppExport.cmake
-- Up-to-date: /home/eating/work/install/pallet_interfaces/share/pallet_interfaces/cmake/export_pallet_interfaces__rosidl_typesupport_fastrtps_cppExport.cmake
-- Up-to-date: /home/eating/work/install/pallet_interfaces/share/pallet_interfaces/cmake/export_pallet_interfaces__rosidl_typesupport_fastrtps_cppExport-noconfig.cmake
-- Up-to-date: /home/eating/work/install/pallet_interfaces/share/pallet_interfaces/cmake/pallet_interfaces__rosidl_typesupport_introspection_cExport.cmake
-- Up-to-date: /home/eating/work/install/pallet_interfaces/share/pallet_interfaces/cmake/pallet_interfaces__rosidl_typesupport_introspection_cExport-noconfig.cmake
-- Up-to-date: /home/eating/work/install/pallet_interfaces/share/pallet_interfaces/cmake/pallet_interfaces__rosidl_typesupport_cExport.cmake
-- Up-to-date: /home/eating/work/install/pallet_interfaces/share/pallet_interfaces/cmake/pallet_interfaces__rosidl_typesupport_cExport-noconfig.cmake
-- Up-to-date: /home/eating/work/install/pallet_interfaces/share/pallet_interfaces/cmake/pallet_interfaces__rosidl_typesupport_introspection_cppExport.cmake
-- Up-to-date: /home/eating/work/install/pallet_interfaces/share/pallet_interfaces/cmake/pallet_interfaces__rosidl_typesupport_introspection_cppExport-noconfig.cmake
-- Up-to-date: /home/eating/work/install/pallet_interfaces/share/pallet_interfaces/cmake/pallet_interfaces__rosidl_typesupport_cppExport.cmake
-- Up-to-date: /home/eating/work/install/pallet_interfaces/share/pallet_interfaces/cmake/pallet_interfaces__rosidl_typesupport_cppExport-noconfig.cmake
-- Up-to-date: /home/eating/work/install/pallet_interfaces/share/pallet_interfaces/cmake/export_pallet_interfaces__rosidl_generator_pyExport.cmake
-- Up-to-date: /home/eating/work/install/pallet_interfaces/share/pallet_interfaces/cmake/export_pallet_interfaces__rosidl_generator_pyExport-noconfig.cmake
-- Up-to-date: /home/eating/work/install/pallet_interfaces/share/pallet_interfaces/cmake/rosidl_cmake-extras.cmake
-- Up-to-date: /home/eating/work/install/pallet_interfaces/share/pallet_interfaces/cmake/ament_cmake_export_dependencies-extras.cmake
-- Up-to-date: /home/eating/work/install/pallet_interfaces/share/pallet_interfaces/cmake/ament_cmake_export_include_directories-extras.cmake
-- Up-to-date: /home/eating/work/install/pallet_interfaces/share/pallet_interfaces/cmake/ament_cmake_export_libraries-extras.cmake
-- Up-to-date: /home/eating/work/install/pallet_interfaces/share/pallet_interfaces/cmake/ament_cmake_export_targets-extras.cmake
-- Up-to-date: /home/eating/work/install/pallet_interfaces/share/pallet_interfaces/cmake/rosidl_cmake_export_typesupport_targets-extras.cmake
-- Up-to-date: /home/eating/work/install/pallet_interfaces/share/pallet_interfaces/cmake/rosidl_cmake_export_typesupport_libraries-extras.cmake
-- Up-to-date: /home/eating/work/install/pallet_interfaces/share/pallet_interfaces/cmake/pallet_interfacesConfig.cmake
-- Up-to-date: /home/eating/work/install/pallet_interfaces/share/pallet_interfaces/cmake/pallet_interfacesConfig-version.cmake
-- Up-to-date: /home/eating/work/install/pallet_interfaces/share/pallet_interfaces/package.xml
