[0.052s] Invoking command in '/home/eating/work/build/timda_bringup': CMAKE_PREFIX_PATH=${CMAKE_PREFIX_PATH}:/home/eating/work/install/pallet_main:/home/eating/work/install/main_control:/home/eating/work/install/gui:/home/eating/work/install/docking_pkg:/opt/ros/humble /usr/bin/cmake /home/eating/work/src/timda_bringup -DCMAKE_INSTALL_PREFIX=/home/eating/work/install/timda_bringup
[1.270s] -- The C compiler identification is GNU 11.4.0
[1.271s] -- The CXX compiler identification is GNU 11.4.0
[1.271s] -- Detecting C compiler ABI info
[1.271s] -- Detecting C compiler ABI info - done
[1.271s] -- Check for working C compiler: /usr/bin/cc - skipped
[1.271s] -- Detecting C compile features
[1.271s] -- Detecting C compile features - done
[1.272s] -- Detecting CXX compiler ABI info
[1.272s] -- Detecting CXX compiler ABI info - done
[1.272s] -- Check for working CXX compiler: /usr/bin/c++ - skipped
[1.272s] -- Detecting CXX compile features
[1.272s] -- Detecting CXX compile features - done
[1.272s] -- Found ament_cmake: 1.3.11 (/opt/ros/humble/share/ament_cmake/cmake)
[1.272s] -- Found Python3: /usr/bin/python3 (found version "3.10.12") found components: Interpreter 
[1.272s] -- Found urg_c: 1.0.4001 (/opt/ros/humble/share/urg_c/cmake)
[1.272s] -- Found ament_lint_auto: 0.12.12 (/opt/ros/humble/share/ament_lint_auto/cmake)
[1.385s] -- Added test 'lint_cmake' to check CMake code style
[1.389s] -- Added test 'xmllint' to check XML markup files
[1.391s] -- Configuring done
[1.397s] -- Generating done
[1.400s] -- Build files have been written to: /home/eating/work/build/timda_bringup
[1.454s] Invoked command in '/home/eating/work/build/timda_bringup' returned '0': CMAKE_PREFIX_PATH=${CMAKE_PREFIX_PATH}:/home/eating/work/install/pallet_main:/home/eating/work/install/main_control:/home/eating/work/install/gui:/home/eating/work/install/docking_pkg:/opt/ros/humble /usr/bin/cmake /home/eating/work/src/timda_bringup -DCMAKE_INSTALL_PREFIX=/home/eating/work/install/timda_bringup
[1.455s] Invoking command in '/home/eating/work/build/timda_bringup': CMAKE_PREFIX_PATH=${CMAKE_PREFIX_PATH}:/home/eating/work/install/pallet_main:/home/eating/work/install/main_control:/home/eating/work/install/gui:/home/eating/work/install/docking_pkg:/opt/ros/humble /usr/bin/cmake --build /home/eating/work/build/timda_bringup -- -j8 -l8
[2.958s] Invoked command in '/home/eating/work/build/timda_bringup' returned '0': CMAKE_PREFIX_PATH=${CMAKE_PREFIX_PATH}:/home/eating/work/install/pallet_main:/home/eating/work/install/main_control:/home/eating/work/install/gui:/home/eating/work/install/docking_pkg:/opt/ros/humble /usr/bin/cmake --build /home/eating/work/build/timda_bringup -- -j8 -l8
[2.958s] Invoking command in '/home/eating/work/build/timda_bringup': CMAKE_PREFIX_PATH=${CMAKE_PREFIX_PATH}:/home/eating/work/install/pallet_main:/home/eating/work/install/main_control:/home/eating/work/install/gui:/home/eating/work/install/docking_pkg:/opt/ros/humble /usr/bin/cmake --install /home/eating/work/build/timda_bringup
[2.998s] -- Install configuration: ""
[2.999s] -- Installing: /home/eating/work/install/timda_bringup/share/timda_bringup//launch
[2.999s] -- Installing: /home/eating/work/install/timda_bringup/share/timda_bringup//launch/urg_lidar.launch
[2.999s] -- Installing: /home/eating/work/install/timda_bringup/share/ament_index/resource_index/package_run_dependencies/timda_bringup
[2.999s] -- Installing: /home/eating/work/install/timda_bringup/share/ament_index/resource_index/parent_prefix_path/timda_bringup
[2.999s] -- Installing: /home/eating/work/install/timda_bringup/share/timda_bringup/environment/ament_prefix_path.sh
[2.999s] -- Installing: /home/eating/work/install/timda_bringup/share/timda_bringup/environment/ament_prefix_path.dsv
[2.999s] -- Installing: /home/eating/work/install/timda_bringup/share/timda_bringup/environment/path.sh
[2.999s] -- Installing: /home/eating/work/install/timda_bringup/share/timda_bringup/environment/path.dsv
[2.999s] -- Installing: /home/eating/work/install/timda_bringup/share/timda_bringup/local_setup.bash
[3.000s] -- Installing: /home/eating/work/install/timda_bringup/share/timda_bringup/local_setup.sh
[3.000s] -- Installing: /home/eating/work/install/timda_bringup/share/timda_bringup/local_setup.zsh
[3.000s] -- Installing: /home/eating/work/install/timda_bringup/share/timda_bringup/local_setup.dsv
[3.000s] -- Installing: /home/eating/work/install/timda_bringup/share/timda_bringup/package.dsv
[3.000s] -- Installing: /home/eating/work/install/timda_bringup/share/ament_index/resource_index/packages/timda_bringup
[3.000s] -- Installing: /home/eating/work/install/timda_bringup/share/timda_bringup/cmake/timda_bringupConfig.cmake
[3.000s] -- Installing: /home/eating/work/install/timda_bringup/share/timda_bringup/cmake/timda_bringupConfig-version.cmake
[3.000s] -- Installing: /home/eating/work/install/timda_bringup/share/timda_bringup/package.xml
[3.018s] Invoked command in '/home/eating/work/build/timda_bringup' returned '0': CMAKE_PREFIX_PATH=${CMAKE_PREFIX_PATH}:/home/eating/work/install/pallet_main:/home/eating/work/install/main_control:/home/eating/work/install/gui:/home/eating/work/install/docking_pkg:/opt/ros/humble /usr/bin/cmake --install /home/eating/work/build/timda_bringup
