-- Install configuration: ""
-- Up-to-date: /home/eating/work/install/timda_description/share/timda_description/urdf
-- Up-to-date: /home/eating/work/install/timda_description/share/timda_description/urdf/timda_sim_odom.urdf.xacro
-- Up-to-date: /home/eating/work/install/timda_description/share/timda_description/urdf/timda.gazebo.xacro
-- Up-to-date: /home/eating/work/install/timda_description/share/timda_description/urdf/timda.urdf.xacro
-- Up-to-date: /home/eating/work/install/timda_description/share/timda_description/urdf/timda_only_mobile.urdf.xacro
-- Up-to-date: /home/eating/work/install/timda_description/share/ament_index/resource_index/package_run_dependencies/timda_description
-- Up-to-date: /home/eating/work/install/timda_description/share/ament_index/resource_index/parent_prefix_path/timda_description
-- Up-to-date: /home/eating/work/install/timda_description/share/timda_description/environment/ament_prefix_path.sh
-- Up-to-date: /home/eating/work/install/timda_description/share/timda_description/environment/ament_prefix_path.dsv
-- Up-to-date: /home/eating/work/install/timda_description/share/timda_description/environment/path.sh
-- Up-to-date: /home/eating/work/install/timda_description/share/timda_description/environment/path.dsv
-- Up-to-date: /home/eating/work/install/timda_description/share/timda_description/local_setup.bash
-- Up-to-date: /home/eating/work/install/timda_description/share/timda_description/local_setup.sh
-- Up-to-date: /home/eating/work/install/timda_description/share/timda_description/local_setup.zsh
-- Up-to-date: /home/eating/work/install/timda_description/share/timda_description/local_setup.dsv
-- Up-to-date: /home/eating/work/install/timda_description/share/timda_description/package.dsv
-- Up-to-date: /home/eating/work/install/timda_description/share/ament_index/resource_index/packages/timda_description
-- Up-to-date: /home/eating/work/install/timda_description/share/timda_description/cmake/timda_descriptionConfig.cmake
-- Up-to-date: /home/eating/work/install/timda_description/share/timda_description/cmake/timda_descriptionConfig-version.cmake
-- Up-to-date: /home/eating/work/install/timda_description/share/timda_description/package.xml
