[0.051s] Invoking command in '/home/eating/work/build/suction_description': CMAKE_PREFIX_PATH=${CMAKE_PREFIX_PATH}:/home/eating/work/install/pallet_main:/home/eating/work/install/main_control:/home/eating/work/install/gui:/home/eating/work/install/docking_pkg:/opt/ros/humble /usr/bin/cmake /home/eating/work/src/timda_sim/suction_description -DCMAKE_INSTALL_PREFIX=/home/eating/work/install/suction_description
[0.148s] -- The C compiler identification is GNU 11.4.0
[0.236s] -- The CXX compiler identification is GNU 11.4.0
[0.246s] -- Detecting C compiler ABI info
[0.355s] -- Detecting C compiler ABI info - done
[0.374s] -- Check for working C compiler: /usr/bin/cc - skipped
[0.374s] -- Detecting C compile features
[0.375s] -- Detecting C compile features - done
[0.381s] -- Detecting CXX compiler ABI info
[0.607s] -- Detecting CXX compiler ABI info - done
[0.621s] -- Check for working CXX compiler: /usr/bin/c++ - skipped
[0.621s] -- Detecting CXX compile features
[0.622s] -- Detecting CXX compile features - done
[0.627s] -- Found ament_cmake: 1.3.11 (/opt/ros/humble/share/ament_cmake/cmake)
[0.987s] -- Found Python3: /usr/bin/python3 (found version "3.10.12") found components: Interpreter 
[1.178s] -- Found ament_lint_auto: 0.12.12 (/opt/ros/humble/share/ament_lint_auto/cmake)
[1.323s] -- Added test 'lint_cmake' to check CMake code style
[1.323s] -- Added test 'xmllint' to check XML markup files
[1.323s] -- Configuring done
[1.327s] -- Generating done
[1.330s] -- Build files have been written to: /home/eating/work/build/suction_description
[1.352s] Invoked command in '/home/eating/work/build/suction_description' returned '0': CMAKE_PREFIX_PATH=${CMAKE_PREFIX_PATH}:/home/eating/work/install/pallet_main:/home/eating/work/install/main_control:/home/eating/work/install/gui:/home/eating/work/install/docking_pkg:/opt/ros/humble /usr/bin/cmake /home/eating/work/src/timda_sim/suction_description -DCMAKE_INSTALL_PREFIX=/home/eating/work/install/suction_description
[1.353s] Invoking command in '/home/eating/work/build/suction_description': CMAKE_PREFIX_PATH=${CMAKE_PREFIX_PATH}:/home/eating/work/install/pallet_main:/home/eating/work/install/main_control:/home/eating/work/install/gui:/home/eating/work/install/docking_pkg:/opt/ros/humble /usr/bin/cmake --build /home/eating/work/build/suction_description -- -j8 -l8
[1.583s] Invoked command in '/home/eating/work/build/suction_description' returned '0': CMAKE_PREFIX_PATH=${CMAKE_PREFIX_PATH}:/home/eating/work/install/pallet_main:/home/eating/work/install/main_control:/home/eating/work/install/gui:/home/eating/work/install/docking_pkg:/opt/ros/humble /usr/bin/cmake --build /home/eating/work/build/suction_description -- -j8 -l8
[1.584s] Invoking command in '/home/eating/work/build/suction_description': CMAKE_PREFIX_PATH=${CMAKE_PREFIX_PATH}:/home/eating/work/install/pallet_main:/home/eating/work/install/main_control:/home/eating/work/install/gui:/home/eating/work/install/docking_pkg:/opt/ros/humble /usr/bin/cmake --install /home/eating/work/build/suction_description
[1.654s] -- Install configuration: ""
[1.654s] -- Installing: /home/eating/work/install/suction_description/share/suction_description/config
[1.654s] -- Installing: /home/eating/work/install/suction_description/share/suction_description/config/joint_names_suction_urdf.yaml
[1.654s] -- Installing: /home/eating/work/install/suction_description/share/suction_description/meshes
[1.654s] -- Installing: /home/eating/work/install/suction_description/share/suction_description/meshes/tool_link.STL
[1.654s] -- Installing: /home/eating/work/install/suction_description/share/suction_description/meshes/tool_end_Link.STL
[1.654s] -- Installing: /home/eating/work/install/suction_description/share/suction_description/urdf
[1.655s] -- Installing: /home/eating/work/install/suction_description/share/suction_description/urdf/suction_urdf.xacro
[1.655s] -- Installing: /home/eating/work/install/suction_description/share/suction_description/urdf/suction.gazebo.xacro
[1.655s] -- Installing: /home/eating/work/install/suction_description/share/suction_description/urdf/suction.transmission.xacro
[1.655s] -- Installing: /home/eating/work/install/suction_description/share/ament_index/resource_index/package_run_dependencies/suction_description
[1.655s] -- Installing: /home/eating/work/install/suction_description/share/ament_index/resource_index/parent_prefix_path/suction_description
[1.655s] -- Installing: /home/eating/work/install/suction_description/share/suction_description/environment/ament_prefix_path.sh
[1.655s] -- Installing: /home/eating/work/install/suction_description/share/suction_description/environment/ament_prefix_path.dsv
[1.655s] -- Installing: /home/eating/work/install/suction_description/share/suction_description/environment/path.sh
[1.656s] -- Installing: /home/eating/work/install/suction_description/share/suction_description/environment/path.dsv
[1.656s] -- Installing: /home/eating/work/install/suction_description/share/suction_description/local_setup.bash
[1.656s] -- Installing: /home/eating/work/install/suction_description/share/suction_description/local_setup.sh
[1.656s] -- Installing: /home/eating/work/install/suction_description/share/suction_description/local_setup.zsh
[1.656s] -- Installing: /home/eating/work/install/suction_description/share/suction_description/local_setup.dsv
[1.656s] -- Installing: /home/eating/work/install/suction_description/share/suction_description/package.dsv
[1.656s] -- Installing: /home/eating/work/install/suction_description/share/ament_index/resource_index/packages/suction_description
[1.656s] -- Installing: /home/eating/work/install/suction_description/share/suction_description/cmake/suction_descriptionConfig.cmake
[1.657s] -- Installing: /home/eating/work/install/suction_description/share/suction_description/cmake/suction_descriptionConfig-version.cmake
[1.657s] -- Installing: /home/eating/work/install/suction_description/share/suction_description/package.xml
[1.692s] Invoked command in '/home/eating/work/build/suction_description' returned '0': CMAKE_PREFIX_PATH=${CMAKE_PREFIX_PATH}:/home/eating/work/install/pallet_main:/home/eating/work/install/main_control:/home/eating/work/install/gui:/home/eating/work/install/docking_pkg:/opt/ros/humble /usr/bin/cmake --install /home/eating/work/build/suction_description
