[0.279s] Invoking command in '/home/eating/work/build/realsense2_camera': CMAKE_PREFIX_PATH=/home/eating/work/install/realsense2_camera_msgs:/home/eating/work/install/timda_gazebo:/home/eating/work/install/timda_description:/home/eating/work/install/timda_bringup:/home/eating/work/install/timda_body_description:/home/eating/work/install/suction_description:/home/eating/work/install/robot_arm_description:/home/eating/work/install/realsense2_description:/home/eating/work/install/realsense2_camera:/home/eating/work/install/pallet_interfaces:/home/eating/work/install/mobile_description:/home/eating/work/install/mecanum:/home/eating/work/install/linear_move:/home/eating/work/install/keyboard_control:/home/eating/work/install/ira_laser_tools:/home/eating/work/install/interface:/home/eating/work/install/gui_interface:/home/eating/work/install/docking_interface:/home/eating/work/install/pallet_main:/home/eating/work/install/main_control:/home/eating/work/install/gui:/home/eating/work/install/docking_pkg:/opt/ros/humble LD_LIBRARY_PATH=/home/eating/work/install/realsense2_camera_msgs/lib:/home/eating/work/install/realsense2_camera/lib:/home/eating/work/install/pallet_interfaces/lib:/home/eating/work/install/interface/lib:/home/eating/work/install/gui_interface/lib:/home/eating/work/install/docking_interface/lib:/opt/ros/humble/opt/rviz_ogre_vendor/lib:/opt/ros/humble/lib/x86_64-linux-gnu:/opt/ros/humble/lib /usr/bin/cmake --build /home/eating/work/build/realsense2_camera -- -j8 -l8
[0.317s] [35m[1mConsolidate compiler generated dependencies of target gtest_main[0m
[0.317s] [35m[1mConsolidate compiler generated dependencies of target realsense2_camera_node[0m
[0.329s] [35m[1mConsolidate compiler generated dependencies of target gtest[0m
[0.333s] [35m[1mConsolidate compiler generated dependencies of target realsense2_camera[0m
[0.340s] [  9%] Built target gtest_main
[0.347s] [ 27%] Built target gtest
[0.347s] [ 27%] Built target realsense2_camera_node
[0.360s] [35m[1mConsolidate compiler generated dependencies of target gtest_template[0m
[0.373s] [ 36%] Built target gtest_template
[0.397s] [100%] Built target realsense2_camera
[0.407s] Invoked command in '/home/eating/work/build/realsense2_camera' returned '0': CMAKE_PREFIX_PATH=/home/eating/work/install/realsense2_camera_msgs:/home/eating/work/install/timda_gazebo:/home/eating/work/install/timda_description:/home/eating/work/install/timda_bringup:/home/eating/work/install/timda_body_description:/home/eating/work/install/suction_description:/home/eating/work/install/robot_arm_description:/home/eating/work/install/realsense2_description:/home/eating/work/install/realsense2_camera:/home/eating/work/install/pallet_interfaces:/home/eating/work/install/mobile_description:/home/eating/work/install/mecanum:/home/eating/work/install/linear_move:/home/eating/work/install/keyboard_control:/home/eating/work/install/ira_laser_tools:/home/eating/work/install/interface:/home/eating/work/install/gui_interface:/home/eating/work/install/docking_interface:/home/eating/work/install/pallet_main:/home/eating/work/install/main_control:/home/eating/work/install/gui:/home/eating/work/install/docking_pkg:/opt/ros/humble LD_LIBRARY_PATH=/home/eating/work/install/realsense2_camera_msgs/lib:/home/eating/work/install/realsense2_camera/lib:/home/eating/work/install/pallet_interfaces/lib:/home/eating/work/install/interface/lib:/home/eating/work/install/gui_interface/lib:/home/eating/work/install/docking_interface/lib:/opt/ros/humble/opt/rviz_ogre_vendor/lib:/opt/ros/humble/lib/x86_64-linux-gnu:/opt/ros/humble/lib /usr/bin/cmake --build /home/eating/work/build/realsense2_camera -- -j8 -l8
[0.408s] Invoking command in '/home/eating/work/build/realsense2_camera': CMAKE_PREFIX_PATH=/home/eating/work/install/realsense2_camera_msgs:/home/eating/work/install/timda_gazebo:/home/eating/work/install/timda_description:/home/eating/work/install/timda_bringup:/home/eating/work/install/timda_body_description:/home/eating/work/install/suction_description:/home/eating/work/install/robot_arm_description:/home/eating/work/install/realsense2_description:/home/eating/work/install/realsense2_camera:/home/eating/work/install/pallet_interfaces:/home/eating/work/install/mobile_description:/home/eating/work/install/mecanum:/home/eating/work/install/linear_move:/home/eating/work/install/keyboard_control:/home/eating/work/install/ira_laser_tools:/home/eating/work/install/interface:/home/eating/work/install/gui_interface:/home/eating/work/install/docking_interface:/home/eating/work/install/pallet_main:/home/eating/work/install/main_control:/home/eating/work/install/gui:/home/eating/work/install/docking_pkg:/opt/ros/humble LD_LIBRARY_PATH=/home/eating/work/install/realsense2_camera_msgs/lib:/home/eating/work/install/realsense2_camera/lib:/home/eating/work/install/pallet_interfaces/lib:/home/eating/work/install/interface/lib:/home/eating/work/install/gui_interface/lib:/home/eating/work/install/docking_interface/lib:/opt/ros/humble/opt/rviz_ogre_vendor/lib:/opt/ros/humble/lib/x86_64-linux-gnu:/opt/ros/humble/lib /usr/bin/cmake --install /home/eating/work/build/realsense2_camera
[0.415s] -- Install configuration: "Release"
[0.415s] -- Up-to-date: /home/eating/work/install/realsense2_camera/lib/realsense2_camera/realsense2_camera_node
[0.415s] -- Up-to-date: /home/eating/work/install/realsense2_camera/lib/librealsense2_camera.so
[0.416s] -- Up-to-date: /home/eating/work/install/realsense2_camera/include
[0.416s] -- Up-to-date: /home/eating/work/install/realsense2_camera/include/ros_utils.h
[0.416s] -- Up-to-date: /home/eating/work/install/realsense2_camera/include/constants.h
[0.417s] -- Up-to-date: /home/eating/work/install/realsense2_camera/include/base_realsense_node.h
[0.417s] -- Up-to-date: /home/eating/work/install/realsense2_camera/include/gl_window.h
[0.417s] -- Up-to-date: /home/eating/work/install/realsense2_camera/include/named_filter.h
[0.417s] -- Up-to-date: /home/eating/work/install/realsense2_camera/include/ros_param_backend.h
[0.417s] -- Up-to-date: /home/eating/work/install/realsense2_camera/include/realsense_node_factory.h
[0.417s] -- Up-to-date: /home/eating/work/install/realsense2_camera/include/dynamic_params.h
[0.418s] -- Up-to-date: /home/eating/work/install/realsense2_camera/include/profile_manager.h
[0.418s] -- Up-to-date: /home/eating/work/install/realsense2_camera/include/image_publisher.h
[0.418s] -- Up-to-date: /home/eating/work/install/realsense2_camera/include/ros_sensor.h
[0.418s] -- Up-to-date: /home/eating/work/install/realsense2_camera/include/sensor_params.h
[0.418s] -- Up-to-date: /home/eating/work/install/realsense2_camera/share/realsense2_camera/launch
[0.418s] -- Up-to-date: /home/eating/work/install/realsense2_camera/share/realsense2_camera/launch/default.rviz
[0.418s] -- Up-to-date: /home/eating/work/install/realsense2_camera/share/realsense2_camera/launch/rs_intra_process_demo_launch.py
[0.418s] -- Up-to-date: /home/eating/work/install/realsense2_camera/share/realsense2_camera/launch/rs_launch.py
[0.418s] -- Up-to-date: /home/eating/work/install/realsense2_camera/share/realsense2_camera/launch/rs_multi_camera_launch.py
[0.418s] -- Up-to-date: /home/eating/work/install/realsense2_camera/share/realsense2_camera/examples
[0.419s] -- Up-to-date: /home/eating/work/install/realsense2_camera/share/realsense2_camera/examples/align_depth
[0.419s] -- Up-to-date: /home/eating/work/install/realsense2_camera/share/realsense2_camera/examples/align_depth/README.md
[0.419s] -- Up-to-date: /home/eating/work/install/realsense2_camera/share/realsense2_camera/examples/align_depth/rs_align_depth_launch.py
[0.419s] -- Up-to-date: /home/eating/work/install/realsense2_camera/share/realsense2_camera/examples/pointcloud
[0.420s] -- Up-to-date: /home/eating/work/install/realsense2_camera/share/realsense2_camera/examples/pointcloud/README.md
[0.420s] -- Up-to-date: /home/eating/work/install/realsense2_camera/share/realsense2_camera/examples/pointcloud/rviz
[0.420s] -- Up-to-date: /home/eating/work/install/realsense2_camera/share/realsense2_camera/examples/pointcloud/rviz/urdf_pointcloud.rviz
[0.421s] -- Up-to-date: /home/eating/work/install/realsense2_camera/share/realsense2_camera/examples/pointcloud/rviz/pointcloud.rviz
[0.421s] -- Up-to-date: /home/eating/work/install/realsense2_camera/share/realsense2_camera/examples/pointcloud/rs_d455_pointcloud_launch.py
[0.421s] -- Up-to-date: /home/eating/work/install/realsense2_camera/share/realsense2_camera/examples/pointcloud/rs_pointcloud_launch.py
[0.421s] -- Up-to-date: /home/eating/work/install/realsense2_camera/share/realsense2_camera/examples/pointcloud/rs_d405_pointcloud_launch.py
[0.421s] -- Up-to-date: /home/eating/work/install/realsense2_camera/share/realsense2_camera/examples/launch_from_rosbag
[0.422s] -- Up-to-date: /home/eating/work/install/realsense2_camera/share/realsense2_camera/examples/launch_from_rosbag/README.md
[0.422s] -- Up-to-date: /home/eating/work/install/realsense2_camera/share/realsense2_camera/examples/launch_from_rosbag/rs_launch_from_rosbag.py
[0.422s] -- Up-to-date: /home/eating/work/install/realsense2_camera/share/realsense2_camera/examples/dual_camera
[0.422s] -- Up-to-date: /home/eating/work/install/realsense2_camera/share/realsense2_camera/examples/dual_camera/README.md
[0.422s] -- Up-to-date: /home/eating/work/install/realsense2_camera/share/realsense2_camera/examples/dual_camera/rs_dual_camera_launch.py
[0.422s] -- Up-to-date: /home/eating/work/install/realsense2_camera/share/realsense2_camera/examples/dual_camera/rviz
[0.422s] -- Up-to-date: /home/eating/work/install/realsense2_camera/share/realsense2_camera/examples/dual_camera/rviz/dual_camera_pointcloud.rviz
[0.422s] -- Up-to-date: /home/eating/work/install/realsense2_camera/share/realsense2_camera/examples/launch_params_from_file
[0.423s] -- Up-to-date: /home/eating/work/install/realsense2_camera/share/realsense2_camera/examples/launch_params_from_file/README.md
[0.423s] -- Up-to-date: /home/eating/work/install/realsense2_camera/share/realsense2_camera/examples/launch_params_from_file/rs_launch_get_params_from_yaml.py
[0.423s] -- Up-to-date: /home/eating/work/install/realsense2_camera/share/realsense2_camera/examples/launch_params_from_file/config
[0.423s] -- Up-to-date: /home/eating/work/install/realsense2_camera/share/realsense2_camera/examples/launch_params_from_file/config/config.yaml
[0.423s] -- Up-to-date: /home/eating/work/install/realsense2_camera/share/realsense2_camera/environment/library_path.sh
[0.423s] -- Up-to-date: /home/eating/work/install/realsense2_camera/share/realsense2_camera/environment/library_path.dsv
[0.423s] -- Up-to-date: /home/eating/work/install/realsense2_camera/share/ament_index/resource_index/package_run_dependencies/realsense2_camera
[0.424s] -- Up-to-date: /home/eating/work/install/realsense2_camera/share/ament_index/resource_index/parent_prefix_path/realsense2_camera
[0.424s] -- Up-to-date: /home/eating/work/install/realsense2_camera/share/realsense2_camera/environment/ament_prefix_path.sh
[0.424s] -- Up-to-date: /home/eating/work/install/realsense2_camera/share/realsense2_camera/environment/ament_prefix_path.dsv
[0.424s] -- Up-to-date: /home/eating/work/install/realsense2_camera/share/realsense2_camera/environment/path.sh
[0.424s] -- Up-to-date: /home/eating/work/install/realsense2_camera/share/realsense2_camera/environment/path.dsv
[0.424s] -- Up-to-date: /home/eating/work/install/realsense2_camera/share/realsense2_camera/local_setup.bash
[0.424s] -- Up-to-date: /home/eating/work/install/realsense2_camera/share/realsense2_camera/local_setup.sh
[0.424s] -- Up-to-date: /home/eating/work/install/realsense2_camera/share/realsense2_camera/local_setup.zsh
[0.425s] -- Up-to-date: /home/eating/work/install/realsense2_camera/share/realsense2_camera/local_setup.dsv
[0.425s] -- Installing: /home/eating/work/install/realsense2_camera/share/realsense2_camera/package.dsv
[0.425s] -- Up-to-date: /home/eating/work/install/realsense2_camera/share/ament_index/resource_index/packages/realsense2_camera
[0.425s] -- Up-to-date: /home/eating/work/install/realsense2_camera/share/ament_index/resource_index/rclcpp_components/realsense2_camera
[0.426s] -- Up-to-date: /home/eating/work/install/realsense2_camera/share/realsense2_camera/cmake/ament_cmake_export_include_directories-extras.cmake
[0.426s] -- Up-to-date: /home/eating/work/install/realsense2_camera/share/realsense2_camera/cmake/ament_cmake_export_libraries-extras.cmake
[0.426s] -- Up-to-date: /home/eating/work/install/realsense2_camera/share/realsense2_camera/cmake/ament_cmake_export_dependencies-extras.cmake
[0.426s] -- Up-to-date: /home/eating/work/install/realsense2_camera/share/realsense2_camera/cmake/realsense2_cameraConfig.cmake
[0.426s] -- Up-to-date: /home/eating/work/install/realsense2_camera/share/realsense2_camera/cmake/realsense2_cameraConfig-version.cmake
[0.426s] -- Up-to-date: /home/eating/work/install/realsense2_camera/share/realsense2_camera/package.xml
[0.426s] Invoked command in '/home/eating/work/build/realsense2_camera' returned '0': CMAKE_PREFIX_PATH=/home/eating/work/install/realsense2_camera_msgs:/home/eating/work/install/timda_gazebo:/home/eating/work/install/timda_description:/home/eating/work/install/timda_bringup:/home/eating/work/install/timda_body_description:/home/eating/work/install/suction_description:/home/eating/work/install/robot_arm_description:/home/eating/work/install/realsense2_description:/home/eating/work/install/realsense2_camera:/home/eating/work/install/pallet_interfaces:/home/eating/work/install/mobile_description:/home/eating/work/install/mecanum:/home/eating/work/install/linear_move:/home/eating/work/install/keyboard_control:/home/eating/work/install/ira_laser_tools:/home/eating/work/install/interface:/home/eating/work/install/gui_interface:/home/eating/work/install/docking_interface:/home/eating/work/install/pallet_main:/home/eating/work/install/main_control:/home/eating/work/install/gui:/home/eating/work/install/docking_pkg:/opt/ros/humble LD_LIBRARY_PATH=/home/eating/work/install/realsense2_camera_msgs/lib:/home/eating/work/install/realsense2_camera/lib:/home/eating/work/install/pallet_interfaces/lib:/home/eating/work/install/interface/lib:/home/eating/work/install/gui_interface/lib:/home/eating/work/install/docking_interface/lib:/opt/ros/humble/opt/rviz_ogre_vendor/lib:/opt/ros/humble/lib/x86_64-linux-gnu:/opt/ros/humble/lib /usr/bin/cmake --install /home/eating/work/build/realsense2_camera
