[0.027s] Invoking command in '/home/eating/work/build/interface': CMAKE_PREFIX_PATH=${CMAKE_PREFIX_PATH}:/home/eating/work/install/pallet_main:/home/eating/work/install/main_control:/home/eating/work/install/gui:/home/eating/work/install/docking_pkg:/opt/ros/humble /usr/bin/cmake /home/eating/work/src/interface -DCMAKE_INSTALL_PREFIX=/home/eating/work/install/interface
[0.338s] -- The C compiler identification is GNU 11.4.0
[0.338s] -- The CXX compiler identification is GNU 11.4.0
[0.338s] -- Detecting C compiler ABI info
[0.339s] -- Detecting C compiler ABI info - done
[0.339s] -- Check for working C compiler: /usr/bin/cc - skipped
[0.339s] -- Detecting C compile features
[0.339s] -- Detecting C compile features - done
[0.339s] -- Detecting CXX compiler ABI info
[0.339s] -- Detecting CXX compiler ABI info - done
[0.339s] -- Check for working CXX compiler: /usr/bin/c++ - skipped
[0.339s] -- Detecting CXX compile features
[0.339s] -- Detecting CXX compile features - done
[0.339s] -- Found ament_cmake: 1.3.11 (/opt/ros/humble/share/ament_cmake/cmake)
[0.543s] -- Found Python3: /usr/bin/python3 (found version "3.10.12") found components: Interpreter 
[0.698s] -- Found geometry_msgs: 4.8.0 (/opt/ros/humble/share/geometry_msgs/cmake)
[0.749s] -- Found rosidl_generator_c: 3.1.6 (/opt/ros/humble/share/rosidl_generator_c/cmake)
[0.758s] -- Found rosidl_adapter: 3.1.6 (/opt/ros/humble/share/rosidl_adapter/cmake)
[0.771s] -- Found rosidl_generator_cpp: 3.1.6 (/opt/ros/humble/share/rosidl_generator_cpp/cmake)
[0.794s] -- Using all available rosidl_typesupport_c: rosidl_typesupport_fastrtps_c;rosidl_typesupport_introspection_c
[0.822s] -- Using all available rosidl_typesupport_cpp: rosidl_typesupport_fastrtps_cpp;rosidl_typesupport_introspection_cpp
[0.893s] -- Found rosidl_default_generators: 1.2.0 (/opt/ros/humble/share/rosidl_default_generators/cmake)
[1.393s] -- Found ament_cmake_ros: 0.10.0 (/opt/ros/humble/share/ament_cmake_ros/cmake)
[2.058s] -- Using all available rosidl_typesupport_c: rosidl_typesupport_fastrtps_c;rosidl_typesupport_introspection_c
[2.370s] -- Using all available rosidl_typesupport_cpp: rosidl_typesupport_fastrtps_cpp;rosidl_typesupport_introspection_cpp
[2.404s] -- Found PythonInterp: /usr/bin/python3 (found suitable version "3.10.12", minimum required is "3.6") 
[2.406s] -- Found python_cmake_module: 0.10.0 (/opt/ros/humble/share/python_cmake_module/cmake)
[2.488s] -- Found PythonLibs: /usr/lib/x86_64-linux-gnu/libpython3.10.so (found suitable version "3.10.12", minimum required is "3.5") 
[2.489s] -- Using PYTHON_EXECUTABLE: /usr/bin/python3
[2.489s] -- Using PYTHON_INCLUDE_DIRS: /usr/include/python3.10
[2.489s] -- Using PYTHON_LIBRARIES: /usr/lib/x86_64-linux-gnu/libpython3.10.so
[2.520s] -- Found PythonExtra: .so  
[2.642s] -- Found ament_lint_auto: 0.12.12 (/opt/ros/humble/share/ament_lint_auto/cmake)
[2.672s] -- Added test 'lint_cmake' to check CMake code style
[2.675s] -- Added test 'xmllint' to check XML markup files
[2.681s] -- Configuring done
[2.746s] -- Generating done
[2.768s] -- Build files have been written to: /home/eating/work/build/interface
[2.789s] Invoked command in '/home/eating/work/build/interface' returned '0': CMAKE_PREFIX_PATH=${CMAKE_PREFIX_PATH}:/home/eating/work/install/pallet_main:/home/eating/work/install/main_control:/home/eating/work/install/gui:/home/eating/work/install/docking_pkg:/opt/ros/humble /usr/bin/cmake /home/eating/work/src/interface -DCMAKE_INSTALL_PREFIX=/home/eating/work/install/interface
[2.790s] Invoking command in '/home/eating/work/build/interface': CMAKE_PREFIX_PATH=${CMAKE_PREFIX_PATH}:/home/eating/work/install/pallet_main:/home/eating/work/install/main_control:/home/eating/work/install/gui:/home/eating/work/install/docking_pkg:/opt/ros/humble /usr/bin/cmake --build /home/eating/work/build/interface -- -j8 -l8
[3.113s] [  3%] [34m[1mGenerating C code for ROS interfaces[0m
[3.114s] [  6%] [34m[1mGenerating C++ code for ROS interfaces[0m
[3.114s] [  6%] Built target ament_cmake_python_copy_interface
[3.557s] [  6%] Built target interface__cpp
[3.566s] [  9%] [32mBuilding C object CMakeFiles/interface__rosidl_generator_c.dir/rosidl_generator_c/interface/srv/detail/maincontroller__functions.c.o[0m
[3.597s] [ 12%] [34m[1mGenerating C++ type support dispatch for ROS interfaces[0m
[3.605s] [ 16%] [34m[1mGenerating C++ introspection for ROS interfaces[0m
[3.609s] [ 19%] [34m[1mGenerating C++ type support for eProsima Fast-RTPS[0m
[3.678s] running egg_info
[3.678s] creating interface.egg-info
[3.681s] writing interface.egg-info/PKG-INFO
[3.681s] writing dependency_links to interface.egg-info/dependency_links.txt
[3.682s] writing top-level names to interface.egg-info/top_level.txt
[3.682s] writing manifest file 'interface.egg-info/SOURCES.txt'
[3.689s] reading manifest file 'interface.egg-info/SOURCES.txt'
[3.690s] [ 22%] [32m[1mLinking C shared library libinterface__rosidl_generator_c.so[0m
[3.698s] writing manifest file 'interface.egg-info/SOURCES.txt'
[3.821s] [ 22%] Built target ament_cmake_python_build_interface_egg
[3.871s] [ 22%] Built target interface__rosidl_generator_c
[3.930s] [ 25%] [34m[1mGenerating C type support for eProsima Fast-RTPS[0m
[3.952s] [ 29%] [34m[1mGenerating C type support dispatch for ROS interfaces[0m
[3.952s] [ 32%] [34m[1mGenerating C introspection for ROS interfaces[0m
[4.404s] [ 35%] [32mBuilding CXX object CMakeFiles/interface__rosidl_typesupport_cpp.dir/rosidl_typesupport_cpp/interface/srv/maincontroller__type_support.cpp.o[0m
[4.422s] [ 38%] [32mBuilding CXX object CMakeFiles/interface__rosidl_typesupport_introspection_cpp.dir/rosidl_typesupport_introspection_cpp/interface/srv/detail/maincontroller__type_support.cpp.o[0m
[4.845s] [ 41%] [32mBuilding CXX object CMakeFiles/interface__rosidl_typesupport_fastrtps_cpp.dir/rosidl_typesupport_fastrtps_cpp/interface/srv/detail/dds_fastrtps/maincontroller__type_support.cpp.o[0m
[4.995s] [ 45%] [32mBuilding CXX object CMakeFiles/interface__rosidl_typesupport_c.dir/rosidl_typesupport_c/interface/srv/maincontroller__type_support.cpp.o[0m
[5.041s] [ 48%] [32mBuilding CXX object CMakeFiles/interface__rosidl_typesupport_fastrtps_c.dir/rosidl_typesupport_fastrtps_c/interface/srv/detail/maincontroller__type_support_c.cpp.o[0m
[5.041s] [ 51%] [32mBuilding C object CMakeFiles/interface__rosidl_typesupport_introspection_c.dir/rosidl_typesupport_introspection_c/interface/srv/detail/maincontroller__type_support.c.o[0m
[5.149s] [ 54%] [32m[1mLinking CXX shared library libinterface__rosidl_typesupport_c.so[0m
[5.230s] [ 58%] [32m[1mLinking C shared library libinterface__rosidl_typesupport_introspection_c.so[0m
[5.377s] [ 58%] Built target interface__rosidl_typesupport_c
[5.418s] [ 58%] Built target interface__rosidl_typesupport_introspection_c
[5.498s] [ 61%] [32m[1mLinking CXX shared library libinterface__rosidl_typesupport_cpp.so[0m
[5.715s] [ 61%] Built target interface__rosidl_typesupport_cpp
[5.882s] [ 64%] [32m[1mLinking CXX shared library libinterface__rosidl_typesupport_introspection_cpp.so[0m
[6.036s] [ 64%] Built target interface__rosidl_typesupport_introspection_cpp
[6.115s] [ 67%] [32m[1mLinking CXX shared library libinterface__rosidl_typesupport_fastrtps_c.so[0m
[6.230s] [ 70%] [32m[1mLinking CXX shared library libinterface__rosidl_typesupport_fastrtps_cpp.so[0m
[6.392s] [ 70%] Built target interface__rosidl_typesupport_fastrtps_c
[6.439s] [ 70%] Built target interface__rosidl_typesupport_fastrtps_cpp
[6.562s] [ 70%] Built target interface
[6.631s] [ 74%] [34m[1mGenerating Python code for ROS interfaces[0m
[7.894s] [ 74%] Built target interface__py
[8.019s] [ 77%] [32mBuilding C object CMakeFiles/interface__rosidl_generator_py.dir/rosidl_generator_py/interface/srv/_maincontroller_s.c.o[0m
[8.463s] [ 80%] [32m[1mLinking C shared library rosidl_generator_py/interface/libinterface__rosidl_generator_py.so[0m
[8.670s] [ 80%] Built target interface__rosidl_generator_py
[8.771s] [ 83%] [32mBuilding C object CMakeFiles/interface__rosidl_typesupport_fastrtps_c__pyext.dir/rosidl_generator_py/interface/_interface_s.ep.rosidl_typesupport_fastrtps_c.c.o[0m
[8.786s] [ 87%] [32mBuilding C object CMakeFiles/interface__rosidl_typesupport_introspection_c__pyext.dir/rosidl_generator_py/interface/_interface_s.ep.rosidl_typesupport_introspection_c.c.o[0m
[8.790s] [ 90%] [32mBuilding C object CMakeFiles/interface__rosidl_typesupport_c__pyext.dir/rosidl_generator_py/interface/_interface_s.ep.rosidl_typesupport_c.c.o[0m
[9.161s] [ 93%] [32m[1mLinking C shared library rosidl_generator_py/interface/interface_s__rosidl_typesupport_fastrtps_c.cpython-310-x86_64-linux-gnu.so[0m
[9.222s] [ 96%] [32m[1mLinking C shared library rosidl_generator_py/interface/interface_s__rosidl_typesupport_introspection_c.cpython-310-x86_64-linux-gnu.so[0m
[9.262s] [100%] [32m[1mLinking C shared library rosidl_generator_py/interface/interface_s__rosidl_typesupport_c.cpython-310-x86_64-linux-gnu.so[0m
[9.312s] [100%] Built target interface__rosidl_typesupport_introspection_c__pyext
[9.387s] [100%] Built target interface__rosidl_typesupport_fastrtps_c__pyext
[9.395s] [100%] Built target interface__rosidl_typesupport_c__pyext
[9.474s] Invoked command in '/home/eating/work/build/interface' returned '0': CMAKE_PREFIX_PATH=${CMAKE_PREFIX_PATH}:/home/eating/work/install/pallet_main:/home/eating/work/install/main_control:/home/eating/work/install/gui:/home/eating/work/install/docking_pkg:/opt/ros/humble /usr/bin/cmake --build /home/eating/work/build/interface -- -j8 -l8
[9.474s] Invoking command in '/home/eating/work/build/interface': CMAKE_PREFIX_PATH=${CMAKE_PREFIX_PATH}:/home/eating/work/install/pallet_main:/home/eating/work/install/main_control:/home/eating/work/install/gui:/home/eating/work/install/docking_pkg:/opt/ros/humble /usr/bin/cmake --install /home/eating/work/build/interface
[9.475s] -- Install configuration: ""
[9.475s] -- Installing: /home/eating/work/install/interface/share/ament_index/resource_index/rosidl_interfaces/interface
[9.475s] -- Installing: /home/eating/work/install/interface/include/interface/interface
[9.475s] -- Installing: /home/eating/work/install/interface/include/interface/interface/msg
[9.475s] -- Installing: /home/eating/work/install/interface/include/interface/interface/msg/rosidl_generator_c__visibility_control.h
[9.476s] -- Installing: /home/eating/work/install/interface/include/interface/interface/srv
[9.476s] -- Installing: /home/eating/work/install/interface/include/interface/interface/srv/detail
[9.476s] -- Installing: /home/eating/work/install/interface/include/interface/interface/srv/detail/maincontroller__struct.h
[9.476s] -- Installing: /home/eating/work/install/interface/include/interface/interface/srv/detail/maincontroller__functions.c
[9.476s] -- Installing: /home/eating/work/install/interface/include/interface/interface/srv/detail/maincontroller__functions.h
[9.476s] -- Installing: /home/eating/work/install/interface/include/interface/interface/srv/detail/maincontroller__type_support.h
[9.476s] -- Installing: /home/eating/work/install/interface/include/interface/interface/srv/maincontroller.h
[9.476s] -- Installing: /home/eating/work/install/interface/share/interface/environment/library_path.sh
[9.476s] -- Installing: /home/eating/work/install/interface/share/interface/environment/library_path.dsv
[9.477s] -- Installing: /home/eating/work/install/interface/lib/libinterface__rosidl_generator_c.so
[9.477s] -- Set runtime path of "/home/eating/work/install/interface/lib/libinterface__rosidl_generator_c.so" to ""
[9.477s] -- Up-to-date: /home/eating/work/install/interface/include/interface/interface
[9.477s] -- Up-to-date: /home/eating/work/install/interface/include/interface/interface/msg
[9.477s] -- Installing: /home/eating/work/install/interface/include/interface/interface/msg/rosidl_typesupport_fastrtps_c__visibility_control.h
[9.477s] -- Up-to-date: /home/eating/work/install/interface/include/interface/interface/srv
[9.477s] -- Up-to-date: /home/eating/work/install/interface/include/interface/interface/srv/detail
[9.477s] -- Installing: /home/eating/work/install/interface/include/interface/interface/srv/detail/maincontroller__rosidl_typesupport_fastrtps_c.h
[9.477s] -- Installing: /home/eating/work/install/interface/lib/libinterface__rosidl_typesupport_fastrtps_c.so
[9.478s] -- Set runtime path of "/home/eating/work/install/interface/lib/libinterface__rosidl_typesupport_fastrtps_c.so" to ""
[9.478s] -- Up-to-date: /home/eating/work/install/interface/include/interface/interface
[9.478s] -- Up-to-date: /home/eating/work/install/interface/include/interface/interface/msg
[9.478s] -- Installing: /home/eating/work/install/interface/include/interface/interface/msg/rosidl_generator_cpp__visibility_control.hpp
[9.478s] -- Up-to-date: /home/eating/work/install/interface/include/interface/interface/srv
[9.478s] -- Installing: /home/eating/work/install/interface/include/interface/interface/srv/maincontroller.hpp
[9.478s] -- Up-to-date: /home/eating/work/install/interface/include/interface/interface/srv/detail
[9.478s] -- Installing: /home/eating/work/install/interface/include/interface/interface/srv/detail/maincontroller__builder.hpp
[9.478s] -- Installing: /home/eating/work/install/interface/include/interface/interface/srv/detail/maincontroller__traits.hpp
[9.479s] -- Installing: /home/eating/work/install/interface/include/interface/interface/srv/detail/maincontroller__type_support.hpp
[9.479s] -- Installing: /home/eating/work/install/interface/include/interface/interface/srv/detail/maincontroller__struct.hpp
[9.479s] -- Up-to-date: /home/eating/work/install/interface/include/interface/interface
[9.479s] -- Up-to-date: /home/eating/work/install/interface/include/interface/interface/msg
[9.479s] -- Installing: /home/eating/work/install/interface/include/interface/interface/msg/rosidl_typesupport_fastrtps_cpp__visibility_control.h
[9.479s] -- Up-to-date: /home/eating/work/install/interface/include/interface/interface/srv
[9.479s] -- Up-to-date: /home/eating/work/install/interface/include/interface/interface/srv/detail
[9.479s] -- Installing: /home/eating/work/install/interface/include/interface/interface/srv/detail/dds_fastrtps
[9.480s] -- Installing: /home/eating/work/install/interface/include/interface/interface/srv/detail/maincontroller__rosidl_typesupport_fastrtps_cpp.hpp
[9.480s] -- Installing: /home/eating/work/install/interface/lib/libinterface__rosidl_typesupport_fastrtps_cpp.so
[9.480s] -- Set runtime path of "/home/eating/work/install/interface/lib/libinterface__rosidl_typesupport_fastrtps_cpp.so" to ""
[9.480s] -- Up-to-date: /home/eating/work/install/interface/include/interface/interface
[9.480s] -- Up-to-date: /home/eating/work/install/interface/include/interface/interface/msg
[9.480s] -- Installing: /home/eating/work/install/interface/include/interface/interface/msg/rosidl_typesupport_introspection_c__visibility_control.h
[9.480s] -- Up-to-date: /home/eating/work/install/interface/include/interface/interface/srv
[9.480s] -- Up-to-date: /home/eating/work/install/interface/include/interface/interface/srv/detail
[9.480s] -- Installing: /home/eating/work/install/interface/include/interface/interface/srv/detail/maincontroller__type_support.c
[9.481s] -- Installing: /home/eating/work/install/interface/include/interface/interface/srv/detail/maincontroller__rosidl_typesupport_introspection_c.h
[9.481s] -- Installing: /home/eating/work/install/interface/lib/libinterface__rosidl_typesupport_introspection_c.so
[9.481s] -- Set runtime path of "/home/eating/work/install/interface/lib/libinterface__rosidl_typesupport_introspection_c.so" to ""
[9.493s] -- Installing: /home/eating/work/install/interface/lib/libinterface__rosidl_typesupport_c.so
[9.493s] -- Set runtime path of "/home/eating/work/install/interface/lib/libinterface__rosidl_typesupport_c.so" to ""
[9.493s] -- Up-to-date: /home/eating/work/install/interface/include/interface/interface
[9.494s] -- Up-to-date: /home/eating/work/install/interface/include/interface/interface/srv
[9.494s] -- Up-to-date: /home/eating/work/install/interface/include/interface/interface/srv/detail
[9.494s] -- Installing: /home/eating/work/install/interface/include/interface/interface/srv/detail/maincontroller__type_support.cpp
[9.494s] -- Installing: /home/eating/work/install/interface/include/interface/interface/srv/detail/maincontroller__rosidl_typesupport_introspection_cpp.hpp
[9.494s] -- Installing: /home/eating/work/install/interface/lib/libinterface__rosidl_typesupport_introspection_cpp.so
[9.494s] -- Set runtime path of "/home/eating/work/install/interface/lib/libinterface__rosidl_typesupport_introspection_cpp.so" to ""
[9.494s] -- Installing: /home/eating/work/install/interface/lib/libinterface__rosidl_typesupport_cpp.so
[9.495s] -- Set runtime path of "/home/eating/work/install/interface/lib/libinterface__rosidl_typesupport_cpp.so" to ""
[9.495s] -- Installing: /home/eating/work/install/interface/share/interface/environment/pythonpath.sh
[9.495s] -- Installing: /home/eating/work/install/interface/share/interface/environment/pythonpath.dsv
[9.495s] -- Installing: /home/eating/work/install/interface/local/lib/python3.10/dist-packages/interface-0.0.0-py3.10.egg-info
[9.495s] -- Installing: /home/eating/work/install/interface/local/lib/python3.10/dist-packages/interface-0.0.0-py3.10.egg-info/top_level.txt
[9.495s] -- Installing: /home/eating/work/install/interface/local/lib/python3.10/dist-packages/interface-0.0.0-py3.10.egg-info/SOURCES.txt
[9.495s] -- Installing: /home/eating/work/install/interface/local/lib/python3.10/dist-packages/interface-0.0.0-py3.10.egg-info/dependency_links.txt
[9.495s] -- Installing: /home/eating/work/install/interface/local/lib/python3.10/dist-packages/interface-0.0.0-py3.10.egg-info/PKG-INFO
[9.495s] -- Installing: /home/eating/work/install/interface/local/lib/python3.10/dist-packages/interface
[9.496s] -- Installing: /home/eating/work/install/interface/local/lib/python3.10/dist-packages/interface/interface_s__rosidl_typesupport_fastrtps_c.cpython-310-x86_64-linux-gnu.so
[9.496s] -- Installing: /home/eating/work/install/interface/local/lib/python3.10/dist-packages/interface/libinterface__rosidl_generator_py.so
[9.496s] -- Installing: /home/eating/work/install/interface/local/lib/python3.10/dist-packages/interface/__init__.py
[9.496s] -- Installing: /home/eating/work/install/interface/local/lib/python3.10/dist-packages/interface/_interface_s.ep.rosidl_typesupport_fastrtps_c.c
[9.496s] -- Installing: /home/eating/work/install/interface/local/lib/python3.10/dist-packages/interface/_interface_s.ep.rosidl_typesupport_c.c
[9.496s] -- Installing: /home/eating/work/install/interface/local/lib/python3.10/dist-packages/interface/srv
[9.496s] -- Installing: /home/eating/work/install/interface/local/lib/python3.10/dist-packages/interface/srv/__init__.py
[9.496s] -- Installing: /home/eating/work/install/interface/local/lib/python3.10/dist-packages/interface/srv/_maincontroller.py
[9.497s] -- Installing: /home/eating/work/install/interface/local/lib/python3.10/dist-packages/interface/srv/_maincontroller_s.c
[9.497s] -- Installing: /home/eating/work/install/interface/local/lib/python3.10/dist-packages/interface/_interface_s.ep.rosidl_typesupport_introspection_c.c
[9.497s] -- Installing: /home/eating/work/install/interface/local/lib/python3.10/dist-packages/interface/interface_s__rosidl_typesupport_introspection_c.cpython-310-x86_64-linux-gnu.so
[9.497s] -- Installing: /home/eating/work/install/interface/local/lib/python3.10/dist-packages/interface/interface_s__rosidl_typesupport_c.cpython-310-x86_64-linux-gnu.so
[9.525s] Listing '/home/eating/work/install/interface/local/lib/python3.10/dist-packages/interface'...
[9.525s] Compiling '/home/eating/work/install/interface/local/lib/python3.10/dist-packages/interface/__init__.py'...
[9.526s] Listing '/home/eating/work/install/interface/local/lib/python3.10/dist-packages/interface/srv'...
[9.526s] Compiling '/home/eating/work/install/interface/local/lib/python3.10/dist-packages/interface/srv/__init__.py'...
[9.526s] Compiling '/home/eating/work/install/interface/local/lib/python3.10/dist-packages/interface/srv/_maincontroller.py'...
[9.526s] -- Installing: /home/eating/work/install/interface/local/lib/python3.10/dist-packages/interface/interface_s__rosidl_typesupport_fastrtps_c.cpython-310-x86_64-linux-gnu.so
[9.526s] -- Set runtime path of "/home/eating/work/install/interface/local/lib/python3.10/dist-packages/interface/interface_s__rosidl_typesupport_fastrtps_c.cpython-310-x86_64-linux-gnu.so" to ""
[9.527s] -- Installing: /home/eating/work/install/interface/local/lib/python3.10/dist-packages/interface/interface_s__rosidl_typesupport_introspection_c.cpython-310-x86_64-linux-gnu.so
[9.527s] -- Set runtime path of "/home/eating/work/install/interface/local/lib/python3.10/dist-packages/interface/interface_s__rosidl_typesupport_introspection_c.cpython-310-x86_64-linux-gnu.so" to ""
[9.527s] -- Installing: /home/eating/work/install/interface/local/lib/python3.10/dist-packages/interface/interface_s__rosidl_typesupport_c.cpython-310-x86_64-linux-gnu.so
[9.528s] -- Set runtime path of "/home/eating/work/install/interface/local/lib/python3.10/dist-packages/interface/interface_s__rosidl_typesupport_c.cpython-310-x86_64-linux-gnu.so" to ""
[9.528s] -- Installing: /home/eating/work/install/interface/lib/libinterface__rosidl_generator_py.so
[9.529s] -- Set runtime path of "/home/eating/work/install/interface/lib/libinterface__rosidl_generator_py.so" to ""
[9.529s] -- Installing: /home/eating/work/install/interface/share/interface/srv/Maincontroller.idl
[9.529s] -- Installing: /home/eating/work/install/interface/share/interface/srv/Maincontroller.srv
[9.532s] -- Installing: /home/eating/work/install/interface/share/interface/srv/Maincontroller_Request.msg
[9.532s] -- Installing: /home/eating/work/install/interface/share/interface/srv/Maincontroller_Response.msg
[9.532s] -- Installing: /home/eating/work/install/interface/share/ament_index/resource_index/package_run_dependencies/interface
[9.532s] -- Installing: /home/eating/work/install/interface/share/ament_index/resource_index/parent_prefix_path/interface
[9.532s] -- Installing: /home/eating/work/install/interface/share/interface/environment/ament_prefix_path.sh
[9.533s] -- Installing: /home/eating/work/install/interface/share/interface/environment/ament_prefix_path.dsv
[9.533s] -- Installing: /home/eating/work/install/interface/share/interface/environment/path.sh
[9.533s] -- Installing: /home/eating/work/install/interface/share/interface/environment/path.dsv
[9.533s] -- Installing: /home/eating/work/install/interface/share/interface/local_setup.bash
[9.533s] -- Installing: /home/eating/work/install/interface/share/interface/local_setup.sh
[9.533s] -- Installing: /home/eating/work/install/interface/share/interface/local_setup.zsh
[9.533s] -- Installing: /home/eating/work/install/interface/share/interface/local_setup.dsv
[9.533s] -- Installing: /home/eating/work/install/interface/share/interface/package.dsv
[9.534s] -- Installing: /home/eating/work/install/interface/share/ament_index/resource_index/packages/interface
[9.534s] -- Installing: /home/eating/work/install/interface/share/interface/cmake/export_interface__rosidl_generator_cExport.cmake
[9.534s] -- Installing: /home/eating/work/install/interface/share/interface/cmake/export_interface__rosidl_generator_cExport-noconfig.cmake
[9.534s] -- Installing: /home/eating/work/install/interface/share/interface/cmake/export_interface__rosidl_typesupport_fastrtps_cExport.cmake
[9.534s] -- Installing: /home/eating/work/install/interface/share/interface/cmake/export_interface__rosidl_typesupport_fastrtps_cExport-noconfig.cmake
[9.534s] -- Installing: /home/eating/work/install/interface/share/interface/cmake/export_interface__rosidl_generator_cppExport.cmake
[9.534s] -- Installing: /home/eating/work/install/interface/share/interface/cmake/export_interface__rosidl_typesupport_fastrtps_cppExport.cmake
[9.534s] -- Installing: /home/eating/work/install/interface/share/interface/cmake/export_interface__rosidl_typesupport_fastrtps_cppExport-noconfig.cmake
[9.534s] -- Installing: /home/eating/work/install/interface/share/interface/cmake/interface__rosidl_typesupport_introspection_cExport.cmake
[9.535s] -- Installing: /home/eating/work/install/interface/share/interface/cmake/interface__rosidl_typesupport_introspection_cExport-noconfig.cmake
[9.535s] -- Installing: /home/eating/work/install/interface/share/interface/cmake/interface__rosidl_typesupport_cExport.cmake
[9.535s] -- Installing: /home/eating/work/install/interface/share/interface/cmake/interface__rosidl_typesupport_cExport-noconfig.cmake
[9.535s] -- Installing: /home/eating/work/install/interface/share/interface/cmake/interface__rosidl_typesupport_introspection_cppExport.cmake
[9.535s] -- Installing: /home/eating/work/install/interface/share/interface/cmake/interface__rosidl_typesupport_introspection_cppExport-noconfig.cmake
[9.535s] -- Installing: /home/eating/work/install/interface/share/interface/cmake/interface__rosidl_typesupport_cppExport.cmake
[9.535s] -- Installing: /home/eating/work/install/interface/share/interface/cmake/interface__rosidl_typesupport_cppExport-noconfig.cmake
[9.535s] -- Installing: /home/eating/work/install/interface/share/interface/cmake/export_interface__rosidl_generator_pyExport.cmake
[9.535s] -- Installing: /home/eating/work/install/interface/share/interface/cmake/export_interface__rosidl_generator_pyExport-noconfig.cmake
[9.536s] -- Installing: /home/eating/work/install/interface/share/interface/cmake/rosidl_cmake-extras.cmake
[9.536s] -- Installing: /home/eating/work/install/interface/share/interface/cmake/ament_cmake_export_dependencies-extras.cmake
[9.536s] -- Installing: /home/eating/work/install/interface/share/interface/cmake/ament_cmake_export_include_directories-extras.cmake
[9.536s] -- Installing: /home/eating/work/install/interface/share/interface/cmake/ament_cmake_export_libraries-extras.cmake
[9.536s] -- Installing: /home/eating/work/install/interface/share/interface/cmake/ament_cmake_export_targets-extras.cmake
[9.536s] -- Installing: /home/eating/work/install/interface/share/interface/cmake/rosidl_cmake_export_typesupport_targets-extras.cmake
[9.536s] -- Installing: /home/eating/work/install/interface/share/interface/cmake/rosidl_cmake_export_typesupport_libraries-extras.cmake
[9.536s] -- Installing: /home/eating/work/install/interface/share/interface/cmake/interfaceConfig.cmake
[9.537s] -- Installing: /home/eating/work/install/interface/share/interface/cmake/interfaceConfig-version.cmake
[9.537s] -- Installing: /home/eating/work/install/interface/share/interface/package.xml
[9.677s] Invoked command in '/home/eating/work/build/interface' returned '0': CMAKE_PREFIX_PATH=${CMAKE_PREFIX_PATH}:/home/eating/work/install/pallet_main:/home/eating/work/install/main_control:/home/eating/work/install/gui:/home/eating/work/install/docking_pkg:/opt/ros/humble /usr/bin/cmake --install /home/eating/work/build/interface
