[0.411s] Invoking command in '/home/eating/work/build/keyboard_control': CMAKE_PREFIX_PATH=/opt/ros/humble /usr/bin/cmake --build /home/eating/work/build/keyboard_control -- -j8 -l8
[0.497s] [100%] Built target main
[0.524s] Invoked command in '/home/eating/work/build/keyboard_control' returned '0': CMAKE_PREFIX_PATH=/opt/ros/humble /usr/bin/cmake --build /home/eating/work/build/keyboard_control -- -j8 -l8
[0.525s] Invoking command in '/home/eating/work/build/keyboard_control': CMAKE_PREFIX_PATH=/opt/ros/humble /usr/bin/cmake --install /home/eating/work/build/keyboard_control
[0.564s] -- Install configuration: ""
[0.564s] -- Up-to-date: /home/eating/work/install/keyboard_control/lib/keyboard_control/main
[0.564s] -- Up-to-date: /home/eating/work/install/keyboard_control/share/ament_index/resource_index/package_run_dependencies/keyboard_control
[0.564s] -- Up-to-date: /home/eating/work/install/keyboard_control/share/ament_index/resource_index/parent_prefix_path/keyboard_control
[0.564s] -- Up-to-date: /home/eating/work/install/keyboard_control/share/keyboard_control/environment/ament_prefix_path.sh
[0.564s] -- Up-to-date: /home/eating/work/install/keyboard_control/share/keyboard_control/environment/ament_prefix_path.dsv
[0.565s] -- Up-to-date: /home/eating/work/install/keyboard_control/share/keyboard_control/environment/path.sh
[0.565s] -- Up-to-date: /home/eating/work/install/keyboard_control/share/keyboard_control/environment/path.dsv
[0.565s] -- Up-to-date: /home/eating/work/install/keyboard_control/share/keyboard_control/local_setup.bash
[0.565s] -- Up-to-date: /home/eating/work/install/keyboard_control/share/keyboard_control/local_setup.sh
[0.565s] -- Up-to-date: /home/eating/work/install/keyboard_control/share/keyboard_control/local_setup.zsh
[0.565s] -- Up-to-date: /home/eating/work/install/keyboard_control/share/keyboard_control/local_setup.dsv
[0.565s] -- Installing: /home/eating/work/install/keyboard_control/share/keyboard_control/package.dsv
[0.565s] -- Up-to-date: /home/eating/work/install/keyboard_control/share/ament_index/resource_index/packages/keyboard_control
[0.565s] -- Up-to-date: /home/eating/work/install/keyboard_control/share/keyboard_control/cmake/keyboard_controlConfig.cmake
[0.565s] -- Up-to-date: /home/eating/work/install/keyboard_control/share/keyboard_control/cmake/keyboard_controlConfig-version.cmake
[0.565s] -- Up-to-date: /home/eating/work/install/keyboard_control/share/keyboard_control/package.xml
[0.573s] Invoked command in '/home/eating/work/build/keyboard_control' returned '0': CMAKE_PREFIX_PATH=/opt/ros/humble /usr/bin/cmake --install /home/eating/work/build/keyboard_control
