[0.029s] Invoking command in '/home/eating/work/build/gui_interface': CMAKE_PREFIX_PATH=${CMAKE_PREFIX_PATH}:/home/eating/work/install/pallet_main:/home/eating/work/install/main_control:/home/eating/work/install/gui:/home/eating/work/install/docking_pkg:/opt/ros/humble /usr/bin/cmake /home/eating/work/src/gui/gui_interface -DCMAKE_INSTALL_PREFIX=/home/eating/work/install/gui_interface
[0.381s] -- The C compiler identification is GNU 11.4.0
[0.381s] -- The CXX compiler identification is GNU 11.4.0
[0.381s] -- Detecting C compiler ABI info
[0.381s] -- Detecting C compiler ABI info - done
[0.381s] -- Check for working C compiler: /usr/bin/cc - skipped
[0.381s] -- Detecting C compile features
[0.381s] -- Detecting C compile features - done
[0.382s] -- Detecting CXX compiler ABI info
[0.382s] -- Detecting CXX compiler ABI info - done
[0.382s] -- Check for working CXX compiler: /usr/bin/c++ - skipped
[0.382s] -- Detecting CXX compile features
[0.382s] -- Detecting CXX compile features - done
[0.382s] -- Found ament_cmake: 1.3.11 (/opt/ros/humble/share/ament_cmake/cmake)
[0.498s] -- Found Python3: /usr/bin/python3 (found version "3.10.12") found components: Interpreter 
[0.636s] -- Found geometry_msgs: 4.9.0 (/opt/ros/humble/share/geometry_msgs/cmake)
[0.695s] -- Found rosidl_generator_c: 3.1.6 (/opt/ros/humble/share/rosidl_generator_c/cmake)
[0.702s] -- Found rosidl_adapter: 3.1.6 (/opt/ros/humble/share/rosidl_adapter/cmake)
[0.711s] -- Found rosidl_generator_cpp: 3.1.6 (/opt/ros/humble/share/rosidl_generator_cpp/cmake)
[0.731s] -- Using all available rosidl_typesupport_c: rosidl_typesupport_fastrtps_c;rosidl_typesupport_introspection_c
[0.760s] -- Using all available rosidl_typesupport_cpp: rosidl_typesupport_fastrtps_cpp;rosidl_typesupport_introspection_cpp
[0.829s] -- Found rosidl_default_generators: 1.2.0 (/opt/ros/humble/share/rosidl_default_generators/cmake)
[1.326s] -- Found ament_cmake_ros: 0.10.0 (/opt/ros/humble/share/ament_cmake_ros/cmake)
[2.018s] -- Using all available rosidl_typesupport_c: rosidl_typesupport_fastrtps_c;rosidl_typesupport_introspection_c
[2.294s] -- Using all available rosidl_typesupport_cpp: rosidl_typesupport_fastrtps_cpp;rosidl_typesupport_introspection_cpp
[2.339s] -- Found PythonInterp: /usr/bin/python3 (found suitable version "3.10.12", minimum required is "3.6") 
[2.342s] -- Found python_cmake_module: 0.10.0 (/opt/ros/humble/share/python_cmake_module/cmake)
[2.387s] -- Found PythonLibs: /usr/lib/x86_64-linux-gnu/libpython3.10.so (found suitable version "3.10.12", minimum required is "3.5") 
[2.388s] -- Using PYTHON_EXECUTABLE: /usr/bin/python3
[2.388s] -- Using PYTHON_INCLUDE_DIRS: /usr/include/python3.10
[2.388s] -- Using PYTHON_LIBRARIES: /usr/lib/x86_64-linux-gnu/libpython3.10.so
[2.423s] -- Found PythonExtra: .so  
[2.572s] -- Found ament_lint_auto: 0.12.12 (/opt/ros/humble/share/ament_lint_auto/cmake)
[2.601s] -- Added test 'lint_cmake' to check CMake code style
[2.603s] -- Added test 'xmllint' to check XML markup files
[2.608s] -- Configuring done
[2.664s] -- Generating done
[2.686s] -- Build files have been written to: /home/eating/work/build/gui_interface
[2.702s] Invoked command in '/home/eating/work/build/gui_interface' returned '0': CMAKE_PREFIX_PATH=${CMAKE_PREFIX_PATH}:/home/eating/work/install/pallet_main:/home/eating/work/install/main_control:/home/eating/work/install/gui:/home/eating/work/install/docking_pkg:/opt/ros/humble /usr/bin/cmake /home/eating/work/src/gui/gui_interface -DCMAKE_INSTALL_PREFIX=/home/eating/work/install/gui_interface
[2.703s] Invoking command in '/home/eating/work/build/gui_interface': CMAKE_PREFIX_PATH=${CMAKE_PREFIX_PATH}:/home/eating/work/install/pallet_main:/home/eating/work/install/main_control:/home/eating/work/install/gui:/home/eating/work/install/docking_pkg:/opt/ros/humble /usr/bin/cmake --build /home/eating/work/build/gui_interface -- -j8 -l8
[3.529s] [  3%] [34m[1mGenerating C++ code for ROS interfaces[0m
[3.529s] [  6%] [34m[1mGenerating C code for ROS interfaces[0m
[3.529s] [  6%] Built target ament_cmake_python_copy_gui_interface
[3.529s] [  6%] Built target gui_interface__cpp
[3.537s] [  9%] [34m[1mGenerating C++ type support dispatch for ROS interfaces[0m
[3.581s] [ 12%] [34m[1mGenerating C++ type support for eProsima Fast-RTPS[0m
[3.581s] [ 16%] [34m[1mGenerating C++ introspection for ROS interfaces[0m
[3.780s] [ 19%] [32mBuilding C object CMakeFiles/gui_interface__rosidl_generator_c.dir/rosidl_generator_c/gui_interface/srv/detail/taskcmd__functions.c.o[0m
[3.939s] [ 22%] [32m[1mLinking C shared library libgui_interface__rosidl_generator_c.so[0m
[4.037s] running egg_info
[4.038s] creating gui_interface.egg-info
[4.038s] writing gui_interface.egg-info/PKG-INFO
[4.039s] writing dependency_links to gui_interface.egg-info/dependency_links.txt
[4.039s] writing top-level names to gui_interface.egg-info/top_level.txt
[4.039s] writing manifest file 'gui_interface.egg-info/SOURCES.txt'
[4.047s] reading manifest file 'gui_interface.egg-info/SOURCES.txt'
[4.047s] writing manifest file 'gui_interface.egg-info/SOURCES.txt'
[4.125s] [ 22%] Built target gui_interface__rosidl_generator_c
[4.176s] [ 22%] Built target ament_cmake_python_build_gui_interface_egg
[4.198s] [ 25%] [34m[1mGenerating C type support for eProsima Fast-RTPS[0m
[4.226s] [ 29%] [34m[1mGenerating C type support dispatch for ROS interfaces[0m
[4.227s] [ 32%] [34m[1mGenerating C introspection for ROS interfaces[0m
[4.309s] [ 35%] [32mBuilding CXX object CMakeFiles/gui_interface__rosidl_typesupport_cpp.dir/rosidl_typesupport_cpp/gui_interface/srv/taskcmd__type_support.cpp.o[0m
[4.513s] [ 38%] [32mBuilding CXX object CMakeFiles/gui_interface__rosidl_typesupport_fastrtps_cpp.dir/rosidl_typesupport_fastrtps_cpp/gui_interface/srv/detail/dds_fastrtps/taskcmd__type_support.cpp.o[0m
[4.873s] [ 41%] [32mBuilding CXX object CMakeFiles/gui_interface__rosidl_typesupport_introspection_cpp.dir/rosidl_typesupport_introspection_cpp/gui_interface/srv/detail/taskcmd__type_support.cpp.o[0m
[5.139s] [ 45%] [32mBuilding CXX object CMakeFiles/gui_interface__rosidl_typesupport_fastrtps_c.dir/rosidl_typesupport_fastrtps_c/gui_interface/srv/detail/taskcmd__type_support_c.cpp.o[0m
[5.191s] [ 48%] [32mBuilding C object CMakeFiles/gui_interface__rosidl_typesupport_introspection_c.dir/rosidl_typesupport_introspection_c/gui_interface/srv/detail/taskcmd__type_support.c.o[0m
[5.281s] [ 51%] [32mBuilding CXX object CMakeFiles/gui_interface__rosidl_typesupport_c.dir/rosidl_typesupport_c/gui_interface/srv/taskcmd__type_support.cpp.o[0m
[5.371s] [ 54%] [32m[1mLinking C shared library libgui_interface__rosidl_typesupport_introspection_c.so[0m
[5.458s] [ 58%] [32m[1mLinking CXX shared library libgui_interface__rosidl_typesupport_c.so[0m
[5.462s] [ 58%] Built target gui_interface__rosidl_typesupport_introspection_c
[5.515s] [ 61%] [32m[1mLinking CXX shared library libgui_interface__rosidl_typesupport_cpp.so[0m
[5.633s] [ 61%] Built target gui_interface__rosidl_typesupport_c
[5.690s] [ 61%] Built target gui_interface__rosidl_typesupport_cpp
[5.765s] [ 64%] [32m[1mLinking CXX shared library libgui_interface__rosidl_typesupport_introspection_cpp.so[0m
[6.012s] [ 67%] [32m[1mLinking CXX shared library libgui_interface__rosidl_typesupport_fastrtps_c.so[0m
[6.040s] [ 67%] Built target gui_interface__rosidl_typesupport_introspection_cpp
[6.122s] [ 70%] [32m[1mLinking CXX shared library libgui_interface__rosidl_typesupport_fastrtps_cpp.so[0m
[6.219s] [ 70%] Built target gui_interface__rosidl_typesupport_fastrtps_c
[6.352s] [ 70%] Built target gui_interface__rosidl_typesupport_fastrtps_cpp
[6.457s] [ 70%] Built target gui_interface
[6.550s] [ 74%] [34m[1mGenerating Python code for ROS interfaces[0m
[7.485s] [ 74%] Built target gui_interface__py
[7.577s] [ 77%] [32mBuilding C object CMakeFiles/gui_interface__rosidl_generator_py.dir/rosidl_generator_py/gui_interface/srv/_taskcmd_s.c.o[0m
[7.906s] [ 80%] [32m[1mLinking C shared library rosidl_generator_py/gui_interface/libgui_interface__rosidl_generator_py.so[0m
[8.082s] [ 80%] Built target gui_interface__rosidl_generator_py
[8.239s] [ 83%] [32mBuilding C object CMakeFiles/gui_interface__rosidl_typesupport_fastrtps_c__pyext.dir/rosidl_generator_py/gui_interface/_gui_interface_s.ep.rosidl_typesupport_fastrtps_c.c.o[0m
[8.242s] [ 87%] [32mBuilding C object CMakeFiles/gui_interface__rosidl_typesupport_introspection_c__pyext.dir/rosidl_generator_py/gui_interface/_gui_interface_s.ep.rosidl_typesupport_introspection_c.c.o[0m
[8.250s] [ 90%] [32mBuilding C object CMakeFiles/gui_interface__rosidl_typesupport_c__pyext.dir/rosidl_generator_py/gui_interface/_gui_interface_s.ep.rosidl_typesupport_c.c.o[0m
[8.483s] [ 93%] [32m[1mLinking C shared library rosidl_generator_py/gui_interface/gui_interface_s__rosidl_typesupport_introspection_c.cpython-310-x86_64-linux-gnu.so[0m
[8.631s] [ 96%] [32m[1mLinking C shared library rosidl_generator_py/gui_interface/gui_interface_s__rosidl_typesupport_fastrtps_c.cpython-310-x86_64-linux-gnu.so[0m
[8.650s] [ 96%] Built target gui_interface__rosidl_typesupport_introspection_c__pyext
[8.677s] [100%] [32m[1mLinking C shared library rosidl_generator_py/gui_interface/gui_interface_s__rosidl_typesupport_c.cpython-310-x86_64-linux-gnu.so[0m
[8.785s] [100%] Built target gui_interface__rosidl_typesupport_fastrtps_c__pyext
[8.810s] [100%] Built target gui_interface__rosidl_typesupport_c__pyext
[8.825s] Invoked command in '/home/eating/work/build/gui_interface' returned '0': CMAKE_PREFIX_PATH=${CMAKE_PREFIX_PATH}:/home/eating/work/install/pallet_main:/home/eating/work/install/main_control:/home/eating/work/install/gui:/home/eating/work/install/docking_pkg:/opt/ros/humble /usr/bin/cmake --build /home/eating/work/build/gui_interface -- -j8 -l8
[8.869s] Invoking command in '/home/eating/work/build/gui_interface': CMAKE_PREFIX_PATH=${CMAKE_PREFIX_PATH}:/home/eating/work/install/pallet_main:/home/eating/work/install/main_control:/home/eating/work/install/gui:/home/eating/work/install/docking_pkg:/opt/ros/humble /usr/bin/cmake --install /home/eating/work/build/gui_interface
[9.662s] -- Install configuration: ""
[9.663s] -- Installing: /home/eating/work/install/gui_interface/share/ament_index/resource_index/rosidl_interfaces/gui_interface
[9.663s] -- Installing: /home/eating/work/install/gui_interface/include/gui_interface/gui_interface
[9.663s] -- Installing: /home/eating/work/install/gui_interface/include/gui_interface/gui_interface/msg
[9.663s] -- Installing: /home/eating/work/install/gui_interface/include/gui_interface/gui_interface/msg/rosidl_generator_c__visibility_control.h
[9.663s] -- Installing: /home/eating/work/install/gui_interface/include/gui_interface/gui_interface/srv
[9.663s] -- Installing: /home/eating/work/install/gui_interface/include/gui_interface/gui_interface/srv/detail
[9.663s] -- Installing: /home/eating/work/install/gui_interface/include/gui_interface/gui_interface/srv/detail/taskcmd__struct.h
[9.663s] -- Installing: /home/eating/work/install/gui_interface/include/gui_interface/gui_interface/srv/detail/taskcmd__type_support.h
[9.663s] -- Installing: /home/eating/work/install/gui_interface/include/gui_interface/gui_interface/srv/detail/taskcmd__functions.h
[9.664s] -- Installing: /home/eating/work/install/gui_interface/include/gui_interface/gui_interface/srv/detail/taskcmd__functions.c
[9.664s] -- Installing: /home/eating/work/install/gui_interface/include/gui_interface/gui_interface/srv/taskcmd.h
[9.664s] -- Installing: /home/eating/work/install/gui_interface/share/gui_interface/environment/library_path.sh
[9.664s] -- Installing: /home/eating/work/install/gui_interface/share/gui_interface/environment/library_path.dsv
[9.664s] -- Installing: /home/eating/work/install/gui_interface/lib/libgui_interface__rosidl_generator_c.so
[9.664s] -- Set runtime path of "/home/eating/work/install/gui_interface/lib/libgui_interface__rosidl_generator_c.so" to ""
[9.664s] -- Up-to-date: /home/eating/work/install/gui_interface/include/gui_interface/gui_interface
[9.664s] -- Up-to-date: /home/eating/work/install/gui_interface/include/gui_interface/gui_interface/msg
[9.665s] -- Installing: /home/eating/work/install/gui_interface/include/gui_interface/gui_interface/msg/rosidl_typesupport_fastrtps_c__visibility_control.h
[9.665s] -- Up-to-date: /home/eating/work/install/gui_interface/include/gui_interface/gui_interface/srv
[9.665s] -- Up-to-date: /home/eating/work/install/gui_interface/include/gui_interface/gui_interface/srv/detail
[9.665s] -- Installing: /home/eating/work/install/gui_interface/include/gui_interface/gui_interface/srv/detail/taskcmd__rosidl_typesupport_fastrtps_c.h
[9.665s] -- Installing: /home/eating/work/install/gui_interface/lib/libgui_interface__rosidl_typesupport_fastrtps_c.so
[9.665s] -- Set runtime path of "/home/eating/work/install/gui_interface/lib/libgui_interface__rosidl_typesupport_fastrtps_c.so" to ""
[9.665s] -- Up-to-date: /home/eating/work/install/gui_interface/include/gui_interface/gui_interface
[9.666s] -- Up-to-date: /home/eating/work/install/gui_interface/include/gui_interface/gui_interface/msg
[9.666s] -- Installing: /home/eating/work/install/gui_interface/include/gui_interface/gui_interface/msg/rosidl_generator_cpp__visibility_control.hpp
[9.666s] -- Up-to-date: /home/eating/work/install/gui_interface/include/gui_interface/gui_interface/srv
[9.666s] -- Installing: /home/eating/work/install/gui_interface/include/gui_interface/gui_interface/srv/taskcmd.hpp
[9.666s] -- Up-to-date: /home/eating/work/install/gui_interface/include/gui_interface/gui_interface/srv/detail
[9.666s] -- Installing: /home/eating/work/install/gui_interface/include/gui_interface/gui_interface/srv/detail/taskcmd__struct.hpp
[9.666s] -- Installing: /home/eating/work/install/gui_interface/include/gui_interface/gui_interface/srv/detail/taskcmd__builder.hpp
[9.666s] -- Installing: /home/eating/work/install/gui_interface/include/gui_interface/gui_interface/srv/detail/taskcmd__type_support.hpp
[9.666s] -- Installing: /home/eating/work/install/gui_interface/include/gui_interface/gui_interface/srv/detail/taskcmd__traits.hpp
[9.667s] -- Up-to-date: /home/eating/work/install/gui_interface/include/gui_interface/gui_interface
[9.667s] -- Up-to-date: /home/eating/work/install/gui_interface/include/gui_interface/gui_interface/msg
[9.667s] -- Installing: /home/eating/work/install/gui_interface/include/gui_interface/gui_interface/msg/rosidl_typesupport_fastrtps_cpp__visibility_control.h
[9.667s] -- Up-to-date: /home/eating/work/install/gui_interface/include/gui_interface/gui_interface/srv
[9.667s] -- Up-to-date: /home/eating/work/install/gui_interface/include/gui_interface/gui_interface/srv/detail
[9.667s] -- Installing: /home/eating/work/install/gui_interface/include/gui_interface/gui_interface/srv/detail/dds_fastrtps
[9.667s] -- Installing: /home/eating/work/install/gui_interface/include/gui_interface/gui_interface/srv/detail/taskcmd__rosidl_typesupport_fastrtps_cpp.hpp
[9.667s] -- Installing: /home/eating/work/install/gui_interface/lib/libgui_interface__rosidl_typesupport_fastrtps_cpp.so
[9.667s] -- Set runtime path of "/home/eating/work/install/gui_interface/lib/libgui_interface__rosidl_typesupport_fastrtps_cpp.so" to ""
[9.668s] -- Up-to-date: /home/eating/work/install/gui_interface/include/gui_interface/gui_interface
[9.668s] -- Up-to-date: /home/eating/work/install/gui_interface/include/gui_interface/gui_interface/msg
[9.668s] -- Installing: /home/eating/work/install/gui_interface/include/gui_interface/gui_interface/msg/rosidl_typesupport_introspection_c__visibility_control.h
[9.668s] -- Up-to-date: /home/eating/work/install/gui_interface/include/gui_interface/gui_interface/srv
[9.668s] -- Up-to-date: /home/eating/work/install/gui_interface/include/gui_interface/gui_interface/srv/detail
[9.668s] -- Installing: /home/eating/work/install/gui_interface/include/gui_interface/gui_interface/srv/detail/taskcmd__type_support.c
[9.681s] -- Installing: /home/eating/work/install/gui_interface/include/gui_interface/gui_interface/srv/detail/taskcmd__rosidl_typesupport_introspection_c.h
[9.681s] -- Installing: /home/eating/work/install/gui_interface/lib/libgui_interface__rosidl_typesupport_introspection_c.so
[9.681s] -- Set runtime path of "/home/eating/work/install/gui_interface/lib/libgui_interface__rosidl_typesupport_introspection_c.so" to ""
[9.681s] -- Installing: /home/eating/work/install/gui_interface/lib/libgui_interface__rosidl_typesupport_c.so
[9.681s] -- Set runtime path of "/home/eating/work/install/gui_interface/lib/libgui_interface__rosidl_typesupport_c.so" to ""
[9.681s] -- Up-to-date: /home/eating/work/install/gui_interface/include/gui_interface/gui_interface
[9.682s] -- Up-to-date: /home/eating/work/install/gui_interface/include/gui_interface/gui_interface/srv
[9.682s] -- Up-to-date: /home/eating/work/install/gui_interface/include/gui_interface/gui_interface/srv/detail
[9.682s] -- Installing: /home/eating/work/install/gui_interface/include/gui_interface/gui_interface/srv/detail/taskcmd__rosidl_typesupport_introspection_cpp.hpp
[9.682s] -- Installing: /home/eating/work/install/gui_interface/include/gui_interface/gui_interface/srv/detail/taskcmd__type_support.cpp
[9.682s] -- Installing: /home/eating/work/install/gui_interface/lib/libgui_interface__rosidl_typesupport_introspection_cpp.so
[9.682s] -- Set runtime path of "/home/eating/work/install/gui_interface/lib/libgui_interface__rosidl_typesupport_introspection_cpp.so" to ""
[9.682s] -- Installing: /home/eating/work/install/gui_interface/lib/libgui_interface__rosidl_typesupport_cpp.so
[9.682s] -- Set runtime path of "/home/eating/work/install/gui_interface/lib/libgui_interface__rosidl_typesupport_cpp.so" to ""
[9.682s] -- Installing: /home/eating/work/install/gui_interface/share/gui_interface/environment/pythonpath.sh
[9.683s] -- Installing: /home/eating/work/install/gui_interface/share/gui_interface/environment/pythonpath.dsv
[9.683s] -- Installing: /home/eating/work/install/gui_interface/local/lib/python3.10/dist-packages/gui_interface-0.0.0-py3.10.egg-info
[9.683s] -- Installing: /home/eating/work/install/gui_interface/local/lib/python3.10/dist-packages/gui_interface-0.0.0-py3.10.egg-info/top_level.txt
[9.683s] -- Installing: /home/eating/work/install/gui_interface/local/lib/python3.10/dist-packages/gui_interface-0.0.0-py3.10.egg-info/SOURCES.txt
[9.683s] -- Installing: /home/eating/work/install/gui_interface/local/lib/python3.10/dist-packages/gui_interface-0.0.0-py3.10.egg-info/dependency_links.txt
[9.683s] -- Installing: /home/eating/work/install/gui_interface/local/lib/python3.10/dist-packages/gui_interface-0.0.0-py3.10.egg-info/PKG-INFO
[9.683s] -- Installing: /home/eating/work/install/gui_interface/local/lib/python3.10/dist-packages/gui_interface
[9.683s] -- Installing: /home/eating/work/install/gui_interface/local/lib/python3.10/dist-packages/gui_interface/__init__.py
[9.683s] -- Installing: /home/eating/work/install/gui_interface/local/lib/python3.10/dist-packages/gui_interface/gui_interface_s__rosidl_typesupport_c.cpython-310-x86_64-linux-gnu.so
[9.684s] -- Installing: /home/eating/work/install/gui_interface/local/lib/python3.10/dist-packages/gui_interface/_gui_interface_s.ep.rosidl_typesupport_fastrtps_c.c
[9.684s] -- Installing: /home/eating/work/install/gui_interface/local/lib/python3.10/dist-packages/gui_interface/_gui_interface_s.ep.rosidl_typesupport_c.c
[9.684s] -- Installing: /home/eating/work/install/gui_interface/local/lib/python3.10/dist-packages/gui_interface/gui_interface_s__rosidl_typesupport_introspection_c.cpython-310-x86_64-linux-gnu.so
[9.684s] -- Installing: /home/eating/work/install/gui_interface/local/lib/python3.10/dist-packages/gui_interface/srv
[9.684s] -- Installing: /home/eating/work/install/gui_interface/local/lib/python3.10/dist-packages/gui_interface/srv/__init__.py
[9.684s] -- Installing: /home/eating/work/install/gui_interface/local/lib/python3.10/dist-packages/gui_interface/srv/_taskcmd.py
[9.684s] -- Installing: /home/eating/work/install/gui_interface/local/lib/python3.10/dist-packages/gui_interface/srv/_taskcmd_s.c
[9.684s] -- Installing: /home/eating/work/install/gui_interface/local/lib/python3.10/dist-packages/gui_interface/libgui_interface__rosidl_generator_py.so
[9.684s] -- Installing: /home/eating/work/install/gui_interface/local/lib/python3.10/dist-packages/gui_interface/gui_interface_s__rosidl_typesupport_fastrtps_c.cpython-310-x86_64-linux-gnu.so
[9.685s] -- Installing: /home/eating/work/install/gui_interface/local/lib/python3.10/dist-packages/gui_interface/_gui_interface_s.ep.rosidl_typesupport_introspection_c.c
[9.685s] Listing '/home/eating/work/install/gui_interface/local/lib/python3.10/dist-packages/gui_interface'...
[9.685s] Compiling '/home/eating/work/install/gui_interface/local/lib/python3.10/dist-packages/gui_interface/__init__.py'...
[9.685s] Listing '/home/eating/work/install/gui_interface/local/lib/python3.10/dist-packages/gui_interface/srv'...
[9.685s] Compiling '/home/eating/work/install/gui_interface/local/lib/python3.10/dist-packages/gui_interface/srv/__init__.py'...
[9.685s] Compiling '/home/eating/work/install/gui_interface/local/lib/python3.10/dist-packages/gui_interface/srv/_taskcmd.py'...
[9.685s] -- Installing: /home/eating/work/install/gui_interface/local/lib/python3.10/dist-packages/gui_interface/gui_interface_s__rosidl_typesupport_fastrtps_c.cpython-310-x86_64-linux-gnu.so
[9.685s] -- Set runtime path of "/home/eating/work/install/gui_interface/local/lib/python3.10/dist-packages/gui_interface/gui_interface_s__rosidl_typesupport_fastrtps_c.cpython-310-x86_64-linux-gnu.so" to ""
[9.686s] -- Installing: /home/eating/work/install/gui_interface/local/lib/python3.10/dist-packages/gui_interface/gui_interface_s__rosidl_typesupport_introspection_c.cpython-310-x86_64-linux-gnu.so
[9.686s] -- Set runtime path of "/home/eating/work/install/gui_interface/local/lib/python3.10/dist-packages/gui_interface/gui_interface_s__rosidl_typesupport_introspection_c.cpython-310-x86_64-linux-gnu.so" to ""
[9.686s] -- Installing: /home/eating/work/install/gui_interface/local/lib/python3.10/dist-packages/gui_interface/gui_interface_s__rosidl_typesupport_c.cpython-310-x86_64-linux-gnu.so
[9.686s] -- Set runtime path of "/home/eating/work/install/gui_interface/local/lib/python3.10/dist-packages/gui_interface/gui_interface_s__rosidl_typesupport_c.cpython-310-x86_64-linux-gnu.so" to ""
[9.686s] -- Installing: /home/eating/work/install/gui_interface/lib/libgui_interface__rosidl_generator_py.so
[9.686s] -- Set runtime path of "/home/eating/work/install/gui_interface/lib/libgui_interface__rosidl_generator_py.so" to ""
[9.686s] -- Installing: /home/eating/work/install/gui_interface/share/gui_interface/srv/Taskcmd.idl
[9.686s] -- Installing: /home/eating/work/install/gui_interface/share/gui_interface/srv/Taskcmd.srv
[9.686s] -- Installing: /home/eating/work/install/gui_interface/share/gui_interface/srv/Taskcmd_Request.msg
[9.687s] -- Installing: /home/eating/work/install/gui_interface/share/gui_interface/srv/Taskcmd_Response.msg
[9.687s] -- Installing: /home/eating/work/install/gui_interface/share/ament_index/resource_index/package_run_dependencies/gui_interface
[9.687s] -- Installing: /home/eating/work/install/gui_interface/share/ament_index/resource_index/parent_prefix_path/gui_interface
[9.687s] -- Installing: /home/eating/work/install/gui_interface/share/gui_interface/environment/ament_prefix_path.sh
[9.687s] -- Installing: /home/eating/work/install/gui_interface/share/gui_interface/environment/ament_prefix_path.dsv
[9.687s] -- Installing: /home/eating/work/install/gui_interface/share/gui_interface/environment/path.sh
[9.687s] -- Installing: /home/eating/work/install/gui_interface/share/gui_interface/environment/path.dsv
[9.687s] -- Installing: /home/eating/work/install/gui_interface/share/gui_interface/local_setup.bash
[9.688s] -- Installing: /home/eating/work/install/gui_interface/share/gui_interface/local_setup.sh
[9.688s] -- Installing: /home/eating/work/install/gui_interface/share/gui_interface/local_setup.zsh
[9.688s] -- Installing: /home/eating/work/install/gui_interface/share/gui_interface/local_setup.dsv
[9.688s] -- Installing: /home/eating/work/install/gui_interface/share/gui_interface/package.dsv
[9.688s] -- Installing: /home/eating/work/install/gui_interface/share/ament_index/resource_index/packages/gui_interface
[9.688s] -- Installing: /home/eating/work/install/gui_interface/share/gui_interface/cmake/export_gui_interface__rosidl_generator_cExport.cmake
[9.689s] -- Installing: /home/eating/work/install/gui_interface/share/gui_interface/cmake/export_gui_interface__rosidl_generator_cExport-noconfig.cmake
[9.689s] -- Installing: /home/eating/work/install/gui_interface/share/gui_interface/cmake/export_gui_interface__rosidl_typesupport_fastrtps_cExport.cmake
[9.689s] -- Installing: /home/eating/work/install/gui_interface/share/gui_interface/cmake/export_gui_interface__rosidl_typesupport_fastrtps_cExport-noconfig.cmake
[9.689s] -- Installing: /home/eating/work/install/gui_interface/share/gui_interface/cmake/export_gui_interface__rosidl_generator_cppExport.cmake
[9.689s] -- Installing: /home/eating/work/install/gui_interface/share/gui_interface/cmake/export_gui_interface__rosidl_typesupport_fastrtps_cppExport.cmake
[9.689s] -- Installing: /home/eating/work/install/gui_interface/share/gui_interface/cmake/export_gui_interface__rosidl_typesupport_fastrtps_cppExport-noconfig.cmake
[9.689s] -- Installing: /home/eating/work/install/gui_interface/share/gui_interface/cmake/gui_interface__rosidl_typesupport_introspection_cExport.cmake
[9.689s] -- Installing: /home/eating/work/install/gui_interface/share/gui_interface/cmake/gui_interface__rosidl_typesupport_introspection_cExport-noconfig.cmake
[9.690s] -- Installing: /home/eating/work/install/gui_interface/share/gui_interface/cmake/gui_interface__rosidl_typesupport_cExport.cmake
[9.690s] -- Installing: /home/eating/work/install/gui_interface/share/gui_interface/cmake/gui_interface__rosidl_typesupport_cExport-noconfig.cmake
[9.690s] -- Installing: /home/eating/work/install/gui_interface/share/gui_interface/cmake/gui_interface__rosidl_typesupport_introspection_cppExport.cmake
[9.690s] -- Installing: /home/eating/work/install/gui_interface/share/gui_interface/cmake/gui_interface__rosidl_typesupport_introspection_cppExport-noconfig.cmake
[9.690s] -- Installing: /home/eating/work/install/gui_interface/share/gui_interface/cmake/gui_interface__rosidl_typesupport_cppExport.cmake
[9.690s] -- Installing: /home/eating/work/install/gui_interface/share/gui_interface/cmake/gui_interface__rosidl_typesupport_cppExport-noconfig.cmake
[9.690s] -- Installing: /home/eating/work/install/gui_interface/share/gui_interface/cmake/export_gui_interface__rosidl_generator_pyExport.cmake
[9.690s] -- Installing: /home/eating/work/install/gui_interface/share/gui_interface/cmake/export_gui_interface__rosidl_generator_pyExport-noconfig.cmake
[9.690s] -- Installing: /home/eating/work/install/gui_interface/share/gui_interface/cmake/rosidl_cmake-extras.cmake
[9.691s] -- Installing: /home/eating/work/install/gui_interface/share/gui_interface/cmake/ament_cmake_export_dependencies-extras.cmake
[9.691s] -- Installing: /home/eating/work/install/gui_interface/share/gui_interface/cmake/ament_cmake_export_include_directories-extras.cmake
[9.691s] -- Installing: /home/eating/work/install/gui_interface/share/gui_interface/cmake/ament_cmake_export_libraries-extras.cmake
[9.691s] -- Installing: /home/eating/work/install/gui_interface/share/gui_interface/cmake/ament_cmake_export_targets-extras.cmake
[9.691s] -- Installing: /home/eating/work/install/gui_interface/share/gui_interface/cmake/rosidl_cmake_export_typesupport_targets-extras.cmake
[9.691s] -- Installing: /home/eating/work/install/gui_interface/share/gui_interface/cmake/rosidl_cmake_export_typesupport_libraries-extras.cmake
[9.691s] -- Installing: /home/eating/work/install/gui_interface/share/gui_interface/cmake/gui_interfaceConfig.cmake
[9.691s] -- Installing: /home/eating/work/install/gui_interface/share/gui_interface/cmake/gui_interfaceConfig-version.cmake
[9.691s] -- Installing: /home/eating/work/install/gui_interface/share/gui_interface/package.xml
[9.746s] Invoked command in '/home/eating/work/build/gui_interface' returned '0': CMAKE_PREFIX_PATH=${CMAKE_PREFIX_PATH}:/home/eating/work/install/pallet_main:/home/eating/work/install/main_control:/home/eating/work/install/gui:/home/eating/work/install/docking_pkg:/opt/ros/humble /usr/bin/cmake --install /home/eating/work/build/gui_interface
