[0.098s] Invoking command in '/home/eating/work/build/realsense2_camera': CMAKE_PREFIX_PATH=/home/eating/work/install/realsense2_camera_msgs:/home/eating/work/install/timda_gazebo:/home/eating/work/install/timda_description:/home/eating/work/install/timda_bringup:/home/eating/work/install/timda_body_description:/home/eating/work/install/suction_description:/home/eating/work/install/robot_arm_description:/home/eating/work/install/realsense2_description:/home/eating/work/install/realsense2_camera:/home/eating/work/install/pallet_interfaces:/home/eating/work/install/mobile_description:/home/eating/work/install/mecanum:/home/eating/work/install/linear_move:/home/eating/work/install/keyboard_control:/home/eating/work/install/ira_laser_tools:/home/eating/work/install/interface:/home/eating/work/install/gui_interface:/home/eating/work/install/pallet_main:/home/eating/work/install/main_control:/home/eating/work/install/gui:/home/eating/work/install/docking_pkg:/opt/ros/humble LD_LIBRARY_PATH=/home/eating/work/install/realsense2_camera_msgs/lib:/home/eating/work/install/realsense2_camera/lib:/home/eating/work/install/pallet_interfaces/lib:/home/eating/work/install/interface/lib:/home/eating/work/install/gui_interface/lib:/opt/ros/humble/opt/rviz_ogre_vendor/lib:/opt/ros/humble/lib/x86_64-linux-gnu:/opt/ros/humble/lib /usr/bin/cmake /home/eating/work/src/docking/realsense-ros/realsense2_camera -DCMAKE_INSTALL_PREFIX=/home/eating/work/install/realsense2_camera
[0.410s] -- The C compiler identification is GNU 11.4.0
[0.628s] -- The CXX compiler identification is GNU 11.4.0
[0.655s] -- Detecting C compiler ABI info
[0.977s] -- Detecting C compiler ABI info - done
[0.996s] -- Check for working C compiler: /usr/bin/cc - skipped
[1.004s] -- Detecting C compile features
[1.005s] -- Detecting C compile features - done
[1.009s] -- Detecting CXX compiler ABI info
[1.414s] -- Detecting CXX compiler ABI info - done
[1.434s] -- Check for working CXX compiler: /usr/bin/c++ - skipped
[1.435s] -- Detecting CXX compile features
[1.437s] -- Detecting CXX compile features - done
[1.441s] -- Create Release Build.
[1.452s] -- Found ament_cmake: 1.3.11 (/opt/ros/humble/share/ament_cmake/cmake)
[1.934s] -- Found Python3: /usr/bin/python3 (found version "3.10.12") found components: Interpreter 
[2.103s] -- Found builtin_interfaces: 1.2.1 (/opt/ros/humble/share/builtin_interfaces/cmake)
[2.163s] -- Found rosidl_generator_c: 3.1.6 (/opt/ros/humble/share/rosidl_generator_c/cmake)
[2.177s] -- Found rosidl_adapter: 3.1.6 (/opt/ros/humble/share/rosidl_adapter/cmake)
[2.194s] -- Found rosidl_generator_cpp: 3.1.6 (/opt/ros/humble/share/rosidl_generator_cpp/cmake)
[2.217s] -- Using all available rosidl_typesupport_c: rosidl_typesupport_fastrtps_c;rosidl_typesupport_introspection_c
[2.247s] -- Using all available rosidl_typesupport_cpp: rosidl_typesupport_fastrtps_cpp;rosidl_typesupport_introspection_cpp
[2.276s] -- Found cv_bridge: 3.2.1 (/opt/ros/humble/share/cv_bridge/cmake)
[2.385s] -- Found image_transport: 3.1.12 (/opt/ros/humble/share/image_transport/cmake)
[2.490s] -- Found rmw_implementation_cmake: 6.1.2 (/opt/ros/humble/share/rmw_implementation_cmake/cmake)
[2.495s] -- Found rmw_cyclonedds_cpp: 1.3.4 (/opt/ros/humble/share/rmw_cyclonedds_cpp/cmake)
[2.542s] -- Using RMW implementation 'rmw_cyclonedds_cpp' as default
[2.562s] -- Looking for pthread.h
[2.681s] -- Looking for pthread.h - found
[2.681s] -- Performing Test CMAKE_HAVE_LIBC_PTHREAD
[2.795s] -- Performing Test CMAKE_HAVE_LIBC_PTHREAD - Success
[2.797s] -- Found Threads: TRUE  
[2.945s] -- Found rclcpp_components: 16.0.12 (/opt/ros/humble/share/rclcpp_components/cmake)
[2.980s] -- Found realsense2_camera_msgs: 4.55.1 (/home/eating/work/install/realsense2_camera_msgs/share/realsense2_camera_msgs/cmake)
[3.022s] -- Found nav_msgs: 4.9.0 (/opt/ros/humble/share/nav_msgs/cmake)
[3.060s] -- Found tf2_ros: 0.25.13 (/opt/ros/humble/share/tf2_ros/cmake)
[3.242s] -- Found diagnostic_updater: 4.0.6 (/opt/ros/humble/share/diagnostic_updater/cmake)
[3.290s] -- Found OpenCV: /usr (found version "4.5.4") found components: core 
[3.291s] -- Build for ROS2 Humble
[3.311s] -- Found ament_cmake_gtest: 1.3.11 (/opt/ros/humble/share/ament_cmake_gtest/cmake)
[3.316s] -- Found gtest sources under '/opt/ros/humble/src/gtest_vendor': C++ tests using 'Google Test' will be built
[3.326s] -- Found ament_cmake_pytest: 1.3.11 (/opt/ros/humble/share/ament_cmake_pytest/cmake)
[15.481s] -- rs_device_info:
[15.481s] -- No device detected. Is it plugged in?
[15.481s] 
[15.558s] -- Configuring done
[15.588s] -- Generating done
[15.596s] -- Build files have been written to: /home/eating/work/build/realsense2_camera
[15.605s] Invoked command in '/home/eating/work/build/realsense2_camera' returned '0': CMAKE_PREFIX_PATH=/home/eating/work/install/realsense2_camera_msgs:/home/eating/work/install/timda_gazebo:/home/eating/work/install/timda_description:/home/eating/work/install/timda_bringup:/home/eating/work/install/timda_body_description:/home/eating/work/install/suction_description:/home/eating/work/install/robot_arm_description:/home/eating/work/install/realsense2_description:/home/eating/work/install/realsense2_camera:/home/eating/work/install/pallet_interfaces:/home/eating/work/install/mobile_description:/home/eating/work/install/mecanum:/home/eating/work/install/linear_move:/home/eating/work/install/keyboard_control:/home/eating/work/install/ira_laser_tools:/home/eating/work/install/interface:/home/eating/work/install/gui_interface:/home/eating/work/install/pallet_main:/home/eating/work/install/main_control:/home/eating/work/install/gui:/home/eating/work/install/docking_pkg:/opt/ros/humble LD_LIBRARY_PATH=/home/eating/work/install/realsense2_camera_msgs/lib:/home/eating/work/install/realsense2_camera/lib:/home/eating/work/install/pallet_interfaces/lib:/home/eating/work/install/interface/lib:/home/eating/work/install/gui_interface/lib:/opt/ros/humble/opt/rviz_ogre_vendor/lib:/opt/ros/humble/lib/x86_64-linux-gnu:/opt/ros/humble/lib /usr/bin/cmake /home/eating/work/src/docking/realsense-ros/realsense2_camera -DCMAKE_INSTALL_PREFIX=/home/eating/work/install/realsense2_camera
[15.607s] Invoking command in '/home/eating/work/build/realsense2_camera': CMAKE_PREFIX_PATH=/home/eating/work/install/realsense2_camera_msgs:/home/eating/work/install/timda_gazebo:/home/eating/work/install/timda_description:/home/eating/work/install/timda_bringup:/home/eating/work/install/timda_body_description:/home/eating/work/install/suction_description:/home/eating/work/install/robot_arm_description:/home/eating/work/install/realsense2_description:/home/eating/work/install/realsense2_camera:/home/eating/work/install/pallet_interfaces:/home/eating/work/install/mobile_description:/home/eating/work/install/mecanum:/home/eating/work/install/linear_move:/home/eating/work/install/keyboard_control:/home/eating/work/install/ira_laser_tools:/home/eating/work/install/interface:/home/eating/work/install/gui_interface:/home/eating/work/install/pallet_main:/home/eating/work/install/main_control:/home/eating/work/install/gui:/home/eating/work/install/docking_pkg:/opt/ros/humble LD_LIBRARY_PATH=/home/eating/work/install/realsense2_camera_msgs/lib:/home/eating/work/install/realsense2_camera/lib:/home/eating/work/install/pallet_interfaces/lib:/home/eating/work/install/interface/lib:/home/eating/work/install/gui_interface/lib:/opt/ros/humble/opt/rviz_ogre_vendor/lib:/opt/ros/humble/lib/x86_64-linux-gnu:/opt/ros/humble/lib /usr/bin/cmake --build /home/eating/work/build/realsense2_camera -- -j8 -l8
[15.657s] [ 13%] [32mBuilding CXX object gtest/CMakeFiles/gtest.dir/src/gtest-all.cc.o[0m
[15.657s] [ 13%] [32mBuilding CXX object gtest/CMakeFiles/gtest_main.dir/src/gtest_main.cc.o[0m
[15.658s] [ 13%] [32mBuilding CXX object CMakeFiles/realsense2_camera_node.dir/rclcpp_components/node_main_realsense2_camera_node.cpp.o[0m
[15.658s] [ 18%] [32mBuilding CXX object CMakeFiles/realsense2_camera.dir/src/base_realsense_node.cpp.o[0m
[15.658s] [ 22%] [32mBuilding CXX object CMakeFiles/realsense2_camera.dir/src/parameters.cpp.o[0m
[15.658s] [ 27%] [32mBuilding CXX object CMakeFiles/realsense2_camera.dir/src/rs_node_setup.cpp.o[0m
[15.658s] [ 31%] [32mBuilding CXX object CMakeFiles/realsense2_camera.dir/src/ros_sensor.cpp.o[0m
[15.659s] [ 36%] [32mBuilding CXX object CMakeFiles/realsense2_camera.dir/src/realsense_node_factory.cpp.o[0m
[16.788s] [ 40%] [32m[1mLinking CXX static library libgtest_main.a[0m
[16.832s] [ 40%] Built target gtest_main
[16.845s] [ 45%] [32mBuilding CXX object CMakeFiles/realsense2_camera.dir/src/ros_utils.cpp.o[0m
[21.715s] [ 50%] [32m[1mLinking CXX executable realsense2_camera_node[0m
[21.907s] [ 50%] Built target realsense2_camera_node
[21.920s] [ 54%] [32mBuilding CXX object CMakeFiles/realsense2_camera.dir/src/dynamic_params.cpp.o[0m
[22.880s] [ 59%] [32mBuilding CXX object CMakeFiles/realsense2_camera.dir/src/sensor_params.cpp.o[0m
[26.898s] [ 63%] [32mBuilding CXX object CMakeFiles/realsense2_camera.dir/src/named_filter.cpp.o[0m
[27.635s] [ 68%] [32m[1mLinking CXX static library libgtest.a[0m
[27.692s] [ 68%] Built target gtest
[27.720s] [ 72%] [32mBuilding CXX object CMakeFiles/gtest_template.dir/test/gtest_template.cpp.o[0m
[28.580s] [ 77%] [32mBuilding CXX object CMakeFiles/realsense2_camera.dir/src/profile_manager.cpp.o[0m
[29.044s] [ 81%] [32m[1mLinking CXX executable gtest_template[0m
[29.203s] [ 81%] Built target gtest_template
[29.215s] [ 86%] [32mBuilding CXX object CMakeFiles/realsense2_camera.dir/src/image_publisher.cpp.o[0m
[31.541s] [ 90%] [32mBuilding CXX object CMakeFiles/realsense2_camera.dir/src/tfs.cpp.o[0m
[31.785s] [ 95%] [32mBuilding CXX object CMakeFiles/realsense2_camera.dir/src/ros_param_backend.cpp.o[0m
[41.862s] [100%] [32m[1mLinking CXX shared library librealsense2_camera.so[0m
[42.220s] [100%] Built target realsense2_camera
[42.233s] Invoked command in '/home/eating/work/build/realsense2_camera' returned '0': CMAKE_PREFIX_PATH=/home/eating/work/install/realsense2_camera_msgs:/home/eating/work/install/timda_gazebo:/home/eating/work/install/timda_description:/home/eating/work/install/timda_bringup:/home/eating/work/install/timda_body_description:/home/eating/work/install/suction_description:/home/eating/work/install/robot_arm_description:/home/eating/work/install/realsense2_description:/home/eating/work/install/realsense2_camera:/home/eating/work/install/pallet_interfaces:/home/eating/work/install/mobile_description:/home/eating/work/install/mecanum:/home/eating/work/install/linear_move:/home/eating/work/install/keyboard_control:/home/eating/work/install/ira_laser_tools:/home/eating/work/install/interface:/home/eating/work/install/gui_interface:/home/eating/work/install/pallet_main:/home/eating/work/install/main_control:/home/eating/work/install/gui:/home/eating/work/install/docking_pkg:/opt/ros/humble LD_LIBRARY_PATH=/home/eating/work/install/realsense2_camera_msgs/lib:/home/eating/work/install/realsense2_camera/lib:/home/eating/work/install/pallet_interfaces/lib:/home/eating/work/install/interface/lib:/home/eating/work/install/gui_interface/lib:/opt/ros/humble/opt/rviz_ogre_vendor/lib:/opt/ros/humble/lib/x86_64-linux-gnu:/opt/ros/humble/lib /usr/bin/cmake --build /home/eating/work/build/realsense2_camera -- -j8 -l8
[42.235s] Invoking command in '/home/eating/work/build/realsense2_camera': CMAKE_PREFIX_PATH=/home/eating/work/install/realsense2_camera_msgs:/home/eating/work/install/timda_gazebo:/home/eating/work/install/timda_description:/home/eating/work/install/timda_bringup:/home/eating/work/install/timda_body_description:/home/eating/work/install/suction_description:/home/eating/work/install/robot_arm_description:/home/eating/work/install/realsense2_description:/home/eating/work/install/realsense2_camera:/home/eating/work/install/pallet_interfaces:/home/eating/work/install/mobile_description:/home/eating/work/install/mecanum:/home/eating/work/install/linear_move:/home/eating/work/install/keyboard_control:/home/eating/work/install/ira_laser_tools:/home/eating/work/install/interface:/home/eating/work/install/gui_interface:/home/eating/work/install/pallet_main:/home/eating/work/install/main_control:/home/eating/work/install/gui:/home/eating/work/install/docking_pkg:/opt/ros/humble LD_LIBRARY_PATH=/home/eating/work/install/realsense2_camera_msgs/lib:/home/eating/work/install/realsense2_camera/lib:/home/eating/work/install/pallet_interfaces/lib:/home/eating/work/install/interface/lib:/home/eating/work/install/gui_interface/lib:/opt/ros/humble/opt/rviz_ogre_vendor/lib:/opt/ros/humble/lib/x86_64-linux-gnu:/opt/ros/humble/lib /usr/bin/cmake --install /home/eating/work/build/realsense2_camera
[42.241s] -- Install configuration: "Release"
[42.241s] -- Installing: /home/eating/work/install/realsense2_camera/lib/realsense2_camera/realsense2_camera_node
[42.241s] -- Set runtime path of "/home/eating/work/install/realsense2_camera/lib/realsense2_camera/realsense2_camera_node" to ""
[42.241s] -- Installing: /home/eating/work/install/realsense2_camera/lib/librealsense2_camera.so
[42.244s] -- Set runtime path of "/home/eating/work/install/realsense2_camera/lib/librealsense2_camera.so" to ""
[42.244s] -- Installing: /home/eating/work/install/realsense2_camera/include
[42.244s] -- Installing: /home/eating/work/install/realsense2_camera/include/ros_utils.h
[42.244s] -- Installing: /home/eating/work/install/realsense2_camera/include/constants.h
[42.245s] -- Installing: /home/eating/work/install/realsense2_camera/include/base_realsense_node.h
[42.245s] -- Installing: /home/eating/work/install/realsense2_camera/include/gl_window.h
[42.245s] -- Installing: /home/eating/work/install/realsense2_camera/include/named_filter.h
[42.245s] -- Installing: /home/eating/work/install/realsense2_camera/include/ros_param_backend.h
[42.245s] -- Installing: /home/eating/work/install/realsense2_camera/include/realsense_node_factory.h
[42.245s] -- Installing: /home/eating/work/install/realsense2_camera/include/dynamic_params.h
[42.245s] -- Installing: /home/eating/work/install/realsense2_camera/include/profile_manager.h
[42.245s] -- Installing: /home/eating/work/install/realsense2_camera/include/image_publisher.h
[42.245s] -- Installing: /home/eating/work/install/realsense2_camera/include/ros_sensor.h
[42.246s] -- Installing: /home/eating/work/install/realsense2_camera/include/sensor_params.h
[42.246s] -- Installing: /home/eating/work/install/realsense2_camera/share/realsense2_camera/launch
[42.246s] -- Installing: /home/eating/work/install/realsense2_camera/share/realsense2_camera/launch/default.rviz
[42.246s] -- Installing: /home/eating/work/install/realsense2_camera/share/realsense2_camera/launch/rs_intra_process_demo_launch.py
[42.246s] -- Installing: /home/eating/work/install/realsense2_camera/share/realsense2_camera/launch/rs_launch.py
[42.246s] -- Installing: /home/eating/work/install/realsense2_camera/share/realsense2_camera/launch/rs_multi_camera_launch.py
[42.246s] -- Installing: /home/eating/work/install/realsense2_camera/share/realsense2_camera/examples
[42.246s] -- Installing: /home/eating/work/install/realsense2_camera/share/realsense2_camera/examples/align_depth
[42.247s] -- Installing: /home/eating/work/install/realsense2_camera/share/realsense2_camera/examples/align_depth/README.md
[42.247s] -- Installing: /home/eating/work/install/realsense2_camera/share/realsense2_camera/examples/align_depth/rs_align_depth_launch.py
[42.247s] -- Installing: /home/eating/work/install/realsense2_camera/share/realsense2_camera/examples/pointcloud
[42.247s] -- Installing: /home/eating/work/install/realsense2_camera/share/realsense2_camera/examples/pointcloud/README.md
[42.247s] -- Installing: /home/eating/work/install/realsense2_camera/share/realsense2_camera/examples/pointcloud/rviz
[42.247s] -- Installing: /home/eating/work/install/realsense2_camera/share/realsense2_camera/examples/pointcloud/rviz/urdf_pointcloud.rviz
[42.248s] -- Installing: /home/eating/work/install/realsense2_camera/share/realsense2_camera/examples/pointcloud/rviz/pointcloud.rviz
[42.248s] -- Installing: /home/eating/work/install/realsense2_camera/share/realsense2_camera/examples/pointcloud/rs_d455_pointcloud_launch.py
[42.248s] -- Installing: /home/eating/work/install/realsense2_camera/share/realsense2_camera/examples/pointcloud/rs_pointcloud_launch.py
[42.248s] -- Installing: /home/eating/work/install/realsense2_camera/share/realsense2_camera/examples/pointcloud/rs_d405_pointcloud_launch.py
[42.248s] -- Installing: /home/eating/work/install/realsense2_camera/share/realsense2_camera/examples/launch_from_rosbag
[42.248s] -- Installing: /home/eating/work/install/realsense2_camera/share/realsense2_camera/examples/launch_from_rosbag/README.md
[42.248s] -- Installing: /home/eating/work/install/realsense2_camera/share/realsense2_camera/examples/launch_from_rosbag/rs_launch_from_rosbag.py
[42.248s] -- Installing: /home/eating/work/install/realsense2_camera/share/realsense2_camera/examples/dual_camera
[42.249s] -- Installing: /home/eating/work/install/realsense2_camera/share/realsense2_camera/examples/dual_camera/README.md
[42.249s] -- Installing: /home/eating/work/install/realsense2_camera/share/realsense2_camera/examples/dual_camera/rs_dual_camera_launch.py
[42.249s] -- Installing: /home/eating/work/install/realsense2_camera/share/realsense2_camera/examples/dual_camera/rviz
[42.249s] -- Installing: /home/eating/work/install/realsense2_camera/share/realsense2_camera/examples/dual_camera/rviz/dual_camera_pointcloud.rviz
[42.249s] -- Installing: /home/eating/work/install/realsense2_camera/share/realsense2_camera/examples/launch_params_from_file
[42.249s] -- Installing: /home/eating/work/install/realsense2_camera/share/realsense2_camera/examples/launch_params_from_file/README.md
[42.249s] -- Installing: /home/eating/work/install/realsense2_camera/share/realsense2_camera/examples/launch_params_from_file/rs_launch_get_params_from_yaml.py
[42.249s] -- Installing: /home/eating/work/install/realsense2_camera/share/realsense2_camera/examples/launch_params_from_file/config
[42.249s] -- Installing: /home/eating/work/install/realsense2_camera/share/realsense2_camera/examples/launch_params_from_file/config/config.yaml
[42.249s] -- Installing: /home/eating/work/install/realsense2_camera/share/realsense2_camera/environment/library_path.sh
[42.249s] -- Installing: /home/eating/work/install/realsense2_camera/share/realsense2_camera/environment/library_path.dsv
[42.249s] -- Installing: /home/eating/work/install/realsense2_camera/share/ament_index/resource_index/package_run_dependencies/realsense2_camera
[42.250s] -- Installing: /home/eating/work/install/realsense2_camera/share/ament_index/resource_index/parent_prefix_path/realsense2_camera
[42.250s] -- Installing: /home/eating/work/install/realsense2_camera/share/realsense2_camera/environment/ament_prefix_path.sh
[42.250s] -- Installing: /home/eating/work/install/realsense2_camera/share/realsense2_camera/environment/ament_prefix_path.dsv
[42.250s] -- Installing: /home/eating/work/install/realsense2_camera/share/realsense2_camera/environment/path.sh
[42.250s] -- Installing: /home/eating/work/install/realsense2_camera/share/realsense2_camera/environment/path.dsv
[42.250s] -- Installing: /home/eating/work/install/realsense2_camera/share/realsense2_camera/local_setup.bash
[42.250s] -- Installing: /home/eating/work/install/realsense2_camera/share/realsense2_camera/local_setup.sh
[42.250s] -- Installing: /home/eating/work/install/realsense2_camera/share/realsense2_camera/local_setup.zsh
[42.250s] -- Installing: /home/eating/work/install/realsense2_camera/share/realsense2_camera/local_setup.dsv
[42.250s] -- Installing: /home/eating/work/install/realsense2_camera/share/realsense2_camera/package.dsv
[42.250s] -- Installing: /home/eating/work/install/realsense2_camera/share/ament_index/resource_index/packages/realsense2_camera
[42.250s] -- Installing: /home/eating/work/install/realsense2_camera/share/ament_index/resource_index/rclcpp_components/realsense2_camera
[42.250s] -- Installing: /home/eating/work/install/realsense2_camera/share/realsense2_camera/cmake/ament_cmake_export_include_directories-extras.cmake
[42.250s] -- Installing: /home/eating/work/install/realsense2_camera/share/realsense2_camera/cmake/ament_cmake_export_libraries-extras.cmake
[42.250s] -- Installing: /home/eating/work/install/realsense2_camera/share/realsense2_camera/cmake/ament_cmake_export_dependencies-extras.cmake
[42.251s] -- Installing: /home/eating/work/install/realsense2_camera/share/realsense2_camera/cmake/realsense2_cameraConfig.cmake
[42.251s] -- Installing: /home/eating/work/install/realsense2_camera/share/realsense2_camera/cmake/realsense2_cameraConfig-version.cmake
[42.251s] -- Installing: /home/eating/work/install/realsense2_camera/share/realsense2_camera/package.xml
[42.253s] Invoked command in '/home/eating/work/build/realsense2_camera' returned '0': CMAKE_PREFIX_PATH=/home/eating/work/install/realsense2_camera_msgs:/home/eating/work/install/timda_gazebo:/home/eating/work/install/timda_description:/home/eating/work/install/timda_bringup:/home/eating/work/install/timda_body_description:/home/eating/work/install/suction_description:/home/eating/work/install/robot_arm_description:/home/eating/work/install/realsense2_description:/home/eating/work/install/realsense2_camera:/home/eating/work/install/pallet_interfaces:/home/eating/work/install/mobile_description:/home/eating/work/install/mecanum:/home/eating/work/install/linear_move:/home/eating/work/install/keyboard_control:/home/eating/work/install/ira_laser_tools:/home/eating/work/install/interface:/home/eating/work/install/gui_interface:/home/eating/work/install/pallet_main:/home/eating/work/install/main_control:/home/eating/work/install/gui:/home/eating/work/install/docking_pkg:/opt/ros/humble LD_LIBRARY_PATH=/home/eating/work/install/realsense2_camera_msgs/lib:/home/eating/work/install/realsense2_camera/lib:/home/eating/work/install/pallet_interfaces/lib:/home/eating/work/install/interface/lib:/home/eating/work/install/gui_interface/lib:/opt/ros/humble/opt/rviz_ogre_vendor/lib:/opt/ros/humble/lib/x86_64-linux-gnu:/opt/ros/humble/lib /usr/bin/cmake --install /home/eating/work/build/realsense2_camera
