[35m[1mConsolidate compiler generated dependencies of target mobile_node[0m
[100%] Built target mobile_node
-- Install configuration: ""
-- Up-to-date: /home/iclab/work/install/mecanum/include/mecanum
-- Up-to-date: /home/iclab/work/install/mecanum/include/mecanum/TimdaModbus.h
-- Up-to-date: /home/iclab/work/install/mecanum/include/mecanum/Mecanum.h
-- Up-to-date: /home/iclab/work/install/mecanum/lib/mecanum/mobile_node
-- Up-to-date: /home/iclab/work/install/mecanum/share/ament_index/resource_index/package_run_dependencies/mecanum
-- Up-to-date: /home/iclab/work/install/mecanum/share/ament_index/resource_index/parent_prefix_path/mecanum
-- Up-to-date: /home/iclab/work/install/mecanum/share/mecanum/environment/ament_prefix_path.sh
-- Up-to-date: /home/iclab/work/install/mecanum/share/mecanum/environment/ament_prefix_path.dsv
-- Up-to-date: /home/iclab/work/install/mecanum/share/mecanum/environment/path.sh
-- Up-to-date: /home/iclab/work/install/mecanum/share/mecanum/environment/path.dsv
-- Up-to-date: /home/iclab/work/install/mecanum/share/mecanum/local_setup.bash
-- Up-to-date: /home/iclab/work/install/mecanum/share/mecanum/local_setup.sh
-- Up-to-date: /home/iclab/work/install/mecanum/share/mecanum/local_setup.zsh
-- Up-to-date: /home/iclab/work/install/mecanum/share/mecanum/local_setup.dsv
-- Installing: /home/iclab/work/install/mecanum/share/mecanum/package.dsv
-- Up-to-date: /home/iclab/work/install/mecanum/share/ament_index/resource_index/packages/mecanum
-- Up-to-date: /home/iclab/work/install/mecanum/share/mecanum/cmake/mecanumConfig.cmake
-- Up-to-date: /home/iclab/work/install/mecanum/share/mecanum/cmake/mecanumConfig-version.cmake
-- Up-to-date: /home/iclab/work/install/mecanum/share/mecanum/package.xml
