[0.024s] Invoking command in '/home/iclab/work/build/mecanum': CMAKE_PREFIX_PATH=${CMAKE_PREFIX_PATH}:/opt/ros/humble /usr/bin/cmake --build /home/iclab/work/build/mecanum -- -j8 -l8
[0.074s] [35m[1mConsolidate compiler generated dependencies of target mobile_node[0m
[0.115s] [100%] Built target mobile_node
[0.134s] Invoked command in '/home/iclab/work/build/mecanum' returned '0': CMAKE_PREFIX_PATH=${CMAKE_PREFIX_PATH}:/opt/ros/humble /usr/bin/cmake --build /home/iclab/work/build/mecanum -- -j8 -l8
[0.136s] Invoking command in '/home/iclab/work/build/mecanum': CMAKE_PREFIX_PATH=${CMAKE_PREFIX_PATH}:/opt/ros/humble /usr/bin/cmake --install /home/iclab/work/build/mecanum
[0.148s] -- Install configuration: ""
[0.149s] -- Up-to-date: /home/iclab/work/install/mecanum/include/mecanum
[0.149s] -- Up-to-date: /home/iclab/work/install/mecanum/include/mecanum/TimdaModbus.h
[0.149s] -- Up-to-date: /home/iclab/work/install/mecanum/include/mecanum/Mecanum.h
[0.149s] -- Up-to-date: /home/iclab/work/install/mecanum/lib/mecanum/mobile_node
[0.150s] -- Up-to-date: /home/iclab/work/install/mecanum/share/ament_index/resource_index/package_run_dependencies/mecanum
[0.150s] -- Up-to-date: /home/iclab/work/install/mecanum/share/ament_index/resource_index/parent_prefix_path/mecanum
[0.150s] -- Up-to-date: /home/iclab/work/install/mecanum/share/mecanum/environment/ament_prefix_path.sh
[0.150s] -- Up-to-date: /home/iclab/work/install/mecanum/share/mecanum/environment/ament_prefix_path.dsv
[0.151s] -- Up-to-date: /home/iclab/work/install/mecanum/share/mecanum/environment/path.sh
[0.152s] -- Up-to-date: /home/iclab/work/install/mecanum/share/mecanum/environment/path.dsv
[0.152s] -- Up-to-date: /home/iclab/work/install/mecanum/share/mecanum/local_setup.bash
[0.152s] -- Up-to-date: /home/iclab/work/install/mecanum/share/mecanum/local_setup.sh
[0.152s] -- Up-to-date: /home/iclab/work/install/mecanum/share/mecanum/local_setup.zsh
[0.152s] -- Up-to-date: /home/iclab/work/install/mecanum/share/mecanum/local_setup.dsv
[0.152s] -- Installing: /home/iclab/work/install/mecanum/share/mecanum/package.dsv
[0.153s] -- Up-to-date: /home/iclab/work/install/mecanum/share/ament_index/resource_index/packages/mecanum
[0.153s] -- Up-to-date: /home/iclab/work/install/mecanum/share/mecanum/cmake/mecanumConfig.cmake
[0.153s] -- Up-to-date: /home/iclab/work/install/mecanum/share/mecanum/cmake/mecanumConfig-version.cmake
[0.153s] -- Up-to-date: /home/iclab/work/install/mecanum/share/mecanum/package.xml
[0.187s] Invoked command in '/home/iclab/work/build/mecanum' returned '0': CMAKE_PREFIX_PATH=${CMAKE_PREFIX_PATH}:/opt/ros/humble /usr/bin/cmake --install /home/iclab/work/build/mecanum
