[1.494s] Invoking command in '/home/eating/work/src/gui/gui': AMENT_PREFIX_PATH=/home/eating/work/install/gui_interface:${AMENT_PREFIX_PATH} CMAKE_PREFIX_PATH=/home/eating/work/install/gui_interface LD_LIBRARY_PATH=/home/eating/work/install/gui_interface/lib:${LD_LIBRARY_PATH} PYTHONPATH=/home/eating/work/build/gui/prefix_override:/usr/lib/python3/dist-packages/colcon_core/task/python/colcon_distutils_commands:/home/eating/work/install/gui/lib/python3.10/site-packages:/home/eating/work/install/gui_interface/local/lib/python3.10/dist-packages:${PYTHONPATH} /usr/bin/python3 -W ignore:setup.py install is deprecated -W ignore:easy_install command is deprecated setup.py egg_info --egg-base ../../../build/gui build --build-base /home/eating/work/build/gui/build install --record /home/eating/work/build/gui/install.log --single-version-externally-managed install_data
[1.918s] running egg_info
[1.919s] creating ../../../build/gui/gui.egg-info
[1.919s] writing ../../../build/gui/gui.egg-info/PKG-INFO
[1.919s] writing dependency_links to ../../../build/gui/gui.egg-info/dependency_links.txt
[1.919s] writing entry points to ../../../build/gui/gui.egg-info/entry_points.txt
[1.920s] writing requirements to ../../../build/gui/gui.egg-info/requires.txt
[1.920s] writing top-level names to ../../../build/gui/gui.egg-info/top_level.txt
[1.920s] writing manifest file '../../../build/gui/gui.egg-info/SOURCES.txt'
[1.923s] reading manifest file '../../../build/gui/gui.egg-info/SOURCES.txt'
[1.924s] writing manifest file '../../../build/gui/gui.egg-info/SOURCES.txt'
[1.924s] running build
[1.924s] running build_py
[1.924s] creating /home/eating/work/build/gui/build
[1.924s] creating /home/eating/work/build/gui/build/lib
[1.925s] creating /home/eating/work/build/gui/build/lib/gui
[1.925s] copying gui/main_ui.py -> /home/eating/work/build/gui/build/lib/gui
[1.925s] copying gui/__init__.py -> /home/eating/work/build/gui/build/lib/gui
[1.925s] copying gui/main.py -> /home/eating/work/build/gui/build/lib/gui
[1.925s] copying gui/ui_to_py.py -> /home/eating/work/build/gui/build/lib/gui
[1.925s] running install
[1.926s] running install_lib
[1.927s] creating /home/eating/work/install/gui/lib/python3.10/site-packages/gui
[1.927s] copying /home/eating/work/build/gui/build/lib/gui/main_ui.py -> /home/eating/work/install/gui/lib/python3.10/site-packages/gui
[1.927s] copying /home/eating/work/build/gui/build/lib/gui/__init__.py -> /home/eating/work/install/gui/lib/python3.10/site-packages/gui
[1.927s] copying /home/eating/work/build/gui/build/lib/gui/main.py -> /home/eating/work/install/gui/lib/python3.10/site-packages/gui
[1.927s] copying /home/eating/work/build/gui/build/lib/gui/ui_to_py.py -> /home/eating/work/install/gui/lib/python3.10/site-packages/gui
[1.928s] byte-compiling /home/eating/work/install/gui/lib/python3.10/site-packages/gui/main_ui.py to main_ui.cpython-310.pyc
[1.930s] byte-compiling /home/eating/work/install/gui/lib/python3.10/site-packages/gui/__init__.py to __init__.cpython-310.pyc
[1.930s] byte-compiling /home/eating/work/install/gui/lib/python3.10/site-packages/gui/main.py to main.cpython-310.pyc
[1.932s] byte-compiling /home/eating/work/install/gui/lib/python3.10/site-packages/gui/ui_to_py.py to ui_to_py.cpython-310.pyc
[1.932s] running install_data
[1.932s] creating /home/eating/work/install/gui/share/ament_index
[1.932s] creating /home/eating/work/install/gui/share/ament_index/resource_index
[1.933s] creating /home/eating/work/install/gui/share/ament_index/resource_index/packages
[1.933s] copying resource/gui -> /home/eating/work/install/gui/share/ament_index/resource_index/packages
[1.933s] copying package.xml -> /home/eating/work/install/gui/share/gui
[1.933s] running install_egg_info
[1.936s] Copying ../../../build/gui/gui.egg-info to /home/eating/work/install/gui/lib/python3.10/site-packages/gui-0.0.0-py3.10.egg-info
[1.937s] running install_scripts
[1.968s] Installing main script to /home/eating/work/install/gui/lib/gui
[1.968s] writing list of installed files to '/home/eating/work/build/gui/install.log'
[2.025s] Invoked command in '/home/eating/work/src/gui/gui' returned '0': AMENT_PREFIX_PATH=/home/eating/work/install/gui_interface:${AMENT_PREFIX_PATH} CMAKE_PREFIX_PATH=/home/eating/work/install/gui_interface LD_LIBRARY_PATH=/home/eating/work/install/gui_interface/lib:${LD_LIBRARY_PATH} PYTHONPATH=/home/eating/work/build/gui/prefix_override:/usr/lib/python3/dist-packages/colcon_core/task/python/colcon_distutils_commands:/home/eating/work/install/gui/lib/python3.10/site-packages:/home/eating/work/install/gui_interface/local/lib/python3.10/dist-packages:${PYTHONPATH} /usr/bin/python3 -W ignore:setup.py install is deprecated -W ignore:easy_install command is deprecated setup.py egg_info --egg-base ../../../build/gui build --build-base /home/eating/work/build/gui/build install --record /home/eating/work/build/gui/install.log --single-version-externally-managed install_data
