[0.006s] Invoking command in '/home/eating/work/build/mobile_description': CMAKE_PREFIX_PATH=${CMAKE_PREFIX_PATH}:/home/eating/work/install/pallet_main:/home/eating/work/install/main_control:/home/eating/work/install/gui:/home/eating/work/install/docking_pkg:/opt/ros/humble /usr/bin/cmake /home/eating/work/src/timda_sim/mobile_description -DCMAKE_INSTALL_PREFIX=/home/eating/work/install/mobile_description
[0.809s] -- The C compiler identification is GNU 11.4.0
[0.809s] -- The CXX compiler identification is GNU 11.4.0
[0.809s] -- Detecting C compiler ABI info
[0.809s] -- Detecting C compiler ABI info - done
[0.809s] -- Check for working C compiler: /usr/bin/cc - skipped
[0.809s] -- Detecting C compile features
[0.809s] -- Detecting C compile features - done
[0.809s] -- Detecting CXX compiler ABI info
[0.809s] -- Detecting CXX compiler ABI info - done
[0.810s] -- Check for working CXX compiler: /usr/bin/c++ - skipped
[0.810s] -- Detecting CXX compile features
[0.810s] -- Detecting CXX compile features - done
[0.810s] -- Found ament_cmake: 1.3.11 (/opt/ros/humble/share/ament_cmake/cmake)
[0.867s] -- Found Python3: /usr/bin/python3 (found version "3.10.12") found components: Interpreter 
[1.052s] -- Found ament_lint_auto: 0.12.12 (/opt/ros/humble/share/ament_lint_auto/cmake)
[1.197s] -- Added test 'lint_cmake' to check CMake code style
[1.202s] -- Added test 'xmllint' to check XML markup files
[1.207s] -- Configuring done
[1.213s] -- Generating done
[1.221s] -- Build files have been written to: /home/eating/work/build/mobile_description
[1.241s] Invoked command in '/home/eating/work/build/mobile_description' returned '0': CMAKE_PREFIX_PATH=${CMAKE_PREFIX_PATH}:/home/eating/work/install/pallet_main:/home/eating/work/install/main_control:/home/eating/work/install/gui:/home/eating/work/install/docking_pkg:/opt/ros/humble /usr/bin/cmake /home/eating/work/src/timda_sim/mobile_description -DCMAKE_INSTALL_PREFIX=/home/eating/work/install/mobile_description
[1.242s] Invoking command in '/home/eating/work/build/mobile_description': CMAKE_PREFIX_PATH=${CMAKE_PREFIX_PATH}:/home/eating/work/install/pallet_main:/home/eating/work/install/main_control:/home/eating/work/install/gui:/home/eating/work/install/docking_pkg:/opt/ros/humble /usr/bin/cmake --build /home/eating/work/build/mobile_description -- -j8 -l8
[8.036s] Invoked command in '/home/eating/work/build/mobile_description' returned '0': CMAKE_PREFIX_PATH=${CMAKE_PREFIX_PATH}:/home/eating/work/install/pallet_main:/home/eating/work/install/main_control:/home/eating/work/install/gui:/home/eating/work/install/docking_pkg:/opt/ros/humble /usr/bin/cmake --build /home/eating/work/build/mobile_description -- -j8 -l8
[8.075s] Invoking command in '/home/eating/work/build/mobile_description': CMAKE_PREFIX_PATH=${CMAKE_PREFIX_PATH}:/home/eating/work/install/pallet_main:/home/eating/work/install/main_control:/home/eating/work/install/gui:/home/eating/work/install/docking_pkg:/opt/ros/humble /usr/bin/cmake --install /home/eating/work/build/mobile_description
[8.522s] -- Install configuration: ""
[8.522s] -- Installing: /home/eating/work/install/mobile_description/share/mobile_description/meshes
[8.522s] -- Installing: /home/eating/work/install/mobile_description/share/mobile_description/meshes/base_link.STL
[8.523s] -- Installing: /home/eating/work/install/mobile_description/share/mobile_description/urdf
[8.523s] -- Installing: /home/eating/work/install/mobile_description/share/mobile_description/urdf/timda_mobile_platform.urdf.xacro
[8.523s] -- Installing: /home/eating/work/install/mobile_description/share/mobile_description/urdf/timda_mobile_platform.csv
[8.523s] -- Installing: /home/eating/work/install/mobile_description/share/mobile_description/urdf/timda_mobile_platform.gazebo.xacro
[8.523s] -- Installing: /home/eating/work/install/mobile_description/share/mobile_description/urdf/timda_mobile_platform_sim_odom.urdf.xacro
[8.523s] -- Installing: /home/eating/work/install/mobile_description/share/mobile_description/urdf/timda_mobile_platform.urdf
[8.523s] -- Installing: /home/eating/work/install/mobile_description/share/ament_index/resource_index/package_run_dependencies/mobile_description
[8.524s] -- Installing: /home/eating/work/install/mobile_description/share/ament_index/resource_index/parent_prefix_path/mobile_description
[8.524s] -- Installing: /home/eating/work/install/mobile_description/share/mobile_description/environment/ament_prefix_path.sh
[8.524s] -- Installing: /home/eating/work/install/mobile_description/share/mobile_description/environment/ament_prefix_path.dsv
[8.524s] -- Installing: /home/eating/work/install/mobile_description/share/mobile_description/environment/path.sh
[8.524s] -- Installing: /home/eating/work/install/mobile_description/share/mobile_description/environment/path.dsv
[8.524s] -- Installing: /home/eating/work/install/mobile_description/share/mobile_description/local_setup.bash
[8.525s] -- Installing: /home/eating/work/install/mobile_description/share/mobile_description/local_setup.sh
[8.525s] -- Installing: /home/eating/work/install/mobile_description/share/mobile_description/local_setup.zsh
[8.525s] -- Installing: /home/eating/work/install/mobile_description/share/mobile_description/local_setup.dsv
[8.525s] -- Installing: /home/eating/work/install/mobile_description/share/mobile_description/package.dsv
[8.525s] -- Installing: /home/eating/work/install/mobile_description/share/ament_index/resource_index/packages/mobile_description
[8.525s] -- Installing: /home/eating/work/install/mobile_description/share/mobile_description/cmake/mobile_descriptionConfig.cmake
[8.525s] -- Installing: /home/eating/work/install/mobile_description/share/mobile_description/cmake/mobile_descriptionConfig-version.cmake
[8.525s] -- Installing: /home/eating/work/install/mobile_description/share/mobile_description/package.xml
[8.575s] Invoked command in '/home/eating/work/build/mobile_description' returned '0': CMAKE_PREFIX_PATH=${CMAKE_PREFIX_PATH}:/home/eating/work/install/pallet_main:/home/eating/work/install/main_control:/home/eating/work/install/gui:/home/eating/work/install/docking_pkg:/opt/ros/humble /usr/bin/cmake --install /home/eating/work/build/mobile_description
