[0.019s] Invoking command in '/home/fxck/work/build/interface': CMAKE_PREFIX_PATH=${CMAKE_PREFIX_PATH}:/home/fxck/work/install/main_control:/home/fxck/work/install/gui:/opt/ros/humble /usr/bin/cmake --build /home/fxck/work/build/interface -- -j16 -l16
[0.072s] [  3%] Built target interface__cpp
[0.076s] [ 12%] Built target interface__rosidl_generator_c
[0.086s] [ 12%] Built target ament_cmake_python_copy_interface
[0.105s] [ 32%] Built target interface__rosidl_typesupport_introspection_cpp
[0.105s] [ 32%] Built target interface__rosidl_typesupport_fastrtps_cpp
[0.105s] [ 41%] Built target interface__rosidl_typesupport_cpp
[0.106s] [ 51%] Built target interface__rosidl_typesupport_c
[0.107s] [ 61%] Built target interface__rosidl_typesupport_introspection_c
[0.108s] [ 70%] Built target interface__rosidl_typesupport_fastrtps_c
[0.129s] [ 70%] Built target interface
[0.151s] [ 74%] Built target interface__py
[0.174s] [ 80%] Built target interface__rosidl_generator_py
[0.197s] [ 87%] Built target interface__rosidl_typesupport_fastrtps_c__pyext
[0.198s] [ 96%] Built target interface__rosidl_typesupport_introspection_c__pyext
[0.198s] [100%] Built target interface__rosidl_typesupport_c__pyext
[0.310s] running egg_info
[0.310s] writing interface.egg-info/PKG-INFO
[0.310s] writing dependency_links to interface.egg-info/dependency_links.txt
[0.310s] writing top-level names to interface.egg-info/top_level.txt
[0.312s] reading manifest file 'interface.egg-info/SOURCES.txt'
[0.312s] writing manifest file 'interface.egg-info/SOURCES.txt'
[0.334s] [100%] Built target ament_cmake_python_build_interface_egg
[0.347s] Invoked command in '/home/fxck/work/build/interface' returned '0': CMAKE_PREFIX_PATH=${CMAKE_PREFIX_PATH}:/home/fxck/work/install/main_control:/home/fxck/work/install/gui:/opt/ros/humble /usr/bin/cmake --build /home/fxck/work/build/interface -- -j16 -l16
[0.348s] Invoking command in '/home/fxck/work/build/interface': CMAKE_PREFIX_PATH=${CMAKE_PREFIX_PATH}:/home/fxck/work/install/main_control:/home/fxck/work/install/gui:/opt/ros/humble /usr/bin/cmake --install /home/fxck/work/build/interface
[0.356s] -- Install configuration: ""
[0.357s] -- Up-to-date: /home/fxck/work/install/interface/share/ament_index/resource_index/rosidl_interfaces/interface
[0.357s] -- Up-to-date: /home/fxck/work/install/interface/include/interface/interface
[0.357s] -- Up-to-date: /home/fxck/work/install/interface/include/interface/interface/msg
[0.357s] -- Up-to-date: /home/fxck/work/install/interface/include/interface/interface/msg/rosidl_generator_c__visibility_control.h
[0.357s] -- Up-to-date: /home/fxck/work/install/interface/include/interface/interface/srv
[0.357s] -- Up-to-date: /home/fxck/work/install/interface/include/interface/interface/srv/detail
[0.358s] -- Up-to-date: /home/fxck/work/install/interface/include/interface/interface/srv/detail/maincontroller__functions.h
[0.358s] -- Up-to-date: /home/fxck/work/install/interface/include/interface/interface/srv/detail/maincontroller__type_support.h
[0.358s] -- Up-to-date: /home/fxck/work/install/interface/include/interface/interface/srv/detail/maincontroller__struct.h
[0.358s] -- Up-to-date: /home/fxck/work/install/interface/include/interface/interface/srv/detail/maincontroller__functions.c
[0.359s] -- Up-to-date: /home/fxck/work/install/interface/include/interface/interface/srv/maincontroller.h
[0.359s] -- Up-to-date: /home/fxck/work/install/interface/share/interface/environment/library_path.sh
[0.359s] -- Up-to-date: /home/fxck/work/install/interface/share/interface/environment/library_path.dsv
[0.359s] -- Up-to-date: /home/fxck/work/install/interface/lib/libinterface__rosidl_generator_c.so
[0.359s] -- Up-to-date: /home/fxck/work/install/interface/include/interface/interface
[0.360s] -- Up-to-date: /home/fxck/work/install/interface/include/interface/interface/msg
[0.360s] -- Up-to-date: /home/fxck/work/install/interface/include/interface/interface/msg/rosidl_typesupport_fastrtps_c__visibility_control.h
[0.360s] -- Up-to-date: /home/fxck/work/install/interface/include/interface/interface/srv
[0.360s] -- Up-to-date: /home/fxck/work/install/interface/include/interface/interface/srv/detail
[0.361s] -- Up-to-date: /home/fxck/work/install/interface/include/interface/interface/srv/detail/maincontroller__rosidl_typesupport_fastrtps_c.h
[0.361s] -- Up-to-date: /home/fxck/work/install/interface/lib/libinterface__rosidl_typesupport_fastrtps_c.so
[0.361s] -- Up-to-date: /home/fxck/work/install/interface/include/interface/interface
[0.361s] -- Up-to-date: /home/fxck/work/install/interface/include/interface/interface/msg
[0.361s] -- Up-to-date: /home/fxck/work/install/interface/include/interface/interface/msg/rosidl_generator_cpp__visibility_control.hpp
[0.361s] -- Up-to-date: /home/fxck/work/install/interface/include/interface/interface/srv
[0.362s] -- Up-to-date: /home/fxck/work/install/interface/include/interface/interface/srv/detail
[0.362s] -- Up-to-date: /home/fxck/work/install/interface/include/interface/interface/srv/detail/maincontroller__traits.hpp
[0.362s] -- Up-to-date: /home/fxck/work/install/interface/include/interface/interface/srv/detail/maincontroller__type_support.hpp
[0.362s] -- Up-to-date: /home/fxck/work/install/interface/include/interface/interface/srv/detail/maincontroller__builder.hpp
[0.362s] -- Up-to-date: /home/fxck/work/install/interface/include/interface/interface/srv/detail/maincontroller__struct.hpp
[0.362s] -- Up-to-date: /home/fxck/work/install/interface/include/interface/interface/srv/maincontroller.hpp
[0.362s] -- Up-to-date: /home/fxck/work/install/interface/include/interface/interface
[0.363s] -- Up-to-date: /home/fxck/work/install/interface/include/interface/interface/msg
[0.363s] -- Up-to-date: /home/fxck/work/install/interface/include/interface/interface/msg/rosidl_typesupport_fastrtps_cpp__visibility_control.h
[0.363s] -- Up-to-date: /home/fxck/work/install/interface/include/interface/interface/srv
[0.363s] -- Up-to-date: /home/fxck/work/install/interface/include/interface/interface/srv/detail
[0.364s] -- Up-to-date: /home/fxck/work/install/interface/include/interface/interface/srv/detail/maincontroller__rosidl_typesupport_fastrtps_cpp.hpp
[0.364s] -- Up-to-date: /home/fxck/work/install/interface/include/interface/interface/srv/detail/dds_fastrtps
[0.365s] -- Up-to-date: /home/fxck/work/install/interface/lib/libinterface__rosidl_typesupport_fastrtps_cpp.so
[0.365s] -- Up-to-date: /home/fxck/work/install/interface/include/interface/interface
[0.365s] -- Up-to-date: /home/fxck/work/install/interface/include/interface/interface/msg
[0.366s] -- Up-to-date: /home/fxck/work/install/interface/include/interface/interface/msg/rosidl_typesupport_introspection_c__visibility_control.h
[0.366s] -- Up-to-date: /home/fxck/work/install/interface/include/interface/interface/srv
[0.366s] -- Up-to-date: /home/fxck/work/install/interface/include/interface/interface/srv/detail
[0.366s] -- Up-to-date: /home/fxck/work/install/interface/include/interface/interface/srv/detail/maincontroller__rosidl_typesupport_introspection_c.h
[0.366s] -- Up-to-date: /home/fxck/work/install/interface/include/interface/interface/srv/detail/maincontroller__type_support.c
[0.367s] -- Up-to-date: /home/fxck/work/install/interface/lib/libinterface__rosidl_typesupport_introspection_c.so
[0.368s] -- Up-to-date: /home/fxck/work/install/interface/lib/libinterface__rosidl_typesupport_c.so
[0.368s] -- Up-to-date: /home/fxck/work/install/interface/include/interface/interface
[0.368s] -- Up-to-date: /home/fxck/work/install/interface/include/interface/interface/srv
[0.368s] -- Up-to-date: /home/fxck/work/install/interface/include/interface/interface/srv/detail
[0.368s] -- Up-to-date: /home/fxck/work/install/interface/include/interface/interface/srv/detail/maincontroller__type_support.cpp
[0.369s] -- Up-to-date: /home/fxck/work/install/interface/include/interface/interface/srv/detail/maincontroller__rosidl_typesupport_introspection_cpp.hpp
[0.369s] -- Up-to-date: /home/fxck/work/install/interface/lib/libinterface__rosidl_typesupport_introspection_cpp.so
[0.370s] -- Up-to-date: /home/fxck/work/install/interface/lib/libinterface__rosidl_typesupport_cpp.so
[0.371s] -- Up-to-date: /home/fxck/work/install/interface/share/interface/environment/pythonpath.sh
[0.371s] -- Up-to-date: /home/fxck/work/install/interface/share/interface/environment/pythonpath.dsv
[0.371s] -- Up-to-date: /home/fxck/work/install/interface/local/lib/python3.10/dist-packages/interface-0.0.0-py3.10.egg-info
[0.372s] -- Installing: /home/fxck/work/install/interface/local/lib/python3.10/dist-packages/interface-0.0.0-py3.10.egg-info/SOURCES.txt
[0.372s] -- Installing: /home/fxck/work/install/interface/local/lib/python3.10/dist-packages/interface-0.0.0-py3.10.egg-info/dependency_links.txt
[0.373s] -- Installing: /home/fxck/work/install/interface/local/lib/python3.10/dist-packages/interface-0.0.0-py3.10.egg-info/PKG-INFO
[0.373s] -- Installing: /home/fxck/work/install/interface/local/lib/python3.10/dist-packages/interface-0.0.0-py3.10.egg-info/top_level.txt
[0.374s] -- Up-to-date: /home/fxck/work/install/interface/local/lib/python3.10/dist-packages/interface
[0.374s] -- Up-to-date: /home/fxck/work/install/interface/local/lib/python3.10/dist-packages/interface/interface_s__rosidl_typesupport_c.cpython-310-x86_64-linux-gnu.so
[0.374s] -- Up-to-date: /home/fxck/work/install/interface/local/lib/python3.10/dist-packages/interface/_interface_s.ep.rosidl_typesupport_introspection_c.c
[0.374s] -- Up-to-date: /home/fxck/work/install/interface/local/lib/python3.10/dist-packages/interface/srv
[0.375s] -- Up-to-date: /home/fxck/work/install/interface/local/lib/python3.10/dist-packages/interface/srv/_maincontroller_s.c
[0.375s] -- Up-to-date: /home/fxck/work/install/interface/local/lib/python3.10/dist-packages/interface/srv/__init__.py
[0.375s] -- Up-to-date: /home/fxck/work/install/interface/local/lib/python3.10/dist-packages/interface/srv/_maincontroller.py
[0.375s] -- Up-to-date: /home/fxck/work/install/interface/local/lib/python3.10/dist-packages/interface/interface_s__rosidl_typesupport_fastrtps_c.cpython-310-x86_64-linux-gnu.so
[0.375s] -- Up-to-date: /home/fxck/work/install/interface/local/lib/python3.10/dist-packages/interface/_interface_s.ep.rosidl_typesupport_c.c
[0.375s] -- Up-to-date: /home/fxck/work/install/interface/local/lib/python3.10/dist-packages/interface/_interface_s.ep.rosidl_typesupport_fastrtps_c.c
[0.376s] -- Up-to-date: /home/fxck/work/install/interface/local/lib/python3.10/dist-packages/interface/libinterface__rosidl_generator_py.so
[0.376s] -- Up-to-date: /home/fxck/work/install/interface/local/lib/python3.10/dist-packages/interface/interface_s__rosidl_typesupport_introspection_c.cpython-310-x86_64-linux-gnu.so
[0.376s] -- Up-to-date: /home/fxck/work/install/interface/local/lib/python3.10/dist-packages/interface/__init__.py
[0.389s] Listing '/home/fxck/work/install/interface/local/lib/python3.10/dist-packages/interface'...
[0.389s] Listing '/home/fxck/work/install/interface/local/lib/python3.10/dist-packages/interface/srv'...
[0.392s] -- Up-to-date: /home/fxck/work/install/interface/local/lib/python3.10/dist-packages/interface/interface_s__rosidl_typesupport_fastrtps_c.cpython-310-x86_64-linux-gnu.so
[0.392s] -- Up-to-date: /home/fxck/work/install/interface/local/lib/python3.10/dist-packages/interface/interface_s__rosidl_typesupport_introspection_c.cpython-310-x86_64-linux-gnu.so
[0.393s] -- Up-to-date: /home/fxck/work/install/interface/local/lib/python3.10/dist-packages/interface/interface_s__rosidl_typesupport_c.cpython-310-x86_64-linux-gnu.so
[0.393s] -- Up-to-date: /home/fxck/work/install/interface/lib/libinterface__rosidl_generator_py.so
[0.393s] -- Up-to-date: /home/fxck/work/install/interface/share/interface/srv/Maincontroller.idl
[0.393s] -- Up-to-date: /home/fxck/work/install/interface/share/interface/srv/Maincontroller.srv
[0.394s] -- Up-to-date: /home/fxck/work/install/interface/share/interface/srv/Maincontroller_Request.msg
[0.394s] -- Up-to-date: /home/fxck/work/install/interface/share/interface/srv/Maincontroller_Response.msg
[0.394s] -- Up-to-date: /home/fxck/work/install/interface/share/ament_index/resource_index/package_run_dependencies/interface
[0.394s] -- Up-to-date: /home/fxck/work/install/interface/share/ament_index/resource_index/parent_prefix_path/interface
[0.394s] -- Up-to-date: /home/fxck/work/install/interface/share/interface/environment/ament_prefix_path.sh
[0.394s] -- Up-to-date: /home/fxck/work/install/interface/share/interface/environment/ament_prefix_path.dsv
[0.395s] -- Up-to-date: /home/fxck/work/install/interface/share/interface/environment/path.sh
[0.395s] -- Up-to-date: /home/fxck/work/install/interface/share/interface/environment/path.dsv
[0.395s] -- Up-to-date: /home/fxck/work/install/interface/share/interface/local_setup.bash
[0.395s] -- Up-to-date: /home/fxck/work/install/interface/share/interface/local_setup.sh
[0.395s] -- Up-to-date: /home/fxck/work/install/interface/share/interface/local_setup.zsh
[0.396s] -- Up-to-date: /home/fxck/work/install/interface/share/interface/local_setup.dsv
[0.396s] -- Installing: /home/fxck/work/install/interface/share/interface/package.dsv
[0.396s] -- Up-to-date: /home/fxck/work/install/interface/share/ament_index/resource_index/packages/interface
[0.396s] -- Up-to-date: /home/fxck/work/install/interface/share/interface/cmake/export_interface__rosidl_generator_cExport.cmake
[0.396s] -- Up-to-date: /home/fxck/work/install/interface/share/interface/cmake/export_interface__rosidl_generator_cExport-noconfig.cmake
[0.396s] -- Up-to-date: /home/fxck/work/install/interface/share/interface/cmake/export_interface__rosidl_typesupport_fastrtps_cExport.cmake
[0.396s] -- Up-to-date: /home/fxck/work/install/interface/share/interface/cmake/export_interface__rosidl_typesupport_fastrtps_cExport-noconfig.cmake
[0.397s] -- Up-to-date: /home/fxck/work/install/interface/share/interface/cmake/export_interface__rosidl_generator_cppExport.cmake
[0.397s] -- Up-to-date: /home/fxck/work/install/interface/share/interface/cmake/export_interface__rosidl_typesupport_fastrtps_cppExport.cmake
[0.397s] -- Up-to-date: /home/fxck/work/install/interface/share/interface/cmake/export_interface__rosidl_typesupport_fastrtps_cppExport-noconfig.cmake
[0.397s] -- Up-to-date: /home/fxck/work/install/interface/share/interface/cmake/interface__rosidl_typesupport_introspection_cExport.cmake
[0.397s] -- Up-to-date: /home/fxck/work/install/interface/share/interface/cmake/interface__rosidl_typesupport_introspection_cExport-noconfig.cmake
[0.397s] -- Up-to-date: /home/fxck/work/install/interface/share/interface/cmake/interface__rosidl_typesupport_cExport.cmake
[0.397s] -- Up-to-date: /home/fxck/work/install/interface/share/interface/cmake/interface__rosidl_typesupport_cExport-noconfig.cmake
[0.398s] -- Up-to-date: /home/fxck/work/install/interface/share/interface/cmake/interface__rosidl_typesupport_introspection_cppExport.cmake
[0.398s] -- Up-to-date: /home/fxck/work/install/interface/share/interface/cmake/interface__rosidl_typesupport_introspection_cppExport-noconfig.cmake
[0.398s] -- Up-to-date: /home/fxck/work/install/interface/share/interface/cmake/interface__rosidl_typesupport_cppExport.cmake
[0.398s] -- Up-to-date: /home/fxck/work/install/interface/share/interface/cmake/interface__rosidl_typesupport_cppExport-noconfig.cmake
[0.399s] -- Up-to-date: /home/fxck/work/install/interface/share/interface/cmake/export_interface__rosidl_generator_pyExport.cmake
[0.399s] -- Up-to-date: /home/fxck/work/install/interface/share/interface/cmake/export_interface__rosidl_generator_pyExport-noconfig.cmake
[0.400s] -- Up-to-date: /home/fxck/work/install/interface/share/interface/cmake/rosidl_cmake-extras.cmake
[0.400s] -- Up-to-date: /home/fxck/work/install/interface/share/interface/cmake/ament_cmake_export_dependencies-extras.cmake
[0.400s] -- Up-to-date: /home/fxck/work/install/interface/share/interface/cmake/ament_cmake_export_include_directories-extras.cmake
[0.401s] -- Up-to-date: /home/fxck/work/install/interface/share/interface/cmake/ament_cmake_export_libraries-extras.cmake
[0.401s] -- Up-to-date: /home/fxck/work/install/interface/share/interface/cmake/ament_cmake_export_targets-extras.cmake
[0.401s] -- Up-to-date: /home/fxck/work/install/interface/share/interface/cmake/rosidl_cmake_export_typesupport_targets-extras.cmake
[0.402s] -- Up-to-date: /home/fxck/work/install/interface/share/interface/cmake/rosidl_cmake_export_typesupport_libraries-extras.cmake
[0.402s] -- Up-to-date: /home/fxck/work/install/interface/share/interface/cmake/interfaceConfig.cmake
[0.402s] -- Up-to-date: /home/fxck/work/install/interface/share/interface/cmake/interfaceConfig-version.cmake
[0.402s] -- Up-to-date: /home/fxck/work/install/interface/share/interface/package.xml
[0.408s] Invoked command in '/home/fxck/work/build/interface' returned '0': CMAKE_PREFIX_PATH=${CMAKE_PREFIX_PATH}:/home/fxck/work/install/main_control:/home/fxck/work/install/gui:/opt/ros/humble /usr/bin/cmake --install /home/fxck/work/build/interface
