/home/eating/work/install/pallet_main/lib/python3.10/site-packages/pallet_main/__init__.py
/home/eating/work/install/pallet_main/lib/python3.10/site-packages/pallet_main/handcamera.py
/home/eating/work/install/pallet_main/lib/python3.10/site-packages/pallet_main/GetBox.py
/home/eating/work/install/pallet_main/lib/python3.10/site-packages/pallet_main/PalletMain.py
/home/eating/work/install/pallet_main/lib/python3.10/site-packages/pallet_main/__pycache__/__init__.cpython-310.pyc
/home/eating/work/install/pallet_main/lib/python3.10/site-packages/pallet_main/__pycache__/handcamera.cpython-310.pyc
/home/eating/work/install/pallet_main/lib/python3.10/site-packages/pallet_main/__pycache__/GetBox.cpython-310.pyc
/home/eating/work/install/pallet_main/lib/python3.10/site-packages/pallet_main/__pycache__/PalletMain.cpython-310.pyc
/home/eating/work/install/pallet_main/share/ament_index/resource_index/packages/pallet_main
/home/eating/work/install/pallet_main/share/pallet_main/package.xml
/home/eating/work/install/pallet_main/lib/python3.10/site-packages/pallet_main-0.0.0-py3.10.egg-info/top_level.txt
/home/eating/work/install/pallet_main/lib/python3.10/site-packages/pallet_main-0.0.0-py3.10.egg-info/requires.txt
/home/eating/work/install/pallet_main/lib/python3.10/site-packages/pallet_main-0.0.0-py3.10.egg-info/entry_points.txt
/home/eating/work/install/pallet_main/lib/python3.10/site-packages/pallet_main-0.0.0-py3.10.egg-info/zip-safe
/home/eating/work/install/pallet_main/lib/python3.10/site-packages/pallet_main-0.0.0-py3.10.egg-info/SOURCES.txt
/home/eating/work/install/pallet_main/lib/python3.10/site-packages/pallet_main-0.0.0-py3.10.egg-info/dependency_links.txt
/home/eating/work/install/pallet_main/lib/python3.10/site-packages/pallet_main-0.0.0-py3.10.egg-info/PKG-INFO
/home/eating/work/install/pallet_main/lib/pallet_main/GetBox
/home/eating/work/install/pallet_main/lib/pallet_main/PalletMain
/home/eating/work/install/pallet_main/lib/pallet_main/handcamera
