[0.023s] Invoking command in '/home/eating/work/build/timda_bringup': CMAKE_PREFIX_PATH=${CMAKE_PREFIX_PATH}:/home/eating/work/install/pallet_main:/home/eating/work/install/main_control:/home/eating/work/install/gui:/home/eating/work/install/docking_pkg:/opt/ros/humble /usr/bin/cmake /home/eating/work/src/timda_bringup -DCMAKE_INSTALL_PREFIX=/home/eating/work/install/timda_bringup
[0.321s] -- The C compiler identification is GNU 11.4.0
[0.322s] -- The CXX compiler identification is GNU 11.4.0
[0.322s] -- Detecting C compiler ABI info
[0.392s] -- Detecting C compiler ABI info - done
[0.417s] -- Check for working C compiler: /usr/bin/cc - skipped
[0.418s] -- Detecting C compile features
[0.430s] -- Detecting C compile features - done
[0.430s] -- Detecting CXX compiler ABI info
[0.632s] -- Detecting CXX compiler ABI info - done
[0.648s] -- Check for working CXX compiler: /usr/bin/c++ - skipped
[0.649s] -- Detecting CXX compile features
[0.650s] -- Detecting CXX compile features - done
[0.655s] -- Found ament_cmake: 1.3.11 (/opt/ros/humble/share/ament_cmake/cmake)
[1.086s] -- Found Python3: /usr/bin/python3 (found version "3.10.12") found components: Interpreter 
[1.397s] -- Found urg_c: 1.0.4001 (/opt/ros/humble/share/urg_c/cmake)
[1.407s] -- Found ament_lint_auto: 0.12.12 (/opt/ros/humble/share/ament_lint_auto/cmake)
[1.593s] -- Added test 'lint_cmake' to check CMake code style
[1.599s] -- Added test 'xmllint' to check XML markup files
[1.602s] -- Configuring done
[1.614s] -- Generating done
[1.626s] -- Build files have been written to: /home/eating/work/build/timda_bringup
[1.632s] Invoked command in '/home/eating/work/build/timda_bringup' returned '0': CMAKE_PREFIX_PATH=${CMAKE_PREFIX_PATH}:/home/eating/work/install/pallet_main:/home/eating/work/install/main_control:/home/eating/work/install/gui:/home/eating/work/install/docking_pkg:/opt/ros/humble /usr/bin/cmake /home/eating/work/src/timda_bringup -DCMAKE_INSTALL_PREFIX=/home/eating/work/install/timda_bringup
[1.646s] Invoking command in '/home/eating/work/build/timda_bringup': CMAKE_PREFIX_PATH=${CMAKE_PREFIX_PATH}:/home/eating/work/install/pallet_main:/home/eating/work/install/main_control:/home/eating/work/install/gui:/home/eating/work/install/docking_pkg:/opt/ros/humble /usr/bin/cmake --build /home/eating/work/build/timda_bringup -- -j8 -l8
[1.806s] Invoked command in '/home/eating/work/build/timda_bringup' returned '0': CMAKE_PREFIX_PATH=${CMAKE_PREFIX_PATH}:/home/eating/work/install/pallet_main:/home/eating/work/install/main_control:/home/eating/work/install/gui:/home/eating/work/install/docking_pkg:/opt/ros/humble /usr/bin/cmake --build /home/eating/work/build/timda_bringup -- -j8 -l8
[1.806s] Invoking command in '/home/eating/work/build/timda_bringup': CMAKE_PREFIX_PATH=${CMAKE_PREFIX_PATH}:/home/eating/work/install/pallet_main:/home/eating/work/install/main_control:/home/eating/work/install/gui:/home/eating/work/install/docking_pkg:/opt/ros/humble /usr/bin/cmake --install /home/eating/work/build/timda_bringup
[1.849s] -- Install configuration: ""
[1.850s] -- Installing: /home/eating/work/install/timda_bringup/share/timda_bringup//launch
[1.850s] -- Installing: /home/eating/work/install/timda_bringup/share/timda_bringup//launch/urg_lidar.launch
[1.850s] -- Installing: /home/eating/work/install/timda_bringup/share/ament_index/resource_index/package_run_dependencies/timda_bringup
[1.850s] -- Installing: /home/eating/work/install/timda_bringup/share/ament_index/resource_index/parent_prefix_path/timda_bringup
[1.850s] -- Installing: /home/eating/work/install/timda_bringup/share/timda_bringup/environment/ament_prefix_path.sh
[1.850s] -- Installing: /home/eating/work/install/timda_bringup/share/timda_bringup/environment/ament_prefix_path.dsv
[1.850s] -- Installing: /home/eating/work/install/timda_bringup/share/timda_bringup/environment/path.sh
[1.850s] -- Installing: /home/eating/work/install/timda_bringup/share/timda_bringup/environment/path.dsv
[1.850s] -- Installing: /home/eating/work/install/timda_bringup/share/timda_bringup/local_setup.bash
[1.850s] -- Installing: /home/eating/work/install/timda_bringup/share/timda_bringup/local_setup.sh
[1.850s] -- Installing: /home/eating/work/install/timda_bringup/share/timda_bringup/local_setup.zsh
[1.851s] -- Installing: /home/eating/work/install/timda_bringup/share/timda_bringup/local_setup.dsv
[1.851s] -- Installing: /home/eating/work/install/timda_bringup/share/timda_bringup/package.dsv
[1.851s] -- Installing: /home/eating/work/install/timda_bringup/share/ament_index/resource_index/packages/timda_bringup
[1.851s] -- Installing: /home/eating/work/install/timda_bringup/share/timda_bringup/cmake/timda_bringupConfig.cmake
[1.851s] -- Installing: /home/eating/work/install/timda_bringup/share/timda_bringup/cmake/timda_bringupConfig-version.cmake
[1.851s] -- Installing: /home/eating/work/install/timda_bringup/share/timda_bringup/package.xml
[1.951s] Invoked command in '/home/eating/work/build/timda_bringup' returned '0': CMAKE_PREFIX_PATH=${CMAKE_PREFIX_PATH}:/home/eating/work/install/pallet_main:/home/eating/work/install/main_control:/home/eating/work/install/gui:/home/eating/work/install/docking_pkg:/opt/ros/humble /usr/bin/cmake --install /home/eating/work/build/timda_bringup
