-- Install configuration: ""
-- Up-to-date: /home/eating/work/install/mobile_description/share/mobile_description/meshes
-- Up-to-date: /home/eating/work/install/mobile_description/share/mobile_description/meshes/base_link.STL
-- Up-to-date: /home/eating/work/install/mobile_description/share/mobile_description/urdf
-- Up-to-date: /home/eating/work/install/mobile_description/share/mobile_description/urdf/timda_mobile_platform.urdf.xacro
-- Up-to-date: /home/eating/work/install/mobile_description/share/mobile_description/urdf/timda_mobile_platform.csv
-- Up-to-date: /home/eating/work/install/mobile_description/share/mobile_description/urdf/timda_mobile_platform.gazebo.xacro
-- Up-to-date: /home/eating/work/install/mobile_description/share/mobile_description/urdf/timda_mobile_platform_sim_odom.urdf.xacro
-- Up-to-date: /home/eating/work/install/mobile_description/share/mobile_description/urdf/timda_mobile_platform.urdf
-- Up-to-date: /home/eating/work/install/mobile_description/share/ament_index/resource_index/package_run_dependencies/mobile_description
-- Up-to-date: /home/eating/work/install/mobile_description/share/ament_index/resource_index/parent_prefix_path/mobile_description
-- Up-to-date: /home/eating/work/install/mobile_description/share/mobile_description/environment/ament_prefix_path.sh
-- Up-to-date: /home/eating/work/install/mobile_description/share/mobile_description/environment/ament_prefix_path.dsv
-- Up-to-date: /home/eating/work/install/mobile_description/share/mobile_description/environment/path.sh
-- Up-to-date: /home/eating/work/install/mobile_description/share/mobile_description/environment/path.dsv
-- Up-to-date: /home/eating/work/install/mobile_description/share/mobile_description/local_setup.bash
-- Up-to-date: /home/eating/work/install/mobile_description/share/mobile_description/local_setup.sh
-- Up-to-date: /home/eating/work/install/mobile_description/share/mobile_description/local_setup.zsh
-- Up-to-date: /home/eating/work/install/mobile_description/share/mobile_description/local_setup.dsv
-- Installing: /home/eating/work/install/mobile_description/share/mobile_description/package.dsv
-- Up-to-date: /home/eating/work/install/mobile_description/share/ament_index/resource_index/packages/mobile_description
-- Up-to-date: /home/eating/work/install/mobile_description/share/mobile_description/cmake/mobile_descriptionConfig.cmake
-- Up-to-date: /home/eating/work/install/mobile_description/share/mobile_description/cmake/mobile_descriptionConfig-version.cmake
-- Up-to-date: /home/eating/work/install/mobile_description/share/mobile_description/package.xml
