[0.041s] Invoking command in '/home/eating/work/build/gui_interface': CMAKE_PREFIX_PATH=${CMAKE_PREFIX_PATH}:/home/eating/work/install/pallet_main:/home/eating/work/install/main_control:/home/eating/work/install/gui:/home/eating/work/install/docking_pkg:/opt/ros/humble /usr/bin/cmake --build /home/eating/work/build/gui_interface -- -j8 -l8
[0.499s] [  3%] Built target gui_interface__cpp
[0.499s] [ 12%] Built target gui_interface__rosidl_generator_c
[0.499s] [ 12%] Built target ament_cmake_python_copy_gui_interface
[0.499s] [ 22%] Built target gui_interface__rosidl_typesupport_fastrtps_cpp
[0.499s] [ 32%] Built target gui_interface__rosidl_typesupport_cpp
[0.500s] [ 41%] Built target gui_interface__rosidl_typesupport_c
[0.500s] [ 51%] Built target gui_interface__rosidl_typesupport_introspection_c
[0.500s] [ 61%] Built target gui_interface__rosidl_typesupport_introspection_cpp
[0.500s] [ 70%] Built target gui_interface__rosidl_typesupport_fastrtps_c
[0.500s] [ 70%] Built target gui_interface
[0.500s] [ 74%] Built target gui_interface__py
[0.500s] [ 80%] Built target gui_interface__rosidl_generator_py
[0.500s] [ 87%] Built target gui_interface__rosidl_typesupport_introspection_c__pyext
[0.500s] [ 93%] Built target gui_interface__rosidl_typesupport_fastrtps_c__pyext
[0.500s] [100%] Built target gui_interface__rosidl_typesupport_c__pyext
[0.641s] running egg_info
[0.642s] writing gui_interface.egg-info/PKG-INFO
[0.643s] writing dependency_links to gui_interface.egg-info/dependency_links.txt
[0.643s] writing top-level names to gui_interface.egg-info/top_level.txt
[0.646s] reading manifest file 'gui_interface.egg-info/SOURCES.txt'
[0.647s] writing manifest file 'gui_interface.egg-info/SOURCES.txt'
[0.701s] [100%] Built target ament_cmake_python_build_gui_interface_egg
[1.067s] Invoked command in '/home/eating/work/build/gui_interface' returned '0': CMAKE_PREFIX_PATH=${CMAKE_PREFIX_PATH}:/home/eating/work/install/pallet_main:/home/eating/work/install/main_control:/home/eating/work/install/gui:/home/eating/work/install/docking_pkg:/opt/ros/humble /usr/bin/cmake --build /home/eating/work/build/gui_interface -- -j8 -l8
[1.068s] Invoking command in '/home/eating/work/build/gui_interface': CMAKE_PREFIX_PATH=${CMAKE_PREFIX_PATH}:/home/eating/work/install/pallet_main:/home/eating/work/install/main_control:/home/eating/work/install/gui:/home/eating/work/install/docking_pkg:/opt/ros/humble /usr/bin/cmake --install /home/eating/work/build/gui_interface
[1.081s] -- Install configuration: ""
[1.081s] -- Up-to-date: /home/eating/work/install/gui_interface/share/ament_index/resource_index/rosidl_interfaces/gui_interface
[1.082s] -- Up-to-date: /home/eating/work/install/gui_interface/include/gui_interface/gui_interface
[1.082s] -- Up-to-date: /home/eating/work/install/gui_interface/include/gui_interface/gui_interface/msg
[1.082s] -- Up-to-date: /home/eating/work/install/gui_interface/include/gui_interface/gui_interface/msg/rosidl_generator_c__visibility_control.h
[1.082s] -- Up-to-date: /home/eating/work/install/gui_interface/include/gui_interface/gui_interface/srv
[1.082s] -- Up-to-date: /home/eating/work/install/gui_interface/include/gui_interface/gui_interface/srv/detail
[1.082s] -- Up-to-date: /home/eating/work/install/gui_interface/include/gui_interface/gui_interface/srv/detail/taskcmd__struct.h
[1.082s] -- Up-to-date: /home/eating/work/install/gui_interface/include/gui_interface/gui_interface/srv/detail/taskcmd__type_support.h
[1.082s] -- Up-to-date: /home/eating/work/install/gui_interface/include/gui_interface/gui_interface/srv/detail/taskcmd__functions.h
[1.083s] -- Up-to-date: /home/eating/work/install/gui_interface/include/gui_interface/gui_interface/srv/detail/taskcmd__functions.c
[1.083s] -- Up-to-date: /home/eating/work/install/gui_interface/include/gui_interface/gui_interface/srv/taskcmd.h
[1.083s] -- Up-to-date: /home/eating/work/install/gui_interface/share/gui_interface/environment/library_path.sh
[1.083s] -- Up-to-date: /home/eating/work/install/gui_interface/share/gui_interface/environment/library_path.dsv
[1.083s] -- Up-to-date: /home/eating/work/install/gui_interface/lib/libgui_interface__rosidl_generator_c.so
[1.083s] -- Up-to-date: /home/eating/work/install/gui_interface/include/gui_interface/gui_interface
[1.083s] -- Up-to-date: /home/eating/work/install/gui_interface/include/gui_interface/gui_interface/msg
[1.083s] -- Up-to-date: /home/eating/work/install/gui_interface/include/gui_interface/gui_interface/msg/rosidl_typesupport_fastrtps_c__visibility_control.h
[1.084s] -- Up-to-date: /home/eating/work/install/gui_interface/include/gui_interface/gui_interface/srv
[1.084s] -- Up-to-date: /home/eating/work/install/gui_interface/include/gui_interface/gui_interface/srv/detail
[1.084s] -- Up-to-date: /home/eating/work/install/gui_interface/include/gui_interface/gui_interface/srv/detail/taskcmd__rosidl_typesupport_fastrtps_c.h
[1.084s] -- Up-to-date: /home/eating/work/install/gui_interface/lib/libgui_interface__rosidl_typesupport_fastrtps_c.so
[1.084s] -- Up-to-date: /home/eating/work/install/gui_interface/include/gui_interface/gui_interface
[1.084s] -- Up-to-date: /home/eating/work/install/gui_interface/include/gui_interface/gui_interface/msg
[1.084s] -- Up-to-date: /home/eating/work/install/gui_interface/include/gui_interface/gui_interface/msg/rosidl_generator_cpp__visibility_control.hpp
[1.085s] -- Up-to-date: /home/eating/work/install/gui_interface/include/gui_interface/gui_interface/srv
[1.085s] -- Up-to-date: /home/eating/work/install/gui_interface/include/gui_interface/gui_interface/srv/taskcmd.hpp
[1.085s] -- Up-to-date: /home/eating/work/install/gui_interface/include/gui_interface/gui_interface/srv/detail
[1.085s] -- Up-to-date: /home/eating/work/install/gui_interface/include/gui_interface/gui_interface/srv/detail/taskcmd__struct.hpp
[1.085s] -- Up-to-date: /home/eating/work/install/gui_interface/include/gui_interface/gui_interface/srv/detail/taskcmd__builder.hpp
[1.085s] -- Up-to-date: /home/eating/work/install/gui_interface/include/gui_interface/gui_interface/srv/detail/taskcmd__type_support.hpp
[1.086s] -- Up-to-date: /home/eating/work/install/gui_interface/include/gui_interface/gui_interface/srv/detail/taskcmd__traits.hpp
[1.086s] -- Up-to-date: /home/eating/work/install/gui_interface/include/gui_interface/gui_interface
[1.086s] -- Up-to-date: /home/eating/work/install/gui_interface/include/gui_interface/gui_interface/msg
[1.086s] -- Up-to-date: /home/eating/work/install/gui_interface/include/gui_interface/gui_interface/msg/rosidl_typesupport_fastrtps_cpp__visibility_control.h
[1.086s] -- Up-to-date: /home/eating/work/install/gui_interface/include/gui_interface/gui_interface/srv
[1.089s] -- Up-to-date: /home/eating/work/install/gui_interface/include/gui_interface/gui_interface/srv/detail
[1.089s] -- Up-to-date: /home/eating/work/install/gui_interface/include/gui_interface/gui_interface/srv/detail/dds_fastrtps
[1.089s] -- Up-to-date: /home/eating/work/install/gui_interface/include/gui_interface/gui_interface/srv/detail/taskcmd__rosidl_typesupport_fastrtps_cpp.hpp
[1.090s] -- Up-to-date: /home/eating/work/install/gui_interface/lib/libgui_interface__rosidl_typesupport_fastrtps_cpp.so
[1.090s] -- Up-to-date: /home/eating/work/install/gui_interface/include/gui_interface/gui_interface
[1.091s] -- Up-to-date: /home/eating/work/install/gui_interface/include/gui_interface/gui_interface/msg
[1.091s] -- Up-to-date: /home/eating/work/install/gui_interface/include/gui_interface/gui_interface/msg/rosidl_typesupport_introspection_c__visibility_control.h
[1.092s] -- Up-to-date: /home/eating/work/install/gui_interface/include/gui_interface/gui_interface/srv
[1.092s] -- Up-to-date: /home/eating/work/install/gui_interface/include/gui_interface/gui_interface/srv/detail
[1.092s] -- Up-to-date: /home/eating/work/install/gui_interface/include/gui_interface/gui_interface/srv/detail/taskcmd__type_support.c
[1.092s] -- Up-to-date: /home/eating/work/install/gui_interface/include/gui_interface/gui_interface/srv/detail/taskcmd__rosidl_typesupport_introspection_c.h
[1.092s] -- Up-to-date: /home/eating/work/install/gui_interface/lib/libgui_interface__rosidl_typesupport_introspection_c.so
[1.093s] -- Up-to-date: /home/eating/work/install/gui_interface/lib/libgui_interface__rosidl_typesupport_c.so
[1.094s] -- Up-to-date: /home/eating/work/install/gui_interface/include/gui_interface/gui_interface
[1.094s] -- Up-to-date: /home/eating/work/install/gui_interface/include/gui_interface/gui_interface/srv
[1.094s] -- Up-to-date: /home/eating/work/install/gui_interface/include/gui_interface/gui_interface/srv/detail
[1.094s] -- Up-to-date: /home/eating/work/install/gui_interface/include/gui_interface/gui_interface/srv/detail/taskcmd__rosidl_typesupport_introspection_cpp.hpp
[1.094s] -- Up-to-date: /home/eating/work/install/gui_interface/include/gui_interface/gui_interface/srv/detail/taskcmd__type_support.cpp
[1.094s] -- Up-to-date: /home/eating/work/install/gui_interface/lib/libgui_interface__rosidl_typesupport_introspection_cpp.so
[1.094s] -- Up-to-date: /home/eating/work/install/gui_interface/lib/libgui_interface__rosidl_typesupport_cpp.so
[1.094s] -- Up-to-date: /home/eating/work/install/gui_interface/share/gui_interface/environment/pythonpath.sh
[1.094s] -- Up-to-date: /home/eating/work/install/gui_interface/share/gui_interface/environment/pythonpath.dsv
[1.095s] -- Up-to-date: /home/eating/work/install/gui_interface/local/lib/python3.10/dist-packages/gui_interface-0.0.0-py3.10.egg-info
[1.095s] -- Installing: /home/eating/work/install/gui_interface/local/lib/python3.10/dist-packages/gui_interface-0.0.0-py3.10.egg-info/top_level.txt
[1.095s] -- Installing: /home/eating/work/install/gui_interface/local/lib/python3.10/dist-packages/gui_interface-0.0.0-py3.10.egg-info/SOURCES.txt
[1.095s] -- Installing: /home/eating/work/install/gui_interface/local/lib/python3.10/dist-packages/gui_interface-0.0.0-py3.10.egg-info/dependency_links.txt
[1.095s] -- Installing: /home/eating/work/install/gui_interface/local/lib/python3.10/dist-packages/gui_interface-0.0.0-py3.10.egg-info/PKG-INFO
[1.095s] -- Up-to-date: /home/eating/work/install/gui_interface/local/lib/python3.10/dist-packages/gui_interface
[1.095s] -- Up-to-date: /home/eating/work/install/gui_interface/local/lib/python3.10/dist-packages/gui_interface/__init__.py
[1.095s] -- Up-to-date: /home/eating/work/install/gui_interface/local/lib/python3.10/dist-packages/gui_interface/gui_interface_s__rosidl_typesupport_c.cpython-310-x86_64-linux-gnu.so
[1.095s] -- Up-to-date: /home/eating/work/install/gui_interface/local/lib/python3.10/dist-packages/gui_interface/_gui_interface_s.ep.rosidl_typesupport_fastrtps_c.c
[1.096s] -- Up-to-date: /home/eating/work/install/gui_interface/local/lib/python3.10/dist-packages/gui_interface/_gui_interface_s.ep.rosidl_typesupport_c.c
[1.096s] -- Up-to-date: /home/eating/work/install/gui_interface/local/lib/python3.10/dist-packages/gui_interface/gui_interface_s__rosidl_typesupport_introspection_c.cpython-310-x86_64-linux-gnu.so
[1.096s] -- Up-to-date: /home/eating/work/install/gui_interface/local/lib/python3.10/dist-packages/gui_interface/srv
[1.096s] -- Up-to-date: /home/eating/work/install/gui_interface/local/lib/python3.10/dist-packages/gui_interface/srv/__init__.py
[1.096s] -- Up-to-date: /home/eating/work/install/gui_interface/local/lib/python3.10/dist-packages/gui_interface/srv/_taskcmd.py
[1.096s] -- Up-to-date: /home/eating/work/install/gui_interface/local/lib/python3.10/dist-packages/gui_interface/srv/_taskcmd_s.c
[1.096s] -- Up-to-date: /home/eating/work/install/gui_interface/local/lib/python3.10/dist-packages/gui_interface/libgui_interface__rosidl_generator_py.so
[1.096s] -- Up-to-date: /home/eating/work/install/gui_interface/local/lib/python3.10/dist-packages/gui_interface/gui_interface_s__rosidl_typesupport_fastrtps_c.cpython-310-x86_64-linux-gnu.so
[1.096s] -- Up-to-date: /home/eating/work/install/gui_interface/local/lib/python3.10/dist-packages/gui_interface/_gui_interface_s.ep.rosidl_typesupport_introspection_c.c
[1.149s] Listing '/home/eating/work/install/gui_interface/local/lib/python3.10/dist-packages/gui_interface'...
[1.149s] Listing '/home/eating/work/install/gui_interface/local/lib/python3.10/dist-packages/gui_interface/srv'...
[1.150s] -- Up-to-date: /home/eating/work/install/gui_interface/local/lib/python3.10/dist-packages/gui_interface/gui_interface_s__rosidl_typesupport_fastrtps_c.cpython-310-x86_64-linux-gnu.so
[1.151s] -- Up-to-date: /home/eating/work/install/gui_interface/local/lib/python3.10/dist-packages/gui_interface/gui_interface_s__rosidl_typesupport_introspection_c.cpython-310-x86_64-linux-gnu.so
[1.152s] -- Up-to-date: /home/eating/work/install/gui_interface/local/lib/python3.10/dist-packages/gui_interface/gui_interface_s__rosidl_typesupport_c.cpython-310-x86_64-linux-gnu.so
[1.152s] -- Up-to-date: /home/eating/work/install/gui_interface/lib/libgui_interface__rosidl_generator_py.so
[1.153s] -- Up-to-date: /home/eating/work/install/gui_interface/share/gui_interface/srv/Taskcmd.idl
[1.153s] -- Up-to-date: /home/eating/work/install/gui_interface/share/gui_interface/srv/Taskcmd.srv
[1.153s] -- Up-to-date: /home/eating/work/install/gui_interface/share/gui_interface/srv/Taskcmd_Request.msg
[1.154s] -- Up-to-date: /home/eating/work/install/gui_interface/share/gui_interface/srv/Taskcmd_Response.msg
[1.154s] -- Up-to-date: /home/eating/work/install/gui_interface/share/ament_index/resource_index/package_run_dependencies/gui_interface
[1.154s] -- Up-to-date: /home/eating/work/install/gui_interface/share/ament_index/resource_index/parent_prefix_path/gui_interface
[1.154s] -- Up-to-date: /home/eating/work/install/gui_interface/share/gui_interface/environment/ament_prefix_path.sh
[1.155s] -- Up-to-date: /home/eating/work/install/gui_interface/share/gui_interface/environment/ament_prefix_path.dsv
[1.155s] -- Up-to-date: /home/eating/work/install/gui_interface/share/gui_interface/environment/path.sh
[1.157s] -- Up-to-date: /home/eating/work/install/gui_interface/share/gui_interface/environment/path.dsv
[1.157s] -- Up-to-date: /home/eating/work/install/gui_interface/share/gui_interface/local_setup.bash
[1.157s] -- Up-to-date: /home/eating/work/install/gui_interface/share/gui_interface/local_setup.sh
[1.157s] -- Up-to-date: /home/eating/work/install/gui_interface/share/gui_interface/local_setup.zsh
[1.157s] -- Up-to-date: /home/eating/work/install/gui_interface/share/gui_interface/local_setup.dsv
[1.157s] -- Installing: /home/eating/work/install/gui_interface/share/gui_interface/package.dsv
[1.157s] -- Up-to-date: /home/eating/work/install/gui_interface/share/ament_index/resource_index/packages/gui_interface
[1.157s] -- Up-to-date: /home/eating/work/install/gui_interface/share/gui_interface/cmake/export_gui_interface__rosidl_generator_cExport.cmake
[1.158s] -- Up-to-date: /home/eating/work/install/gui_interface/share/gui_interface/cmake/export_gui_interface__rosidl_generator_cExport-noconfig.cmake
[1.158s] -- Up-to-date: /home/eating/work/install/gui_interface/share/gui_interface/cmake/export_gui_interface__rosidl_typesupport_fastrtps_cExport.cmake
[1.158s] -- Up-to-date: /home/eating/work/install/gui_interface/share/gui_interface/cmake/export_gui_interface__rosidl_typesupport_fastrtps_cExport-noconfig.cmake
[1.158s] -- Up-to-date: /home/eating/work/install/gui_interface/share/gui_interface/cmake/export_gui_interface__rosidl_generator_cppExport.cmake
[1.158s] -- Up-to-date: /home/eating/work/install/gui_interface/share/gui_interface/cmake/export_gui_interface__rosidl_typesupport_fastrtps_cppExport.cmake
[1.158s] -- Up-to-date: /home/eating/work/install/gui_interface/share/gui_interface/cmake/export_gui_interface__rosidl_typesupport_fastrtps_cppExport-noconfig.cmake
[1.158s] -- Up-to-date: /home/eating/work/install/gui_interface/share/gui_interface/cmake/gui_interface__rosidl_typesupport_introspection_cExport.cmake
[1.158s] -- Up-to-date: /home/eating/work/install/gui_interface/share/gui_interface/cmake/gui_interface__rosidl_typesupport_introspection_cExport-noconfig.cmake
[1.158s] -- Up-to-date: /home/eating/work/install/gui_interface/share/gui_interface/cmake/gui_interface__rosidl_typesupport_cExport.cmake
[1.158s] -- Up-to-date: /home/eating/work/install/gui_interface/share/gui_interface/cmake/gui_interface__rosidl_typesupport_cExport-noconfig.cmake
[1.159s] -- Up-to-date: /home/eating/work/install/gui_interface/share/gui_interface/cmake/gui_interface__rosidl_typesupport_introspection_cppExport.cmake
[1.159s] -- Up-to-date: /home/eating/work/install/gui_interface/share/gui_interface/cmake/gui_interface__rosidl_typesupport_introspection_cppExport-noconfig.cmake
[1.159s] -- Up-to-date: /home/eating/work/install/gui_interface/share/gui_interface/cmake/gui_interface__rosidl_typesupport_cppExport.cmake
[1.160s] -- Up-to-date: /home/eating/work/install/gui_interface/share/gui_interface/cmake/gui_interface__rosidl_typesupport_cppExport-noconfig.cmake
[1.160s] -- Up-to-date: /home/eating/work/install/gui_interface/share/gui_interface/cmake/export_gui_interface__rosidl_generator_pyExport.cmake
[1.160s] -- Up-to-date: /home/eating/work/install/gui_interface/share/gui_interface/cmake/export_gui_interface__rosidl_generator_pyExport-noconfig.cmake
[1.160s] -- Up-to-date: /home/eating/work/install/gui_interface/share/gui_interface/cmake/rosidl_cmake-extras.cmake
[1.160s] -- Up-to-date: /home/eating/work/install/gui_interface/share/gui_interface/cmake/ament_cmake_export_dependencies-extras.cmake
[1.160s] -- Up-to-date: /home/eating/work/install/gui_interface/share/gui_interface/cmake/ament_cmake_export_include_directories-extras.cmake
[1.161s] -- Up-to-date: /home/eating/work/install/gui_interface/share/gui_interface/cmake/ament_cmake_export_libraries-extras.cmake
[1.161s] -- Up-to-date: /home/eating/work/install/gui_interface/share/gui_interface/cmake/ament_cmake_export_targets-extras.cmake
[1.161s] -- Up-to-date: /home/eating/work/install/gui_interface/share/gui_interface/cmake/rosidl_cmake_export_typesupport_targets-extras.cmake
[1.161s] -- Up-to-date: /home/eating/work/install/gui_interface/share/gui_interface/cmake/rosidl_cmake_export_typesupport_libraries-extras.cmake
[1.161s] -- Up-to-date: /home/eating/work/install/gui_interface/share/gui_interface/cmake/gui_interfaceConfig.cmake
[1.161s] -- Up-to-date: /home/eating/work/install/gui_interface/share/gui_interface/cmake/gui_interfaceConfig-version.cmake
[1.161s] -- Up-to-date: /home/eating/work/install/gui_interface/share/gui_interface/package.xml
[1.183s] Invoked command in '/home/eating/work/build/gui_interface' returned '0': CMAKE_PREFIX_PATH=${CMAKE_PREFIX_PATH}:/home/eating/work/install/pallet_main:/home/eating/work/install/main_control:/home/eating/work/install/gui:/home/eating/work/install/docking_pkg:/opt/ros/humble /usr/bin/cmake --install /home/eating/work/build/gui_interface
