[0.168s] Invoking command in '/home/eating/work/build/mobile_description': CMAKE_PREFIX_PATH=${CMAKE_PREFIX_PATH}:/home/eating/work/install/pallet_main:/home/eating/work/install/main_control:/home/eating/work/install/gui:/home/eating/work/install/docking_pkg:/opt/ros/humble /usr/bin/cmake --build /home/eating/work/build/mobile_description -- -j8 -l8
[1.399s] Invoked command in '/home/eating/work/build/mobile_description' returned '0': CMAKE_PREFIX_PATH=${CMAKE_PREFIX_PATH}:/home/eating/work/install/pallet_main:/home/eating/work/install/main_control:/home/eating/work/install/gui:/home/eating/work/install/docking_pkg:/opt/ros/humble /usr/bin/cmake --build /home/eating/work/build/mobile_description -- -j8 -l8
[1.401s] Invoking command in '/home/eating/work/build/mobile_description': CMAKE_PREFIX_PATH=${CMAKE_PREFIX_PATH}:/home/eating/work/install/pallet_main:/home/eating/work/install/main_control:/home/eating/work/install/gui:/home/eating/work/install/docking_pkg:/opt/ros/humble /usr/bin/cmake --install /home/eating/work/build/mobile_description
[1.507s] -- Install configuration: ""
[1.510s] -- Up-to-date: /home/eating/work/install/mobile_description/share/mobile_description/meshes
[1.511s] -- Up-to-date: /home/eating/work/install/mobile_description/share/mobile_description/meshes/base_link.STL
[1.511s] -- Up-to-date: /home/eating/work/install/mobile_description/share/mobile_description/urdf
[1.511s] -- Up-to-date: /home/eating/work/install/mobile_description/share/mobile_description/urdf/timda_mobile_platform.urdf.xacro
[1.511s] -- Up-to-date: /home/eating/work/install/mobile_description/share/mobile_description/urdf/timda_mobile_platform.csv
[1.511s] -- Up-to-date: /home/eating/work/install/mobile_description/share/mobile_description/urdf/timda_mobile_platform.gazebo.xacro
[1.512s] -- Up-to-date: /home/eating/work/install/mobile_description/share/mobile_description/urdf/timda_mobile_platform_sim_odom.urdf.xacro
[1.512s] -- Up-to-date: /home/eating/work/install/mobile_description/share/mobile_description/urdf/timda_mobile_platform.urdf
[1.512s] -- Up-to-date: /home/eating/work/install/mobile_description/share/ament_index/resource_index/package_run_dependencies/mobile_description
[1.512s] -- Up-to-date: /home/eating/work/install/mobile_description/share/ament_index/resource_index/parent_prefix_path/mobile_description
[1.512s] -- Up-to-date: /home/eating/work/install/mobile_description/share/mobile_description/environment/ament_prefix_path.sh
[1.512s] -- Up-to-date: /home/eating/work/install/mobile_description/share/mobile_description/environment/ament_prefix_path.dsv
[1.513s] -- Up-to-date: /home/eating/work/install/mobile_description/share/mobile_description/environment/path.sh
[1.513s] -- Up-to-date: /home/eating/work/install/mobile_description/share/mobile_description/environment/path.dsv
[1.513s] -- Up-to-date: /home/eating/work/install/mobile_description/share/mobile_description/local_setup.bash
[1.513s] -- Up-to-date: /home/eating/work/install/mobile_description/share/mobile_description/local_setup.sh
[1.513s] -- Up-to-date: /home/eating/work/install/mobile_description/share/mobile_description/local_setup.zsh
[1.513s] -- Up-to-date: /home/eating/work/install/mobile_description/share/mobile_description/local_setup.dsv
[1.513s] -- Installing: /home/eating/work/install/mobile_description/share/mobile_description/package.dsv
[1.513s] -- Up-to-date: /home/eating/work/install/mobile_description/share/ament_index/resource_index/packages/mobile_description
[1.513s] -- Up-to-date: /home/eating/work/install/mobile_description/share/mobile_description/cmake/mobile_descriptionConfig.cmake
[1.514s] -- Up-to-date: /home/eating/work/install/mobile_description/share/mobile_description/cmake/mobile_descriptionConfig-version.cmake
[1.514s] -- Up-to-date: /home/eating/work/install/mobile_description/share/mobile_description/package.xml
[1.660s] Invoked command in '/home/eating/work/build/mobile_description' returned '0': CMAKE_PREFIX_PATH=${CMAKE_PREFIX_PATH}:/home/eating/work/install/pallet_main:/home/eating/work/install/main_control:/home/eating/work/install/gui:/home/eating/work/install/docking_pkg:/opt/ros/humble /usr/bin/cmake --install /home/eating/work/build/mobile_description
