[2.766s] Invoking command in '/home/eating/work/src/pallet/pallet_main': PYTHONPATH=/home/eating/work/build/pallet_main/prefix_override:/usr/lib/python3/dist-packages/colcon_core/task/python/colcon_distutils_commands:/home/eating/work/install/pallet_main/lib/python3.10/site-packages:${PYTHONPATH} /usr/bin/python3 -W ignore:setup.py install is deprecated -W ignore:easy_install command is deprecated setup.py egg_info --egg-base ../../../build/pallet_main build --build-base /home/eating/work/build/pallet_main/build install --record /home/eating/work/build/pallet_main/install.log --single-version-externally-managed install_data
[3.408s] running egg_info
[3.408s] writing ../../../build/pallet_main/pallet_main.egg-info/PKG-INFO
[3.414s] writing dependency_links to ../../../build/pallet_main/pallet_main.egg-info/dependency_links.txt
[3.414s] writing entry points to ../../../build/pallet_main/pallet_main.egg-info/entry_points.txt
[3.414s] writing requirements to ../../../build/pallet_main/pallet_main.egg-info/requires.txt
[3.414s] writing top-level names to ../../../build/pallet_main/pallet_main.egg-info/top_level.txt
[3.414s] reading manifest file '../../../build/pallet_main/pallet_main.egg-info/SOURCES.txt'
[3.414s] writing manifest file '../../../build/pallet_main/pallet_main.egg-info/SOURCES.txt'
[3.415s] running build
[3.415s] running build_py
[3.415s] running install
[3.415s] running install_lib
[3.415s] running install_data
[3.415s] running install_egg_info
[3.415s] removing '/home/eating/work/install/pallet_main/lib/python3.10/site-packages/pallet_main-0.0.0-py3.10.egg-info' (and everything under it)
[3.415s] Copying ../../../build/pallet_main/pallet_main.egg-info to /home/eating/work/install/pallet_main/lib/python3.10/site-packages/pallet_main-0.0.0-py3.10.egg-info
[3.415s] running install_scripts
[3.416s] Installing GetBox script to /home/eating/work/install/pallet_main/lib/pallet_main
[3.416s] Installing PalletMain script to /home/eating/work/install/pallet_main/lib/pallet_main
[3.416s] Installing handcamera script to /home/eating/work/install/pallet_main/lib/pallet_main
[3.416s] writing list of installed files to '/home/eating/work/build/pallet_main/install.log'
[3.500s] Invoked command in '/home/eating/work/src/pallet/pallet_main' returned '0': PYTHONPATH=/home/eating/work/build/pallet_main/prefix_override:/usr/lib/python3/dist-packages/colcon_core/task/python/colcon_distutils_commands:/home/eating/work/install/pallet_main/lib/python3.10/site-packages:${PYTHONPATH} /usr/bin/python3 -W ignore:setup.py install is deprecated -W ignore:easy_install command is deprecated setup.py egg_info --egg-base ../../../build/pallet_main build --build-base /home/eating/work/build/pallet_main/build install --record /home/eating/work/build/pallet_main/install.log --single-version-externally-managed install_data
