[0.405s] Invoking command in '/home/eating/work/build/realsense2_camera': CMAKE_PREFIX_PATH=/home/eating/work/install/realsense2_camera_msgs:/home/eating/work/install/timda_gazebo:/home/eating/work/install/timda_description:/home/eating/work/install/timda_bringup:/home/eating/work/install/timda_body_description:/home/eating/work/install/suction_description:/home/eating/work/install/robot_arm_description:/home/eating/work/install/realsense2_description:/home/eating/work/install/realsense2_camera:/home/eating/work/install/pallet_interfaces:/home/eating/work/install/mobile_description:/home/eating/work/install/mecanum:/home/eating/work/install/linear_move:/home/eating/work/install/keyboard_control:/home/eating/work/install/ira_laser_tools:/home/eating/work/install/interface:/home/eating/work/install/gui_interface:/home/eating/work/install/pallet_main:/home/eating/work/install/main_control:/home/eating/work/install/gui:/home/eating/work/install/docking_pkg:/opt/ros/humble LD_LIBRARY_PATH=/home/eating/work/install/realsense2_camera_msgs/lib:/home/eating/work/install/realsense2_camera/lib:/home/eating/work/install/pallet_interfaces/lib:/home/eating/work/install/interface/lib:/home/eating/work/install/gui_interface/lib:/opt/ros/humble/opt/rviz_ogre_vendor/lib:/opt/ros/humble/lib/x86_64-linux-gnu:/opt/ros/humble/lib /usr/bin/cmake /home/eating/work/src/docking/realsense-ros/realsense2_camera -DCMAKE_INSTALL_PREFIX=/home/eating/work/install/realsense2_camera
[0.498s] -- The C compiler identification is GNU 11.4.0
[0.591s] -- The CXX compiler identification is GNU 11.4.0
[0.602s] -- Detecting C compiler ABI info
[0.726s] -- Detecting C compiler ABI info - done
[0.740s] -- Check for working C compiler: /usr/bin/cc - skipped
[0.741s] -- Detecting C compile features
[0.742s] -- Detecting C compile features - done
[0.748s] -- Detecting CXX compiler ABI info
[0.868s] -- Detecting CXX compiler ABI info - done
[0.883s] -- Check for working CXX compiler: /usr/bin/c++ - skipped
[0.884s] -- Detecting CXX compile features
[0.885s] -- Detecting CXX compile features - done
[0.886s] -- Create Release Build.
[0.893s] -- Found ament_cmake: 1.3.11 (/opt/ros/humble/share/ament_cmake/cmake)
[1.208s] -- Found Python3: /usr/bin/python3 (found version "3.10.12") found components: Interpreter 
[1.433s] -- Found builtin_interfaces: 1.2.1 (/opt/ros/humble/share/builtin_interfaces/cmake)
[1.514s] -- Found rosidl_generator_c: 3.1.6 (/opt/ros/humble/share/rosidl_generator_c/cmake)
[1.542s] -- Found rosidl_adapter: 3.1.6 (/opt/ros/humble/share/rosidl_adapter/cmake)
[1.557s] -- Found rosidl_generator_cpp: 3.1.6 (/opt/ros/humble/share/rosidl_generator_cpp/cmake)
[1.605s] -- Using all available rosidl_typesupport_c: rosidl_typesupport_fastrtps_c;rosidl_typesupport_introspection_c
[1.658s] -- Using all available rosidl_typesupport_cpp: rosidl_typesupport_fastrtps_cpp;rosidl_typesupport_introspection_cpp
[1.702s] -- Found cv_bridge: 3.2.1 (/opt/ros/humble/share/cv_bridge/cmake)
[1.847s] -- Found image_transport: 3.1.12 (/opt/ros/humble/share/image_transport/cmake)
[1.945s] -- Found rmw_implementation_cmake: 6.1.2 (/opt/ros/humble/share/rmw_implementation_cmake/cmake)
[1.953s] -- Found rmw_cyclonedds_cpp: 1.3.4 (/opt/ros/humble/share/rmw_cyclonedds_cpp/cmake)
[2.004s] -- Using RMW implementation 'rmw_cyclonedds_cpp' as default
[2.023s] -- Looking for pthread.h
[2.094s] -- Looking for pthread.h - found
[2.094s] -- Performing Test CMAKE_HAVE_LIBC_PTHREAD
[2.163s] -- Performing Test CMAKE_HAVE_LIBC_PTHREAD - Success
[2.164s] -- Found Threads: TRUE  
[2.297s] -- Found rclcpp_components: 16.0.12 (/opt/ros/humble/share/rclcpp_components/cmake)
[2.327s] -- Found realsense2_camera_msgs: 4.55.1 (/home/eating/work/install/realsense2_camera_msgs/share/realsense2_camera_msgs/cmake)
[2.348s] -- Found nav_msgs: 4.9.0 (/opt/ros/humble/share/nav_msgs/cmake)
[2.368s] -- Found tf2_ros: 0.25.13 (/opt/ros/humble/share/tf2_ros/cmake)
[2.450s] -- Found diagnostic_updater: 4.0.6 (/opt/ros/humble/share/diagnostic_updater/cmake)
[2.473s] -- Found OpenCV: /usr (found version "4.5.4") found components: core 
[2.476s] -- Build for ROS2 Humble
[2.488s] -- Found ament_cmake_gtest: 1.3.11 (/opt/ros/humble/share/ament_cmake_gtest/cmake)
[2.492s] -- Found gtest sources under '/opt/ros/humble/src/gtest_vendor': C++ tests using 'Google Test' will be built
[2.500s] -- Found ament_cmake_pytest: 1.3.11 (/opt/ros/humble/share/ament_cmake_pytest/cmake)
[14.322s] -- rs_device_info:
[14.322s] -- Device Name                   Serial Number       Firmware Version
[14.322s] Intel RealSense D435I         908212070822        5.13.0.50
[14.322s] 
[14.322s] -- D455 device found
[23.228s] -- Configuring done
[23.259s] -- Generating done
[23.267s] -- Build files have been written to: /home/eating/work/build/realsense2_camera
[23.279s] Invoked command in '/home/eating/work/build/realsense2_camera' returned '0': CMAKE_PREFIX_PATH=/home/eating/work/install/realsense2_camera_msgs:/home/eating/work/install/timda_gazebo:/home/eating/work/install/timda_description:/home/eating/work/install/timda_bringup:/home/eating/work/install/timda_body_description:/home/eating/work/install/suction_description:/home/eating/work/install/robot_arm_description:/home/eating/work/install/realsense2_description:/home/eating/work/install/realsense2_camera:/home/eating/work/install/pallet_interfaces:/home/eating/work/install/mobile_description:/home/eating/work/install/mecanum:/home/eating/work/install/linear_move:/home/eating/work/install/keyboard_control:/home/eating/work/install/ira_laser_tools:/home/eating/work/install/interface:/home/eating/work/install/gui_interface:/home/eating/work/install/pallet_main:/home/eating/work/install/main_control:/home/eating/work/install/gui:/home/eating/work/install/docking_pkg:/opt/ros/humble LD_LIBRARY_PATH=/home/eating/work/install/realsense2_camera_msgs/lib:/home/eating/work/install/realsense2_camera/lib:/home/eating/work/install/pallet_interfaces/lib:/home/eating/work/install/interface/lib:/home/eating/work/install/gui_interface/lib:/opt/ros/humble/opt/rviz_ogre_vendor/lib:/opt/ros/humble/lib/x86_64-linux-gnu:/opt/ros/humble/lib /usr/bin/cmake /home/eating/work/src/docking/realsense-ros/realsense2_camera -DCMAKE_INSTALL_PREFIX=/home/eating/work/install/realsense2_camera
[23.280s] Invoking command in '/home/eating/work/build/realsense2_camera': CMAKE_PREFIX_PATH=/home/eating/work/install/realsense2_camera_msgs:/home/eating/work/install/timda_gazebo:/home/eating/work/install/timda_description:/home/eating/work/install/timda_bringup:/home/eating/work/install/timda_body_description:/home/eating/work/install/suction_description:/home/eating/work/install/robot_arm_description:/home/eating/work/install/realsense2_description:/home/eating/work/install/realsense2_camera:/home/eating/work/install/pallet_interfaces:/home/eating/work/install/mobile_description:/home/eating/work/install/mecanum:/home/eating/work/install/linear_move:/home/eating/work/install/keyboard_control:/home/eating/work/install/ira_laser_tools:/home/eating/work/install/interface:/home/eating/work/install/gui_interface:/home/eating/work/install/pallet_main:/home/eating/work/install/main_control:/home/eating/work/install/gui:/home/eating/work/install/docking_pkg:/opt/ros/humble LD_LIBRARY_PATH=/home/eating/work/install/realsense2_camera_msgs/lib:/home/eating/work/install/realsense2_camera/lib:/home/eating/work/install/pallet_interfaces/lib:/home/eating/work/install/interface/lib:/home/eating/work/install/gui_interface/lib:/opt/ros/humble/opt/rviz_ogre_vendor/lib:/opt/ros/humble/lib/x86_64-linux-gnu:/opt/ros/humble/lib /usr/bin/cmake --build /home/eating/work/build/realsense2_camera -- -j8 -l8
[23.331s] [ 13%] [32mBuilding CXX object gtest/CMakeFiles/gtest.dir/src/gtest-all.cc.o[0m
[23.331s] [ 13%] [32mBuilding CXX object gtest/CMakeFiles/gtest_main.dir/src/gtest_main.cc.o[0m
[23.331s] [ 18%] [32mBuilding CXX object CMakeFiles/realsense2_camera.dir/src/parameters.cpp.o[0m
[23.331s] [ 13%] [32mBuilding CXX object CMakeFiles/realsense2_camera_node.dir/rclcpp_components/node_main_realsense2_camera_node.cpp.o[0m
[23.331s] [ 22%] [32mBuilding CXX object CMakeFiles/realsense2_camera.dir/src/base_realsense_node.cpp.o[0m
[23.331s] [ 27%] [32mBuilding CXX object CMakeFiles/realsense2_camera.dir/src/rs_node_setup.cpp.o[0m
[23.331s] [ 31%] [32mBuilding CXX object CMakeFiles/realsense2_camera.dir/src/realsense_node_factory.cpp.o[0m
[23.332s] [ 36%] [32mBuilding CXX object CMakeFiles/realsense2_camera.dir/src/ros_sensor.cpp.o[0m
[24.394s] [ 40%] [32m[1mLinking CXX static library libgtest_main.a[0m
[24.440s] [ 40%] Built target gtest_main
[24.453s] [ 45%] [32mBuilding CXX object CMakeFiles/realsense2_camera.dir/src/ros_utils.cpp.o[0m
[29.047s] [ 50%] [32m[1mLinking CXX executable realsense2_camera_node[0m
[29.229s] [ 50%] Built target realsense2_camera_node
[29.241s] [ 54%] [32mBuilding CXX object CMakeFiles/realsense2_camera.dir/src/dynamic_params.cpp.o[0m
[30.378s] [ 59%] [32mBuilding CXX object CMakeFiles/realsense2_camera.dir/src/sensor_params.cpp.o[0m
[34.617s] [ 63%] [32mBuilding CXX object CMakeFiles/realsense2_camera.dir/src/named_filter.cpp.o[0m
[35.449s] [ 68%] [32m[1mLinking CXX static library libgtest.a[0m
[35.500s] [ 68%] Built target gtest
[35.538s] [ 72%] [32mBuilding CXX object CMakeFiles/gtest_template.dir/test/gtest_template.cpp.o[0m
[36.030s] [ 77%] [32mBuilding CXX object CMakeFiles/realsense2_camera.dir/src/profile_manager.cpp.o[0m
[36.936s] [ 81%] [32m[1mLinking CXX executable gtest_template[0m
[37.102s] [ 81%] Built target gtest_template
[37.114s] [ 86%] [32mBuilding CXX object CMakeFiles/realsense2_camera.dir/src/image_publisher.cpp.o[0m
[38.408s] [ 90%] [32mBuilding CXX object CMakeFiles/realsense2_camera.dir/src/tfs.cpp.o[0m
[38.744s] [ 95%] [32mBuilding CXX object CMakeFiles/realsense2_camera.dir/src/ros_param_backend.cpp.o[0m
[49.202s] [100%] [32m[1mLinking CXX shared library librealsense2_camera.so[0m
[49.561s] [100%] Built target realsense2_camera
[49.574s] Invoked command in '/home/eating/work/build/realsense2_camera' returned '0': CMAKE_PREFIX_PATH=/home/eating/work/install/realsense2_camera_msgs:/home/eating/work/install/timda_gazebo:/home/eating/work/install/timda_description:/home/eating/work/install/timda_bringup:/home/eating/work/install/timda_body_description:/home/eating/work/install/suction_description:/home/eating/work/install/robot_arm_description:/home/eating/work/install/realsense2_description:/home/eating/work/install/realsense2_camera:/home/eating/work/install/pallet_interfaces:/home/eating/work/install/mobile_description:/home/eating/work/install/mecanum:/home/eating/work/install/linear_move:/home/eating/work/install/keyboard_control:/home/eating/work/install/ira_laser_tools:/home/eating/work/install/interface:/home/eating/work/install/gui_interface:/home/eating/work/install/pallet_main:/home/eating/work/install/main_control:/home/eating/work/install/gui:/home/eating/work/install/docking_pkg:/opt/ros/humble LD_LIBRARY_PATH=/home/eating/work/install/realsense2_camera_msgs/lib:/home/eating/work/install/realsense2_camera/lib:/home/eating/work/install/pallet_interfaces/lib:/home/eating/work/install/interface/lib:/home/eating/work/install/gui_interface/lib:/opt/ros/humble/opt/rviz_ogre_vendor/lib:/opt/ros/humble/lib/x86_64-linux-gnu:/opt/ros/humble/lib /usr/bin/cmake --build /home/eating/work/build/realsense2_camera -- -j8 -l8
[49.576s] Invoking command in '/home/eating/work/build/realsense2_camera': CMAKE_PREFIX_PATH=/home/eating/work/install/realsense2_camera_msgs:/home/eating/work/install/timda_gazebo:/home/eating/work/install/timda_description:/home/eating/work/install/timda_bringup:/home/eating/work/install/timda_body_description:/home/eating/work/install/suction_description:/home/eating/work/install/robot_arm_description:/home/eating/work/install/realsense2_description:/home/eating/work/install/realsense2_camera:/home/eating/work/install/pallet_interfaces:/home/eating/work/install/mobile_description:/home/eating/work/install/mecanum:/home/eating/work/install/linear_move:/home/eating/work/install/keyboard_control:/home/eating/work/install/ira_laser_tools:/home/eating/work/install/interface:/home/eating/work/install/gui_interface:/home/eating/work/install/pallet_main:/home/eating/work/install/main_control:/home/eating/work/install/gui:/home/eating/work/install/docking_pkg:/opt/ros/humble LD_LIBRARY_PATH=/home/eating/work/install/realsense2_camera_msgs/lib:/home/eating/work/install/realsense2_camera/lib:/home/eating/work/install/pallet_interfaces/lib:/home/eating/work/install/interface/lib:/home/eating/work/install/gui_interface/lib:/opt/ros/humble/opt/rviz_ogre_vendor/lib:/opt/ros/humble/lib/x86_64-linux-gnu:/opt/ros/humble/lib /usr/bin/cmake --install /home/eating/work/build/realsense2_camera
[49.583s] -- Install configuration: "Release"
[49.583s] -- Installing: /home/eating/work/install/realsense2_camera/lib/realsense2_camera/realsense2_camera_node
[49.584s] -- Set runtime path of "/home/eating/work/install/realsense2_camera/lib/realsense2_camera/realsense2_camera_node" to ""
[49.584s] -- Installing: /home/eating/work/install/realsense2_camera/lib/librealsense2_camera.so
[49.586s] -- Set runtime path of "/home/eating/work/install/realsense2_camera/lib/librealsense2_camera.so" to ""
[49.587s] -- Installing: /home/eating/work/install/realsense2_camera/include
[49.587s] -- Installing: /home/eating/work/install/realsense2_camera/include/ros_utils.h
[49.587s] -- Installing: /home/eating/work/install/realsense2_camera/include/constants.h
[49.587s] -- Installing: /home/eating/work/install/realsense2_camera/include/base_realsense_node.h
[49.587s] -- Installing: /home/eating/work/install/realsense2_camera/include/gl_window.h
[49.587s] -- Installing: /home/eating/work/install/realsense2_camera/include/named_filter.h
[49.587s] -- Installing: /home/eating/work/install/realsense2_camera/include/ros_param_backend.h
[49.587s] -- Installing: /home/eating/work/install/realsense2_camera/include/realsense_node_factory.h
[49.587s] -- Installing: /home/eating/work/install/realsense2_camera/include/dynamic_params.h
[49.588s] -- Installing: /home/eating/work/install/realsense2_camera/include/profile_manager.h
[49.588s] -- Installing: /home/eating/work/install/realsense2_camera/include/image_publisher.h
[49.588s] -- Installing: /home/eating/work/install/realsense2_camera/include/ros_sensor.h
[49.588s] -- Installing: /home/eating/work/install/realsense2_camera/include/sensor_params.h
[49.588s] -- Installing: /home/eating/work/install/realsense2_camera/share/realsense2_camera/launch
[49.588s] -- Installing: /home/eating/work/install/realsense2_camera/share/realsense2_camera/launch/default.rviz
[49.588s] -- Installing: /home/eating/work/install/realsense2_camera/share/realsense2_camera/launch/rs_intra_process_demo_launch.py
[49.588s] -- Installing: /home/eating/work/install/realsense2_camera/share/realsense2_camera/launch/rs_launch.py
[49.588s] -- Installing: /home/eating/work/install/realsense2_camera/share/realsense2_camera/launch/rs_multi_camera_launch.py
[49.589s] -- Installing: /home/eating/work/install/realsense2_camera/share/realsense2_camera/examples
[49.589s] -- Installing: /home/eating/work/install/realsense2_camera/share/realsense2_camera/examples/align_depth
[49.589s] -- Installing: /home/eating/work/install/realsense2_camera/share/realsense2_camera/examples/align_depth/README.md
[49.589s] -- Installing: /home/eating/work/install/realsense2_camera/share/realsense2_camera/examples/align_depth/rs_align_depth_launch.py
[49.589s] -- Installing: /home/eating/work/install/realsense2_camera/share/realsense2_camera/examples/pointcloud
[49.589s] -- Installing: /home/eating/work/install/realsense2_camera/share/realsense2_camera/examples/pointcloud/README.md
[49.589s] -- Installing: /home/eating/work/install/realsense2_camera/share/realsense2_camera/examples/pointcloud/rviz
[49.589s] -- Installing: /home/eating/work/install/realsense2_camera/share/realsense2_camera/examples/pointcloud/rviz/urdf_pointcloud.rviz
[49.589s] -- Installing: /home/eating/work/install/realsense2_camera/share/realsense2_camera/examples/pointcloud/rviz/pointcloud.rviz
[49.589s] -- Installing: /home/eating/work/install/realsense2_camera/share/realsense2_camera/examples/pointcloud/rs_d455_pointcloud_launch.py
[49.590s] -- Installing: /home/eating/work/install/realsense2_camera/share/realsense2_camera/examples/pointcloud/rs_pointcloud_launch.py
[49.590s] -- Installing: /home/eating/work/install/realsense2_camera/share/realsense2_camera/examples/pointcloud/rs_d405_pointcloud_launch.py
[49.590s] -- Installing: /home/eating/work/install/realsense2_camera/share/realsense2_camera/examples/launch_from_rosbag
[49.590s] -- Installing: /home/eating/work/install/realsense2_camera/share/realsense2_camera/examples/launch_from_rosbag/README.md
[49.590s] -- Installing: /home/eating/work/install/realsense2_camera/share/realsense2_camera/examples/launch_from_rosbag/rs_launch_from_rosbag.py
[49.590s] -- Installing: /home/eating/work/install/realsense2_camera/share/realsense2_camera/examples/dual_camera
[49.590s] -- Installing: /home/eating/work/install/realsense2_camera/share/realsense2_camera/examples/dual_camera/README.md
[49.590s] -- Installing: /home/eating/work/install/realsense2_camera/share/realsense2_camera/examples/dual_camera/rs_dual_camera_launch.py
[49.590s] -- Installing: /home/eating/work/install/realsense2_camera/share/realsense2_camera/examples/dual_camera/rviz
[49.590s] -- Installing: /home/eating/work/install/realsense2_camera/share/realsense2_camera/examples/dual_camera/rviz/dual_camera_pointcloud.rviz
[49.591s] -- Installing: /home/eating/work/install/realsense2_camera/share/realsense2_camera/examples/launch_params_from_file
[49.591s] -- Installing: /home/eating/work/install/realsense2_camera/share/realsense2_camera/examples/launch_params_from_file/README.md
[49.591s] -- Installing: /home/eating/work/install/realsense2_camera/share/realsense2_camera/examples/launch_params_from_file/rs_launch_get_params_from_yaml.py
[49.591s] -- Installing: /home/eating/work/install/realsense2_camera/share/realsense2_camera/examples/launch_params_from_file/config
[49.591s] -- Installing: /home/eating/work/install/realsense2_camera/share/realsense2_camera/examples/launch_params_from_file/config/config.yaml
[49.591s] -- Installing: /home/eating/work/install/realsense2_camera/share/realsense2_camera/environment/library_path.sh
[49.591s] -- Installing: /home/eating/work/install/realsense2_camera/share/realsense2_camera/environment/library_path.dsv
[49.592s] -- Installing: /home/eating/work/install/realsense2_camera/share/ament_index/resource_index/package_run_dependencies/realsense2_camera
[49.592s] -- Installing: /home/eating/work/install/realsense2_camera/share/ament_index/resource_index/parent_prefix_path/realsense2_camera
[49.592s] -- Installing: /home/eating/work/install/realsense2_camera/share/realsense2_camera/environment/ament_prefix_path.sh
[49.592s] -- Installing: /home/eating/work/install/realsense2_camera/share/realsense2_camera/environment/ament_prefix_path.dsv
[49.592s] -- Installing: /home/eating/work/install/realsense2_camera/share/realsense2_camera/environment/path.sh
[49.592s] -- Installing: /home/eating/work/install/realsense2_camera/share/realsense2_camera/environment/path.dsv
[49.592s] -- Installing: /home/eating/work/install/realsense2_camera/share/realsense2_camera/local_setup.bash
[49.592s] -- Installing: /home/eating/work/install/realsense2_camera/share/realsense2_camera/local_setup.sh
[49.593s] -- Installing: /home/eating/work/install/realsense2_camera/share/realsense2_camera/local_setup.zsh
[49.593s] -- Installing: /home/eating/work/install/realsense2_camera/share/realsense2_camera/local_setup.dsv
[49.593s] -- Installing: /home/eating/work/install/realsense2_camera/share/realsense2_camera/package.dsv
[49.593s] -- Installing: /home/eating/work/install/realsense2_camera/share/ament_index/resource_index/packages/realsense2_camera
[49.593s] -- Installing: /home/eating/work/install/realsense2_camera/share/ament_index/resource_index/rclcpp_components/realsense2_camera
[49.593s] -- Installing: /home/eating/work/install/realsense2_camera/share/realsense2_camera/cmake/ament_cmake_export_include_directories-extras.cmake
[49.593s] -- Installing: /home/eating/work/install/realsense2_camera/share/realsense2_camera/cmake/ament_cmake_export_libraries-extras.cmake
[49.593s] -- Installing: /home/eating/work/install/realsense2_camera/share/realsense2_camera/cmake/ament_cmake_export_dependencies-extras.cmake
[49.594s] -- Installing: /home/eating/work/install/realsense2_camera/share/realsense2_camera/cmake/realsense2_cameraConfig.cmake
[49.594s] -- Installing: /home/eating/work/install/realsense2_camera/share/realsense2_camera/cmake/realsense2_cameraConfig-version.cmake
[49.594s] -- Installing: /home/eating/work/install/realsense2_camera/share/realsense2_camera/package.xml
[49.596s] Invoked command in '/home/eating/work/build/realsense2_camera' returned '0': CMAKE_PREFIX_PATH=/home/eating/work/install/realsense2_camera_msgs:/home/eating/work/install/timda_gazebo:/home/eating/work/install/timda_description:/home/eating/work/install/timda_bringup:/home/eating/work/install/timda_body_description:/home/eating/work/install/suction_description:/home/eating/work/install/robot_arm_description:/home/eating/work/install/realsense2_description:/home/eating/work/install/realsense2_camera:/home/eating/work/install/pallet_interfaces:/home/eating/work/install/mobile_description:/home/eating/work/install/mecanum:/home/eating/work/install/linear_move:/home/eating/work/install/keyboard_control:/home/eating/work/install/ira_laser_tools:/home/eating/work/install/interface:/home/eating/work/install/gui_interface:/home/eating/work/install/pallet_main:/home/eating/work/install/main_control:/home/eating/work/install/gui:/home/eating/work/install/docking_pkg:/opt/ros/humble LD_LIBRARY_PATH=/home/eating/work/install/realsense2_camera_msgs/lib:/home/eating/work/install/realsense2_camera/lib:/home/eating/work/install/pallet_interfaces/lib:/home/eating/work/install/interface/lib:/home/eating/work/install/gui_interface/lib:/opt/ros/humble/opt/rviz_ogre_vendor/lib:/opt/ros/humble/lib/x86_64-linux-gnu:/opt/ros/humble/lib /usr/bin/cmake --install /home/eating/work/build/realsense2_camera
