[0.374s] Invoking command in '/home/eating/work/build/robot_arm_description': CMAKE_PREFIX_PATH=${CMAKE_PREFIX_PATH}:/home/eating/work/install/pallet_main:/home/eating/work/install/main_control:/home/eating/work/install/gui:/home/eating/work/install/docking_pkg:/opt/ros/humble /usr/bin/cmake --build /home/eating/work/build/robot_arm_description -- -j8 -l8
[0.427s] Invoked command in '/home/eating/work/build/robot_arm_description' returned '0': CMAKE_PREFIX_PATH=${CMAKE_PREFIX_PATH}:/home/eating/work/install/pallet_main:/home/eating/work/install/main_control:/home/eating/work/install/gui:/home/eating/work/install/docking_pkg:/opt/ros/humble /usr/bin/cmake --build /home/eating/work/build/robot_arm_description -- -j8 -l8
[0.428s] Invoking command in '/home/eating/work/build/robot_arm_description': CMAKE_PREFIX_PATH=${CMAKE_PREFIX_PATH}:/home/eating/work/install/pallet_main:/home/eating/work/install/main_control:/home/eating/work/install/gui:/home/eating/work/install/docking_pkg:/opt/ros/humble /usr/bin/cmake --install /home/eating/work/build/robot_arm_description
[0.441s] -- Install configuration: ""
[0.441s] -- Up-to-date: /home/eating/work/install/robot_arm_description/share/robot_arm_description/meshes
[0.441s] -- Up-to-date: /home/eating/work/install/robot_arm_description/share/robot_arm_description/meshes/Link_4.STL
[0.441s] -- Up-to-date: /home/eating/work/install/robot_arm_description/share/robot_arm_description/meshes/Link_6.STL
[0.441s] -- Up-to-date: /home/eating/work/install/robot_arm_description/share/robot_arm_description/meshes/Link_7.STL
[0.442s] -- Up-to-date: /home/eating/work/install/robot_arm_description/share/robot_arm_description/meshes/Link_2.STL
[0.442s] -- Up-to-date: /home/eating/work/install/robot_arm_description/share/robot_arm_description/meshes/Base.STL
[0.442s] -- Up-to-date: /home/eating/work/install/robot_arm_description/share/robot_arm_description/meshes/Link_1.STL
[0.442s] -- Up-to-date: /home/eating/work/install/robot_arm_description/share/robot_arm_description/meshes/Link_8.STL
[0.442s] -- Up-to-date: /home/eating/work/install/robot_arm_description/share/robot_arm_description/meshes/Link_3.STL
[0.443s] -- Up-to-date: /home/eating/work/install/robot_arm_description/share/robot_arm_description/meshes/Link_5.STL
[0.444s] -- Up-to-date: /home/eating/work/install/robot_arm_description/share/robot_arm_description/urdf
[0.444s] -- Up-to-date: /home/eating/work/install/robot_arm_description/share/robot_arm_description/urdf/single_arm.gazebo.xacro
[0.444s] -- Up-to-date: /home/eating/work/install/robot_arm_description/share/robot_arm_description/urdf/materials.xacro
[0.445s] -- Up-to-date: /home/eating/work/install/robot_arm_description/share/robot_arm_description/urdf/single_arm.xacro
[0.445s] -- Up-to-date: /home/eating/work/install/robot_arm_description/share/robot_arm_description/urdf/single_arm.transmission.xacro
[0.445s] -- Up-to-date: /home/eating/work/install/robot_arm_description/share/ament_index/resource_index/package_run_dependencies/robot_arm_description
[0.445s] -- Up-to-date: /home/eating/work/install/robot_arm_description/share/ament_index/resource_index/parent_prefix_path/robot_arm_description
[0.445s] -- Up-to-date: /home/eating/work/install/robot_arm_description/share/robot_arm_description/environment/ament_prefix_path.sh
[0.446s] -- Up-to-date: /home/eating/work/install/robot_arm_description/share/robot_arm_description/environment/ament_prefix_path.dsv
[0.446s] -- Up-to-date: /home/eating/work/install/robot_arm_description/share/robot_arm_description/environment/path.sh
[0.446s] -- Up-to-date: /home/eating/work/install/robot_arm_description/share/robot_arm_description/environment/path.dsv
[0.446s] -- Up-to-date: /home/eating/work/install/robot_arm_description/share/robot_arm_description/local_setup.bash
[0.449s] -- Up-to-date: /home/eating/work/install/robot_arm_description/share/robot_arm_description/local_setup.sh
[0.450s] -- Up-to-date: /home/eating/work/install/robot_arm_description/share/robot_arm_description/local_setup.zsh
[0.450s] -- Up-to-date: /home/eating/work/install/robot_arm_description/share/robot_arm_description/local_setup.dsv
[0.450s] -- Installing: /home/eating/work/install/robot_arm_description/share/robot_arm_description/package.dsv
[0.451s] -- Up-to-date: /home/eating/work/install/robot_arm_description/share/ament_index/resource_index/packages/robot_arm_description
[0.451s] -- Up-to-date: /home/eating/work/install/robot_arm_description/share/robot_arm_description/cmake/robot_arm_descriptionConfig.cmake
[0.451s] -- Up-to-date: /home/eating/work/install/robot_arm_description/share/robot_arm_description/cmake/robot_arm_descriptionConfig-version.cmake
[0.452s] -- Up-to-date: /home/eating/work/install/robot_arm_description/share/robot_arm_description/package.xml
[0.459s] Invoked command in '/home/eating/work/build/robot_arm_description' returned '0': CMAKE_PREFIX_PATH=${CMAKE_PREFIX_PATH}:/home/eating/work/install/pallet_main:/home/eating/work/install/main_control:/home/eating/work/install/gui:/home/eating/work/install/docking_pkg:/opt/ros/humble /usr/bin/cmake --install /home/eating/work/build/robot_arm_description
