[0.028s] Invoking command in '/home/eating/work/build/interface': CMAKE_PREFIX_PATH=/opt/ros/humble /usr/bin/cmake /home/eating/work/src/interface -DCMAKE_INSTALL_PREFIX=/home/eating/work/install/interface
[0.296s] -- The C compiler identification is GNU 11.4.0
[0.341s] -- The CXX compiler identification is GNU 11.4.0
[0.353s] -- Detecting C compiler ABI info
[0.473s] -- Detecting C compiler ABI info - done
[0.486s] -- Check for working C compiler: /usr/bin/cc - skipped
[0.486s] -- Detecting C compile features
[0.487s] -- Detecting C compile features - done
[0.492s] -- Detecting CXX compiler ABI info
[0.596s] -- Detecting CXX compiler ABI info - done
[0.609s] -- Check for working CXX compiler: /usr/bin/c++ - skipped
[0.609s] -- Detecting CXX compile features
[0.610s] -- Detecting CXX compile features - done
[0.613s] -- Found ament_cmake: 1.3.11 (/opt/ros/humble/share/ament_cmake/cmake)
[0.832s] -- Found Python3: /usr/bin/python3 (found version "3.10.12") found components: Interpreter 
[1.001s] -- Found geometry_msgs: 4.8.0 (/opt/ros/humble/share/geometry_msgs/cmake)
[1.054s] -- Found rosidl_generator_c: 3.1.6 (/opt/ros/humble/share/rosidl_generator_c/cmake)
[1.062s] -- Found rosidl_adapter: 3.1.6 (/opt/ros/humble/share/rosidl_adapter/cmake)
[1.075s] -- Found rosidl_generator_cpp: 3.1.6 (/opt/ros/humble/share/rosidl_generator_cpp/cmake)
[1.102s] -- Using all available rosidl_typesupport_c: rosidl_typesupport_fastrtps_c;rosidl_typesupport_introspection_c
[1.128s] -- Using all available rosidl_typesupport_cpp: rosidl_typesupport_fastrtps_cpp;rosidl_typesupport_introspection_cpp
[1.204s] -- Found rosidl_default_generators: 1.2.0 (/opt/ros/humble/share/rosidl_default_generators/cmake)
[1.639s] -- Found ament_cmake_ros: 0.10.0 (/opt/ros/humble/share/ament_cmake_ros/cmake)
[2.271s] -- Using all available rosidl_typesupport_c: rosidl_typesupport_fastrtps_c;rosidl_typesupport_introspection_c
[2.670s] -- Using all available rosidl_typesupport_cpp: rosidl_typesupport_fastrtps_cpp;rosidl_typesupport_introspection_cpp
[2.704s] -- Found PythonInterp: /usr/bin/python3 (found suitable version "3.10.12", minimum required is "3.6") 
[2.706s] -- Found python_cmake_module: 0.10.0 (/opt/ros/humble/share/python_cmake_module/cmake)
[2.742s] -- Found PythonLibs: /usr/lib/x86_64-linux-gnu/libpython3.10.so (found suitable version "3.10.12", minimum required is "3.5") 
[2.743s] -- Using PYTHON_EXECUTABLE: /usr/bin/python3
[2.743s] -- Using PYTHON_INCLUDE_DIRS: /usr/include/python3.10
[2.743s] -- Using PYTHON_LIBRARIES: /usr/lib/x86_64-linux-gnu/libpython3.10.so
[2.788s] -- Found PythonExtra: .so  
[2.886s] -- Found ament_lint_auto: 0.12.12 (/opt/ros/humble/share/ament_lint_auto/cmake)
[2.953s] -- Added test 'lint_cmake' to check CMake code style
[2.954s] -- Added test 'xmllint' to check XML markup files
[2.965s] -- Configuring done
[3.019s] -- Generating done
[3.040s] -- Build files have been written to: /home/eating/work/build/interface
[3.061s] Invoked command in '/home/eating/work/build/interface' returned '0': CMAKE_PREFIX_PATH=/opt/ros/humble /usr/bin/cmake /home/eating/work/src/interface -DCMAKE_INSTALL_PREFIX=/home/eating/work/install/interface
[3.061s] Invoking command in '/home/eating/work/build/interface': CMAKE_PREFIX_PATH=/opt/ros/humble /usr/bin/cmake --build /home/eating/work/build/interface -- -j8 -l8
[3.213s] [  3%] [34m[1mGenerating C code for ROS interfaces[0m
[3.214s] [  6%] [34m[1mGenerating C++ code for ROS interfaces[0m
[3.215s] [  6%] Built target ament_cmake_python_copy_interface
[3.939s] [  9%] [32mBuilding C object CMakeFiles/interface__rosidl_generator_c.dir/rosidl_generator_c/interface/srv/detail/maincontroller__functions.c.o[0m
[4.056s] running egg_info
[4.057s] creating interface.egg-info
[4.057s] writing interface.egg-info/PKG-INFO
[4.062s] [ 12%] [32m[1mLinking C shared library libinterface__rosidl_generator_c.so[0m
[4.077s] writing dependency_links to interface.egg-info/dependency_links.txt
[4.078s] writing top-level names to interface.egg-info/top_level.txt
[4.078s] writing manifest file 'interface.egg-info/SOURCES.txt'
[4.081s] reading manifest file 'interface.egg-info/SOURCES.txt'
[4.082s] writing manifest file 'interface.egg-info/SOURCES.txt'
[4.154s] [ 12%] Built target interface__cpp
[4.195s] [ 12%] Built target interface__rosidl_generator_c
[4.218s] [ 16%] [34m[1mGenerating C++ type support dispatch for ROS interfaces[0m
[4.246s] [ 19%] [34m[1mGenerating C++ introspection for ROS interfaces[0m
[4.250s] [ 22%] [34m[1mGenerating C++ type support for eProsima Fast-RTPS[0m
[4.262s] [ 25%] [34m[1mGenerating C type support for eProsima Fast-RTPS[0m
[4.278s] [ 29%] [34m[1mGenerating C introspection for ROS interfaces[0m
[4.285s] [ 29%] Built target ament_cmake_python_build_interface_egg
[4.301s] [ 32%] [34m[1mGenerating C type support dispatch for ROS interfaces[0m
[5.010s] [ 35%] [32mBuilding CXX object CMakeFiles/interface__rosidl_typesupport_c.dir/rosidl_typesupport_c/interface/srv/maincontroller__type_support.cpp.o[0m
[5.170s] [ 38%] [32mBuilding CXX object CMakeFiles/interface__rosidl_typesupport_introspection_cpp.dir/rosidl_typesupport_introspection_cpp/interface/srv/detail/maincontroller__type_support.cpp.o[0m
[5.205s] [ 41%] [32m[1mLinking CXX shared library libinterface__rosidl_typesupport_c.so[0m
[5.390s] [ 41%] Built target interface__rosidl_typesupport_c
[5.398s] [ 45%] [32mBuilding CXX object CMakeFiles/interface__rosidl_typesupport_cpp.dir/rosidl_typesupport_cpp/interface/srv/maincontroller__type_support.cpp.o[0m
[5.420s] [ 48%] [32mBuilding C object CMakeFiles/interface__rosidl_typesupport_introspection_c.dir/rosidl_typesupport_introspection_c/interface/srv/detail/maincontroller__type_support.c.o[0m
[5.530s] [ 51%] [32m[1mLinking C shared library libinterface__rosidl_typesupport_introspection_c.so[0m
[5.664s] [ 54%] [32mBuilding CXX object CMakeFiles/interface__rosidl_typesupport_fastrtps_cpp.dir/rosidl_typesupport_fastrtps_cpp/interface/srv/detail/dds_fastrtps/maincontroller__type_support.cpp.o[0m
[5.673s] [ 54%] Built target interface__rosidl_typesupport_introspection_c
[5.674s] [ 58%] [32mBuilding CXX object CMakeFiles/interface__rosidl_typesupport_fastrtps_c.dir/rosidl_typesupport_fastrtps_c/interface/srv/detail/maincontroller__type_support_c.cpp.o[0m
[6.369s] [ 61%] [32m[1mLinking CXX shared library libinterface__rosidl_typesupport_cpp.so[0m
[6.463s] [ 64%] [32m[1mLinking CXX shared library libinterface__rosidl_typesupport_fastrtps_cpp.so[0m
[6.495s] [ 67%] [32m[1mLinking CXX shared library libinterface__rosidl_typesupport_introspection_cpp.so[0m
[6.501s] [ 67%] Built target interface__rosidl_typesupport_cpp
[6.565s] [ 70%] [32m[1mLinking CXX shared library libinterface__rosidl_typesupport_fastrtps_c.so[0m
[6.600s] [ 70%] Built target interface__rosidl_typesupport_introspection_cpp
[6.707s] [ 70%] Built target interface__rosidl_typesupport_fastrtps_cpp
[6.739s] [ 70%] Built target interface__rosidl_typesupport_fastrtps_c
[6.772s] [ 70%] Built target interface
[6.806s] [ 74%] [34m[1mGenerating Python code for ROS interfaces[0m
[7.486s] [ 74%] Built target interface__py
[7.509s] [ 77%] [32mBuilding C object CMakeFiles/interface__rosidl_generator_py.dir/rosidl_generator_py/interface/srv/_maincontroller_s.c.o[0m
[7.700s] [ 80%] [32m[1mLinking C shared library rosidl_generator_py/interface/libinterface__rosidl_generator_py.so[0m
[7.766s] [ 80%] Built target interface__rosidl_generator_py
[7.811s] [ 83%] [32mBuilding C object CMakeFiles/interface__rosidl_typesupport_introspection_c__pyext.dir/rosidl_generator_py/interface/_interface_s.ep.rosidl_typesupport_introspection_c.c.o[0m
[7.819s] [ 87%] [32mBuilding C object CMakeFiles/interface__rosidl_typesupport_fastrtps_c__pyext.dir/rosidl_generator_py/interface/_interface_s.ep.rosidl_typesupport_fastrtps_c.c.o[0m
[7.852s] [ 90%] [32mBuilding C object CMakeFiles/interface__rosidl_typesupport_c__pyext.dir/rosidl_generator_py/interface/_interface_s.ep.rosidl_typesupport_c.c.o[0m
[8.069s] [ 93%] [32m[1mLinking C shared library rosidl_generator_py/interface/interface_s__rosidl_typesupport_fastrtps_c.cpython-310-x86_64-linux-gnu.so[0m
[8.138s] [ 96%] [32m[1mLinking C shared library rosidl_generator_py/interface/interface_s__rosidl_typesupport_c.cpython-310-x86_64-linux-gnu.so[0m
[8.147s] [100%] [32m[1mLinking C shared library rosidl_generator_py/interface/interface_s__rosidl_typesupport_introspection_c.cpython-310-x86_64-linux-gnu.so[0m
[8.202s] [100%] Built target interface__rosidl_typesupport_fastrtps_c__pyext
[8.268s] [100%] Built target interface__rosidl_typesupport_introspection_c__pyext
[8.268s] [100%] Built target interface__rosidl_typesupport_c__pyext
[8.292s] Invoked command in '/home/eating/work/build/interface' returned '0': CMAKE_PREFIX_PATH=/opt/ros/humble /usr/bin/cmake --build /home/eating/work/build/interface -- -j8 -l8
[8.294s] Invoking command in '/home/eating/work/build/interface': CMAKE_PREFIX_PATH=/opt/ros/humble /usr/bin/cmake --install /home/eating/work/build/interface
[8.302s] -- Install configuration: ""
[8.302s] -- Installing: /home/eating/work/install/interface/share/ament_index/resource_index/rosidl_interfaces/interface
[8.302s] -- Installing: /home/eating/work/install/interface/include/interface/interface
[8.302s] -- Installing: /home/eating/work/install/interface/include/interface/interface/msg
[8.306s] -- Installing: /home/eating/work/install/interface/include/interface/interface/msg/rosidl_generator_c__visibility_control.h
[8.307s] -- Installing: /home/eating/work/install/interface/include/interface/interface/srv
[8.307s] -- Installing: /home/eating/work/install/interface/include/interface/interface/srv/detail
[8.307s] -- Installing: /home/eating/work/install/interface/include/interface/interface/srv/detail/maincontroller__struct.h
[8.308s] -- Installing: /home/eating/work/install/interface/include/interface/interface/srv/detail/maincontroller__functions.c
[8.308s] -- Installing: /home/eating/work/install/interface/include/interface/interface/srv/detail/maincontroller__functions.h
[8.309s] -- Installing: /home/eating/work/install/interface/include/interface/interface/srv/detail/maincontroller__type_support.h
[8.310s] -- Installing: /home/eating/work/install/interface/include/interface/interface/srv/maincontroller.h
[8.310s] -- Installing: /home/eating/work/install/interface/share/interface/environment/library_path.sh
[8.310s] -- Installing: /home/eating/work/install/interface/share/interface/environment/library_path.dsv
[8.311s] -- Installing: /home/eating/work/install/interface/lib/libinterface__rosidl_generator_c.so
[8.311s] -- Set runtime path of "/home/eating/work/install/interface/lib/libinterface__rosidl_generator_c.so" to ""
[8.311s] -- Up-to-date: /home/eating/work/install/interface/include/interface/interface
[8.312s] -- Up-to-date: /home/eating/work/install/interface/include/interface/interface/msg
[8.312s] -- Installing: /home/eating/work/install/interface/include/interface/interface/msg/rosidl_typesupport_fastrtps_c__visibility_control.h
[8.312s] -- Up-to-date: /home/eating/work/install/interface/include/interface/interface/srv
[8.312s] -- Up-to-date: /home/eating/work/install/interface/include/interface/interface/srv/detail
[8.313s] -- Installing: /home/eating/work/install/interface/include/interface/interface/srv/detail/maincontroller__rosidl_typesupport_fastrtps_c.h
[8.313s] -- Installing: /home/eating/work/install/interface/lib/libinterface__rosidl_typesupport_fastrtps_c.so
[8.314s] -- Set runtime path of "/home/eating/work/install/interface/lib/libinterface__rosidl_typesupport_fastrtps_c.so" to ""
[8.314s] -- Up-to-date: /home/eating/work/install/interface/include/interface/interface
[8.314s] -- Up-to-date: /home/eating/work/install/interface/include/interface/interface/msg
[8.314s] -- Installing: /home/eating/work/install/interface/include/interface/interface/msg/rosidl_generator_cpp__visibility_control.hpp
[8.315s] -- Up-to-date: /home/eating/work/install/interface/include/interface/interface/srv
[8.315s] -- Installing: /home/eating/work/install/interface/include/interface/interface/srv/maincontroller.hpp
[8.315s] -- Up-to-date: /home/eating/work/install/interface/include/interface/interface/srv/detail
[8.315s] -- Installing: /home/eating/work/install/interface/include/interface/interface/srv/detail/maincontroller__builder.hpp
[8.315s] -- Installing: /home/eating/work/install/interface/include/interface/interface/srv/detail/maincontroller__traits.hpp
[8.316s] -- Installing: /home/eating/work/install/interface/include/interface/interface/srv/detail/maincontroller__type_support.hpp
[8.316s] -- Installing: /home/eating/work/install/interface/include/interface/interface/srv/detail/maincontroller__struct.hpp
[8.316s] -- Up-to-date: /home/eating/work/install/interface/include/interface/interface
[8.316s] -- Up-to-date: /home/eating/work/install/interface/include/interface/interface/msg
[8.317s] -- Installing: /home/eating/work/install/interface/include/interface/interface/msg/rosidl_typesupport_fastrtps_cpp__visibility_control.h
[8.318s] -- Up-to-date: /home/eating/work/install/interface/include/interface/interface/srv
[8.318s] -- Up-to-date: /home/eating/work/install/interface/include/interface/interface/srv/detail
[8.318s] -- Installing: /home/eating/work/install/interface/include/interface/interface/srv/detail/dds_fastrtps
[8.318s] -- Installing: /home/eating/work/install/interface/include/interface/interface/srv/detail/maincontroller__rosidl_typesupport_fastrtps_cpp.hpp
[8.318s] -- Installing: /home/eating/work/install/interface/lib/libinterface__rosidl_typesupport_fastrtps_cpp.so
[8.319s] -- Set runtime path of "/home/eating/work/install/interface/lib/libinterface__rosidl_typesupport_fastrtps_cpp.so" to ""
[8.319s] -- Up-to-date: /home/eating/work/install/interface/include/interface/interface
[8.319s] -- Up-to-date: /home/eating/work/install/interface/include/interface/interface/msg
[8.319s] -- Installing: /home/eating/work/install/interface/include/interface/interface/msg/rosidl_typesupport_introspection_c__visibility_control.h
[8.319s] -- Up-to-date: /home/eating/work/install/interface/include/interface/interface/srv
[8.319s] -- Up-to-date: /home/eating/work/install/interface/include/interface/interface/srv/detail
[8.319s] -- Installing: /home/eating/work/install/interface/include/interface/interface/srv/detail/maincontroller__type_support.c
[8.320s] -- Installing: /home/eating/work/install/interface/include/interface/interface/srv/detail/maincontroller__rosidl_typesupport_introspection_c.h
[8.320s] -- Installing: /home/eating/work/install/interface/lib/libinterface__rosidl_typesupport_introspection_c.so
[8.320s] -- Set runtime path of "/home/eating/work/install/interface/lib/libinterface__rosidl_typesupport_introspection_c.so" to ""
[8.320s] -- Installing: /home/eating/work/install/interface/lib/libinterface__rosidl_typesupport_c.so
[8.320s] -- Set runtime path of "/home/eating/work/install/interface/lib/libinterface__rosidl_typesupport_c.so" to ""
[8.320s] -- Up-to-date: /home/eating/work/install/interface/include/interface/interface
[8.321s] -- Up-to-date: /home/eating/work/install/interface/include/interface/interface/srv
[8.321s] -- Up-to-date: /home/eating/work/install/interface/include/interface/interface/srv/detail
[8.321s] -- Installing: /home/eating/work/install/interface/include/interface/interface/srv/detail/maincontroller__type_support.cpp
[8.321s] -- Installing: /home/eating/work/install/interface/include/interface/interface/srv/detail/maincontroller__rosidl_typesupport_introspection_cpp.hpp
[8.321s] -- Installing: /home/eating/work/install/interface/lib/libinterface__rosidl_typesupport_introspection_cpp.so
[8.321s] -- Set runtime path of "/home/eating/work/install/interface/lib/libinterface__rosidl_typesupport_introspection_cpp.so" to ""
[8.321s] -- Installing: /home/eating/work/install/interface/lib/libinterface__rosidl_typesupport_cpp.so
[8.322s] -- Set runtime path of "/home/eating/work/install/interface/lib/libinterface__rosidl_typesupport_cpp.so" to ""
[8.322s] -- Installing: /home/eating/work/install/interface/share/interface/environment/pythonpath.sh
[8.322s] -- Installing: /home/eating/work/install/interface/share/interface/environment/pythonpath.dsv
[8.322s] -- Installing: /home/eating/work/install/interface/local/lib/python3.10/dist-packages/interface-0.0.0-py3.10.egg-info
[8.322s] -- Installing: /home/eating/work/install/interface/local/lib/python3.10/dist-packages/interface-0.0.0-py3.10.egg-info/top_level.txt
[8.323s] -- Installing: /home/eating/work/install/interface/local/lib/python3.10/dist-packages/interface-0.0.0-py3.10.egg-info/SOURCES.txt
[8.323s] -- Installing: /home/eating/work/install/interface/local/lib/python3.10/dist-packages/interface-0.0.0-py3.10.egg-info/dependency_links.txt
[8.323s] -- Installing: /home/eating/work/install/interface/local/lib/python3.10/dist-packages/interface-0.0.0-py3.10.egg-info/PKG-INFO
[8.323s] -- Installing: /home/eating/work/install/interface/local/lib/python3.10/dist-packages/interface
[8.323s] -- Installing: /home/eating/work/install/interface/local/lib/python3.10/dist-packages/interface/interface_s__rosidl_typesupport_fastrtps_c.cpython-310-x86_64-linux-gnu.so
[8.323s] -- Installing: /home/eating/work/install/interface/local/lib/python3.10/dist-packages/interface/libinterface__rosidl_generator_py.so
[8.323s] -- Installing: /home/eating/work/install/interface/local/lib/python3.10/dist-packages/interface/__init__.py
[8.323s] -- Installing: /home/eating/work/install/interface/local/lib/python3.10/dist-packages/interface/_interface_s.ep.rosidl_typesupport_fastrtps_c.c
[8.323s] -- Installing: /home/eating/work/install/interface/local/lib/python3.10/dist-packages/interface/_interface_s.ep.rosidl_typesupport_c.c
[8.324s] -- Installing: /home/eating/work/install/interface/local/lib/python3.10/dist-packages/interface/srv
[8.324s] -- Installing: /home/eating/work/install/interface/local/lib/python3.10/dist-packages/interface/srv/__init__.py
[8.324s] -- Installing: /home/eating/work/install/interface/local/lib/python3.10/dist-packages/interface/srv/_maincontroller.py
[8.324s] -- Installing: /home/eating/work/install/interface/local/lib/python3.10/dist-packages/interface/srv/_maincontroller_s.c
[8.324s] -- Installing: /home/eating/work/install/interface/local/lib/python3.10/dist-packages/interface/_interface_s.ep.rosidl_typesupport_introspection_c.c
[8.324s] -- Installing: /home/eating/work/install/interface/local/lib/python3.10/dist-packages/interface/interface_s__rosidl_typesupport_introspection_c.cpython-310-x86_64-linux-gnu.so
[8.324s] -- Installing: /home/eating/work/install/interface/local/lib/python3.10/dist-packages/interface/interface_s__rosidl_typesupport_c.cpython-310-x86_64-linux-gnu.so
[8.373s] Listing '/home/eating/work/install/interface/local/lib/python3.10/dist-packages/interface'...
[8.373s] Compiling '/home/eating/work/install/interface/local/lib/python3.10/dist-packages/interface/__init__.py'...
[8.373s] Listing '/home/eating/work/install/interface/local/lib/python3.10/dist-packages/interface/srv'...
[8.374s] Compiling '/home/eating/work/install/interface/local/lib/python3.10/dist-packages/interface/srv/__init__.py'...
[8.374s] Compiling '/home/eating/work/install/interface/local/lib/python3.10/dist-packages/interface/srv/_maincontroller.py'...
[8.404s] -- Installing: /home/eating/work/install/interface/local/lib/python3.10/dist-packages/interface/interface_s__rosidl_typesupport_fastrtps_c.cpython-310-x86_64-linux-gnu.so
[8.404s] -- Set runtime path of "/home/eating/work/install/interface/local/lib/python3.10/dist-packages/interface/interface_s__rosidl_typesupport_fastrtps_c.cpython-310-x86_64-linux-gnu.so" to ""
[8.404s] -- Installing: /home/eating/work/install/interface/local/lib/python3.10/dist-packages/interface/interface_s__rosidl_typesupport_introspection_c.cpython-310-x86_64-linux-gnu.so
[8.404s] -- Set runtime path of "/home/eating/work/install/interface/local/lib/python3.10/dist-packages/interface/interface_s__rosidl_typesupport_introspection_c.cpython-310-x86_64-linux-gnu.so" to ""
[8.404s] -- Installing: /home/eating/work/install/interface/local/lib/python3.10/dist-packages/interface/interface_s__rosidl_typesupport_c.cpython-310-x86_64-linux-gnu.so
[8.404s] -- Set runtime path of "/home/eating/work/install/interface/local/lib/python3.10/dist-packages/interface/interface_s__rosidl_typesupport_c.cpython-310-x86_64-linux-gnu.so" to ""
[8.404s] -- Installing: /home/eating/work/install/interface/lib/libinterface__rosidl_generator_py.so
[8.404s] -- Set runtime path of "/home/eating/work/install/interface/lib/libinterface__rosidl_generator_py.so" to ""
[8.404s] -- Installing: /home/eating/work/install/interface/share/interface/srv/Maincontroller.idl
[8.405s] -- Installing: /home/eating/work/install/interface/share/interface/srv/Maincontroller.srv
[8.405s] -- Installing: /home/eating/work/install/interface/share/interface/srv/Maincontroller_Request.msg
[8.405s] -- Installing: /home/eating/work/install/interface/share/interface/srv/Maincontroller_Response.msg
[8.405s] -- Installing: /home/eating/work/install/interface/share/ament_index/resource_index/package_run_dependencies/interface
[8.405s] -- Installing: /home/eating/work/install/interface/share/ament_index/resource_index/parent_prefix_path/interface
[8.405s] -- Installing: /home/eating/work/install/interface/share/interface/environment/ament_prefix_path.sh
[8.405s] -- Installing: /home/eating/work/install/interface/share/interface/environment/ament_prefix_path.dsv
[8.405s] -- Installing: /home/eating/work/install/interface/share/interface/environment/path.sh
[8.405s] -- Installing: /home/eating/work/install/interface/share/interface/environment/path.dsv
[8.406s] -- Installing: /home/eating/work/install/interface/share/interface/local_setup.bash
[8.406s] -- Installing: /home/eating/work/install/interface/share/interface/local_setup.sh
[8.406s] -- Installing: /home/eating/work/install/interface/share/interface/local_setup.zsh
[8.406s] -- Installing: /home/eating/work/install/interface/share/interface/local_setup.dsv
[8.406s] -- Installing: /home/eating/work/install/interface/share/interface/package.dsv
[8.406s] -- Installing: /home/eating/work/install/interface/share/ament_index/resource_index/packages/interface
[8.406s] -- Installing: /home/eating/work/install/interface/share/interface/cmake/export_interface__rosidl_generator_cExport.cmake
[8.406s] -- Installing: /home/eating/work/install/interface/share/interface/cmake/export_interface__rosidl_generator_cExport-noconfig.cmake
[8.406s] -- Installing: /home/eating/work/install/interface/share/interface/cmake/export_interface__rosidl_typesupport_fastrtps_cExport.cmake
[8.407s] -- Installing: /home/eating/work/install/interface/share/interface/cmake/export_interface__rosidl_typesupport_fastrtps_cExport-noconfig.cmake
[8.407s] -- Installing: /home/eating/work/install/interface/share/interface/cmake/export_interface__rosidl_generator_cppExport.cmake
[8.407s] -- Installing: /home/eating/work/install/interface/share/interface/cmake/export_interface__rosidl_typesupport_fastrtps_cppExport.cmake
[8.407s] -- Installing: /home/eating/work/install/interface/share/interface/cmake/export_interface__rosidl_typesupport_fastrtps_cppExport-noconfig.cmake
[8.407s] -- Installing: /home/eating/work/install/interface/share/interface/cmake/interface__rosidl_typesupport_introspection_cExport.cmake
[8.407s] -- Installing: /home/eating/work/install/interface/share/interface/cmake/interface__rosidl_typesupport_introspection_cExport-noconfig.cmake
[8.407s] -- Installing: /home/eating/work/install/interface/share/interface/cmake/interface__rosidl_typesupport_cExport.cmake
[8.407s] -- Installing: /home/eating/work/install/interface/share/interface/cmake/interface__rosidl_typesupport_cExport-noconfig.cmake
[8.407s] -- Installing: /home/eating/work/install/interface/share/interface/cmake/interface__rosidl_typesupport_introspection_cppExport.cmake
[8.408s] -- Installing: /home/eating/work/install/interface/share/interface/cmake/interface__rosidl_typesupport_introspection_cppExport-noconfig.cmake
[8.408s] -- Installing: /home/eating/work/install/interface/share/interface/cmake/interface__rosidl_typesupport_cppExport.cmake
[8.408s] -- Installing: /home/eating/work/install/interface/share/interface/cmake/interface__rosidl_typesupport_cppExport-noconfig.cmake
[8.408s] -- Installing: /home/eating/work/install/interface/share/interface/cmake/export_interface__rosidl_generator_pyExport.cmake
[8.408s] -- Installing: /home/eating/work/install/interface/share/interface/cmake/export_interface__rosidl_generator_pyExport-noconfig.cmake
[8.408s] -- Installing: /home/eating/work/install/interface/share/interface/cmake/rosidl_cmake-extras.cmake
[8.408s] -- Installing: /home/eating/work/install/interface/share/interface/cmake/ament_cmake_export_dependencies-extras.cmake
[8.408s] -- Installing: /home/eating/work/install/interface/share/interface/cmake/ament_cmake_export_include_directories-extras.cmake
[8.408s] -- Installing: /home/eating/work/install/interface/share/interface/cmake/ament_cmake_export_libraries-extras.cmake
[8.408s] -- Installing: /home/eating/work/install/interface/share/interface/cmake/ament_cmake_export_targets-extras.cmake
[8.409s] -- Installing: /home/eating/work/install/interface/share/interface/cmake/rosidl_cmake_export_typesupport_targets-extras.cmake
[8.429s] -- Installing: /home/eating/work/install/interface/share/interface/cmake/rosidl_cmake_export_typesupport_libraries-extras.cmake
[8.430s] -- Installing: /home/eating/work/install/interface/share/interface/cmake/interfaceConfig.cmake
[8.430s] -- Installing: /home/eating/work/install/interface/share/interface/cmake/interfaceConfig-version.cmake
[8.430s] -- Installing: /home/eating/work/install/interface/share/interface/package.xml
[8.461s] Invoked command in '/home/eating/work/build/interface' returned '0': CMAKE_PREFIX_PATH=/opt/ros/humble /usr/bin/cmake --install /home/eating/work/build/interface
