[1.046s] Invoking command in '/home/eating/work/src/docking/docking_pkg': PYTHONPATH=/home/eating/work/build/docking_pkg/prefix_override:/usr/lib/python3/dist-packages/colcon_core/task/python/colcon_distutils_commands:/home/eating/work/install/docking_pkg/lib/python3.10/site-packages:${PYTHONPATH} /usr/bin/python3 -W ignore:setup.py install is deprecated -W ignore:easy_install command is deprecated setup.py egg_info --egg-base ../../../build/docking_pkg build --build-base /home/eating/work/build/docking_pkg/build install --record /home/eating/work/build/docking_pkg/install.log --single-version-externally-managed install_data
[1.349s] running egg_info
[1.349s] writing ../../../build/docking_pkg/docking_pkg.egg-info/PKG-INFO
[1.350s] writing dependency_links to ../../../build/docking_pkg/docking_pkg.egg-info/dependency_links.txt
[1.350s] writing entry points to ../../../build/docking_pkg/docking_pkg.egg-info/entry_points.txt
[1.350s] writing requirements to ../../../build/docking_pkg/docking_pkg.egg-info/requires.txt
[1.350s] writing top-level names to ../../../build/docking_pkg/docking_pkg.egg-info/top_level.txt
[1.352s] reading manifest file '../../../build/docking_pkg/docking_pkg.egg-info/SOURCES.txt'
[1.352s] writing manifest file '../../../build/docking_pkg/docking_pkg.egg-info/SOURCES.txt'
[1.353s] running build
[1.353s] running build_py
[1.353s] copying docking_pkg/YoloDepthProcessor.py -> /home/eating/work/build/docking_pkg/build/lib/docking_pkg
[1.353s] running install
[1.353s] running install_lib
[1.354s] copying /home/eating/work/build/docking_pkg/build/lib/docking_pkg/YoloDepthProcessor.py -> /home/eating/work/install/docking_pkg/lib/python3.10/site-packages/docking_pkg
[1.355s] byte-compiling /home/eating/work/install/docking_pkg/lib/python3.10/site-packages/docking_pkg/YoloDepthProcessor.py to YoloDepthProcessor.cpython-310.pyc
[1.356s] running install_data
[1.356s] running install_egg_info
[1.358s] removing '/home/eating/work/install/docking_pkg/lib/python3.10/site-packages/docking_pkg-0.0.0-py3.10.egg-info' (and everything under it)
[1.358s] Copying ../../../build/docking_pkg/docking_pkg.egg-info to /home/eating/work/install/docking_pkg/lib/python3.10/site-packages/docking_pkg-0.0.0-py3.10.egg-info
[1.359s] running install_scripts
[1.378s] Installing YoloDepthProcessor script to /home/eating/work/install/docking_pkg/lib/docking_pkg
[1.378s] Installing docking_status_server script to /home/eating/work/install/docking_pkg/lib/docking_pkg
[1.378s] Installing dockingcamera script to /home/eating/work/install/docking_pkg/lib/docking_pkg
[1.378s] Installing yolo_subscriber script to /home/eating/work/install/docking_pkg/lib/docking_pkg
[1.378s] writing list of installed files to '/home/eating/work/build/docking_pkg/install.log'
[1.877s] Invoked command in '/home/eating/work/src/docking/docking_pkg' returned '0': PYTHONPATH=/home/eating/work/build/docking_pkg/prefix_override:/usr/lib/python3/dist-packages/colcon_core/task/python/colcon_distutils_commands:/home/eating/work/install/docking_pkg/lib/python3.10/site-packages:${PYTHONPATH} /usr/bin/python3 -W ignore:setup.py install is deprecated -W ignore:easy_install command is deprecated setup.py egg_info --egg-base ../../../build/docking_pkg build --build-base /home/eating/work/build/docking_pkg/build install --record /home/eating/work/build/docking_pkg/install.log --single-version-externally-managed install_data
