[1.038s] Invoking command in '/home/eating/work/src/main_control/main_control': AMENT_PREFIX_PATH=/home/eating/work/install/interface:/home/eating/work/install/gui_interface:${AMENT_PREFIX_PATH} CMAKE_PREFIX_PATH=/home/eating/work/install/interface:/home/eating/work/install/gui_interface LD_LIBRARY_PATH=/home/eating/work/install/interface/lib:/home/eating/work/install/gui_interface/lib:${LD_LIBRARY_PATH} PYTHONPATH=/home/eating/work/build/main_control/prefix_override:/usr/lib/python3/dist-packages/colcon_core/task/python/colcon_distutils_commands:/home/eating/work/install/main_control/lib/python3.10/site-packages:/home/eating/work/install/interface/local/lib/python3.10/dist-packages:/home/eating/work/install/gui_interface/local/lib/python3.10/dist-packages:${PYTHONPATH} /usr/bin/python3 -W ignore:setup.py install is deprecated -W ignore:easy_install command is deprecated setup.py egg_info --egg-base ../../../build/main_control build --build-base /home/eating/work/build/main_control/build install --record /home/eating/work/build/main_control/install.log --single-version-externally-managed install_data
[1.442s] running egg_info
[1.443s] creating ../../../build/main_control/main_control.egg-info
[1.444s] writing ../../../build/main_control/main_control.egg-info/PKG-INFO
[1.444s] writing dependency_links to ../../../build/main_control/main_control.egg-info/dependency_links.txt
[1.445s] writing entry points to ../../../build/main_control/main_control.egg-info/entry_points.txt
[1.445s] writing requirements to ../../../build/main_control/main_control.egg-info/requires.txt
[1.445s] writing top-level names to ../../../build/main_control/main_control.egg-info/top_level.txt
[1.446s] writing manifest file '../../../build/main_control/main_control.egg-info/SOURCES.txt'
[1.449s] reading manifest file '../../../build/main_control/main_control.egg-info/SOURCES.txt'
[1.450s] writing manifest file '../../../build/main_control/main_control.egg-info/SOURCES.txt'
[1.451s] running build
[1.451s] running build_py
[1.452s] creating /home/eating/work/build/main_control/build
[1.452s] creating /home/eating/work/build/main_control/build/lib
[1.452s] creating /home/eating/work/build/main_control/build/lib/main_control
[1.452s] copying main_control/__init__.py -> /home/eating/work/build/main_control/build/lib/main_control
[1.453s] copying main_control/main.py -> /home/eating/work/build/main_control/build/lib/main_control
[1.453s] running install
[1.454s] running install_lib
[1.455s] creating /home/eating/work/install/main_control/lib/python3.10/site-packages/main_control
[1.456s] copying /home/eating/work/build/main_control/build/lib/main_control/__init__.py -> /home/eating/work/install/main_control/lib/python3.10/site-packages/main_control
[1.456s] copying /home/eating/work/build/main_control/build/lib/main_control/main.py -> /home/eating/work/install/main_control/lib/python3.10/site-packages/main_control
[1.457s] byte-compiling /home/eating/work/install/main_control/lib/python3.10/site-packages/main_control/__init__.py to __init__.cpython-310.pyc
[1.458s] byte-compiling /home/eating/work/install/main_control/lib/python3.10/site-packages/main_control/main.py to main.cpython-310.pyc
[1.459s] running install_data
[1.459s] creating /home/eating/work/install/main_control/share/ament_index
[1.459s] creating /home/eating/work/install/main_control/share/ament_index/resource_index
[1.460s] creating /home/eating/work/install/main_control/share/ament_index/resource_index/packages
[1.460s] copying resource/main_control -> /home/eating/work/install/main_control/share/ament_index/resource_index/packages
[1.460s] copying package.xml -> /home/eating/work/install/main_control/share/main_control
[1.461s] running install_egg_info
[1.465s] Copying ../../../build/main_control/main_control.egg-info to /home/eating/work/install/main_control/lib/python3.10/site-packages/main_control-0.0.0-py3.10.egg-info
[1.466s] running install_scripts
[1.496s] Installing main script to /home/eating/work/install/main_control/lib/main_control
[1.497s] writing list of installed files to '/home/eating/work/build/main_control/install.log'
[1.564s] Invoked command in '/home/eating/work/src/main_control/main_control' returned '0': AMENT_PREFIX_PATH=/home/eating/work/install/interface:/home/eating/work/install/gui_interface:${AMENT_PREFIX_PATH} CMAKE_PREFIX_PATH=/home/eating/work/install/interface:/home/eating/work/install/gui_interface LD_LIBRARY_PATH=/home/eating/work/install/interface/lib:/home/eating/work/install/gui_interface/lib:${LD_LIBRARY_PATH} PYTHONPATH=/home/eating/work/build/main_control/prefix_override:/usr/lib/python3/dist-packages/colcon_core/task/python/colcon_distutils_commands:/home/eating/work/install/main_control/lib/python3.10/site-packages:/home/eating/work/install/interface/local/lib/python3.10/dist-packages:/home/eating/work/install/gui_interface/local/lib/python3.10/dist-packages:${PYTHONPATH} /usr/bin/python3 -W ignore:setup.py install is deprecated -W ignore:easy_install command is deprecated setup.py egg_info --egg-base ../../../build/main_control build --build-base /home/eating/work/build/main_control/build install --record /home/eating/work/build/main_control/install.log --single-version-externally-managed install_data
