[35m[1mConsolidate compiler generated dependencies of target laserscan_multi_merger[0m
[35m[1mConsolidate compiler generated dependencies of target laserscan_virtualizer[0m
[ 75%] Built target laserscan_virtualizer
[100%] Built target laserscan_multi_merger
-- Install configuration: ""
-- Up-to-date: /home/eating/work/install/ira_laser_tools/lib/ira_laser_tools/laserscan_multi_merger
-- Up-to-date: /home/eating/work/install/ira_laser_tools/lib/ira_laser_tools/laserscan_virtualizer
-- Up-to-date: /home/eating/work/install/ira_laser_tools/share/ira_laser_tools/launch
-- Up-to-date: /home/eating/work/install/ira_laser_tools/share/ira_laser_tools/launch/laserscan_multi_merger.launch
-- Up-to-date: /home/eating/work/install/ira_laser_tools/share/ira_laser_tools/launch/laserscan_virtualizer.launch
-- Up-to-date: /home/eating/work/install/ira_laser_tools/share/ament_index/resource_index/package_run_dependencies/ira_laser_tools
-- Up-to-date: /home/eating/work/install/ira_laser_tools/share/ament_index/resource_index/parent_prefix_path/ira_laser_tools
-- Up-to-date: /home/eating/work/install/ira_laser_tools/share/ira_laser_tools/environment/ament_prefix_path.sh
-- Up-to-date: /home/eating/work/install/ira_laser_tools/share/ira_laser_tools/environment/ament_prefix_path.dsv
-- Up-to-date: /home/eating/work/install/ira_laser_tools/share/ira_laser_tools/environment/path.sh
-- Up-to-date: /home/eating/work/install/ira_laser_tools/share/ira_laser_tools/environment/path.dsv
-- Up-to-date: /home/eating/work/install/ira_laser_tools/share/ira_laser_tools/local_setup.bash
-- Up-to-date: /home/eating/work/install/ira_laser_tools/share/ira_laser_tools/local_setup.sh
-- Up-to-date: /home/eating/work/install/ira_laser_tools/share/ira_laser_tools/local_setup.zsh
-- Up-to-date: /home/eating/work/install/ira_laser_tools/share/ira_laser_tools/local_setup.dsv
-- Installing: /home/eating/work/install/ira_laser_tools/share/ira_laser_tools/package.dsv
-- Up-to-date: /home/eating/work/install/ira_laser_tools/share/ament_index/resource_index/packages/ira_laser_tools
-- Up-to-date: /home/eating/work/install/ira_laser_tools/share/ira_laser_tools/cmake/ament_cmake_export_dependencies-extras.cmake
-- Up-to-date: /home/eating/work/install/ira_laser_tools/share/ira_laser_tools/cmake/ira_laser_toolsConfig.cmake
-- Up-to-date: /home/eating/work/install/ira_laser_tools/share/ira_laser_tools/cmake/ira_laser_toolsConfig-version.cmake
-- Up-to-date: /home/eating/work/install/ira_laser_tools/share/ira_laser_tools/package.xml
