[0.022s] Invoking command in '/home/iclab/work/build/interface': CMAKE_PREFIX_PATH=/opt/ros/humble /usr/bin/cmake /home/iclab/work/src/interface -DCMAKE_INSTALL_PREFIX=/home/iclab/work/install/interface
[0.102s] -- The C compiler identification is GNU 11.4.0
[0.171s] -- The CXX compiler identification is GNU 11.4.0
[0.180s] -- Detecting C compiler ABI info
[0.261s] -- Detecting C compiler ABI info - done
[0.270s] -- Check for working C compiler: /usr/bin/cc - skipped
[0.270s] -- Detecting C compile features
[0.271s] -- Detecting C compile features - done
[0.275s] -- Detecting CXX compiler ABI info
[0.383s] -- Detecting CXX compiler ABI info - done
[0.390s] -- Check for working CXX compiler: /usr/bin/c++ - skipped
[0.393s] -- Detecting CXX compile features
[0.394s] -- Detecting CXX compile features - done
[0.396s] -- Found ament_cmake: 1.3.11 (/opt/ros/humble/share/ament_cmake/cmake)
[0.590s] -- Found Python3: /usr/bin/python3 (found version "3.10.12") found components: Interpreter 
[0.772s] -- Found geometry_msgs: 4.2.4 (/opt/ros/humble/share/geometry_msgs/cmake)
[0.838s] -- Found rosidl_generator_c: 3.1.6 (/opt/ros/humble/share/rosidl_generator_c/cmake)
[0.846s] -- Found rosidl_adapter: 3.1.6 (/opt/ros/humble/share/rosidl_adapter/cmake)
[0.860s] -- Found rosidl_generator_cpp: 3.1.6 (/opt/ros/humble/share/rosidl_generator_cpp/cmake)
[0.879s] -- Using all available rosidl_typesupport_c: rosidl_typesupport_fastrtps_c;rosidl_typesupport_introspection_c
[0.913s] -- Using all available rosidl_typesupport_cpp: rosidl_typesupport_fastrtps_cpp;rosidl_typesupport_introspection_cpp
[0.981s] -- Found rosidl_default_generators: 1.2.0 (/opt/ros/humble/share/rosidl_default_generators/cmake)
[1.537s] -- Found ament_cmake_ros: 0.10.0 (/opt/ros/humble/share/ament_cmake_ros/cmake)
[2.451s] -- Using all available rosidl_typesupport_c: rosidl_typesupport_fastrtps_c;rosidl_typesupport_introspection_c
[2.810s] -- Using all available rosidl_typesupport_cpp: rosidl_typesupport_fastrtps_cpp;rosidl_typesupport_introspection_cpp
[2.856s] -- Found PythonInterp: /usr/bin/python3 (found suitable version "3.10.12", minimum required is "3.6") 
[2.859s] -- Found python_cmake_module: 0.10.0 (/opt/ros/humble/share/python_cmake_module/cmake)
[2.909s] -- Found PythonLibs: /usr/lib/x86_64-linux-gnu/libpython3.10.so (found suitable version "3.10.12", minimum required is "3.5") 
[2.910s] -- Using PYTHON_EXECUTABLE: /usr/bin/python3
[2.910s] -- Using PYTHON_INCLUDE_DIRS: /usr/include/python3.10
[2.910s] -- Using PYTHON_LIBRARIES: /usr/lib/x86_64-linux-gnu/libpython3.10.so
[2.952s] -- Found PythonExtra: .so  
[3.088s] -- Found ament_lint_auto: 0.12.11 (/opt/ros/humble/share/ament_lint_auto/cmake)
[3.128s] -- Added test 'lint_cmake' to check CMake code style
[3.132s] -- Added test 'xmllint' to check XML markup files
[3.137s] -- Configuring done
[3.217s] -- Generating done
[3.244s] -- Build files have been written to: /home/iclab/work/build/interface
[3.262s] Invoked command in '/home/iclab/work/build/interface' returned '0': CMAKE_PREFIX_PATH=/opt/ros/humble /usr/bin/cmake /home/iclab/work/src/interface -DCMAKE_INSTALL_PREFIX=/home/iclab/work/install/interface
[3.265s] Invoking command in '/home/iclab/work/build/interface': CMAKE_PREFIX_PATH=/opt/ros/humble /usr/bin/cmake --build /home/iclab/work/build/interface -- -j8 -l8
[3.337s] [  3%] [34m[1mGenerating C code for ROS interfaces[0m
[3.368s] [  6%] [34m[1mGenerating C++ code for ROS interfaces[0m
[3.374s] [  6%] Built target ament_cmake_python_copy_interface
[3.948s] running egg_info
[3.949s] creating interface.egg-info
[3.950s] writing interface.egg-info/PKG-INFO
[3.951s] writing dependency_links to interface.egg-info/dependency_links.txt
[3.953s] writing top-level names to interface.egg-info/top_level.txt
[3.954s] writing manifest file 'interface.egg-info/SOURCES.txt'
[3.957s] reading manifest file 'interface.egg-info/SOURCES.txt'
[3.959s] writing manifest file 'interface.egg-info/SOURCES.txt'
[3.974s] [  9%] [32mBuilding C object CMakeFiles/interface__rosidl_generator_c.dir/rosidl_generator_c/interface/srv/detail/maincontroller__functions.c.o[0m
[4.002s] [  9%] Built target interface__cpp
[4.009s] [  9%] Built target ament_cmake_python_build_interface_egg
[4.020s] [ 12%] [34m[1mGenerating C++ type support dispatch for ROS interfaces[0m
[4.023s] [ 19%] [34m[1mGenerating C++ introspection for ROS interfaces[0m
[4.023s] [ 19%] [34m[1mGenerating C++ type support for eProsima Fast-RTPS[0m
[4.087s] [ 22%] [32m[1mLinking C shared library libinterface__rosidl_generator_c.so[0m
[4.157s] [ 22%] Built target interface__rosidl_generator_c
[4.175s] [ 25%] [34m[1mGenerating C type support for eProsima Fast-RTPS[0m
[4.205s] [ 32%] [34m[1mGenerating C type support dispatch for ROS interfaces[0m
[4.219s] [ 32%] [34m[1mGenerating C introspection for ROS interfaces[0m
[4.601s] [ 35%] [32mBuilding CXX object CMakeFiles/interface__rosidl_typesupport_cpp.dir/rosidl_typesupport_cpp/interface/srv/maincontroller__type_support.cpp.o[0m
[4.648s] [ 38%] [32mBuilding CXX object CMakeFiles/interface__rosidl_typesupport_fastrtps_cpp.dir/rosidl_typesupport_fastrtps_cpp/interface/srv/detail/dds_fastrtps/maincontroller__type_support.cpp.o[0m
[4.725s] [ 41%] [32mBuilding CXX object CMakeFiles/interface__rosidl_typesupport_introspection_cpp.dir/rosidl_typesupport_introspection_cpp/interface/srv/detail/maincontroller__type_support.cpp.o[0m
[4.772s] [ 45%] [32mBuilding CXX object CMakeFiles/interface__rosidl_typesupport_fastrtps_c.dir/rosidl_typesupport_fastrtps_c/interface/srv/detail/maincontroller__type_support_c.cpp.o[0m
[4.789s] [ 48%] [32mBuilding CXX object CMakeFiles/interface__rosidl_typesupport_c.dir/rosidl_typesupport_c/interface/srv/maincontroller__type_support.cpp.o[0m
[4.940s] [ 51%] [32m[1mLinking CXX shared library libinterface__rosidl_typesupport_c.so[0m
[5.077s] [ 54%] [32mBuilding C object CMakeFiles/interface__rosidl_typesupport_introspection_c.dir/rosidl_typesupport_introspection_c/interface/srv/detail/maincontroller__type_support.c.o[0m
[5.080s] [ 54%] Built target interface__rosidl_typesupport_c
[5.152s] [ 58%] [32m[1mLinking C shared library libinterface__rosidl_typesupport_introspection_c.so[0m
[5.190s] [ 61%] [32m[1mLinking CXX shared library libinterface__rosidl_typesupport_cpp.so[0m
[5.215s] [ 61%] Built target interface__rosidl_typesupport_introspection_c
[5.267s] [ 61%] Built target interface__rosidl_typesupport_cpp
[5.509s] [ 64%] [32m[1mLinking CXX shared library libinterface__rosidl_typesupport_introspection_cpp.so[0m
[5.517s] [ 67%] [32m[1mLinking CXX shared library libinterface__rosidl_typesupport_fastrtps_c.so[0m
[5.572s] [ 67%] Built target interface__rosidl_typesupport_introspection_cpp
[5.573s] [ 70%] [32m[1mLinking CXX shared library libinterface__rosidl_typesupport_fastrtps_cpp.so[0m
[5.684s] [ 70%] Built target interface__rosidl_typesupport_fastrtps_c
[5.695s] [ 70%] Built target interface__rosidl_typesupport_fastrtps_cpp
[5.721s] [ 70%] Built target interface
[5.747s] [ 74%] [34m[1mGenerating Python code for ROS interfaces[0m
[6.216s] [ 74%] Built target interface__py
[6.240s] [ 77%] [32mBuilding C object CMakeFiles/interface__rosidl_generator_py.dir/rosidl_generator_py/interface/srv/_maincontroller_s.c.o[0m
[6.391s] [ 80%] [32m[1mLinking C shared library rosidl_generator_py/interface/libinterface__rosidl_generator_py.so[0m
[6.448s] [ 80%] Built target interface__rosidl_generator_py
[6.478s] [ 83%] [32mBuilding C object CMakeFiles/interface__rosidl_typesupport_introspection_c__pyext.dir/rosidl_generator_py/interface/_interface_s.ep.rosidl_typesupport_introspection_c.c.o[0m
[6.480s] [ 87%] [32mBuilding C object CMakeFiles/interface__rosidl_typesupport_c__pyext.dir/rosidl_generator_py/interface/_interface_s.ep.rosidl_typesupport_c.c.o[0m
[6.481s] [ 90%] [32mBuilding C object CMakeFiles/interface__rosidl_typesupport_fastrtps_c__pyext.dir/rosidl_generator_py/interface/_interface_s.ep.rosidl_typesupport_fastrtps_c.c.o[0m
[6.713s] [ 93%] [32m[1mLinking C shared library rosidl_generator_py/interface/interface_s__rosidl_typesupport_fastrtps_c.cpython-310-x86_64-linux-gnu.so[0m
[6.726s] [ 96%] [32m[1mLinking C shared library rosidl_generator_py/interface/interface_s__rosidl_typesupport_c.cpython-310-x86_64-linux-gnu.so[0m
[6.726s] [100%] [32m[1mLinking C shared library rosidl_generator_py/interface/interface_s__rosidl_typesupport_introspection_c.cpython-310-x86_64-linux-gnu.so[0m
[6.795s] [100%] Built target interface__rosidl_typesupport_fastrtps_c__pyext
[6.803s] [100%] Built target interface__rosidl_typesupport_introspection_c__pyext
[6.809s] [100%] Built target interface__rosidl_typesupport_c__pyext
[6.824s] Invoked command in '/home/iclab/work/build/interface' returned '0': CMAKE_PREFIX_PATH=/opt/ros/humble /usr/bin/cmake --build /home/iclab/work/build/interface -- -j8 -l8
[6.837s] Invoking command in '/home/iclab/work/build/interface': CMAKE_PREFIX_PATH=/opt/ros/humble /usr/bin/cmake --install /home/iclab/work/build/interface
[6.847s] -- Install configuration: ""
[6.847s] -- Installing: /home/iclab/work/install/interface/share/ament_index/resource_index/rosidl_interfaces/interface
[6.847s] -- Installing: /home/iclab/work/install/interface/include/interface/interface
[6.847s] -- Installing: /home/iclab/work/install/interface/include/interface/interface/msg
[6.848s] -- Installing: /home/iclab/work/install/interface/include/interface/interface/msg/rosidl_generator_c__visibility_control.h
[6.848s] -- Installing: /home/iclab/work/install/interface/include/interface/interface/srv
[6.848s] -- Installing: /home/iclab/work/install/interface/include/interface/interface/srv/maincontroller.h
[6.848s] -- Installing: /home/iclab/work/install/interface/include/interface/interface/srv/detail
[6.848s] -- Installing: /home/iclab/work/install/interface/include/interface/interface/srv/detail/maincontroller__struct.h
[6.849s] -- Installing: /home/iclab/work/install/interface/include/interface/interface/srv/detail/maincontroller__functions.h
[6.849s] -- Installing: /home/iclab/work/install/interface/include/interface/interface/srv/detail/maincontroller__functions.c
[6.849s] -- Installing: /home/iclab/work/install/interface/include/interface/interface/srv/detail/maincontroller__type_support.h
[6.849s] -- Installing: /home/iclab/work/install/interface/share/interface/environment/library_path.sh
[6.849s] -- Installing: /home/iclab/work/install/interface/share/interface/environment/library_path.dsv
[6.849s] -- Installing: /home/iclab/work/install/interface/lib/libinterface__rosidl_generator_c.so
[6.851s] -- Set runtime path of "/home/iclab/work/install/interface/lib/libinterface__rosidl_generator_c.so" to ""
[6.851s] -- Up-to-date: /home/iclab/work/install/interface/include/interface/interface
[6.851s] -- Up-to-date: /home/iclab/work/install/interface/include/interface/interface/msg
[6.851s] -- Installing: /home/iclab/work/install/interface/include/interface/interface/msg/rosidl_typesupport_fastrtps_c__visibility_control.h
[6.852s] -- Up-to-date: /home/iclab/work/install/interface/include/interface/interface/srv
[6.852s] -- Up-to-date: /home/iclab/work/install/interface/include/interface/interface/srv/detail
[6.852s] -- Installing: /home/iclab/work/install/interface/include/interface/interface/srv/detail/maincontroller__rosidl_typesupport_fastrtps_c.h
[6.852s] -- Installing: /home/iclab/work/install/interface/lib/libinterface__rosidl_typesupport_fastrtps_c.so
[6.854s] -- Set runtime path of "/home/iclab/work/install/interface/lib/libinterface__rosidl_typesupport_fastrtps_c.so" to ""
[6.855s] -- Up-to-date: /home/iclab/work/install/interface/include/interface/interface
[6.855s] -- Up-to-date: /home/iclab/work/install/interface/include/interface/interface/msg
[6.855s] -- Installing: /home/iclab/work/install/interface/include/interface/interface/msg/rosidl_generator_cpp__visibility_control.hpp
[6.855s] -- Up-to-date: /home/iclab/work/install/interface/include/interface/interface/srv
[6.856s] -- Up-to-date: /home/iclab/work/install/interface/include/interface/interface/srv/detail
[6.856s] -- Installing: /home/iclab/work/install/interface/include/interface/interface/srv/detail/maincontroller__traits.hpp
[6.856s] -- Installing: /home/iclab/work/install/interface/include/interface/interface/srv/detail/maincontroller__builder.hpp
[6.857s] -- Installing: /home/iclab/work/install/interface/include/interface/interface/srv/detail/maincontroller__struct.hpp
[6.857s] -- Installing: /home/iclab/work/install/interface/include/interface/interface/srv/detail/maincontroller__type_support.hpp
[6.857s] -- Installing: /home/iclab/work/install/interface/include/interface/interface/srv/maincontroller.hpp
[6.857s] -- Up-to-date: /home/iclab/work/install/interface/include/interface/interface
[6.858s] -- Up-to-date: /home/iclab/work/install/interface/include/interface/interface/msg
[6.858s] -- Installing: /home/iclab/work/install/interface/include/interface/interface/msg/rosidl_typesupport_fastrtps_cpp__visibility_control.h
[6.858s] -- Up-to-date: /home/iclab/work/install/interface/include/interface/interface/srv
[6.858s] -- Up-to-date: /home/iclab/work/install/interface/include/interface/interface/srv/detail
[6.859s] -- Installing: /home/iclab/work/install/interface/include/interface/interface/srv/detail/maincontroller__rosidl_typesupport_fastrtps_cpp.hpp
[6.859s] -- Installing: /home/iclab/work/install/interface/include/interface/interface/srv/detail/dds_fastrtps
[6.859s] -- Installing: /home/iclab/work/install/interface/lib/libinterface__rosidl_typesupport_fastrtps_cpp.so
[6.859s] -- Set runtime path of "/home/iclab/work/install/interface/lib/libinterface__rosidl_typesupport_fastrtps_cpp.so" to ""
[6.860s] -- Up-to-date: /home/iclab/work/install/interface/include/interface/interface
[6.860s] -- Up-to-date: /home/iclab/work/install/interface/include/interface/interface/msg
[6.860s] -- Installing: /home/iclab/work/install/interface/include/interface/interface/msg/rosidl_typesupport_introspection_c__visibility_control.h
[6.860s] -- Up-to-date: /home/iclab/work/install/interface/include/interface/interface/srv
[6.861s] -- Up-to-date: /home/iclab/work/install/interface/include/interface/interface/srv/detail
[6.861s] -- Installing: /home/iclab/work/install/interface/include/interface/interface/srv/detail/maincontroller__type_support.c
[6.861s] -- Installing: /home/iclab/work/install/interface/include/interface/interface/srv/detail/maincontroller__rosidl_typesupport_introspection_c.h
[6.861s] -- Installing: /home/iclab/work/install/interface/lib/libinterface__rosidl_typesupport_introspection_c.so
[6.861s] -- Set runtime path of "/home/iclab/work/install/interface/lib/libinterface__rosidl_typesupport_introspection_c.so" to ""
[6.862s] -- Installing: /home/iclab/work/install/interface/lib/libinterface__rosidl_typesupport_c.so
[6.862s] -- Set runtime path of "/home/iclab/work/install/interface/lib/libinterface__rosidl_typesupport_c.so" to ""
[6.862s] -- Up-to-date: /home/iclab/work/install/interface/include/interface/interface
[6.862s] -- Up-to-date: /home/iclab/work/install/interface/include/interface/interface/srv
[6.863s] -- Up-to-date: /home/iclab/work/install/interface/include/interface/interface/srv/detail
[6.863s] -- Installing: /home/iclab/work/install/interface/include/interface/interface/srv/detail/maincontroller__type_support.cpp
[6.863s] -- Installing: /home/iclab/work/install/interface/include/interface/interface/srv/detail/maincontroller__rosidl_typesupport_introspection_cpp.hpp
[6.863s] -- Installing: /home/iclab/work/install/interface/lib/libinterface__rosidl_typesupport_introspection_cpp.so
[6.864s] -- Set runtime path of "/home/iclab/work/install/interface/lib/libinterface__rosidl_typesupport_introspection_cpp.so" to ""
[6.864s] -- Installing: /home/iclab/work/install/interface/lib/libinterface__rosidl_typesupport_cpp.so
[6.864s] -- Set runtime path of "/home/iclab/work/install/interface/lib/libinterface__rosidl_typesupport_cpp.so" to ""
[6.865s] -- Installing: /home/iclab/work/install/interface/share/interface/environment/pythonpath.sh
[6.865s] -- Installing: /home/iclab/work/install/interface/share/interface/environment/pythonpath.dsv
[6.865s] -- Installing: /home/iclab/work/install/interface/local/lib/python3.10/dist-packages/interface-0.0.0-py3.10.egg-info
[6.865s] -- Installing: /home/iclab/work/install/interface/local/lib/python3.10/dist-packages/interface-0.0.0-py3.10.egg-info/SOURCES.txt
[6.866s] -- Installing: /home/iclab/work/install/interface/local/lib/python3.10/dist-packages/interface-0.0.0-py3.10.egg-info/dependency_links.txt
[6.866s] -- Installing: /home/iclab/work/install/interface/local/lib/python3.10/dist-packages/interface-0.0.0-py3.10.egg-info/top_level.txt
[6.866s] -- Installing: /home/iclab/work/install/interface/local/lib/python3.10/dist-packages/interface-0.0.0-py3.10.egg-info/PKG-INFO
[6.867s] -- Installing: /home/iclab/work/install/interface/local/lib/python3.10/dist-packages/interface
[6.867s] -- Installing: /home/iclab/work/install/interface/local/lib/python3.10/dist-packages/interface/srv
[6.867s] -- Installing: /home/iclab/work/install/interface/local/lib/python3.10/dist-packages/interface/srv/_maincontroller.py
[6.867s] -- Installing: /home/iclab/work/install/interface/local/lib/python3.10/dist-packages/interface/srv/_maincontroller_s.c
[6.868s] -- Installing: /home/iclab/work/install/interface/local/lib/python3.10/dist-packages/interface/srv/__init__.py
[6.868s] -- Installing: /home/iclab/work/install/interface/local/lib/python3.10/dist-packages/interface/_interface_s.ep.rosidl_typesupport_introspection_c.c
[6.868s] -- Installing: /home/iclab/work/install/interface/local/lib/python3.10/dist-packages/interface/interface_s__rosidl_typesupport_c.cpython-310-x86_64-linux-gnu.so
[6.868s] -- Installing: /home/iclab/work/install/interface/local/lib/python3.10/dist-packages/interface/_interface_s.ep.rosidl_typesupport_fastrtps_c.c
[6.868s] -- Installing: /home/iclab/work/install/interface/local/lib/python3.10/dist-packages/interface/libinterface__rosidl_generator_py.so
[6.868s] -- Installing: /home/iclab/work/install/interface/local/lib/python3.10/dist-packages/interface/__init__.py
[6.869s] -- Installing: /home/iclab/work/install/interface/local/lib/python3.10/dist-packages/interface/_interface_s.ep.rosidl_typesupport_c.c
[6.869s] -- Installing: /home/iclab/work/install/interface/local/lib/python3.10/dist-packages/interface/interface_s__rosidl_typesupport_introspection_c.cpython-310-x86_64-linux-gnu.so
[6.869s] -- Installing: /home/iclab/work/install/interface/local/lib/python3.10/dist-packages/interface/interface_s__rosidl_typesupport_fastrtps_c.cpython-310-x86_64-linux-gnu.so
[6.936s] Listing '/home/iclab/work/install/interface/local/lib/python3.10/dist-packages/interface'...
[6.937s] Compiling '/home/iclab/work/install/interface/local/lib/python3.10/dist-packages/interface/__init__.py'...
[6.937s] Listing '/home/iclab/work/install/interface/local/lib/python3.10/dist-packages/interface/srv'...
[6.937s] Compiling '/home/iclab/work/install/interface/local/lib/python3.10/dist-packages/interface/srv/__init__.py'...
[6.937s] Compiling '/home/iclab/work/install/interface/local/lib/python3.10/dist-packages/interface/srv/_maincontroller.py'...
[6.945s] -- Installing: /home/iclab/work/install/interface/local/lib/python3.10/dist-packages/interface/interface_s__rosidl_typesupport_fastrtps_c.cpython-310-x86_64-linux-gnu.so
[6.946s] -- Set runtime path of "/home/iclab/work/install/interface/local/lib/python3.10/dist-packages/interface/interface_s__rosidl_typesupport_fastrtps_c.cpython-310-x86_64-linux-gnu.so" to ""
[6.947s] -- Installing: /home/iclab/work/install/interface/local/lib/python3.10/dist-packages/interface/interface_s__rosidl_typesupport_introspection_c.cpython-310-x86_64-linux-gnu.so
[6.947s] -- Set runtime path of "/home/iclab/work/install/interface/local/lib/python3.10/dist-packages/interface/interface_s__rosidl_typesupport_introspection_c.cpython-310-x86_64-linux-gnu.so" to ""
[6.948s] -- Installing: /home/iclab/work/install/interface/local/lib/python3.10/dist-packages/interface/interface_s__rosidl_typesupport_c.cpython-310-x86_64-linux-gnu.so
[6.949s] -- Set runtime path of "/home/iclab/work/install/interface/local/lib/python3.10/dist-packages/interface/interface_s__rosidl_typesupport_c.cpython-310-x86_64-linux-gnu.so" to ""
[6.949s] -- Installing: /home/iclab/work/install/interface/lib/libinterface__rosidl_generator_py.so
[6.950s] -- Set runtime path of "/home/iclab/work/install/interface/lib/libinterface__rosidl_generator_py.so" to ""
[6.950s] -- Installing: /home/iclab/work/install/interface/share/interface/srv/Maincontroller.idl
[6.950s] -- Installing: /home/iclab/work/install/interface/share/interface/srv/Maincontroller.srv
[6.950s] -- Installing: /home/iclab/work/install/interface/share/interface/srv/Maincontroller_Request.msg
[6.951s] -- Installing: /home/iclab/work/install/interface/share/interface/srv/Maincontroller_Response.msg
[6.951s] -- Installing: /home/iclab/work/install/interface/share/ament_index/resource_index/package_run_dependencies/interface
[6.951s] -- Installing: /home/iclab/work/install/interface/share/ament_index/resource_index/parent_prefix_path/interface
[6.952s] -- Installing: /home/iclab/work/install/interface/share/interface/environment/ament_prefix_path.sh
[6.952s] -- Installing: /home/iclab/work/install/interface/share/interface/environment/ament_prefix_path.dsv
[6.952s] -- Installing: /home/iclab/work/install/interface/share/interface/environment/path.sh
[6.953s] -- Installing: /home/iclab/work/install/interface/share/interface/environment/path.dsv
[6.953s] -- Installing: /home/iclab/work/install/interface/share/interface/local_setup.bash
[6.953s] -- Installing: /home/iclab/work/install/interface/share/interface/local_setup.sh
[6.954s] -- Installing: /home/iclab/work/install/interface/share/interface/local_setup.zsh
[6.954s] -- Installing: /home/iclab/work/install/interface/share/interface/local_setup.dsv
[6.954s] -- Installing: /home/iclab/work/install/interface/share/interface/package.dsv
[6.954s] -- Installing: /home/iclab/work/install/interface/share/ament_index/resource_index/packages/interface
[6.955s] -- Installing: /home/iclab/work/install/interface/share/interface/cmake/export_interface__rosidl_generator_cExport.cmake
[6.955s] -- Installing: /home/iclab/work/install/interface/share/interface/cmake/export_interface__rosidl_generator_cExport-noconfig.cmake
[6.955s] -- Installing: /home/iclab/work/install/interface/share/interface/cmake/export_interface__rosidl_typesupport_fastrtps_cExport.cmake
[6.956s] -- Installing: /home/iclab/work/install/interface/share/interface/cmake/export_interface__rosidl_typesupport_fastrtps_cExport-noconfig.cmake
[6.956s] -- Installing: /home/iclab/work/install/interface/share/interface/cmake/export_interface__rosidl_generator_cppExport.cmake
[6.956s] -- Installing: /home/iclab/work/install/interface/share/interface/cmake/export_interface__rosidl_typesupport_fastrtps_cppExport.cmake
[6.957s] -- Installing: /home/iclab/work/install/interface/share/interface/cmake/export_interface__rosidl_typesupport_fastrtps_cppExport-noconfig.cmake
[6.957s] -- Installing: /home/iclab/work/install/interface/share/interface/cmake/interface__rosidl_typesupport_introspection_cExport.cmake
[6.957s] -- Installing: /home/iclab/work/install/interface/share/interface/cmake/interface__rosidl_typesupport_introspection_cExport-noconfig.cmake
[6.957s] -- Installing: /home/iclab/work/install/interface/share/interface/cmake/interface__rosidl_typesupport_cExport.cmake
[6.958s] -- Installing: /home/iclab/work/install/interface/share/interface/cmake/interface__rosidl_typesupport_cExport-noconfig.cmake
[6.958s] -- Installing: /home/iclab/work/install/interface/share/interface/cmake/interface__rosidl_typesupport_introspection_cppExport.cmake
[6.958s] -- Installing: /home/iclab/work/install/interface/share/interface/cmake/interface__rosidl_typesupport_introspection_cppExport-noconfig.cmake
[6.959s] -- Installing: /home/iclab/work/install/interface/share/interface/cmake/interface__rosidl_typesupport_cppExport.cmake
[6.959s] -- Installing: /home/iclab/work/install/interface/share/interface/cmake/interface__rosidl_typesupport_cppExport-noconfig.cmake
[6.959s] -- Installing: /home/iclab/work/install/interface/share/interface/cmake/export_interface__rosidl_generator_pyExport.cmake
[6.959s] -- Installing: /home/iclab/work/install/interface/share/interface/cmake/export_interface__rosidl_generator_pyExport-noconfig.cmake
[6.960s] -- Installing: /home/iclab/work/install/interface/share/interface/cmake/rosidl_cmake-extras.cmake
[6.960s] -- Installing: /home/iclab/work/install/interface/share/interface/cmake/ament_cmake_export_dependencies-extras.cmake
[6.960s] -- Installing: /home/iclab/work/install/interface/share/interface/cmake/ament_cmake_export_include_directories-extras.cmake
[6.960s] -- Installing: /home/iclab/work/install/interface/share/interface/cmake/ament_cmake_export_libraries-extras.cmake
[6.961s] -- Installing: /home/iclab/work/install/interface/share/interface/cmake/ament_cmake_export_targets-extras.cmake
[6.961s] -- Installing: /home/iclab/work/install/interface/share/interface/cmake/rosidl_cmake_export_typesupport_targets-extras.cmake
[6.961s] -- Installing: /home/iclab/work/install/interface/share/interface/cmake/rosidl_cmake_export_typesupport_libraries-extras.cmake
[6.962s] -- Installing: /home/iclab/work/install/interface/share/interface/cmake/interfaceConfig.cmake
[6.962s] -- Installing: /home/iclab/work/install/interface/share/interface/cmake/interfaceConfig-version.cmake
[6.962s] -- Installing: /home/iclab/work/install/interface/share/interface/package.xml
[6.967s] Invoked command in '/home/iclab/work/build/interface' returned '0': CMAKE_PREFIX_PATH=/opt/ros/humble /usr/bin/cmake --install /home/iclab/work/build/interface
