[1.364s] Invoking command in '/home/eating/work/build/realsense2_camera': CMAKE_PREFIX_PATH=/home/eating/work/install/realsense2_camera_msgs:/home/eating/work/install/timda_gazebo:/home/eating/work/install/timda_description:/home/eating/work/install/timda_bringup:/home/eating/work/install/timda_body_description:/home/eating/work/install/suction_description:/home/eating/work/install/robot_arm_description:/home/eating/work/install/realsense2_description:/home/eating/work/install/realsense2_camera:/home/eating/work/install/pallet_interfaces:/home/eating/work/install/mobile_description:/home/eating/work/install/mecanum:/home/eating/work/install/linear_move:/home/eating/work/install/keyboard_control:/home/eating/work/install/ira_laser_tools:/home/eating/work/install/interface:/home/eating/work/install/gui_interface:/home/eating/work/install/pallet_main:/home/eating/work/install/main_control:/home/eating/work/install/gui:/home/eating/work/install/docking_pkg:/opt/ros/humble LD_LIBRARY_PATH=/home/eating/work/install/realsense2_camera_msgs/lib:/home/eating/work/install/realsense2_camera/lib:/home/eating/work/install/pallet_interfaces/lib:/home/eating/work/install/interface/lib:/home/eating/work/install/gui_interface/lib:/opt/ros/humble/opt/rviz_ogre_vendor/lib:/opt/ros/humble/lib/x86_64-linux-gnu:/opt/ros/humble/lib /usr/bin/cmake --build /home/eating/work/build/realsense2_camera -- -j8 -l8
[1.678s] [ 63%] Built target realsense2_camera
[1.742s] [ 72%] Built target gtest
[1.776s] [ 81%] Built target gtest_main
[1.870s] [ 90%] Built target realsense2_camera_node
[1.985s] [100%] Built target gtest_template
[2.023s] Invoked command in '/home/eating/work/build/realsense2_camera' returned '0': CMAKE_PREFIX_PATH=/home/eating/work/install/realsense2_camera_msgs:/home/eating/work/install/timda_gazebo:/home/eating/work/install/timda_description:/home/eating/work/install/timda_bringup:/home/eating/work/install/timda_body_description:/home/eating/work/install/suction_description:/home/eating/work/install/robot_arm_description:/home/eating/work/install/realsense2_description:/home/eating/work/install/realsense2_camera:/home/eating/work/install/pallet_interfaces:/home/eating/work/install/mobile_description:/home/eating/work/install/mecanum:/home/eating/work/install/linear_move:/home/eating/work/install/keyboard_control:/home/eating/work/install/ira_laser_tools:/home/eating/work/install/interface:/home/eating/work/install/gui_interface:/home/eating/work/install/pallet_main:/home/eating/work/install/main_control:/home/eating/work/install/gui:/home/eating/work/install/docking_pkg:/opt/ros/humble LD_LIBRARY_PATH=/home/eating/work/install/realsense2_camera_msgs/lib:/home/eating/work/install/realsense2_camera/lib:/home/eating/work/install/pallet_interfaces/lib:/home/eating/work/install/interface/lib:/home/eating/work/install/gui_interface/lib:/opt/ros/humble/opt/rviz_ogre_vendor/lib:/opt/ros/humble/lib/x86_64-linux-gnu:/opt/ros/humble/lib /usr/bin/cmake --build /home/eating/work/build/realsense2_camera -- -j8 -l8
[2.024s] Invoking command in '/home/eating/work/build/realsense2_camera': CMAKE_PREFIX_PATH=/home/eating/work/install/realsense2_camera_msgs:/home/eating/work/install/timda_gazebo:/home/eating/work/install/timda_description:/home/eating/work/install/timda_bringup:/home/eating/work/install/timda_body_description:/home/eating/work/install/suction_description:/home/eating/work/install/robot_arm_description:/home/eating/work/install/realsense2_description:/home/eating/work/install/realsense2_camera:/home/eating/work/install/pallet_interfaces:/home/eating/work/install/mobile_description:/home/eating/work/install/mecanum:/home/eating/work/install/linear_move:/home/eating/work/install/keyboard_control:/home/eating/work/install/ira_laser_tools:/home/eating/work/install/interface:/home/eating/work/install/gui_interface:/home/eating/work/install/pallet_main:/home/eating/work/install/main_control:/home/eating/work/install/gui:/home/eating/work/install/docking_pkg:/opt/ros/humble LD_LIBRARY_PATH=/home/eating/work/install/realsense2_camera_msgs/lib:/home/eating/work/install/realsense2_camera/lib:/home/eating/work/install/pallet_interfaces/lib:/home/eating/work/install/interface/lib:/home/eating/work/install/gui_interface/lib:/opt/ros/humble/opt/rviz_ogre_vendor/lib:/opt/ros/humble/lib/x86_64-linux-gnu:/opt/ros/humble/lib /usr/bin/cmake --install /home/eating/work/build/realsense2_camera
[2.048s] -- Install configuration: "Release"
[2.049s] -- Up-to-date: /home/eating/work/install/realsense2_camera/lib/realsense2_camera/realsense2_camera_node
[2.049s] -- Up-to-date: /home/eating/work/install/realsense2_camera/lib/librealsense2_camera.so
[2.050s] -- Up-to-date: /home/eating/work/install/realsense2_camera/include
[2.050s] -- Up-to-date: /home/eating/work/install/realsense2_camera/include/ros_utils.h
[2.055s] -- Up-to-date: /home/eating/work/install/realsense2_camera/include/constants.h
[2.055s] -- Up-to-date: /home/eating/work/install/realsense2_camera/include/base_realsense_node.h
[2.055s] -- Up-to-date: /home/eating/work/install/realsense2_camera/include/gl_window.h
[2.055s] -- Up-to-date: /home/eating/work/install/realsense2_camera/include/named_filter.h
[2.055s] -- Up-to-date: /home/eating/work/install/realsense2_camera/include/ros_param_backend.h
[2.055s] -- Up-to-date: /home/eating/work/install/realsense2_camera/include/realsense_node_factory.h
[2.055s] -- Up-to-date: /home/eating/work/install/realsense2_camera/include/dynamic_params.h
[2.055s] -- Up-to-date: /home/eating/work/install/realsense2_camera/include/profile_manager.h
[2.056s] -- Up-to-date: /home/eating/work/install/realsense2_camera/include/image_publisher.h
[2.056s] -- Up-to-date: /home/eating/work/install/realsense2_camera/include/ros_sensor.h
[2.056s] -- Up-to-date: /home/eating/work/install/realsense2_camera/include/sensor_params.h
[2.056s] -- Up-to-date: /home/eating/work/install/realsense2_camera/share/realsense2_camera/launch
[2.056s] -- Up-to-date: /home/eating/work/install/realsense2_camera/share/realsense2_camera/launch/default.rviz
[2.056s] -- Up-to-date: /home/eating/work/install/realsense2_camera/share/realsense2_camera/launch/rs_intra_process_demo_launch.py
[2.056s] -- Up-to-date: /home/eating/work/install/realsense2_camera/share/realsense2_camera/launch/rs_launch.py
[2.056s] -- Up-to-date: /home/eating/work/install/realsense2_camera/share/realsense2_camera/launch/rs_multi_camera_launch.py
[2.057s] -- Up-to-date: /home/eating/work/install/realsense2_camera/share/realsense2_camera/examples
[2.057s] -- Up-to-date: /home/eating/work/install/realsense2_camera/share/realsense2_camera/examples/align_depth
[2.057s] -- Up-to-date: /home/eating/work/install/realsense2_camera/share/realsense2_camera/examples/align_depth/README.md
[2.057s] -- Up-to-date: /home/eating/work/install/realsense2_camera/share/realsense2_camera/examples/align_depth/rs_align_depth_launch.py
[2.057s] -- Up-to-date: /home/eating/work/install/realsense2_camera/share/realsense2_camera/examples/pointcloud
[2.057s] -- Up-to-date: /home/eating/work/install/realsense2_camera/share/realsense2_camera/examples/pointcloud/README.md
[2.057s] -- Up-to-date: /home/eating/work/install/realsense2_camera/share/realsense2_camera/examples/pointcloud/rviz
[2.057s] -- Up-to-date: /home/eating/work/install/realsense2_camera/share/realsense2_camera/examples/pointcloud/rviz/urdf_pointcloud.rviz
[2.058s] -- Up-to-date: /home/eating/work/install/realsense2_camera/share/realsense2_camera/examples/pointcloud/rviz/pointcloud.rviz
[2.058s] -- Up-to-date: /home/eating/work/install/realsense2_camera/share/realsense2_camera/examples/pointcloud/rs_d455_pointcloud_launch.py
[2.058s] -- Up-to-date: /home/eating/work/install/realsense2_camera/share/realsense2_camera/examples/pointcloud/rs_pointcloud_launch.py
[2.058s] -- Up-to-date: /home/eating/work/install/realsense2_camera/share/realsense2_camera/examples/pointcloud/rs_d405_pointcloud_launch.py
[2.058s] -- Up-to-date: /home/eating/work/install/realsense2_camera/share/realsense2_camera/examples/launch_from_rosbag
[2.058s] -- Up-to-date: /home/eating/work/install/realsense2_camera/share/realsense2_camera/examples/launch_from_rosbag/README.md
[2.058s] -- Up-to-date: /home/eating/work/install/realsense2_camera/share/realsense2_camera/examples/launch_from_rosbag/rs_launch_from_rosbag.py
[2.058s] -- Up-to-date: /home/eating/work/install/realsense2_camera/share/realsense2_camera/examples/dual_camera
[2.058s] -- Up-to-date: /home/eating/work/install/realsense2_camera/share/realsense2_camera/examples/dual_camera/README.md
[2.058s] -- Up-to-date: /home/eating/work/install/realsense2_camera/share/realsense2_camera/examples/dual_camera/rs_dual_camera_launch.py
[2.059s] -- Up-to-date: /home/eating/work/install/realsense2_camera/share/realsense2_camera/examples/dual_camera/rviz
[2.059s] -- Up-to-date: /home/eating/work/install/realsense2_camera/share/realsense2_camera/examples/dual_camera/rviz/dual_camera_pointcloud.rviz
[2.059s] -- Up-to-date: /home/eating/work/install/realsense2_camera/share/realsense2_camera/examples/launch_params_from_file
[2.059s] -- Up-to-date: /home/eating/work/install/realsense2_camera/share/realsense2_camera/examples/launch_params_from_file/README.md
[2.059s] -- Up-to-date: /home/eating/work/install/realsense2_camera/share/realsense2_camera/examples/launch_params_from_file/rs_launch_get_params_from_yaml.py
[2.059s] -- Up-to-date: /home/eating/work/install/realsense2_camera/share/realsense2_camera/examples/launch_params_from_file/config
[2.059s] -- Up-to-date: /home/eating/work/install/realsense2_camera/share/realsense2_camera/examples/launch_params_from_file/config/config.yaml
[2.059s] -- Up-to-date: /home/eating/work/install/realsense2_camera/share/realsense2_camera/environment/library_path.sh
[2.059s] -- Up-to-date: /home/eating/work/install/realsense2_camera/share/realsense2_camera/environment/library_path.dsv
[2.060s] -- Up-to-date: /home/eating/work/install/realsense2_camera/share/ament_index/resource_index/package_run_dependencies/realsense2_camera
[2.060s] -- Up-to-date: /home/eating/work/install/realsense2_camera/share/ament_index/resource_index/parent_prefix_path/realsense2_camera
[2.060s] -- Up-to-date: /home/eating/work/install/realsense2_camera/share/realsense2_camera/environment/ament_prefix_path.sh
[2.060s] -- Up-to-date: /home/eating/work/install/realsense2_camera/share/realsense2_camera/environment/ament_prefix_path.dsv
[2.060s] -- Up-to-date: /home/eating/work/install/realsense2_camera/share/realsense2_camera/environment/path.sh
[2.060s] -- Up-to-date: /home/eating/work/install/realsense2_camera/share/realsense2_camera/environment/path.dsv
[2.061s] -- Up-to-date: /home/eating/work/install/realsense2_camera/share/realsense2_camera/local_setup.bash
[2.061s] -- Up-to-date: /home/eating/work/install/realsense2_camera/share/realsense2_camera/local_setup.sh
[2.061s] -- Up-to-date: /home/eating/work/install/realsense2_camera/share/realsense2_camera/local_setup.zsh
[2.061s] -- Up-to-date: /home/eating/work/install/realsense2_camera/share/realsense2_camera/local_setup.dsv
[2.061s] -- Installing: /home/eating/work/install/realsense2_camera/share/realsense2_camera/package.dsv
[2.062s] -- Up-to-date: /home/eating/work/install/realsense2_camera/share/ament_index/resource_index/packages/realsense2_camera
[2.062s] -- Up-to-date: /home/eating/work/install/realsense2_camera/share/ament_index/resource_index/rclcpp_components/realsense2_camera
[2.062s] -- Up-to-date: /home/eating/work/install/realsense2_camera/share/realsense2_camera/cmake/ament_cmake_export_include_directories-extras.cmake
[2.062s] -- Up-to-date: /home/eating/work/install/realsense2_camera/share/realsense2_camera/cmake/ament_cmake_export_libraries-extras.cmake
[2.062s] -- Up-to-date: /home/eating/work/install/realsense2_camera/share/realsense2_camera/cmake/ament_cmake_export_dependencies-extras.cmake
[2.063s] -- Up-to-date: /home/eating/work/install/realsense2_camera/share/realsense2_camera/cmake/realsense2_cameraConfig.cmake
[2.063s] -- Up-to-date: /home/eating/work/install/realsense2_camera/share/realsense2_camera/cmake/realsense2_cameraConfig-version.cmake
[2.063s] -- Up-to-date: /home/eating/work/install/realsense2_camera/share/realsense2_camera/package.xml
[2.067s] Invoked command in '/home/eating/work/build/realsense2_camera' returned '0': CMAKE_PREFIX_PATH=/home/eating/work/install/realsense2_camera_msgs:/home/eating/work/install/timda_gazebo:/home/eating/work/install/timda_description:/home/eating/work/install/timda_bringup:/home/eating/work/install/timda_body_description:/home/eating/work/install/suction_description:/home/eating/work/install/robot_arm_description:/home/eating/work/install/realsense2_description:/home/eating/work/install/realsense2_camera:/home/eating/work/install/pallet_interfaces:/home/eating/work/install/mobile_description:/home/eating/work/install/mecanum:/home/eating/work/install/linear_move:/home/eating/work/install/keyboard_control:/home/eating/work/install/ira_laser_tools:/home/eating/work/install/interface:/home/eating/work/install/gui_interface:/home/eating/work/install/pallet_main:/home/eating/work/install/main_control:/home/eating/work/install/gui:/home/eating/work/install/docking_pkg:/opt/ros/humble LD_LIBRARY_PATH=/home/eating/work/install/realsense2_camera_msgs/lib:/home/eating/work/install/realsense2_camera/lib:/home/eating/work/install/pallet_interfaces/lib:/home/eating/work/install/interface/lib:/home/eating/work/install/gui_interface/lib:/opt/ros/humble/opt/rviz_ogre_vendor/lib:/opt/ros/humble/lib/x86_64-linux-gnu:/opt/ros/humble/lib /usr/bin/cmake --install /home/eating/work/build/realsense2_camera
