[0.344s] Invoking command in '/home/eating/work/build/mecanum': CMAKE_PREFIX_PATH=${CMAKE_PREFIX_PATH}:/home/eating/work/install/pallet_main:/home/eating/work/install/main_control:/home/eating/work/install/gui:/home/eating/work/install/docking_pkg:/opt/ros/humble /usr/bin/cmake /home/eating/work/src/mecanum -DCMAKE_INSTALL_PREFIX=/home/eating/work/install/mecanum
[1.921s] -- The C compiler identification is GNU 11.4.0
[1.921s] -- The CXX compiler identification is GNU 11.4.0
[1.921s] -- Detecting C compiler ABI info
[1.922s] -- Detecting C compiler ABI info - done
[1.922s] -- Check for working C compiler: /usr/bin/cc - skipped
[1.922s] -- Detecting C compile features
[1.922s] -- Detecting C compile features - done
[1.922s] -- Detecting CXX compiler ABI info
[1.922s] -- Detecting CXX compiler ABI info - done
[1.922s] -- Check for working CXX compiler: /usr/bin/c++ - skipped
[1.922s] -- Detecting CXX compile features
[1.922s] -- Detecting CXX compile features - done
[1.923s] -- Found ament_cmake: 1.3.11 (/opt/ros/humble/share/ament_cmake/cmake)
[1.923s] -- Found Python3: /usr/bin/python3 (found version "3.10.12") found components: Interpreter 
[1.923s] -- Found rclcpp: 16.0.12 (/opt/ros/humble/share/rclcpp/cmake)
[1.923s] -- Found rosidl_generator_c: 3.1.6 (/opt/ros/humble/share/rosidl_generator_c/cmake)
[1.923s] -- Found rosidl_adapter: 3.1.6 (/opt/ros/humble/share/rosidl_adapter/cmake)
[1.923s] -- Found rosidl_generator_cpp: 3.1.6 (/opt/ros/humble/share/rosidl_generator_cpp/cmake)
[1.923s] -- Using all available rosidl_typesupport_c: rosidl_typesupport_fastrtps_c;rosidl_typesupport_introspection_c
[1.923s] -- Using all available rosidl_typesupport_cpp: rosidl_typesupport_fastrtps_cpp;rosidl_typesupport_introspection_cpp
[1.923s] -- Found rmw_implementation_cmake: 6.1.2 (/opt/ros/humble/share/rmw_implementation_cmake/cmake)
[1.924s] -- Found rmw_cyclonedds_cpp: 1.3.4 (/opt/ros/humble/share/rmw_cyclonedds_cpp/cmake)
[1.924s] -- Using RMW implementation 'rmw_cyclonedds_cpp' as default
[1.924s] -- Looking for pthread.h
[1.926s] -- Looking for pthread.h - found
[1.926s] -- Performing Test CMAKE_HAVE_LIBC_PTHREAD
[1.926s] -- Performing Test CMAKE_HAVE_LIBC_PTHREAD - Success
[1.927s] -- Found Threads: TRUE  
[1.927s] -- Found geometry_msgs: 4.9.0 (/opt/ros/humble/share/geometry_msgs/cmake)
[1.927s] -- Found tf2_ros: 0.25.13 (/opt/ros/humble/share/tf2_ros/cmake)
[1.985s] -- Found tf2_geometry_msgs: 0.25.13 (/opt/ros/humble/share/tf2_geometry_msgs/cmake)
[2.004s] -- Found eigen3_cmake_module: 0.1.1 (/opt/ros/humble/share/eigen3_cmake_module/cmake)
[2.007s] -- Found Eigen3: TRUE (found version "3.4.0") 
[2.008s] -- Ensuring Eigen3 include directory is part of orocos-kdl CMake target
[2.012s] -- Found nav_msgs: 4.9.0 (/opt/ros/humble/share/nav_msgs/cmake)
[2.050s] -- Found ament_lint_auto: 0.12.12 (/opt/ros/humble/share/ament_lint_auto/cmake)
[2.189s] -- Added test 'cppcheck' to perform static code analysis on C / C++ code
[2.190s] -- Configured cppcheck include dirs: /home/eating/work/src/mecanum/include
[2.190s] -- Configured cppcheck exclude dirs and/or files: 
[2.192s] -- Added test 'lint_cmake' to check CMake code style
[2.203s] -- Added test 'uncrustify' to check C / C++ code style
[2.203s] -- Configured uncrustify additional arguments: 
[2.205s] -- Added test 'xmllint' to check XML markup files
[2.208s] -- Configuring done
[2.226s] -- Generating done
[2.231s] -- Build files have been written to: /home/eating/work/build/mecanum
[2.244s] Invoked command in '/home/eating/work/build/mecanum' returned '0': CMAKE_PREFIX_PATH=${CMAKE_PREFIX_PATH}:/home/eating/work/install/pallet_main:/home/eating/work/install/main_control:/home/eating/work/install/gui:/home/eating/work/install/docking_pkg:/opt/ros/humble /usr/bin/cmake /home/eating/work/src/mecanum -DCMAKE_INSTALL_PREFIX=/home/eating/work/install/mecanum
[2.245s] Invoking command in '/home/eating/work/build/mecanum': CMAKE_PREFIX_PATH=${CMAKE_PREFIX_PATH}:/home/eating/work/install/pallet_main:/home/eating/work/install/main_control:/home/eating/work/install/gui:/home/eating/work/install/docking_pkg:/opt/ros/humble /usr/bin/cmake --build /home/eating/work/build/mecanum -- -j8 -l8
[2.820s] [ 25%] [32mBuilding CXX object CMakeFiles/mobile_node.dir/src/TimdaModbus.cpp.o[0m
[2.820s] [ 50%] [32mBuilding CXX object CMakeFiles/mobile_node.dir/src/mobile_node.cpp.o[0m
[2.820s] [ 75%] [32mBuilding CXX object CMakeFiles/mobile_node.dir/src/Mecanum.cpp.o[0m
[21.733s] [100%] [32m[1mLinking CXX executable mobile_node[0m
[22.503s] [100%] Built target mobile_node
[22.518s] Invoked command in '/home/eating/work/build/mecanum' returned '0': CMAKE_PREFIX_PATH=${CMAKE_PREFIX_PATH}:/home/eating/work/install/pallet_main:/home/eating/work/install/main_control:/home/eating/work/install/gui:/home/eating/work/install/docking_pkg:/opt/ros/humble /usr/bin/cmake --build /home/eating/work/build/mecanum -- -j8 -l8
[22.520s] Invoking command in '/home/eating/work/build/mecanum': CMAKE_PREFIX_PATH=${CMAKE_PREFIX_PATH}:/home/eating/work/install/pallet_main:/home/eating/work/install/main_control:/home/eating/work/install/gui:/home/eating/work/install/docking_pkg:/opt/ros/humble /usr/bin/cmake --install /home/eating/work/build/mecanum
[22.527s] -- Install configuration: ""
[22.528s] -- Installing: /home/eating/work/install/mecanum/include/mecanum
[22.528s] -- Installing: /home/eating/work/install/mecanum/include/mecanum/TimdaModbus.h
[22.528s] -- Installing: /home/eating/work/install/mecanum/include/mecanum/Mecanum.h
[22.528s] -- Installing: /home/eating/work/install/mecanum/lib/mecanum/mobile_node
[22.531s] -- Set runtime path of "/home/eating/work/install/mecanum/lib/mecanum/mobile_node" to ""
[22.531s] -- Installing: /home/eating/work/install/mecanum/share/ament_index/resource_index/package_run_dependencies/mecanum
[22.532s] -- Installing: /home/eating/work/install/mecanum/share/ament_index/resource_index/parent_prefix_path/mecanum
[22.532s] -- Installing: /home/eating/work/install/mecanum/share/mecanum/environment/ament_prefix_path.sh
[22.532s] -- Installing: /home/eating/work/install/mecanum/share/mecanum/environment/ament_prefix_path.dsv
[22.532s] -- Installing: /home/eating/work/install/mecanum/share/mecanum/environment/path.sh
[22.532s] -- Installing: /home/eating/work/install/mecanum/share/mecanum/environment/path.dsv
[22.533s] -- Installing: /home/eating/work/install/mecanum/share/mecanum/local_setup.bash
[22.533s] -- Installing: /home/eating/work/install/mecanum/share/mecanum/local_setup.sh
[22.533s] -- Installing: /home/eating/work/install/mecanum/share/mecanum/local_setup.zsh
[22.533s] -- Installing: /home/eating/work/install/mecanum/share/mecanum/local_setup.dsv
[22.533s] -- Installing: /home/eating/work/install/mecanum/share/mecanum/package.dsv
[22.533s] -- Installing: /home/eating/work/install/mecanum/share/ament_index/resource_index/packages/mecanum
[22.533s] -- Installing: /home/eating/work/install/mecanum/share/mecanum/cmake/mecanumConfig.cmake
[22.533s] -- Installing: /home/eating/work/install/mecanum/share/mecanum/cmake/mecanumConfig-version.cmake
[22.534s] -- Installing: /home/eating/work/install/mecanum/share/mecanum/package.xml
[22.535s] Invoked command in '/home/eating/work/build/mecanum' returned '0': CMAKE_PREFIX_PATH=${CMAKE_PREFIX_PATH}:/home/eating/work/install/pallet_main:/home/eating/work/install/main_control:/home/eating/work/install/gui:/home/eating/work/install/docking_pkg:/opt/ros/humble /usr/bin/cmake --install /home/eating/work/build/mecanum
