[0.786s] Invoking command in '/home/eating/work/build/linear_move': CMAKE_PREFIX_PATH=${CMAKE_PREFIX_PATH}:/home/eating/work/install/pallet_main:/home/eating/work/install/main_control:/home/eating/work/install/gui:/home/eating/work/install/docking_pkg:/opt/ros/humble /usr/bin/cmake --build /home/eating/work/build/linear_move -- -j8 -l8
[1.056s] [100%] Built target slide
[1.128s] Invoked command in '/home/eating/work/build/linear_move' returned '0': CMAKE_PREFIX_PATH=${CMAKE_PREFIX_PATH}:/home/eating/work/install/pallet_main:/home/eating/work/install/main_control:/home/eating/work/install/gui:/home/eating/work/install/docking_pkg:/opt/ros/humble /usr/bin/cmake --build /home/eating/work/build/linear_move -- -j8 -l8
[1.129s] Invoking command in '/home/eating/work/build/linear_move': CMAKE_PREFIX_PATH=${CMAKE_PREFIX_PATH}:/home/eating/work/install/pallet_main:/home/eating/work/install/main_control:/home/eating/work/install/gui:/home/eating/work/install/docking_pkg:/opt/ros/humble /usr/bin/cmake --install /home/eating/work/build/linear_move
[1.168s] -- Install configuration: ""
[1.168s] -- Up-to-date: /home/eating/work/install/linear_move/lib/linear_move/slide
[1.168s] -- Up-to-date: /home/eating/work/install/linear_move/share/ament_index/resource_index/package_run_dependencies/linear_move
[1.168s] -- Up-to-date: /home/eating/work/install/linear_move/share/ament_index/resource_index/parent_prefix_path/linear_move
[1.169s] -- Up-to-date: /home/eating/work/install/linear_move/share/linear_move/environment/ament_prefix_path.sh
[1.169s] -- Up-to-date: /home/eating/work/install/linear_move/share/linear_move/environment/ament_prefix_path.dsv
[1.169s] -- Up-to-date: /home/eating/work/install/linear_move/share/linear_move/environment/path.sh
[1.169s] -- Up-to-date: /home/eating/work/install/linear_move/share/linear_move/environment/path.dsv
[1.169s] -- Up-to-date: /home/eating/work/install/linear_move/share/linear_move/local_setup.bash
[1.169s] -- Up-to-date: /home/eating/work/install/linear_move/share/linear_move/local_setup.sh
[1.169s] -- Up-to-date: /home/eating/work/install/linear_move/share/linear_move/local_setup.zsh
[1.170s] -- Up-to-date: /home/eating/work/install/linear_move/share/linear_move/local_setup.dsv
[1.170s] -- Installing: /home/eating/work/install/linear_move/share/linear_move/package.dsv
[1.170s] -- Up-to-date: /home/eating/work/install/linear_move/share/ament_index/resource_index/packages/linear_move
[1.170s] -- Up-to-date: /home/eating/work/install/linear_move/share/linear_move/cmake/linear_moveConfig.cmake
[1.170s] -- Up-to-date: /home/eating/work/install/linear_move/share/linear_move/cmake/linear_moveConfig-version.cmake
[1.170s] -- Up-to-date: /home/eating/work/install/linear_move/share/linear_move/package.xml
[1.264s] Invoked command in '/home/eating/work/build/linear_move' returned '0': CMAKE_PREFIX_PATH=${CMAKE_PREFIX_PATH}:/home/eating/work/install/pallet_main:/home/eating/work/install/main_control:/home/eating/work/install/gui:/home/eating/work/install/docking_pkg:/opt/ros/humble /usr/bin/cmake --install /home/eating/work/build/linear_move
