-- Found ament_cmake: 1.3.11 (/opt/ros/humble/share/ament_cmake/cmake)
-- Found geometry_msgs: 4.2.4 (/opt/ros/humble/share/geometry_msgs/cmake)
-- Found rosidl_generator_c: 3.1.6 (/opt/ros/humble/share/rosidl_generator_c/cmake)
-- Found rosidl_adapter: 3.1.6 (/opt/ros/humble/share/rosidl_adapter/cmake)
-- Found rosidl_generator_cpp: 3.1.6 (/opt/ros/humble/share/rosidl_generator_cpp/cmake)
-- Using all available rosidl_typesupport_c: rosidl_typesupport_fastrtps_c;rosidl_typesupport_introspection_c
-- Using all available rosidl_typesupport_cpp: rosidl_typesupport_fastrtps_cpp;rosidl_typesupport_introspection_cpp
-- Found rosidl_default_generators: 1.2.0 (/opt/ros/humble/share/rosidl_default_generators/cmake)
-- Found ament_cmake_ros: 0.10.0 (/opt/ros/humble/share/ament_cmake_ros/cmake)
-- Using all available rosidl_typesupport_c: rosidl_typesupport_fastrtps_c;rosidl_typesupport_introspection_c
-- Using all available rosidl_typesupport_cpp: rosidl_typesupport_fastrtps_cpp;rosidl_typesupport_introspection_cpp
-- Found python_cmake_module: 0.10.0 (/opt/ros/humble/share/python_cmake_module/cmake)
-- Using PYTHON_EXECUTABLE: /usr/bin/python3
-- Using PYTHON_INCLUDE_DIRS: /usr/include/python3.10
-- Using PYTHON_LIBRARIES: /usr/lib/x86_64-linux-gnu/libpython3.10.so
-- Found ament_lint_auto: 0.12.11 (/opt/ros/humble/share/ament_lint_auto/cmake)
-- Added test 'lint_cmake' to check CMake code style
-- Added test 'xmllint' to check XML markup files
-- Configuring done
-- Generating done
-- Build files have been written to: /home/iclab/work/build/interface
[  3%] [34m[1mGenerating C code for ROS interfaces[0m
[  6%] [34m[1mGenerating C++ code for ROS interfaces[0m
[  6%] Built target ament_cmake_python_copy_interface
[35m[1mConsolidate compiler generated dependencies of target interface__rosidl_generator_c[0m
running egg_info
writing interface.egg-info/PKG-INFO
writing dependency_links to interface.egg-info/dependency_links.txt
writing top-level names to interface.egg-info/top_level.txt
[  6%] Built target interface__cpp
reading manifest file 'interface.egg-info/SOURCES.txt'
[  9%] [32mBuilding C object CMakeFiles/interface__rosidl_generator_c.dir/rosidl_generator_c/interface/srv/detail/maincontroller__functions.c.o[0m
writing manifest file 'interface.egg-info/SOURCES.txt'
[ 12%] [34m[1mGenerating C++ type support for eProsima Fast-RTPS[0m
[ 16%] [34m[1mGenerating C++ introspection for ROS interfaces[0m
[ 19%] [34m[1mGenerating C++ type support dispatch for ROS interfaces[0m
[ 19%] Built target ament_cmake_python_build_interface_egg
[ 22%] [32m[1mLinking C shared library libinterface__rosidl_generator_c.so[0m
[ 22%] Built target interface__rosidl_generator_c
[ 32%] [34m[1mGenerating C type support dispatch for ROS interfaces[0m
[ 32%] [34m[1mGenerating C introspection for ROS interfaces[0m
[ 32%] [34m[1mGenerating C type support for eProsima Fast-RTPS[0m
[35m[1mConsolidate compiler generated dependencies of target interface__rosidl_typesupport_cpp[0m
[ 35%] [32mBuilding CXX object CMakeFiles/interface__rosidl_typesupport_cpp.dir/rosidl_typesupport_cpp/interface/srv/maincontroller__type_support.cpp.o[0m
[35m[1mConsolidate compiler generated dependencies of target interface__rosidl_typesupport_fastrtps_cpp[0m
[ 38%] [32mBuilding CXX object CMakeFiles/interface__rosidl_typesupport_fastrtps_cpp.dir/rosidl_typesupport_fastrtps_cpp/interface/srv/detail/dds_fastrtps/maincontroller__type_support.cpp.o[0m
[35m[1mConsolidate compiler generated dependencies of target interface__rosidl_typesupport_introspection_cpp[0m
[ 41%] [32mBuilding CXX object CMakeFiles/interface__rosidl_typesupport_introspection_cpp.dir/rosidl_typesupport_introspection_cpp/interface/srv/detail/maincontroller__type_support.cpp.o[0m
[35m[1mConsolidate compiler generated dependencies of target interface__rosidl_typesupport_c[0m
[ 45%] [32mBuilding CXX object CMakeFiles/interface__rosidl_typesupport_c.dir/rosidl_typesupport_c/interface/srv/maincontroller__type_support.cpp.o[0m
[ 48%] [32m[1mLinking CXX shared library libinterface__rosidl_typesupport_c.so[0m
[35m[1mConsolidate compiler generated dependencies of target interface__rosidl_typesupport_fastrtps_c[0m
[35m[1mConsolidate compiler generated dependencies of target interface__rosidl_typesupport_introspection_c[0m
[ 51%] [32mBuilding CXX object CMakeFiles/interface__rosidl_typesupport_fastrtps_c.dir/rosidl_typesupport_fastrtps_c/interface/srv/detail/maincontroller__type_support_c.cpp.o[0m
[ 54%] [32mBuilding C object CMakeFiles/interface__rosidl_typesupport_introspection_c.dir/rosidl_typesupport_introspection_c/interface/srv/detail/maincontroller__type_support.c.o[0m
[ 54%] Built target interface__rosidl_typesupport_c
[ 58%] [32m[1mLinking C shared library libinterface__rosidl_typesupport_introspection_c.so[0m
[ 61%] [32m[1mLinking CXX shared library libinterface__rosidl_typesupport_cpp.so[0m
[ 61%] Built target interface__rosidl_typesupport_introspection_c
[ 61%] Built target interface__rosidl_typesupport_cpp
[ 64%] [32m[1mLinking CXX shared library libinterface__rosidl_typesupport_fastrtps_cpp.so[0m
[ 67%] [32m[1mLinking CXX shared library libinterface__rosidl_typesupport_introspection_cpp.so[0m
[ 67%] Built target interface__rosidl_typesupport_fastrtps_cpp
[ 67%] Built target interface__rosidl_typesupport_introspection_cpp
[ 70%] [32m[1mLinking CXX shared library libinterface__rosidl_typesupport_fastrtps_c.so[0m
[ 70%] Built target interface__rosidl_typesupport_fastrtps_c
[ 70%] Built target interface
[ 74%] [34m[1mGenerating Python code for ROS interfaces[0m
[ 74%] Built target interface__py
[35m[1mConsolidate compiler generated dependencies of target interface__rosidl_generator_py[0m
[ 77%] [32mBuilding C object CMakeFiles/interface__rosidl_generator_py.dir/rosidl_generator_py/interface/srv/_maincontroller_s.c.o[0m
[ 80%] [32m[1mLinking C shared library rosidl_generator_py/interface/libinterface__rosidl_generator_py.so[0m
[ 80%] Built target interface__rosidl_generator_py
[35m[1mConsolidate compiler generated dependencies of target interface__rosidl_typesupport_introspection_c__pyext[0m
[35m[1mConsolidate compiler generated dependencies of target interface__rosidl_typesupport_fastrtps_c__pyext[0m
[35m[1mConsolidate compiler generated dependencies of target interface__rosidl_typesupport_c__pyext[0m
[ 90%] [32mBuilding C object CMakeFiles/interface__rosidl_typesupport_introspection_c__pyext.dir/rosidl_generator_py/interface/_interface_s.ep.rosidl_typesupport_introspection_c.c.o[0m
[ 90%] [32mBuilding C object CMakeFiles/interface__rosidl_typesupport_c__pyext.dir/rosidl_generator_py/interface/_interface_s.ep.rosidl_typesupport_c.c.o[0m
[ 90%] [32mBuilding C object CMakeFiles/interface__rosidl_typesupport_fastrtps_c__pyext.dir/rosidl_generator_py/interface/_interface_s.ep.rosidl_typesupport_fastrtps_c.c.o[0m
[100%] [32m[1mLinking C shared library rosidl_generator_py/interface/interface_s__rosidl_typesupport_fastrtps_c.cpython-310-x86_64-linux-gnu.so[0m
[100%] [32m[1mLinking C shared library rosidl_generator_py/interface/interface_s__rosidl_typesupport_c.cpython-310-x86_64-linux-gnu.so[0m
[100%] [32m[1mLinking C shared library rosidl_generator_py/interface/interface_s__rosidl_typesupport_introspection_c.cpython-310-x86_64-linux-gnu.so[0m
[100%] Built target interface__rosidl_typesupport_fastrtps_c__pyext
[100%] Built target interface__rosidl_typesupport_c__pyext
[100%] Built target interface__rosidl_typesupport_introspection_c__pyext
-- Install configuration: ""
-- Up-to-date: /home/iclab/work/install/interface/share/ament_index/resource_index/rosidl_interfaces/interface
-- Up-to-date: /home/iclab/work/install/interface/include/interface/interface
-- Up-to-date: /home/iclab/work/install/interface/include/interface/interface/msg
-- Up-to-date: /home/iclab/work/install/interface/include/interface/interface/msg/rosidl_generator_c__visibility_control.h
-- Up-to-date: /home/iclab/work/install/interface/include/interface/interface/srv
-- Installing: /home/iclab/work/install/interface/include/interface/interface/srv/maincontroller.h
-- Up-to-date: /home/iclab/work/install/interface/include/interface/interface/srv/detail
-- Installing: /home/iclab/work/install/interface/include/interface/interface/srv/detail/maincontroller__struct.h
-- Installing: /home/iclab/work/install/interface/include/interface/interface/srv/detail/maincontroller__functions.h
-- Installing: /home/iclab/work/install/interface/include/interface/interface/srv/detail/maincontroller__functions.c
-- Installing: /home/iclab/work/install/interface/include/interface/interface/srv/detail/maincontroller__type_support.h
-- Up-to-date: /home/iclab/work/install/interface/share/interface/environment/library_path.sh
-- Installing: /home/iclab/work/install/interface/share/interface/environment/library_path.dsv
-- Installing: /home/iclab/work/install/interface/lib/libinterface__rosidl_generator_c.so
-- Set runtime path of "/home/iclab/work/install/interface/lib/libinterface__rosidl_generator_c.so" to ""
-- Up-to-date: /home/iclab/work/install/interface/include/interface/interface
-- Up-to-date: /home/iclab/work/install/interface/include/interface/interface/msg
-- Up-to-date: /home/iclab/work/install/interface/include/interface/interface/msg/rosidl_typesupport_fastrtps_c__visibility_control.h
-- Up-to-date: /home/iclab/work/install/interface/include/interface/interface/srv
-- Up-to-date: /home/iclab/work/install/interface/include/interface/interface/srv/detail
-- Installing: /home/iclab/work/install/interface/include/interface/interface/srv/detail/maincontroller__rosidl_typesupport_fastrtps_c.h
-- Installing: /home/iclab/work/install/interface/lib/libinterface__rosidl_typesupport_fastrtps_c.so
-- Set runtime path of "/home/iclab/work/install/interface/lib/libinterface__rosidl_typesupport_fastrtps_c.so" to ""
-- Up-to-date: /home/iclab/work/install/interface/include/interface/interface
-- Up-to-date: /home/iclab/work/install/interface/include/interface/interface/msg
-- Up-to-date: /home/iclab/work/install/interface/include/interface/interface/msg/rosidl_generator_cpp__visibility_control.hpp
-- Up-to-date: /home/iclab/work/install/interface/include/interface/interface/srv
-- Up-to-date: /home/iclab/work/install/interface/include/interface/interface/srv/detail
-- Installing: /home/iclab/work/install/interface/include/interface/interface/srv/detail/maincontroller__traits.hpp
-- Installing: /home/iclab/work/install/interface/include/interface/interface/srv/detail/maincontroller__builder.hpp
-- Installing: /home/iclab/work/install/interface/include/interface/interface/srv/detail/maincontroller__struct.hpp
-- Installing: /home/iclab/work/install/interface/include/interface/interface/srv/detail/maincontroller__type_support.hpp
-- Installing: /home/iclab/work/install/interface/include/interface/interface/srv/maincontroller.hpp
-- Up-to-date: /home/iclab/work/install/interface/include/interface/interface
-- Up-to-date: /home/iclab/work/install/interface/include/interface/interface/msg
-- Up-to-date: /home/iclab/work/install/interface/include/interface/interface/msg/rosidl_typesupport_fastrtps_cpp__visibility_control.h
-- Up-to-date: /home/iclab/work/install/interface/include/interface/interface/srv
-- Up-to-date: /home/iclab/work/install/interface/include/interface/interface/srv/detail
-- Installing: /home/iclab/work/install/interface/include/interface/interface/srv/detail/maincontroller__rosidl_typesupport_fastrtps_cpp.hpp
-- Up-to-date: /home/iclab/work/install/interface/include/interface/interface/srv/detail/dds_fastrtps
-- Installing: /home/iclab/work/install/interface/lib/libinterface__rosidl_typesupport_fastrtps_cpp.so
-- Set runtime path of "/home/iclab/work/install/interface/lib/libinterface__rosidl_typesupport_fastrtps_cpp.so" to ""
-- Up-to-date: /home/iclab/work/install/interface/include/interface/interface
-- Up-to-date: /home/iclab/work/install/interface/include/interface/interface/msg
-- Up-to-date: /home/iclab/work/install/interface/include/interface/interface/msg/rosidl_typesupport_introspection_c__visibility_control.h
-- Up-to-date: /home/iclab/work/install/interface/include/interface/interface/srv
-- Up-to-date: /home/iclab/work/install/interface/include/interface/interface/srv/detail
-- Installing: /home/iclab/work/install/interface/include/interface/interface/srv/detail/maincontroller__type_support.c
-- Installing: /home/iclab/work/install/interface/include/interface/interface/srv/detail/maincontroller__rosidl_typesupport_introspection_c.h
-- Installing: /home/iclab/work/install/interface/lib/libinterface__rosidl_typesupport_introspection_c.so
-- Set runtime path of "/home/iclab/work/install/interface/lib/libinterface__rosidl_typesupport_introspection_c.so" to ""
-- Installing: /home/iclab/work/install/interface/lib/libinterface__rosidl_typesupport_c.so
-- Set runtime path of "/home/iclab/work/install/interface/lib/libinterface__rosidl_typesupport_c.so" to ""
-- Up-to-date: /home/iclab/work/install/interface/include/interface/interface
-- Up-to-date: /home/iclab/work/install/interface/include/interface/interface/srv
-- Up-to-date: /home/iclab/work/install/interface/include/interface/interface/srv/detail
-- Installing: /home/iclab/work/install/interface/include/interface/interface/srv/detail/maincontroller__type_support.cpp
-- Installing: /home/iclab/work/install/interface/include/interface/interface/srv/detail/maincontroller__rosidl_typesupport_introspection_cpp.hpp
-- Installing: /home/iclab/work/install/interface/lib/libinterface__rosidl_typesupport_introspection_cpp.so
-- Set runtime path of "/home/iclab/work/install/interface/lib/libinterface__rosidl_typesupport_introspection_cpp.so" to ""
-- Installing: /home/iclab/work/install/interface/lib/libinterface__rosidl_typesupport_cpp.so
-- Set runtime path of "/home/iclab/work/install/interface/lib/libinterface__rosidl_typesupport_cpp.so" to ""
-- Up-to-date: /home/iclab/work/install/interface/share/interface/environment/pythonpath.sh
-- Installing: /home/iclab/work/install/interface/share/interface/environment/pythonpath.dsv
-- Up-to-date: /home/iclab/work/install/interface/local/lib/python3.10/dist-packages/interface-0.0.0-py3.10.egg-info
-- Installing: /home/iclab/work/install/interface/local/lib/python3.10/dist-packages/interface-0.0.0-py3.10.egg-info/SOURCES.txt
-- Installing: /home/iclab/work/install/interface/local/lib/python3.10/dist-packages/interface-0.0.0-py3.10.egg-info/dependency_links.txt
-- Installing: /home/iclab/work/install/interface/local/lib/python3.10/dist-packages/interface-0.0.0-py3.10.egg-info/top_level.txt
-- Installing: /home/iclab/work/install/interface/local/lib/python3.10/dist-packages/interface-0.0.0-py3.10.egg-info/PKG-INFO
-- Up-to-date: /home/iclab/work/install/interface/local/lib/python3.10/dist-packages/interface
-- Up-to-date: /home/iclab/work/install/interface/local/lib/python3.10/dist-packages/interface/srv
-- Installing: /home/iclab/work/install/interface/local/lib/python3.10/dist-packages/interface/srv/_maincontroller.py
-- Installing: /home/iclab/work/install/interface/local/lib/python3.10/dist-packages/interface/srv/_maincontroller_s.c
-- Installing: /home/iclab/work/install/interface/local/lib/python3.10/dist-packages/interface/srv/__init__.py
-- Installing: /home/iclab/work/install/interface/local/lib/python3.10/dist-packages/interface/_interface_s.ep.rosidl_typesupport_introspection_c.c
-- Installing: /home/iclab/work/install/interface/local/lib/python3.10/dist-packages/interface/interface_s__rosidl_typesupport_c.cpython-310-x86_64-linux-gnu.so
-- Installing: /home/iclab/work/install/interface/local/lib/python3.10/dist-packages/interface/_interface_s.ep.rosidl_typesupport_fastrtps_c.c
-- Installing: /home/iclab/work/install/interface/local/lib/python3.10/dist-packages/interface/libinterface__rosidl_generator_py.so
-- Installing: /home/iclab/work/install/interface/local/lib/python3.10/dist-packages/interface/__init__.py
-- Installing: /home/iclab/work/install/interface/local/lib/python3.10/dist-packages/interface/_interface_s.ep.rosidl_typesupport_c.c
-- Installing: /home/iclab/work/install/interface/local/lib/python3.10/dist-packages/interface/interface_s__rosidl_typesupport_introspection_c.cpython-310-x86_64-linux-gnu.so
-- Installing: /home/iclab/work/install/interface/local/lib/python3.10/dist-packages/interface/interface_s__rosidl_typesupport_fastrtps_c.cpython-310-x86_64-linux-gnu.so
Listing '/home/iclab/work/install/interface/local/lib/python3.10/dist-packages/interface'...
Compiling '/home/iclab/work/install/interface/local/lib/python3.10/dist-packages/interface/__init__.py'...
Listing '/home/iclab/work/install/interface/local/lib/python3.10/dist-packages/interface/srv'...
Compiling '/home/iclab/work/install/interface/local/lib/python3.10/dist-packages/interface/srv/__init__.py'...
Compiling '/home/iclab/work/install/interface/local/lib/python3.10/dist-packages/interface/srv/_maincontroller.py'...
-- Installing: /home/iclab/work/install/interface/local/lib/python3.10/dist-packages/interface/interface_s__rosidl_typesupport_fastrtps_c.cpython-310-x86_64-linux-gnu.so
-- Set runtime path of "/home/iclab/work/install/interface/local/lib/python3.10/dist-packages/interface/interface_s__rosidl_typesupport_fastrtps_c.cpython-310-x86_64-linux-gnu.so" to ""
-- Installing: /home/iclab/work/install/interface/local/lib/python3.10/dist-packages/interface/interface_s__rosidl_typesupport_introspection_c.cpython-310-x86_64-linux-gnu.so
-- Set runtime path of "/home/iclab/work/install/interface/local/lib/python3.10/dist-packages/interface/interface_s__rosidl_typesupport_introspection_c.cpython-310-x86_64-linux-gnu.so" to ""
-- Installing: /home/iclab/work/install/interface/local/lib/python3.10/dist-packages/interface/interface_s__rosidl_typesupport_c.cpython-310-x86_64-linux-gnu.so
-- Set runtime path of "/home/iclab/work/install/interface/local/lib/python3.10/dist-packages/interface/interface_s__rosidl_typesupport_c.cpython-310-x86_64-linux-gnu.so" to ""
-- Installing: /home/iclab/work/install/interface/lib/libinterface__rosidl_generator_py.so
-- Set runtime path of "/home/iclab/work/install/interface/lib/libinterface__rosidl_generator_py.so" to ""
-- Installing: /home/iclab/work/install/interface/share/interface/srv/Maincontroller.idl
-- Installing: /home/iclab/work/install/interface/share/interface/srv/Maincontroller.srv
-- Installing: /home/iclab/work/install/interface/share/interface/srv/Maincontroller_Request.msg
-- Up-to-date: /home/iclab/work/install/interface/share/interface/srv/Maincontroller_Response.msg
-- Up-to-date: /home/iclab/work/install/interface/share/ament_index/resource_index/package_run_dependencies/interface
-- Installing: /home/iclab/work/install/interface/share/ament_index/resource_index/parent_prefix_path/interface
-- Up-to-date: /home/iclab/work/install/interface/share/interface/environment/ament_prefix_path.sh
-- Installing: /home/iclab/work/install/interface/share/interface/environment/ament_prefix_path.dsv
-- Up-to-date: /home/iclab/work/install/interface/share/interface/environment/path.sh
-- Installing: /home/iclab/work/install/interface/share/interface/environment/path.dsv
-- Up-to-date: /home/iclab/work/install/interface/share/interface/local_setup.bash
-- Up-to-date: /home/iclab/work/install/interface/share/interface/local_setup.sh
-- Up-to-date: /home/iclab/work/install/interface/share/interface/local_setup.zsh
-- Installing: /home/iclab/work/install/interface/share/interface/local_setup.dsv
-- Installing: /home/iclab/work/install/interface/share/interface/package.dsv
-- Up-to-date: /home/iclab/work/install/interface/share/ament_index/resource_index/packages/interface
-- Up-to-date: /home/iclab/work/install/interface/share/interface/cmake/export_interface__rosidl_generator_cExport.cmake
-- Up-to-date: /home/iclab/work/install/interface/share/interface/cmake/export_interface__rosidl_generator_cExport-noconfig.cmake
-- Up-to-date: /home/iclab/work/install/interface/share/interface/cmake/export_interface__rosidl_typesupport_fastrtps_cExport.cmake
-- Up-to-date: /home/iclab/work/install/interface/share/interface/cmake/export_interface__rosidl_typesupport_fastrtps_cExport-noconfig.cmake
-- Up-to-date: /home/iclab/work/install/interface/share/interface/cmake/export_interface__rosidl_generator_cppExport.cmake
-- Up-to-date: /home/iclab/work/install/interface/share/interface/cmake/export_interface__rosidl_typesupport_fastrtps_cppExport.cmake
-- Up-to-date: /home/iclab/work/install/interface/share/interface/cmake/export_interface__rosidl_typesupport_fastrtps_cppExport-noconfig.cmake
-- Up-to-date: /home/iclab/work/install/interface/share/interface/cmake/interface__rosidl_typesupport_introspection_cExport.cmake
-- Up-to-date: /home/iclab/work/install/interface/share/interface/cmake/interface__rosidl_typesupport_introspection_cExport-noconfig.cmake
-- Up-to-date: /home/iclab/work/install/interface/share/interface/cmake/interface__rosidl_typesupport_cExport.cmake
-- Up-to-date: /home/iclab/work/install/interface/share/interface/cmake/interface__rosidl_typesupport_cExport-noconfig.cmake
-- Up-to-date: /home/iclab/work/install/interface/share/interface/cmake/interface__rosidl_typesupport_introspection_cppExport.cmake
-- Up-to-date: /home/iclab/work/install/interface/share/interface/cmake/interface__rosidl_typesupport_introspection_cppExport-noconfig.cmake
-- Up-to-date: /home/iclab/work/install/interface/share/interface/cmake/interface__rosidl_typesupport_cppExport.cmake
-- Up-to-date: /home/iclab/work/install/interface/share/interface/cmake/interface__rosidl_typesupport_cppExport-noconfig.cmake
-- Up-to-date: /home/iclab/work/install/interface/share/interface/cmake/export_interface__rosidl_generator_pyExport.cmake
-- Up-to-date: /home/iclab/work/install/interface/share/interface/cmake/export_interface__rosidl_generator_pyExport-noconfig.cmake
-- Up-to-date: /home/iclab/work/install/interface/share/interface/cmake/rosidl_cmake-extras.cmake
-- Up-to-date: /home/iclab/work/install/interface/share/interface/cmake/ament_cmake_export_dependencies-extras.cmake
-- Up-to-date: /home/iclab/work/install/interface/share/interface/cmake/ament_cmake_export_include_directories-extras.cmake
-- Up-to-date: /home/iclab/work/install/interface/share/interface/cmake/ament_cmake_export_libraries-extras.cmake
-- Up-to-date: /home/iclab/work/install/interface/share/interface/cmake/ament_cmake_export_targets-extras.cmake
-- Up-to-date: /home/iclab/work/install/interface/share/interface/cmake/rosidl_cmake_export_typesupport_targets-extras.cmake
-- Up-to-date: /home/iclab/work/install/interface/share/interface/cmake/rosidl_cmake_export_typesupport_libraries-extras.cmake
-- Up-to-date: /home/iclab/work/install/interface/share/interface/cmake/interfaceConfig.cmake
-- Up-to-date: /home/iclab/work/install/interface/share/interface/cmake/interfaceConfig-version.cmake
-- Up-to-date: /home/iclab/work/install/interface/share/interface/package.xml
