[0.027s] Invoking command in '/home/iclab/work/build/interface': CMAKE_PREFIX_PATH=${CMAKE_PREFIX_PATH}:/opt/ros/humble /usr/bin/cmake --build /home/iclab/work/build/interface -- -j8 -l8
[0.059s] -- Found ament_cmake: 1.3.11 (/opt/ros/humble/share/ament_cmake/cmake)
[0.229s] -- Found geometry_msgs: 4.2.4 (/opt/ros/humble/share/geometry_msgs/cmake)
[0.258s] -- Found rosidl_generator_c: 3.1.6 (/opt/ros/humble/share/rosidl_generator_c/cmake)
[0.261s] -- Found rosidl_adapter: 3.1.6 (/opt/ros/humble/share/rosidl_adapter/cmake)
[0.268s] -- Found rosidl_generator_cpp: 3.1.6 (/opt/ros/humble/share/rosidl_generator_cpp/cmake)
[0.279s] -- Using all available rosidl_typesupport_c: rosidl_typesupport_fastrtps_c;rosidl_typesupport_introspection_c
[0.296s] -- Using all available rosidl_typesupport_cpp: rosidl_typesupport_fastrtps_cpp;rosidl_typesupport_introspection_cpp
[0.345s] -- Found rosidl_default_generators: 1.2.0 (/opt/ros/humble/share/rosidl_default_generators/cmake)
[0.647s] -- Found ament_cmake_ros: 0.10.0 (/opt/ros/humble/share/ament_cmake_ros/cmake)
[1.095s] -- Using all available rosidl_typesupport_c: rosidl_typesupport_fastrtps_c;rosidl_typesupport_introspection_c
[1.268s] -- Using all available rosidl_typesupport_cpp: rosidl_typesupport_fastrtps_cpp;rosidl_typesupport_introspection_cpp
[1.293s] -- Found python_cmake_module: 0.10.0 (/opt/ros/humble/share/python_cmake_module/cmake)
[1.319s] -- Using PYTHON_EXECUTABLE: /usr/bin/python3
[1.319s] -- Using PYTHON_INCLUDE_DIRS: /usr/include/python3.10
[1.319s] -- Using PYTHON_LIBRARIES: /usr/lib/x86_64-linux-gnu/libpython3.10.so
[1.363s] -- Found ament_lint_auto: 0.12.11 (/opt/ros/humble/share/ament_lint_auto/cmake)
[1.375s] -- Added test 'lint_cmake' to check CMake code style
[1.377s] -- Added test 'xmllint' to check XML markup files
[1.379s] -- Configuring done
[1.421s] -- Generating done
[1.435s] -- Build files have been written to: /home/iclab/work/build/interface
[1.462s] [  3%] [34m[1mGenerating C code for ROS interfaces[0m
[1.474s] [  6%] [34m[1mGenerating C++ code for ROS interfaces[0m
[1.483s] [  6%] Built target ament_cmake_python_copy_interface
[1.771s] [35m[1mConsolidate compiler generated dependencies of target interface__rosidl_generator_c[0m
[1.782s] running egg_info
[1.782s] writing interface.egg-info/PKG-INFO
[1.783s] writing dependency_links to interface.egg-info/dependency_links.txt
[1.783s] writing top-level names to interface.egg-info/top_level.txt
[1.783s] [  6%] Built target interface__cpp
[1.786s] reading manifest file 'interface.egg-info/SOURCES.txt'
[1.786s] [  9%] [32mBuilding C object CMakeFiles/interface__rosidl_generator_c.dir/rosidl_generator_c/interface/srv/detail/maincontroller__functions.c.o[0m
[1.786s] writing manifest file 'interface.egg-info/SOURCES.txt'
[1.797s] [ 12%] [34m[1mGenerating C++ type support for eProsima Fast-RTPS[0m
[1.797s] [ 16%] [34m[1mGenerating C++ introspection for ROS interfaces[0m
[1.800s] [ 19%] [34m[1mGenerating C++ type support dispatch for ROS interfaces[0m
[1.825s] [ 19%] Built target ament_cmake_python_build_interface_egg
[1.864s] [ 22%] [32m[1mLinking C shared library libinterface__rosidl_generator_c.so[0m
[1.911s] [ 22%] Built target interface__rosidl_generator_c
[1.928s] [ 32%] [34m[1mGenerating C type support dispatch for ROS interfaces[0m
[1.928s] [ 32%] [34m[1mGenerating C introspection for ROS interfaces[0m
[1.928s] [ 32%] [34m[1mGenerating C type support for eProsima Fast-RTPS[0m
[2.103s] [35m[1mConsolidate compiler generated dependencies of target interface__rosidl_typesupport_cpp[0m
[2.118s] [ 35%] [32mBuilding CXX object CMakeFiles/interface__rosidl_typesupport_cpp.dir/rosidl_typesupport_cpp/interface/srv/maincontroller__type_support.cpp.o[0m
[2.134s] [35m[1mConsolidate compiler generated dependencies of target interface__rosidl_typesupport_fastrtps_cpp[0m
[2.151s] [ 38%] [32mBuilding CXX object CMakeFiles/interface__rosidl_typesupport_fastrtps_cpp.dir/rosidl_typesupport_fastrtps_cpp/interface/srv/detail/dds_fastrtps/maincontroller__type_support.cpp.o[0m
[2.217s] [35m[1mConsolidate compiler generated dependencies of target interface__rosidl_typesupport_introspection_cpp[0m
[2.239s] [ 41%] [32mBuilding CXX object CMakeFiles/interface__rosidl_typesupport_introspection_cpp.dir/rosidl_typesupport_introspection_cpp/interface/srv/detail/maincontroller__type_support.cpp.o[0m
[2.331s] [35m[1mConsolidate compiler generated dependencies of target interface__rosidl_typesupport_c[0m
[2.349s] [ 45%] [32mBuilding CXX object CMakeFiles/interface__rosidl_typesupport_c.dir/rosidl_typesupport_c/interface/srv/maincontroller__type_support.cpp.o[0m
[2.412s] [ 48%] [32m[1mLinking CXX shared library libinterface__rosidl_typesupport_c.so[0m
[2.424s] [35m[1mConsolidate compiler generated dependencies of target interface__rosidl_typesupport_fastrtps_c[0m
[2.425s] [35m[1mConsolidate compiler generated dependencies of target interface__rosidl_typesupport_introspection_c[0m
[2.444s] [ 51%] [32mBuilding CXX object CMakeFiles/interface__rosidl_typesupport_fastrtps_c.dir/rosidl_typesupport_fastrtps_c/interface/srv/detail/maincontroller__type_support_c.cpp.o[0m
[2.445s] [ 54%] [32mBuilding C object CMakeFiles/interface__rosidl_typesupport_introspection_c.dir/rosidl_typesupport_introspection_c/interface/srv/detail/maincontroller__type_support.c.o[0m
[2.493s] [ 54%] Built target interface__rosidl_typesupport_c
[2.504s] [ 58%] [32m[1mLinking C shared library libinterface__rosidl_typesupport_introspection_c.so[0m
[2.523s] [ 61%] [32m[1mLinking CXX shared library libinterface__rosidl_typesupport_cpp.so[0m
[2.559s] [ 61%] Built target interface__rosidl_typesupport_introspection_c
[2.577s] [ 61%] Built target interface__rosidl_typesupport_cpp
[2.713s] [ 64%] [32m[1mLinking CXX shared library libinterface__rosidl_typesupport_fastrtps_cpp.so[0m
[2.785s] [ 67%] [32m[1mLinking CXX shared library libinterface__rosidl_typesupport_introspection_cpp.so[0m
[2.829s] [ 67%] Built target interface__rosidl_typesupport_fastrtps_cpp
[2.843s] [ 67%] Built target interface__rosidl_typesupport_introspection_cpp
[2.926s] [ 70%] [32m[1mLinking CXX shared library libinterface__rosidl_typesupport_fastrtps_c.so[0m
[3.022s] [ 70%] Built target interface__rosidl_typesupport_fastrtps_c
[3.047s] [ 70%] Built target interface
[3.072s] [ 74%] [34m[1mGenerating Python code for ROS interfaces[0m
[3.433s] [ 74%] Built target interface__py
[3.445s] [35m[1mConsolidate compiler generated dependencies of target interface__rosidl_generator_py[0m
[3.461s] [ 77%] [32mBuilding C object CMakeFiles/interface__rosidl_generator_py.dir/rosidl_generator_py/interface/srv/_maincontroller_s.c.o[0m
[3.582s] [ 80%] [32m[1mLinking C shared library rosidl_generator_py/interface/libinterface__rosidl_generator_py.so[0m
[3.629s] [ 80%] Built target interface__rosidl_generator_py
[3.641s] [35m[1mConsolidate compiler generated dependencies of target interface__rosidl_typesupport_introspection_c__pyext[0m
[3.642s] [35m[1mConsolidate compiler generated dependencies of target interface__rosidl_typesupport_fastrtps_c__pyext[0m
[3.642s] [35m[1mConsolidate compiler generated dependencies of target interface__rosidl_typesupport_c__pyext[0m
[3.657s] [ 90%] [32mBuilding C object CMakeFiles/interface__rosidl_typesupport_introspection_c__pyext.dir/rosidl_generator_py/interface/_interface_s.ep.rosidl_typesupport_introspection_c.c.o[0m
[3.658s] [ 90%] [32mBuilding C object CMakeFiles/interface__rosidl_typesupport_c__pyext.dir/rosidl_generator_py/interface/_interface_s.ep.rosidl_typesupport_c.c.o[0m
[3.658s] [ 90%] [32mBuilding C object CMakeFiles/interface__rosidl_typesupport_fastrtps_c__pyext.dir/rosidl_generator_py/interface/_interface_s.ep.rosidl_typesupport_fastrtps_c.c.o[0m
[3.787s] [100%] [32m[1mLinking C shared library rosidl_generator_py/interface/interface_s__rosidl_typesupport_fastrtps_c.cpython-310-x86_64-linux-gnu.so[0m
[3.787s] [100%] [32m[1mLinking C shared library rosidl_generator_py/interface/interface_s__rosidl_typesupport_c.cpython-310-x86_64-linux-gnu.so[0m
[3.787s] [100%] [32m[1mLinking C shared library rosidl_generator_py/interface/interface_s__rosidl_typesupport_introspection_c.cpython-310-x86_64-linux-gnu.so[0m
[3.834s] [100%] Built target interface__rosidl_typesupport_fastrtps_c__pyext
[3.835s] [100%] Built target interface__rosidl_typesupport_c__pyext
[3.835s] [100%] Built target interface__rosidl_typesupport_introspection_c__pyext
[3.847s] Invoked command in '/home/iclab/work/build/interface' returned '0': CMAKE_PREFIX_PATH=${CMAKE_PREFIX_PATH}:/opt/ros/humble /usr/bin/cmake --build /home/iclab/work/build/interface -- -j8 -l8
[3.848s] Invoking command in '/home/iclab/work/build/interface': CMAKE_PREFIX_PATH=${CMAKE_PREFIX_PATH}:/opt/ros/humble /usr/bin/cmake --install /home/iclab/work/build/interface
[3.857s] -- Install configuration: ""
[3.857s] -- Up-to-date: /home/iclab/work/install/interface/share/ament_index/resource_index/rosidl_interfaces/interface
[3.857s] -- Up-to-date: /home/iclab/work/install/interface/include/interface/interface
[3.857s] -- Up-to-date: /home/iclab/work/install/interface/include/interface/interface/msg
[3.858s] -- Up-to-date: /home/iclab/work/install/interface/include/interface/interface/msg/rosidl_generator_c__visibility_control.h
[3.858s] -- Up-to-date: /home/iclab/work/install/interface/include/interface/interface/srv
[3.858s] -- Installing: /home/iclab/work/install/interface/include/interface/interface/srv/maincontroller.h
[3.858s] -- Up-to-date: /home/iclab/work/install/interface/include/interface/interface/srv/detail
[3.859s] -- Installing: /home/iclab/work/install/interface/include/interface/interface/srv/detail/maincontroller__struct.h
[3.859s] -- Installing: /home/iclab/work/install/interface/include/interface/interface/srv/detail/maincontroller__functions.h
[3.859s] -- Installing: /home/iclab/work/install/interface/include/interface/interface/srv/detail/maincontroller__functions.c
[3.859s] -- Installing: /home/iclab/work/install/interface/include/interface/interface/srv/detail/maincontroller__type_support.h
[3.859s] -- Up-to-date: /home/iclab/work/install/interface/share/interface/environment/library_path.sh
[3.859s] -- Installing: /home/iclab/work/install/interface/share/interface/environment/library_path.dsv
[3.860s] -- Installing: /home/iclab/work/install/interface/lib/libinterface__rosidl_generator_c.so
[3.860s] -- Set runtime path of "/home/iclab/work/install/interface/lib/libinterface__rosidl_generator_c.so" to ""
[3.860s] -- Up-to-date: /home/iclab/work/install/interface/include/interface/interface
[3.860s] -- Up-to-date: /home/iclab/work/install/interface/include/interface/interface/msg
[3.861s] -- Up-to-date: /home/iclab/work/install/interface/include/interface/interface/msg/rosidl_typesupport_fastrtps_c__visibility_control.h
[3.861s] -- Up-to-date: /home/iclab/work/install/interface/include/interface/interface/srv
[3.861s] -- Up-to-date: /home/iclab/work/install/interface/include/interface/interface/srv/detail
[3.861s] -- Installing: /home/iclab/work/install/interface/include/interface/interface/srv/detail/maincontroller__rosidl_typesupport_fastrtps_c.h
[3.861s] -- Installing: /home/iclab/work/install/interface/lib/libinterface__rosidl_typesupport_fastrtps_c.so
[3.862s] -- Set runtime path of "/home/iclab/work/install/interface/lib/libinterface__rosidl_typesupport_fastrtps_c.so" to ""
[3.862s] -- Up-to-date: /home/iclab/work/install/interface/include/interface/interface
[3.862s] -- Up-to-date: /home/iclab/work/install/interface/include/interface/interface/msg
[3.863s] -- Up-to-date: /home/iclab/work/install/interface/include/interface/interface/msg/rosidl_generator_cpp__visibility_control.hpp
[3.863s] -- Up-to-date: /home/iclab/work/install/interface/include/interface/interface/srv
[3.863s] -- Up-to-date: /home/iclab/work/install/interface/include/interface/interface/srv/detail
[3.863s] -- Installing: /home/iclab/work/install/interface/include/interface/interface/srv/detail/maincontroller__traits.hpp
[3.864s] -- Installing: /home/iclab/work/install/interface/include/interface/interface/srv/detail/maincontroller__builder.hpp
[3.864s] -- Installing: /home/iclab/work/install/interface/include/interface/interface/srv/detail/maincontroller__struct.hpp
[3.864s] -- Installing: /home/iclab/work/install/interface/include/interface/interface/srv/detail/maincontroller__type_support.hpp
[3.864s] -- Installing: /home/iclab/work/install/interface/include/interface/interface/srv/maincontroller.hpp
[3.865s] -- Up-to-date: /home/iclab/work/install/interface/include/interface/interface
[3.865s] -- Up-to-date: /home/iclab/work/install/interface/include/interface/interface/msg
[3.865s] -- Up-to-date: /home/iclab/work/install/interface/include/interface/interface/msg/rosidl_typesupport_fastrtps_cpp__visibility_control.h
[3.865s] -- Up-to-date: /home/iclab/work/install/interface/include/interface/interface/srv
[3.865s] -- Up-to-date: /home/iclab/work/install/interface/include/interface/interface/srv/detail
[3.865s] -- Installing: /home/iclab/work/install/interface/include/interface/interface/srv/detail/maincontroller__rosidl_typesupport_fastrtps_cpp.hpp
[3.866s] -- Up-to-date: /home/iclab/work/install/interface/include/interface/interface/srv/detail/dds_fastrtps
[3.866s] -- Installing: /home/iclab/work/install/interface/lib/libinterface__rosidl_typesupport_fastrtps_cpp.so
[3.866s] -- Set runtime path of "/home/iclab/work/install/interface/lib/libinterface__rosidl_typesupport_fastrtps_cpp.so" to ""
[3.867s] -- Up-to-date: /home/iclab/work/install/interface/include/interface/interface
[3.867s] -- Up-to-date: /home/iclab/work/install/interface/include/interface/interface/msg
[3.867s] -- Up-to-date: /home/iclab/work/install/interface/include/interface/interface/msg/rosidl_typesupport_introspection_c__visibility_control.h
[3.867s] -- Up-to-date: /home/iclab/work/install/interface/include/interface/interface/srv
[3.867s] -- Up-to-date: /home/iclab/work/install/interface/include/interface/interface/srv/detail
[3.868s] -- Installing: /home/iclab/work/install/interface/include/interface/interface/srv/detail/maincontroller__type_support.c
[3.868s] -- Installing: /home/iclab/work/install/interface/include/interface/interface/srv/detail/maincontroller__rosidl_typesupport_introspection_c.h
[3.868s] -- Installing: /home/iclab/work/install/interface/lib/libinterface__rosidl_typesupport_introspection_c.so
[3.868s] -- Set runtime path of "/home/iclab/work/install/interface/lib/libinterface__rosidl_typesupport_introspection_c.so" to ""
[3.869s] -- Installing: /home/iclab/work/install/interface/lib/libinterface__rosidl_typesupport_c.so
[3.870s] -- Set runtime path of "/home/iclab/work/install/interface/lib/libinterface__rosidl_typesupport_c.so" to ""
[3.870s] -- Up-to-date: /home/iclab/work/install/interface/include/interface/interface
[3.870s] -- Up-to-date: /home/iclab/work/install/interface/include/interface/interface/srv
[3.870s] -- Up-to-date: /home/iclab/work/install/interface/include/interface/interface/srv/detail
[3.871s] -- Installing: /home/iclab/work/install/interface/include/interface/interface/srv/detail/maincontroller__type_support.cpp
[3.871s] -- Installing: /home/iclab/work/install/interface/include/interface/interface/srv/detail/maincontroller__rosidl_typesupport_introspection_cpp.hpp
[3.871s] -- Installing: /home/iclab/work/install/interface/lib/libinterface__rosidl_typesupport_introspection_cpp.so
[3.872s] -- Set runtime path of "/home/iclab/work/install/interface/lib/libinterface__rosidl_typesupport_introspection_cpp.so" to ""
[3.872s] -- Installing: /home/iclab/work/install/interface/lib/libinterface__rosidl_typesupport_cpp.so
[3.873s] -- Set runtime path of "/home/iclab/work/install/interface/lib/libinterface__rosidl_typesupport_cpp.so" to ""
[3.873s] -- Up-to-date: /home/iclab/work/install/interface/share/interface/environment/pythonpath.sh
[3.873s] -- Installing: /home/iclab/work/install/interface/share/interface/environment/pythonpath.dsv
[3.874s] -- Up-to-date: /home/iclab/work/install/interface/local/lib/python3.10/dist-packages/interface-0.0.0-py3.10.egg-info
[3.874s] -- Installing: /home/iclab/work/install/interface/local/lib/python3.10/dist-packages/interface-0.0.0-py3.10.egg-info/SOURCES.txt
[3.874s] -- Installing: /home/iclab/work/install/interface/local/lib/python3.10/dist-packages/interface-0.0.0-py3.10.egg-info/dependency_links.txt
[3.874s] -- Installing: /home/iclab/work/install/interface/local/lib/python3.10/dist-packages/interface-0.0.0-py3.10.egg-info/top_level.txt
[3.874s] -- Installing: /home/iclab/work/install/interface/local/lib/python3.10/dist-packages/interface-0.0.0-py3.10.egg-info/PKG-INFO
[3.875s] -- Up-to-date: /home/iclab/work/install/interface/local/lib/python3.10/dist-packages/interface
[3.875s] -- Up-to-date: /home/iclab/work/install/interface/local/lib/python3.10/dist-packages/interface/srv
[3.875s] -- Installing: /home/iclab/work/install/interface/local/lib/python3.10/dist-packages/interface/srv/_maincontroller.py
[3.875s] -- Installing: /home/iclab/work/install/interface/local/lib/python3.10/dist-packages/interface/srv/_maincontroller_s.c
[3.875s] -- Installing: /home/iclab/work/install/interface/local/lib/python3.10/dist-packages/interface/srv/__init__.py
[3.876s] -- Installing: /home/iclab/work/install/interface/local/lib/python3.10/dist-packages/interface/_interface_s.ep.rosidl_typesupport_introspection_c.c
[3.876s] -- Installing: /home/iclab/work/install/interface/local/lib/python3.10/dist-packages/interface/interface_s__rosidl_typesupport_c.cpython-310-x86_64-linux-gnu.so
[3.876s] -- Installing: /home/iclab/work/install/interface/local/lib/python3.10/dist-packages/interface/_interface_s.ep.rosidl_typesupport_fastrtps_c.c
[3.876s] -- Installing: /home/iclab/work/install/interface/local/lib/python3.10/dist-packages/interface/libinterface__rosidl_generator_py.so
[3.877s] -- Installing: /home/iclab/work/install/interface/local/lib/python3.10/dist-packages/interface/__init__.py
[3.877s] -- Installing: /home/iclab/work/install/interface/local/lib/python3.10/dist-packages/interface/_interface_s.ep.rosidl_typesupport_c.c
[3.877s] -- Installing: /home/iclab/work/install/interface/local/lib/python3.10/dist-packages/interface/interface_s__rosidl_typesupport_introspection_c.cpython-310-x86_64-linux-gnu.so
[3.877s] -- Installing: /home/iclab/work/install/interface/local/lib/python3.10/dist-packages/interface/interface_s__rosidl_typesupport_fastrtps_c.cpython-310-x86_64-linux-gnu.so
[3.914s] Listing '/home/iclab/work/install/interface/local/lib/python3.10/dist-packages/interface'...
[3.914s] Compiling '/home/iclab/work/install/interface/local/lib/python3.10/dist-packages/interface/__init__.py'...
[3.914s] Listing '/home/iclab/work/install/interface/local/lib/python3.10/dist-packages/interface/srv'...
[3.914s] Compiling '/home/iclab/work/install/interface/local/lib/python3.10/dist-packages/interface/srv/__init__.py'...
[3.914s] Compiling '/home/iclab/work/install/interface/local/lib/python3.10/dist-packages/interface/srv/_maincontroller.py'...
[3.919s] -- Installing: /home/iclab/work/install/interface/local/lib/python3.10/dist-packages/interface/interface_s__rosidl_typesupport_fastrtps_c.cpython-310-x86_64-linux-gnu.so
[3.919s] -- Set runtime path of "/home/iclab/work/install/interface/local/lib/python3.10/dist-packages/interface/interface_s__rosidl_typesupport_fastrtps_c.cpython-310-x86_64-linux-gnu.so" to ""
[3.920s] -- Installing: /home/iclab/work/install/interface/local/lib/python3.10/dist-packages/interface/interface_s__rosidl_typesupport_introspection_c.cpython-310-x86_64-linux-gnu.so
[3.920s] -- Set runtime path of "/home/iclab/work/install/interface/local/lib/python3.10/dist-packages/interface/interface_s__rosidl_typesupport_introspection_c.cpython-310-x86_64-linux-gnu.so" to ""
[3.921s] -- Installing: /home/iclab/work/install/interface/local/lib/python3.10/dist-packages/interface/interface_s__rosidl_typesupport_c.cpython-310-x86_64-linux-gnu.so
[3.921s] -- Set runtime path of "/home/iclab/work/install/interface/local/lib/python3.10/dist-packages/interface/interface_s__rosidl_typesupport_c.cpython-310-x86_64-linux-gnu.so" to ""
[3.922s] -- Installing: /home/iclab/work/install/interface/lib/libinterface__rosidl_generator_py.so
[3.923s] -- Set runtime path of "/home/iclab/work/install/interface/lib/libinterface__rosidl_generator_py.so" to ""
[3.923s] -- Installing: /home/iclab/work/install/interface/share/interface/srv/Maincontroller.idl
[3.923s] -- Installing: /home/iclab/work/install/interface/share/interface/srv/Maincontroller.srv
[3.923s] -- Installing: /home/iclab/work/install/interface/share/interface/srv/Maincontroller_Request.msg
[3.924s] -- Up-to-date: /home/iclab/work/install/interface/share/interface/srv/Maincontroller_Response.msg
[3.924s] -- Up-to-date: /home/iclab/work/install/interface/share/ament_index/resource_index/package_run_dependencies/interface
[3.924s] -- Installing: /home/iclab/work/install/interface/share/ament_index/resource_index/parent_prefix_path/interface
[3.924s] -- Up-to-date: /home/iclab/work/install/interface/share/interface/environment/ament_prefix_path.sh
[3.924s] -- Installing: /home/iclab/work/install/interface/share/interface/environment/ament_prefix_path.dsv
[3.924s] -- Up-to-date: /home/iclab/work/install/interface/share/interface/environment/path.sh
[3.924s] -- Installing: /home/iclab/work/install/interface/share/interface/environment/path.dsv
[3.924s] -- Up-to-date: /home/iclab/work/install/interface/share/interface/local_setup.bash
[3.925s] -- Up-to-date: /home/iclab/work/install/interface/share/interface/local_setup.sh
[3.925s] -- Up-to-date: /home/iclab/work/install/interface/share/interface/local_setup.zsh
[3.925s] -- Installing: /home/iclab/work/install/interface/share/interface/local_setup.dsv
[3.925s] -- Installing: /home/iclab/work/install/interface/share/interface/package.dsv
[3.925s] -- Up-to-date: /home/iclab/work/install/interface/share/ament_index/resource_index/packages/interface
[3.925s] -- Up-to-date: /home/iclab/work/install/interface/share/interface/cmake/export_interface__rosidl_generator_cExport.cmake
[3.925s] -- Up-to-date: /home/iclab/work/install/interface/share/interface/cmake/export_interface__rosidl_generator_cExport-noconfig.cmake
[3.926s] -- Up-to-date: /home/iclab/work/install/interface/share/interface/cmake/export_interface__rosidl_typesupport_fastrtps_cExport.cmake
[3.926s] -- Up-to-date: /home/iclab/work/install/interface/share/interface/cmake/export_interface__rosidl_typesupport_fastrtps_cExport-noconfig.cmake
[3.926s] -- Up-to-date: /home/iclab/work/install/interface/share/interface/cmake/export_interface__rosidl_generator_cppExport.cmake
[3.926s] -- Up-to-date: /home/iclab/work/install/interface/share/interface/cmake/export_interface__rosidl_typesupport_fastrtps_cppExport.cmake
[3.926s] -- Up-to-date: /home/iclab/work/install/interface/share/interface/cmake/export_interface__rosidl_typesupport_fastrtps_cppExport-noconfig.cmake
[3.926s] -- Up-to-date: /home/iclab/work/install/interface/share/interface/cmake/interface__rosidl_typesupport_introspection_cExport.cmake
[3.926s] -- Up-to-date: /home/iclab/work/install/interface/share/interface/cmake/interface__rosidl_typesupport_introspection_cExport-noconfig.cmake
[3.926s] -- Up-to-date: /home/iclab/work/install/interface/share/interface/cmake/interface__rosidl_typesupport_cExport.cmake
[3.927s] -- Up-to-date: /home/iclab/work/install/interface/share/interface/cmake/interface__rosidl_typesupport_cExport-noconfig.cmake
[3.927s] -- Up-to-date: /home/iclab/work/install/interface/share/interface/cmake/interface__rosidl_typesupport_introspection_cppExport.cmake
[3.927s] -- Up-to-date: /home/iclab/work/install/interface/share/interface/cmake/interface__rosidl_typesupport_introspection_cppExport-noconfig.cmake
[3.927s] -- Up-to-date: /home/iclab/work/install/interface/share/interface/cmake/interface__rosidl_typesupport_cppExport.cmake
[3.927s] -- Up-to-date: /home/iclab/work/install/interface/share/interface/cmake/interface__rosidl_typesupport_cppExport-noconfig.cmake
[3.927s] -- Up-to-date: /home/iclab/work/install/interface/share/interface/cmake/export_interface__rosidl_generator_pyExport.cmake
[3.927s] -- Up-to-date: /home/iclab/work/install/interface/share/interface/cmake/export_interface__rosidl_generator_pyExport-noconfig.cmake
[3.928s] -- Up-to-date: /home/iclab/work/install/interface/share/interface/cmake/rosidl_cmake-extras.cmake
[3.928s] -- Up-to-date: /home/iclab/work/install/interface/share/interface/cmake/ament_cmake_export_dependencies-extras.cmake
[3.928s] -- Up-to-date: /home/iclab/work/install/interface/share/interface/cmake/ament_cmake_export_include_directories-extras.cmake
[3.928s] -- Up-to-date: /home/iclab/work/install/interface/share/interface/cmake/ament_cmake_export_libraries-extras.cmake
[3.928s] -- Up-to-date: /home/iclab/work/install/interface/share/interface/cmake/ament_cmake_export_targets-extras.cmake
[3.928s] -- Up-to-date: /home/iclab/work/install/interface/share/interface/cmake/rosidl_cmake_export_typesupport_targets-extras.cmake
[3.928s] -- Up-to-date: /home/iclab/work/install/interface/share/interface/cmake/rosidl_cmake_export_typesupport_libraries-extras.cmake
[3.928s] -- Up-to-date: /home/iclab/work/install/interface/share/interface/cmake/interfaceConfig.cmake
[3.929s] -- Up-to-date: /home/iclab/work/install/interface/share/interface/cmake/interfaceConfig-version.cmake
[3.929s] -- Up-to-date: /home/iclab/work/install/interface/share/interface/package.xml
[3.931s] Invoked command in '/home/iclab/work/build/interface' returned '0': CMAKE_PREFIX_PATH=${CMAKE_PREFIX_PATH}:/opt/ros/humble /usr/bin/cmake --install /home/iclab/work/build/interface
