-- The C compiler identification is GNU 11.4.0
-- The CXX compiler identification is GNU 11.4.0
-- Detecting C compiler ABI info
-- Detecting C compiler ABI info - done
-- Check for working C compiler: /usr/bin/cc - skipped
-- Detecting C compile features
-- Detecting C compile features - done
-- Detecting CXX compiler ABI info
-- Detecting CXX compiler ABI info - done
-- Check for working CXX compiler: /usr/bin/c++ - skipped
-- Detecting CXX compile features
-- Detecting CXX compile features - done
-- Found ament_cmake: 1.3.11 (/opt/ros/humble/share/ament_cmake/cmake)
-- Found Python3: /usr/bin/python3 (found version "3.10.12") found components: Interpreter 
-- Found rclcpp: 16.0.12 (/opt/ros/humble/share/rclcpp/cmake)
-- Found rosidl_generator_c: 3.1.6 (/opt/ros/humble/share/rosidl_generator_c/cmake)
-- Found rosidl_adapter: 3.1.6 (/opt/ros/humble/share/rosidl_adapter/cmake)
-- Found rosidl_generator_cpp: 3.1.6 (/opt/ros/humble/share/rosidl_generator_cpp/cmake)
-- Using all available rosidl_typesupport_c: rosidl_typesupport_fastrtps_c;rosidl_typesupport_introspection_c
-- Using all available rosidl_typesupport_cpp: rosidl_typesupport_fastrtps_cpp;rosidl_typesupport_introspection_cpp
-- Found rmw_implementation_cmake: 6.1.2 (/opt/ros/humble/share/rmw_implementation_cmake/cmake)
-- Found rmw_cyclonedds_cpp: 1.3.4 (/opt/ros/humble/share/rmw_cyclonedds_cpp/cmake)
-- Using RMW implementation 'rmw_cyclonedds_cpp' as default
-- Looking for pthread.h
-- Looking for pthread.h - found
-- Performing Test CMAKE_HAVE_LIBC_PTHREAD
-- Performing Test CMAKE_HAVE_LIBC_PTHREAD - Success
-- Found Threads: TRUE  
-- Found ament_lint_auto: 0.12.12 (/opt/ros/humble/share/ament_lint_auto/cmake)
-- Added test 'cppcheck' to perform static code analysis on C / C++ code
-- Configured cppcheck include dirs: /home/fxck/work/src/linear_move/include
-- Configured cppcheck exclude dirs and/or files: 
-- Added test 'lint_cmake' to check CMake code style
-- Added test 'uncrustify' to check C / C++ code style
-- Configured uncrustify additional arguments: 
-- Added test 'xmllint' to check XML markup files
-- Configuring done
-- Generating done
-- Build files have been written to: /home/fxck/work/build/linear_move
[ 50%] [32mBuilding CXX object CMakeFiles/slide.dir/src/slide.cpp.o[0m
[100%] [32m[1mLinking CXX executable slide[0m
[100%] Built target slide
-- Install configuration: ""
-- Installing: /home/fxck/work/install/linear_move/lib/linear_move/slide
-- Set runtime path of "/home/fxck/work/install/linear_move/lib/linear_move/slide" to ""
-- Installing: /home/fxck/work/install/linear_move/share/ament_index/resource_index/package_run_dependencies/linear_move
-- Installing: /home/fxck/work/install/linear_move/share/ament_index/resource_index/parent_prefix_path/linear_move
-- Installing: /home/fxck/work/install/linear_move/share/linear_move/environment/ament_prefix_path.sh
-- Installing: /home/fxck/work/install/linear_move/share/linear_move/environment/ament_prefix_path.dsv
-- Installing: /home/fxck/work/install/linear_move/share/linear_move/environment/path.sh
-- Installing: /home/fxck/work/install/linear_move/share/linear_move/environment/path.dsv
-- Installing: /home/fxck/work/install/linear_move/share/linear_move/local_setup.bash
-- Installing: /home/fxck/work/install/linear_move/share/linear_move/local_setup.sh
-- Installing: /home/fxck/work/install/linear_move/share/linear_move/local_setup.zsh
-- Installing: /home/fxck/work/install/linear_move/share/linear_move/local_setup.dsv
-- Installing: /home/fxck/work/install/linear_move/share/linear_move/package.dsv
-- Installing: /home/fxck/work/install/linear_move/share/ament_index/resource_index/packages/linear_move
-- Installing: /home/fxck/work/install/linear_move/share/linear_move/cmake/linear_moveConfig.cmake
-- Installing: /home/fxck/work/install/linear_move/share/linear_move/cmake/linear_moveConfig-version.cmake
-- Installing: /home/fxck/work/install/linear_move/share/linear_move/package.xml
