[0.463s] Invoking command in '/home/fxck/work/build/linear_move': CMAKE_PREFIX_PATH=/opt/ros/humble /usr/bin/cmake /home/fxck/work/src/linear_move -DCMAKE_INSTALL_PREFIX=/home/fxck/work/install/linear_move
[1.034s] -- The C compiler identification is GNU 11.4.0
[1.034s] -- The CXX compiler identification is GNU 11.4.0
[1.034s] -- Detecting C compiler ABI info
[1.034s] -- Detecting C compiler ABI info - done
[1.034s] -- Check for working C compiler: /usr/bin/cc - skipped
[1.035s] -- Detecting C compile features
[1.035s] -- Detecting C compile features - done
[1.035s] -- Detecting CXX compiler ABI info
[1.035s] -- Detecting CXX compiler ABI info - done
[1.035s] -- Check for working CXX compiler: /usr/bin/c++ - skipped
[1.035s] -- Detecting CXX compile features
[1.035s] -- Detecting CXX compile features - done
[1.035s] -- Found ament_cmake: 1.3.11 (/opt/ros/humble/share/ament_cmake/cmake)
[1.036s] -- Found Python3: /usr/bin/python3 (found version "3.10.12") found components: Interpreter 
[1.052s] -- Found rclcpp: 16.0.12 (/opt/ros/humble/share/rclcpp/cmake)
[1.121s] -- Found rosidl_generator_c: 3.1.6 (/opt/ros/humble/share/rosidl_generator_c/cmake)
[1.128s] -- Found rosidl_adapter: 3.1.6 (/opt/ros/humble/share/rosidl_adapter/cmake)
[1.141s] -- Found rosidl_generator_cpp: 3.1.6 (/opt/ros/humble/share/rosidl_generator_cpp/cmake)
[1.158s] -- Using all available rosidl_typesupport_c: rosidl_typesupport_fastrtps_c;rosidl_typesupport_introspection_c
[1.181s] -- Using all available rosidl_typesupport_cpp: rosidl_typesupport_fastrtps_cpp;rosidl_typesupport_introspection_cpp
[1.280s] -- Found rmw_implementation_cmake: 6.1.2 (/opt/ros/humble/share/rmw_implementation_cmake/cmake)
[1.286s] -- Found rmw_cyclonedds_cpp: 1.3.4 (/opt/ros/humble/share/rmw_cyclonedds_cpp/cmake)
[1.329s] -- Using RMW implementation 'rmw_cyclonedds_cpp' as default
[1.349s] -- Looking for pthread.h
[1.466s] -- Looking for pthread.h - found
[1.478s] -- Performing Test CMAKE_HAVE_LIBC_PTHREAD
[1.566s] -- Performing Test CMAKE_HAVE_LIBC_PTHREAD - Success
[1.567s] -- Found Threads: TRUE  
[1.650s] -- Found ament_lint_auto: 0.12.12 (/opt/ros/humble/share/ament_lint_auto/cmake)
[1.750s] -- Added test 'cppcheck' to perform static code analysis on C / C++ code
[1.751s] -- Configured cppcheck include dirs: /home/fxck/work/src/linear_move/include
[1.751s] -- Configured cppcheck exclude dirs and/or files: 
[1.751s] -- Added test 'lint_cmake' to check CMake code style
[1.751s] -- Added test 'uncrustify' to check C / C++ code style
[1.751s] -- Configured uncrustify additional arguments: 
[1.751s] -- Added test 'xmllint' to check XML markup files
[1.753s] -- Configuring done
[1.772s] -- Generating done
[1.777s] -- Build files have been written to: /home/fxck/work/build/linear_move
[1.839s] Invoked command in '/home/fxck/work/build/linear_move' returned '0': CMAKE_PREFIX_PATH=/opt/ros/humble /usr/bin/cmake /home/fxck/work/src/linear_move -DCMAKE_INSTALL_PREFIX=/home/fxck/work/install/linear_move
[1.839s] Invoking command in '/home/fxck/work/build/linear_move': CMAKE_PREFIX_PATH=/opt/ros/humble /usr/bin/cmake --build /home/fxck/work/build/linear_move -- -j16 -l16
[1.918s] [ 50%] [32mBuilding CXX object CMakeFiles/slide.dir/src/slide.cpp.o[0m
[12.227s] [100%] [32m[1mLinking CXX executable slide[0m
[12.530s] [100%] Built target slide
[12.541s] Invoked command in '/home/fxck/work/build/linear_move' returned '0': CMAKE_PREFIX_PATH=/opt/ros/humble /usr/bin/cmake --build /home/fxck/work/build/linear_move -- -j16 -l16
[12.542s] Invoking command in '/home/fxck/work/build/linear_move': CMAKE_PREFIX_PATH=/opt/ros/humble /usr/bin/cmake --install /home/fxck/work/build/linear_move
[12.549s] -- Install configuration: ""
[12.549s] -- Installing: /home/fxck/work/install/linear_move/lib/linear_move/slide
[12.553s] -- Set runtime path of "/home/fxck/work/install/linear_move/lib/linear_move/slide" to ""
[12.553s] -- Installing: /home/fxck/work/install/linear_move/share/ament_index/resource_index/package_run_dependencies/linear_move
[12.553s] -- Installing: /home/fxck/work/install/linear_move/share/ament_index/resource_index/parent_prefix_path/linear_move
[12.554s] -- Installing: /home/fxck/work/install/linear_move/share/linear_move/environment/ament_prefix_path.sh
[12.554s] -- Installing: /home/fxck/work/install/linear_move/share/linear_move/environment/ament_prefix_path.dsv
[12.554s] -- Installing: /home/fxck/work/install/linear_move/share/linear_move/environment/path.sh
[12.554s] -- Installing: /home/fxck/work/install/linear_move/share/linear_move/environment/path.dsv
[12.554s] -- Installing: /home/fxck/work/install/linear_move/share/linear_move/local_setup.bash
[12.554s] -- Installing: /home/fxck/work/install/linear_move/share/linear_move/local_setup.sh
[12.555s] -- Installing: /home/fxck/work/install/linear_move/share/linear_move/local_setup.zsh
[12.555s] -- Installing: /home/fxck/work/install/linear_move/share/linear_move/local_setup.dsv
[12.555s] -- Installing: /home/fxck/work/install/linear_move/share/linear_move/package.dsv
[12.555s] -- Installing: /home/fxck/work/install/linear_move/share/ament_index/resource_index/packages/linear_move
[12.555s] -- Installing: /home/fxck/work/install/linear_move/share/linear_move/cmake/linear_moveConfig.cmake
[12.555s] -- Installing: /home/fxck/work/install/linear_move/share/linear_move/cmake/linear_moveConfig-version.cmake
[12.556s] -- Installing: /home/fxck/work/install/linear_move/share/linear_move/package.xml
[12.558s] Invoked command in '/home/fxck/work/build/linear_move' returned '0': CMAKE_PREFIX_PATH=/opt/ros/humble /usr/bin/cmake --install /home/fxck/work/build/linear_move
