[0.118s] Invoking command in '/home/eating/work/build/mobile_description': CMAKE_PREFIX_PATH=${CMAKE_PREFIX_PATH}:/home/eating/work/install/pallet_main:/home/eating/work/install/main_control:/home/eating/work/install/gui:/home/eating/work/install/docking_pkg:/opt/ros/humble /usr/bin/cmake --build /home/eating/work/build/mobile_description -- -j8 -l8
[0.544s] Invoked command in '/home/eating/work/build/mobile_description' returned '0': CMAKE_PREFIX_PATH=${CMAKE_PREFIX_PATH}:/home/eating/work/install/pallet_main:/home/eating/work/install/main_control:/home/eating/work/install/gui:/home/eating/work/install/docking_pkg:/opt/ros/humble /usr/bin/cmake --build /home/eating/work/build/mobile_description -- -j8 -l8
[0.546s] Invoking command in '/home/eating/work/build/mobile_description': CMAKE_PREFIX_PATH=${CMAKE_PREFIX_PATH}:/home/eating/work/install/pallet_main:/home/eating/work/install/main_control:/home/eating/work/install/gui:/home/eating/work/install/docking_pkg:/opt/ros/humble /usr/bin/cmake --install /home/eating/work/build/mobile_description
[0.557s] -- Install configuration: ""
[0.557s] -- Up-to-date: /home/eating/work/install/mobile_description/share/mobile_description/meshes
[0.557s] -- Up-to-date: /home/eating/work/install/mobile_description/share/mobile_description/meshes/base_link.STL
[0.557s] -- Up-to-date: /home/eating/work/install/mobile_description/share/mobile_description/urdf
[0.558s] -- Up-to-date: /home/eating/work/install/mobile_description/share/mobile_description/urdf/timda_mobile_platform.urdf.xacro
[0.558s] -- Up-to-date: /home/eating/work/install/mobile_description/share/mobile_description/urdf/timda_mobile_platform.csv
[0.558s] -- Up-to-date: /home/eating/work/install/mobile_description/share/mobile_description/urdf/timda_mobile_platform.gazebo.xacro
[0.559s] -- Up-to-date: /home/eating/work/install/mobile_description/share/mobile_description/urdf/timda_mobile_platform_sim_odom.urdf.xacro
[0.559s] -- Up-to-date: /home/eating/work/install/mobile_description/share/mobile_description/urdf/timda_mobile_platform.urdf
[0.559s] -- Up-to-date: /home/eating/work/install/mobile_description/share/ament_index/resource_index/package_run_dependencies/mobile_description
[0.560s] -- Up-to-date: /home/eating/work/install/mobile_description/share/ament_index/resource_index/parent_prefix_path/mobile_description
[0.561s] -- Up-to-date: /home/eating/work/install/mobile_description/share/mobile_description/environment/ament_prefix_path.sh
[0.561s] -- Up-to-date: /home/eating/work/install/mobile_description/share/mobile_description/environment/ament_prefix_path.dsv
[0.561s] -- Up-to-date: /home/eating/work/install/mobile_description/share/mobile_description/environment/path.sh
[0.561s] -- Up-to-date: /home/eating/work/install/mobile_description/share/mobile_description/environment/path.dsv
[0.562s] -- Up-to-date: /home/eating/work/install/mobile_description/share/mobile_description/local_setup.bash
[0.562s] -- Up-to-date: /home/eating/work/install/mobile_description/share/mobile_description/local_setup.sh
[0.562s] -- Up-to-date: /home/eating/work/install/mobile_description/share/mobile_description/local_setup.zsh
[0.562s] -- Up-to-date: /home/eating/work/install/mobile_description/share/mobile_description/local_setup.dsv
[0.563s] -- Installing: /home/eating/work/install/mobile_description/share/mobile_description/package.dsv
[0.563s] -- Up-to-date: /home/eating/work/install/mobile_description/share/ament_index/resource_index/packages/mobile_description
[0.564s] -- Up-to-date: /home/eating/work/install/mobile_description/share/mobile_description/cmake/mobile_descriptionConfig.cmake
[0.564s] -- Up-to-date: /home/eating/work/install/mobile_description/share/mobile_description/cmake/mobile_descriptionConfig-version.cmake
[0.564s] -- Up-to-date: /home/eating/work/install/mobile_description/share/mobile_description/package.xml
[0.604s] Invoked command in '/home/eating/work/build/mobile_description' returned '0': CMAKE_PREFIX_PATH=${CMAKE_PREFIX_PATH}:/home/eating/work/install/pallet_main:/home/eating/work/install/main_control:/home/eating/work/install/gui:/home/eating/work/install/docking_pkg:/opt/ros/humble /usr/bin/cmake --install /home/eating/work/build/mobile_description
