[0.040s] Invoking command in '/home/eating/work/build/timda_description': CMAKE_PREFIX_PATH=/opt/ros/humble /usr/bin/cmake /home/eating/work/src/timda_sim/timda_description -DCMAKE_INSTALL_PREFIX=/home/eating/work/install/timda_description
[1.412s] -- The C compiler identification is GNU 11.4.0
[1.412s] -- The CXX compiler identification is GNU 11.4.0
[1.412s] -- Detecting C compiler ABI info
[1.412s] -- Detecting C compiler ABI info - done
[1.412s] -- Check for working C compiler: /usr/bin/cc - skipped
[1.412s] -- Detecting C compile features
[1.412s] -- Detecting C compile features - done
[1.412s] -- Detecting CXX compiler ABI info
[1.412s] -- Detecting CXX compiler ABI info - done
[1.412s] -- Check for working CXX compiler: /usr/bin/c++ - skipped
[1.413s] -- Detecting CXX compile features
[1.413s] -- Detecting CXX compile features - done
[1.413s] -- Found ament_cmake: 1.3.11 (/opt/ros/humble/share/ament_cmake/cmake)
[1.413s] -- Found Python3: /usr/bin/python3 (found version "3.10.12") found components: Interpreter 
[1.513s] -- Found ament_lint_auto: 0.12.12 (/opt/ros/humble/share/ament_lint_auto/cmake)
[1.740s] -- Added test 'lint_cmake' to check CMake code style
[1.745s] -- Added test 'xmllint' to check XML markup files
[1.747s] -- Configuring done
[1.758s] -- Generating done
[1.765s] -- Build files have been written to: /home/eating/work/build/timda_description
[1.773s] Invoked command in '/home/eating/work/build/timda_description' returned '0': CMAKE_PREFIX_PATH=/opt/ros/humble /usr/bin/cmake /home/eating/work/src/timda_sim/timda_description -DCMAKE_INSTALL_PREFIX=/home/eating/work/install/timda_description
[1.788s] Invoking command in '/home/eating/work/build/timda_description': CMAKE_PREFIX_PATH=/opt/ros/humble /usr/bin/cmake --build /home/eating/work/build/timda_description -- -j8 -l8
[2.010s] Invoked command in '/home/eating/work/build/timda_description' returned '0': CMAKE_PREFIX_PATH=/opt/ros/humble /usr/bin/cmake --build /home/eating/work/build/timda_description -- -j8 -l8
[2.023s] Invoking command in '/home/eating/work/build/timda_description': CMAKE_PREFIX_PATH=/opt/ros/humble /usr/bin/cmake --install /home/eating/work/build/timda_description
[2.059s] -- Install configuration: ""
[2.059s] -- Installing: /home/eating/work/install/timda_description/share/timda_description/urdf
[2.059s] -- Installing: /home/eating/work/install/timda_description/share/timda_description/urdf/timda_sim_odom.urdf.xacro
[2.059s] -- Installing: /home/eating/work/install/timda_description/share/timda_description/urdf/timda.gazebo.xacro
[2.059s] -- Installing: /home/eating/work/install/timda_description/share/timda_description/urdf/timda.urdf.xacro
[2.059s] -- Installing: /home/eating/work/install/timda_description/share/timda_description/urdf/timda_only_mobile.urdf.xacro
[2.059s] -- Installing: /home/eating/work/install/timda_description/share/ament_index/resource_index/package_run_dependencies/timda_description
[2.059s] -- Installing: /home/eating/work/install/timda_description/share/ament_index/resource_index/parent_prefix_path/timda_description
[2.059s] -- Installing: /home/eating/work/install/timda_description/share/timda_description/environment/ament_prefix_path.sh
[2.060s] -- Installing: /home/eating/work/install/timda_description/share/timda_description/environment/ament_prefix_path.dsv
[2.060s] -- Installing: /home/eating/work/install/timda_description/share/timda_description/environment/path.sh
[2.060s] -- Installing: /home/eating/work/install/timda_description/share/timda_description/environment/path.dsv
[2.060s] -- Installing: /home/eating/work/install/timda_description/share/timda_description/local_setup.bash
[2.060s] -- Installing: /home/eating/work/install/timda_description/share/timda_description/local_setup.sh
[2.060s] -- Installing: /home/eating/work/install/timda_description/share/timda_description/local_setup.zsh
[2.060s] -- Installing: /home/eating/work/install/timda_description/share/timda_description/local_setup.dsv
[2.060s] -- Installing: /home/eating/work/install/timda_description/share/timda_description/package.dsv
[2.060s] -- Installing: /home/eating/work/install/timda_description/share/ament_index/resource_index/packages/timda_description
[2.060s] -- Installing: /home/eating/work/install/timda_description/share/timda_description/cmake/timda_descriptionConfig.cmake
[2.060s] -- Installing: /home/eating/work/install/timda_description/share/timda_description/cmake/timda_descriptionConfig-version.cmake
[2.061s] -- Installing: /home/eating/work/install/timda_description/share/timda_description/package.xml
[2.822s] Invoked command in '/home/eating/work/build/timda_description' returned '0': CMAKE_PREFIX_PATH=/opt/ros/humble /usr/bin/cmake --install /home/eating/work/build/timda_description
