[0.015s] Invoking command in '/home/fxck/work/build/mecanum': CMAKE_PREFIX_PATH=${CMAKE_PREFIX_PATH}:/home/fxck/work/install/main_control:/home/fxck/work/install/gui:/opt/ros/humble /usr/bin/cmake --build /home/fxck/work/build/mecanum -- -j16 -l16
[0.083s] [100%] Built target mobile_node
[0.101s] Invoked command in '/home/fxck/work/build/mecanum' returned '0': CMAKE_PREFIX_PATH=${CMAKE_PREFIX_PATH}:/home/fxck/work/install/main_control:/home/fxck/work/install/gui:/opt/ros/humble /usr/bin/cmake --build /home/fxck/work/build/mecanum -- -j16 -l16
[0.103s] Invoking command in '/home/fxck/work/build/mecanum': CMAKE_PREFIX_PATH=${CMAKE_PREFIX_PATH}:/home/fxck/work/install/main_control:/home/fxck/work/install/gui:/opt/ros/humble /usr/bin/cmake --install /home/fxck/work/build/mecanum
[0.110s] -- Install configuration: ""
[0.110s] -- Up-to-date: /home/fxck/work/install/mecanum/include/mecanum
[0.110s] -- Up-to-date: /home/fxck/work/install/mecanum/include/mecanum/Mecanum.h
[0.110s] -- Up-to-date: /home/fxck/work/install/mecanum/include/mecanum/TimdaModbus.h
[0.110s] -- Up-to-date: /home/fxck/work/install/mecanum/lib/mecanum/mobile_node
[0.110s] -- Up-to-date: /home/fxck/work/install/mecanum/share/ament_index/resource_index/package_run_dependencies/mecanum
[0.110s] -- Up-to-date: /home/fxck/work/install/mecanum/share/ament_index/resource_index/parent_prefix_path/mecanum
[0.110s] -- Up-to-date: /home/fxck/work/install/mecanum/share/mecanum/environment/ament_prefix_path.sh
[0.111s] -- Up-to-date: /home/fxck/work/install/mecanum/share/mecanum/environment/ament_prefix_path.dsv
[0.111s] -- Up-to-date: /home/fxck/work/install/mecanum/share/mecanum/environment/path.sh
[0.111s] -- Up-to-date: /home/fxck/work/install/mecanum/share/mecanum/environment/path.dsv
[0.111s] -- Up-to-date: /home/fxck/work/install/mecanum/share/mecanum/local_setup.bash
[0.111s] -- Up-to-date: /home/fxck/work/install/mecanum/share/mecanum/local_setup.sh
[0.111s] -- Up-to-date: /home/fxck/work/install/mecanum/share/mecanum/local_setup.zsh
[0.111s] -- Up-to-date: /home/fxck/work/install/mecanum/share/mecanum/local_setup.dsv
[0.111s] -- Installing: /home/fxck/work/install/mecanum/share/mecanum/package.dsv
[0.111s] -- Up-to-date: /home/fxck/work/install/mecanum/share/ament_index/resource_index/packages/mecanum
[0.111s] -- Up-to-date: /home/fxck/work/install/mecanum/share/mecanum/cmake/mecanumConfig.cmake
[0.112s] -- Up-to-date: /home/fxck/work/install/mecanum/share/mecanum/cmake/mecanumConfig-version.cmake
[0.112s] -- Up-to-date: /home/fxck/work/install/mecanum/share/mecanum/package.xml
[0.127s] Invoked command in '/home/fxck/work/build/mecanum' returned '0': CMAKE_PREFIX_PATH=${CMAKE_PREFIX_PATH}:/home/fxck/work/install/main_control:/home/fxck/work/install/gui:/opt/ros/humble /usr/bin/cmake --install /home/fxck/work/build/mecanum
