[0.461s] Invoking command in '/home/fxck/work/build/pallet_interfaces': CMAKE_PREFIX_PATH=/opt/ros/humble /usr/bin/cmake /home/fxck/work/src/pallet/pallet_interfaces -DCMAKE_INSTALL_PREFIX=/home/fxck/work/install/pallet_interfaces
[1.032s] -- The C compiler identification is GNU 11.4.0
[1.032s] -- The CXX compiler identification is GNU 11.4.0
[1.032s] -- Detecting C compiler ABI info
[1.032s] -- Detecting C compiler ABI info - done
[1.032s] -- Check for working C compiler: /usr/bin/cc - skipped
[1.032s] -- Detecting C compile features
[1.032s] -- Detecting C compile features - done
[1.032s] -- Detecting CXX compiler ABI info
[1.032s] -- Detecting CXX compiler ABI info - done
[1.032s] -- Check for working CXX compiler: /usr/bin/c++ - skipped
[1.033s] -- Detecting CXX compile features
[1.033s] -- Detecting CXX compile features - done
[1.033s] -- Found ament_cmake: 1.3.11 (/opt/ros/humble/share/ament_cmake/cmake)
[1.033s] -- Found Python3: /usr/bin/python3 (found version "3.10.12") found components: Interpreter 
[1.054s] -- Found geometry_msgs: 4.8.0 (/opt/ros/humble/share/geometry_msgs/cmake)
[1.114s] -- Found rosidl_generator_c: 3.1.6 (/opt/ros/humble/share/rosidl_generator_c/cmake)
[1.125s] -- Found rosidl_adapter: 3.1.6 (/opt/ros/humble/share/rosidl_adapter/cmake)
[1.137s] -- Found rosidl_generator_cpp: 3.1.6 (/opt/ros/humble/share/rosidl_generator_cpp/cmake)
[1.154s] -- Using all available rosidl_typesupport_c: rosidl_typesupport_fastrtps_c;rosidl_typesupport_introspection_c
[1.181s] -- Using all available rosidl_typesupport_cpp: rosidl_typesupport_fastrtps_cpp;rosidl_typesupport_introspection_cpp
[1.235s] -- Found rosidl_default_generators: 1.2.0 (/opt/ros/humble/share/rosidl_default_generators/cmake)
[1.586s] -- Found ament_cmake_ros: 0.10.0 (/opt/ros/humble/share/ament_cmake_ros/cmake)
[2.084s] -- Using all available rosidl_typesupport_c: rosidl_typesupport_fastrtps_c;rosidl_typesupport_introspection_c
[2.295s] -- Using all available rosidl_typesupport_cpp: rosidl_typesupport_fastrtps_cpp;rosidl_typesupport_introspection_cpp
[2.320s] -- Found PythonInterp: /usr/bin/python3 (found suitable version "3.10.12", minimum required is "3.6") 
[2.322s] -- Found python_cmake_module: 0.10.0 (/opt/ros/humble/share/python_cmake_module/cmake)
[2.351s] -- Found PythonLibs: /usr/lib/x86_64-linux-gnu/libpython3.10.so (found suitable version "3.10.12", minimum required is "3.5") 
[2.352s] -- Using PYTHON_EXECUTABLE: /usr/bin/python3
[2.352s] -- Using PYTHON_INCLUDE_DIRS: /usr/include/python3.10
[2.352s] -- Using PYTHON_LIBRARIES: /usr/lib/x86_64-linux-gnu/libpython3.10.so
[2.379s] -- Found PythonExtra: .so  
[2.465s] -- Found ament_lint_auto: 0.12.12 (/opt/ros/humble/share/ament_lint_auto/cmake)
[2.490s] -- Added test 'lint_cmake' to check CMake code style
[2.491s] -- Added test 'xmllint' to check XML markup files
[2.496s] -- Configuring done
[2.557s] -- Generating done
[2.585s] -- Build files have been written to: /home/fxck/work/build/pallet_interfaces
[2.612s] Invoked command in '/home/fxck/work/build/pallet_interfaces' returned '0': CMAKE_PREFIX_PATH=/opt/ros/humble /usr/bin/cmake /home/fxck/work/src/pallet/pallet_interfaces -DCMAKE_INSTALL_PREFIX=/home/fxck/work/install/pallet_interfaces
[2.615s] Invoking command in '/home/fxck/work/build/pallet_interfaces': CMAKE_PREFIX_PATH=/opt/ros/humble /usr/bin/cmake --build /home/fxck/work/build/pallet_interfaces -- -j16 -l16
[2.682s] [  2%] [34m[1mGenerating C code for ROS interfaces[0m
[2.714s] [  5%] [34m[1mGenerating C++ code for ROS interfaces[0m
[2.743s] [  5%] Built target ament_cmake_python_copy_pallet_interfaces
[3.205s] running egg_info
[3.206s] creating pallet_interfaces.egg-info
[3.206s] writing pallet_interfaces.egg-info/PKG-INFO
[3.207s] writing dependency_links to pallet_interfaces.egg-info/dependency_links.txt
[3.207s] writing top-level names to pallet_interfaces.egg-info/top_level.txt
[3.208s] writing manifest file 'pallet_interfaces.egg-info/SOURCES.txt'
[3.210s] reading manifest file 'pallet_interfaces.egg-info/SOURCES.txt'
[3.211s] writing manifest file 'pallet_interfaces.egg-info/SOURCES.txt'
[3.244s] [  7%] [32mBuilding C object CMakeFiles/pallet_interfaces__rosidl_generator_c.dir/rosidl_generator_c/pallet_interfaces/msg/detail/boxinfo__functions.c.o[0m
[3.250s] [ 10%] [32mBuilding C object CMakeFiles/pallet_interfaces__rosidl_generator_c.dir/rosidl_generator_c/pallet_interfaces/srv/detail/palletstate__functions.c.o[0m
[3.284s] [ 10%] Built target ament_cmake_python_build_pallet_interfaces_egg
[3.406s] [ 12%] [32m[1mLinking C shared library libpallet_interfaces__rosidl_generator_c.so[0m
[3.427s] [ 12%] Built target pallet_interfaces__cpp
[3.457s] [ 15%] [34m[1mGenerating C++ type support for eProsima Fast-RTPS[0m
[3.461s] [ 17%] [34m[1mGenerating C++ type support dispatch for ROS interfaces[0m
[3.465s] [ 20%] [34m[1mGenerating C++ introspection for ROS interfaces[0m
[3.541s] [ 20%] Built target pallet_interfaces__rosidl_generator_c
[3.572s] [ 23%] [34m[1mGenerating C type support for eProsima Fast-RTPS[0m
[3.583s] [ 25%] [34m[1mGenerating C type support dispatch for ROS interfaces[0m
[3.587s] [ 28%] [34m[1mGenerating C introspection for ROS interfaces[0m
[4.021s] [ 30%] [32mBuilding CXX object CMakeFiles/pallet_interfaces__rosidl_typesupport_introspection_cpp.dir/rosidl_typesupport_introspection_cpp/pallet_interfaces/srv/detail/palletstate__type_support.cpp.o[0m
[4.021s] [ 33%] [32mBuilding CXX object CMakeFiles/pallet_interfaces__rosidl_typesupport_introspection_cpp.dir/rosidl_typesupport_introspection_cpp/pallet_interfaces/msg/detail/boxinfo__type_support.cpp.o[0m
[4.072s] [ 35%] [32mBuilding CXX object CMakeFiles/pallet_interfaces__rosidl_typesupport_cpp.dir/rosidl_typesupport_cpp/pallet_interfaces/msg/boxinfo__type_support.cpp.o[0m
[4.072s] [ 38%] [32mBuilding CXX object CMakeFiles/pallet_interfaces__rosidl_typesupport_cpp.dir/rosidl_typesupport_cpp/pallet_interfaces/srv/palletstate__type_support.cpp.o[0m
[4.169s] [ 41%] [32mBuilding CXX object CMakeFiles/pallet_interfaces__rosidl_typesupport_fastrtps_c.dir/rosidl_typesupport_fastrtps_c/pallet_interfaces/msg/detail/boxinfo__type_support_c.cpp.o[0m
[4.174s] [ 43%] [32mBuilding CXX object CMakeFiles/pallet_interfaces__rosidl_typesupport_fastrtps_c.dir/rosidl_typesupport_fastrtps_c/pallet_interfaces/srv/detail/palletstate__type_support_c.cpp.o[0m
[4.221s] [ 46%] [32mBuilding CXX object CMakeFiles/pallet_interfaces__rosidl_typesupport_fastrtps_cpp.dir/rosidl_typesupport_fastrtps_cpp/pallet_interfaces/srv/detail/dds_fastrtps/palletstate__type_support.cpp.o[0m
[4.227s] [ 48%] [32mBuilding CXX object CMakeFiles/pallet_interfaces__rosidl_typesupport_fastrtps_cpp.dir/rosidl_typesupport_fastrtps_cpp/pallet_interfaces/msg/detail/dds_fastrtps/boxinfo__type_support.cpp.o[0m
[4.270s] [ 51%] [32mBuilding CXX object CMakeFiles/pallet_interfaces__rosidl_typesupport_c.dir/rosidl_typesupport_c/pallet_interfaces/msg/boxinfo__type_support.cpp.o[0m
[4.277s] [ 53%] [32mBuilding CXX object CMakeFiles/pallet_interfaces__rosidl_typesupport_c.dir/rosidl_typesupport_c/pallet_interfaces/srv/palletstate__type_support.cpp.o[0m
[4.346s] [ 56%] [32mBuilding C object CMakeFiles/pallet_interfaces__rosidl_typesupport_introspection_c.dir/rosidl_typesupport_introspection_c/pallet_interfaces/msg/detail/boxinfo__type_support.c.o[0m
[4.362s] [ 58%] [32mBuilding C object CMakeFiles/pallet_interfaces__rosidl_typesupport_introspection_c.dir/rosidl_typesupport_introspection_c/pallet_interfaces/srv/detail/palletstate__type_support.c.o[0m
[4.368s] [ 61%] [32m[1mLinking CXX shared library libpallet_interfaces__rosidl_typesupport_c.so[0m
[4.460s] [ 64%] [32m[1mLinking C shared library libpallet_interfaces__rosidl_typesupport_introspection_c.so[0m
[4.487s] [ 64%] Built target pallet_interfaces__rosidl_typesupport_c
[4.556s] [ 64%] Built target pallet_interfaces__rosidl_typesupport_introspection_c
[4.576s] [ 66%] [32m[1mLinking CXX shared library libpallet_interfaces__rosidl_typesupport_introspection_cpp.so[0m
[4.647s] [ 66%] Built target pallet_interfaces__rosidl_typesupport_introspection_cpp
[4.649s] [ 69%] [32m[1mLinking CXX shared library libpallet_interfaces__rosidl_typesupport_cpp.so[0m
[4.707s] [ 69%] Built target pallet_interfaces__rosidl_typesupport_cpp
[4.712s] [ 71%] [32m[1mLinking CXX shared library libpallet_interfaces__rosidl_typesupport_fastrtps_c.so[0m
[4.831s] [ 74%] [32m[1mLinking CXX shared library libpallet_interfaces__rosidl_typesupport_fastrtps_cpp.so[0m
[4.847s] [ 74%] Built target pallet_interfaces__rosidl_typesupport_fastrtps_c
[4.922s] [ 74%] Built target pallet_interfaces__rosidl_typesupport_fastrtps_cpp
[4.944s] [ 74%] Built target pallet_interfaces
[4.966s] [ 76%] [34m[1mGenerating Python code for ROS interfaces[0m
[5.417s] [ 76%] Built target pallet_interfaces__py
[5.445s] [ 82%] [32mBuilding C object CMakeFiles/pallet_interfaces__rosidl_generator_py.dir/rosidl_generator_py/pallet_interfaces/msg/_boxinfo_s.c.o[0m
[5.445s] [ 82%] [32mBuilding C object CMakeFiles/pallet_interfaces__rosidl_generator_py.dir/rosidl_generator_py/pallet_interfaces/srv/_palletstate_s.c.o[0m
[5.585s] [ 84%] [32m[1mLinking C shared library rosidl_generator_py/pallet_interfaces/libpallet_interfaces__rosidl_generator_py.so[0m
[5.631s] [ 84%] Built target pallet_interfaces__rosidl_generator_py
[5.655s] [ 87%] [32mBuilding C object CMakeFiles/pallet_interfaces__rosidl_typesupport_introspection_c__pyext.dir/rosidl_generator_py/pallet_interfaces/_pallet_interfaces_s.ep.rosidl_typesupport_introspection_c.c.o[0m
[5.657s] [ 89%] [32mBuilding C object CMakeFiles/pallet_interfaces__rosidl_typesupport_c__pyext.dir/rosidl_generator_py/pallet_interfaces/_pallet_interfaces_s.ep.rosidl_typesupport_c.c.o[0m
[5.657s] [ 92%] [32mBuilding C object CMakeFiles/pallet_interfaces__rosidl_typesupport_fastrtps_c__pyext.dir/rosidl_generator_py/pallet_interfaces/_pallet_interfaces_s.ep.rosidl_typesupport_fastrtps_c.c.o[0m
[5.777s] [ 94%] [32m[1mLinking C shared library rosidl_generator_py/pallet_interfaces/pallet_interfaces_s__rosidl_typesupport_introspection_c.cpython-310-x86_64-linux-gnu.so[0m
[5.795s] [ 97%] [32m[1mLinking C shared library rosidl_generator_py/pallet_interfaces/pallet_interfaces_s__rosidl_typesupport_c.cpython-310-x86_64-linux-gnu.so[0m
[5.812s] [100%] [32m[1mLinking C shared library rosidl_generator_py/pallet_interfaces/pallet_interfaces_s__rosidl_typesupport_fastrtps_c.cpython-310-x86_64-linux-gnu.so[0m
[5.826s] [100%] Built target pallet_interfaces__rosidl_typesupport_introspection_c__pyext
[5.849s] [100%] Built target pallet_interfaces__rosidl_typesupport_c__pyext
[5.857s] [100%] Built target pallet_interfaces__rosidl_typesupport_fastrtps_c__pyext
[6.208s] Invoked command in '/home/fxck/work/build/pallet_interfaces' returned '0': CMAKE_PREFIX_PATH=/opt/ros/humble /usr/bin/cmake --build /home/fxck/work/build/pallet_interfaces -- -j16 -l16
[6.210s] Invoking command in '/home/fxck/work/build/pallet_interfaces': CMAKE_PREFIX_PATH=/opt/ros/humble /usr/bin/cmake --install /home/fxck/work/build/pallet_interfaces
[6.219s] -- Install configuration: ""
[6.219s] -- Installing: /home/fxck/work/install/pallet_interfaces/share/ament_index/resource_index/rosidl_interfaces/pallet_interfaces
[6.219s] -- Installing: /home/fxck/work/install/pallet_interfaces/include/pallet_interfaces/pallet_interfaces
[6.219s] -- Installing: /home/fxck/work/install/pallet_interfaces/include/pallet_interfaces/pallet_interfaces/msg
[6.219s] -- Installing: /home/fxck/work/install/pallet_interfaces/include/pallet_interfaces/pallet_interfaces/msg/detail
[6.219s] -- Installing: /home/fxck/work/install/pallet_interfaces/include/pallet_interfaces/pallet_interfaces/msg/detail/boxinfo__struct.h
[6.220s] -- Installing: /home/fxck/work/install/pallet_interfaces/include/pallet_interfaces/pallet_interfaces/msg/detail/boxinfo__functions.c
[6.220s] -- Installing: /home/fxck/work/install/pallet_interfaces/include/pallet_interfaces/pallet_interfaces/msg/detail/boxinfo__functions.h
[6.220s] -- Installing: /home/fxck/work/install/pallet_interfaces/include/pallet_interfaces/pallet_interfaces/msg/detail/boxinfo__type_support.h
[6.220s] -- Installing: /home/fxck/work/install/pallet_interfaces/include/pallet_interfaces/pallet_interfaces/msg/boxinfo.h
[6.220s] -- Installing: /home/fxck/work/install/pallet_interfaces/include/pallet_interfaces/pallet_interfaces/msg/rosidl_generator_c__visibility_control.h
[6.220s] -- Installing: /home/fxck/work/install/pallet_interfaces/include/pallet_interfaces/pallet_interfaces/srv
[6.220s] -- Installing: /home/fxck/work/install/pallet_interfaces/include/pallet_interfaces/pallet_interfaces/srv/detail
[6.220s] -- Installing: /home/fxck/work/install/pallet_interfaces/include/pallet_interfaces/pallet_interfaces/srv/detail/palletstate__functions.h
[6.221s] -- Installing: /home/fxck/work/install/pallet_interfaces/include/pallet_interfaces/pallet_interfaces/srv/detail/palletstate__type_support.h
[6.221s] -- Installing: /home/fxck/work/install/pallet_interfaces/include/pallet_interfaces/pallet_interfaces/srv/detail/palletstate__functions.c
[6.221s] -- Installing: /home/fxck/work/install/pallet_interfaces/include/pallet_interfaces/pallet_interfaces/srv/detail/palletstate__struct.h
[6.221s] -- Installing: /home/fxck/work/install/pallet_interfaces/include/pallet_interfaces/pallet_interfaces/srv/palletstate.h
[6.221s] -- Installing: /home/fxck/work/install/pallet_interfaces/share/pallet_interfaces/environment/library_path.sh
[6.221s] -- Installing: /home/fxck/work/install/pallet_interfaces/share/pallet_interfaces/environment/library_path.dsv
[6.222s] -- Installing: /home/fxck/work/install/pallet_interfaces/lib/libpallet_interfaces__rosidl_generator_c.so
[6.222s] -- Set runtime path of "/home/fxck/work/install/pallet_interfaces/lib/libpallet_interfaces__rosidl_generator_c.so" to ""
[6.222s] -- Up-to-date: /home/fxck/work/install/pallet_interfaces/include/pallet_interfaces/pallet_interfaces
[6.222s] -- Up-to-date: /home/fxck/work/install/pallet_interfaces/include/pallet_interfaces/pallet_interfaces/msg
[6.223s] -- Up-to-date: /home/fxck/work/install/pallet_interfaces/include/pallet_interfaces/pallet_interfaces/msg/detail
[6.223s] -- Installing: /home/fxck/work/install/pallet_interfaces/include/pallet_interfaces/pallet_interfaces/msg/detail/boxinfo__rosidl_typesupport_fastrtps_c.h
[6.223s] -- Installing: /home/fxck/work/install/pallet_interfaces/include/pallet_interfaces/pallet_interfaces/msg/rosidl_typesupport_fastrtps_c__visibility_control.h
[6.223s] -- Up-to-date: /home/fxck/work/install/pallet_interfaces/include/pallet_interfaces/pallet_interfaces/srv
[6.223s] -- Up-to-date: /home/fxck/work/install/pallet_interfaces/include/pallet_interfaces/pallet_interfaces/srv/detail
[6.223s] -- Installing: /home/fxck/work/install/pallet_interfaces/include/pallet_interfaces/pallet_interfaces/srv/detail/palletstate__rosidl_typesupport_fastrtps_c.h
[6.223s] -- Installing: /home/fxck/work/install/pallet_interfaces/lib/libpallet_interfaces__rosidl_typesupport_fastrtps_c.so
[6.223s] -- Set runtime path of "/home/fxck/work/install/pallet_interfaces/lib/libpallet_interfaces__rosidl_typesupport_fastrtps_c.so" to ""
[6.224s] -- Up-to-date: /home/fxck/work/install/pallet_interfaces/include/pallet_interfaces/pallet_interfaces
[6.224s] -- Up-to-date: /home/fxck/work/install/pallet_interfaces/include/pallet_interfaces/pallet_interfaces/msg
[6.224s] -- Installing: /home/fxck/work/install/pallet_interfaces/include/pallet_interfaces/pallet_interfaces/msg/rosidl_generator_cpp__visibility_control.hpp
[6.224s] -- Up-to-date: /home/fxck/work/install/pallet_interfaces/include/pallet_interfaces/pallet_interfaces/msg/detail
[6.224s] -- Installing: /home/fxck/work/install/pallet_interfaces/include/pallet_interfaces/pallet_interfaces/msg/detail/boxinfo__builder.hpp
[6.224s] -- Installing: /home/fxck/work/install/pallet_interfaces/include/pallet_interfaces/pallet_interfaces/msg/detail/boxinfo__struct.hpp
[6.224s] -- Installing: /home/fxck/work/install/pallet_interfaces/include/pallet_interfaces/pallet_interfaces/msg/detail/boxinfo__traits.hpp
[6.224s] -- Installing: /home/fxck/work/install/pallet_interfaces/include/pallet_interfaces/pallet_interfaces/msg/detail/boxinfo__type_support.hpp
[6.224s] -- Installing: /home/fxck/work/install/pallet_interfaces/include/pallet_interfaces/pallet_interfaces/msg/boxinfo.hpp
[6.225s] -- Up-to-date: /home/fxck/work/install/pallet_interfaces/include/pallet_interfaces/pallet_interfaces/srv
[6.225s] -- Up-to-date: /home/fxck/work/install/pallet_interfaces/include/pallet_interfaces/pallet_interfaces/srv/detail
[6.225s] -- Installing: /home/fxck/work/install/pallet_interfaces/include/pallet_interfaces/pallet_interfaces/srv/detail/palletstate__builder.hpp
[6.225s] -- Installing: /home/fxck/work/install/pallet_interfaces/include/pallet_interfaces/pallet_interfaces/srv/detail/palletstate__traits.hpp
[6.225s] -- Installing: /home/fxck/work/install/pallet_interfaces/include/pallet_interfaces/pallet_interfaces/srv/detail/palletstate__struct.hpp
[6.225s] -- Installing: /home/fxck/work/install/pallet_interfaces/include/pallet_interfaces/pallet_interfaces/srv/detail/palletstate__type_support.hpp
[6.225s] -- Installing: /home/fxck/work/install/pallet_interfaces/include/pallet_interfaces/pallet_interfaces/srv/palletstate.hpp
[6.225s] -- Up-to-date: /home/fxck/work/install/pallet_interfaces/include/pallet_interfaces/pallet_interfaces
[6.226s] -- Up-to-date: /home/fxck/work/install/pallet_interfaces/include/pallet_interfaces/pallet_interfaces/msg
[6.226s] -- Up-to-date: /home/fxck/work/install/pallet_interfaces/include/pallet_interfaces/pallet_interfaces/msg/detail
[6.226s] -- Installing: /home/fxck/work/install/pallet_interfaces/include/pallet_interfaces/pallet_interfaces/msg/detail/dds_fastrtps
[6.226s] -- Installing: /home/fxck/work/install/pallet_interfaces/include/pallet_interfaces/pallet_interfaces/msg/detail/boxinfo__rosidl_typesupport_fastrtps_cpp.hpp
[6.226s] -- Installing: /home/fxck/work/install/pallet_interfaces/include/pallet_interfaces/pallet_interfaces/msg/rosidl_typesupport_fastrtps_cpp__visibility_control.h
[6.226s] -- Up-to-date: /home/fxck/work/install/pallet_interfaces/include/pallet_interfaces/pallet_interfaces/srv
[6.226s] -- Up-to-date: /home/fxck/work/install/pallet_interfaces/include/pallet_interfaces/pallet_interfaces/srv/detail
[6.226s] -- Installing: /home/fxck/work/install/pallet_interfaces/include/pallet_interfaces/pallet_interfaces/srv/detail/dds_fastrtps
[6.226s] -- Installing: /home/fxck/work/install/pallet_interfaces/include/pallet_interfaces/pallet_interfaces/srv/detail/palletstate__rosidl_typesupport_fastrtps_cpp.hpp
[6.226s] -- Installing: /home/fxck/work/install/pallet_interfaces/lib/libpallet_interfaces__rosidl_typesupport_fastrtps_cpp.so
[6.227s] -- Set runtime path of "/home/fxck/work/install/pallet_interfaces/lib/libpallet_interfaces__rosidl_typesupport_fastrtps_cpp.so" to ""
[6.227s] -- Up-to-date: /home/fxck/work/install/pallet_interfaces/include/pallet_interfaces/pallet_interfaces
[6.227s] -- Up-to-date: /home/fxck/work/install/pallet_interfaces/include/pallet_interfaces/pallet_interfaces/msg
[6.227s] -- Installing: /home/fxck/work/install/pallet_interfaces/include/pallet_interfaces/pallet_interfaces/msg/rosidl_typesupport_introspection_c__visibility_control.h
[6.227s] -- Up-to-date: /home/fxck/work/install/pallet_interfaces/include/pallet_interfaces/pallet_interfaces/msg/detail
[6.227s] -- Installing: /home/fxck/work/install/pallet_interfaces/include/pallet_interfaces/pallet_interfaces/msg/detail/boxinfo__rosidl_typesupport_introspection_c.h
[6.227s] -- Installing: /home/fxck/work/install/pallet_interfaces/include/pallet_interfaces/pallet_interfaces/msg/detail/boxinfo__type_support.c
[6.227s] -- Up-to-date: /home/fxck/work/install/pallet_interfaces/include/pallet_interfaces/pallet_interfaces/srv
[6.228s] -- Up-to-date: /home/fxck/work/install/pallet_interfaces/include/pallet_interfaces/pallet_interfaces/srv/detail
[6.228s] -- Installing: /home/fxck/work/install/pallet_interfaces/include/pallet_interfaces/pallet_interfaces/srv/detail/palletstate__type_support.c
[6.228s] -- Installing: /home/fxck/work/install/pallet_interfaces/include/pallet_interfaces/pallet_interfaces/srv/detail/palletstate__rosidl_typesupport_introspection_c.h
[6.228s] -- Installing: /home/fxck/work/install/pallet_interfaces/lib/libpallet_interfaces__rosidl_typesupport_introspection_c.so
[6.228s] -- Set runtime path of "/home/fxck/work/install/pallet_interfaces/lib/libpallet_interfaces__rosidl_typesupport_introspection_c.so" to ""
[6.228s] -- Installing: /home/fxck/work/install/pallet_interfaces/lib/libpallet_interfaces__rosidl_typesupport_c.so
[6.229s] -- Set runtime path of "/home/fxck/work/install/pallet_interfaces/lib/libpallet_interfaces__rosidl_typesupport_c.so" to ""
[6.229s] -- Up-to-date: /home/fxck/work/install/pallet_interfaces/include/pallet_interfaces/pallet_interfaces
[6.229s] -- Up-to-date: /home/fxck/work/install/pallet_interfaces/include/pallet_interfaces/pallet_interfaces/msg
[6.229s] -- Up-to-date: /home/fxck/work/install/pallet_interfaces/include/pallet_interfaces/pallet_interfaces/msg/detail
[6.229s] -- Installing: /home/fxck/work/install/pallet_interfaces/include/pallet_interfaces/pallet_interfaces/msg/detail/boxinfo__type_support.cpp
[6.229s] -- Installing: /home/fxck/work/install/pallet_interfaces/include/pallet_interfaces/pallet_interfaces/msg/detail/boxinfo__rosidl_typesupport_introspection_cpp.hpp
[6.229s] -- Up-to-date: /home/fxck/work/install/pallet_interfaces/include/pallet_interfaces/pallet_interfaces/srv
[6.229s] -- Up-to-date: /home/fxck/work/install/pallet_interfaces/include/pallet_interfaces/pallet_interfaces/srv/detail
[6.230s] -- Installing: /home/fxck/work/install/pallet_interfaces/include/pallet_interfaces/pallet_interfaces/srv/detail/palletstate__rosidl_typesupport_introspection_cpp.hpp
[6.230s] -- Installing: /home/fxck/work/install/pallet_interfaces/include/pallet_interfaces/pallet_interfaces/srv/detail/palletstate__type_support.cpp
[6.230s] -- Installing: /home/fxck/work/install/pallet_interfaces/lib/libpallet_interfaces__rosidl_typesupport_introspection_cpp.so
[6.230s] -- Set runtime path of "/home/fxck/work/install/pallet_interfaces/lib/libpallet_interfaces__rosidl_typesupport_introspection_cpp.so" to ""
[6.230s] -- Installing: /home/fxck/work/install/pallet_interfaces/lib/libpallet_interfaces__rosidl_typesupport_cpp.so
[6.231s] -- Set runtime path of "/home/fxck/work/install/pallet_interfaces/lib/libpallet_interfaces__rosidl_typesupport_cpp.so" to ""
[6.231s] -- Installing: /home/fxck/work/install/pallet_interfaces/share/pallet_interfaces/environment/pythonpath.sh
[6.231s] -- Installing: /home/fxck/work/install/pallet_interfaces/share/pallet_interfaces/environment/pythonpath.dsv
[6.231s] -- Installing: /home/fxck/work/install/pallet_interfaces/local/lib/python3.10/dist-packages/pallet_interfaces-0.0.0-py3.10.egg-info
[6.231s] -- Installing: /home/fxck/work/install/pallet_interfaces/local/lib/python3.10/dist-packages/pallet_interfaces-0.0.0-py3.10.egg-info/SOURCES.txt
[6.231s] -- Installing: /home/fxck/work/install/pallet_interfaces/local/lib/python3.10/dist-packages/pallet_interfaces-0.0.0-py3.10.egg-info/dependency_links.txt
[6.231s] -- Installing: /home/fxck/work/install/pallet_interfaces/local/lib/python3.10/dist-packages/pallet_interfaces-0.0.0-py3.10.egg-info/PKG-INFO
[6.231s] -- Installing: /home/fxck/work/install/pallet_interfaces/local/lib/python3.10/dist-packages/pallet_interfaces-0.0.0-py3.10.egg-info/top_level.txt
[6.232s] -- Installing: /home/fxck/work/install/pallet_interfaces/local/lib/python3.10/dist-packages/pallet_interfaces
[6.232s] -- Installing: /home/fxck/work/install/pallet_interfaces/local/lib/python3.10/dist-packages/pallet_interfaces/msg
[6.232s] -- Installing: /home/fxck/work/install/pallet_interfaces/local/lib/python3.10/dist-packages/pallet_interfaces/msg/_boxinfo.py
[6.232s] -- Installing: /home/fxck/work/install/pallet_interfaces/local/lib/python3.10/dist-packages/pallet_interfaces/msg/__init__.py
[6.232s] -- Installing: /home/fxck/work/install/pallet_interfaces/local/lib/python3.10/dist-packages/pallet_interfaces/msg/_boxinfo_s.c
[6.232s] -- Installing: /home/fxck/work/install/pallet_interfaces/local/lib/python3.10/dist-packages/pallet_interfaces/_pallet_interfaces_s.ep.rosidl_typesupport_introspection_c.c
[6.232s] -- Installing: /home/fxck/work/install/pallet_interfaces/local/lib/python3.10/dist-packages/pallet_interfaces/srv
[6.233s] -- Installing: /home/fxck/work/install/pallet_interfaces/local/lib/python3.10/dist-packages/pallet_interfaces/srv/_palletstate_s.c
[6.233s] -- Installing: /home/fxck/work/install/pallet_interfaces/local/lib/python3.10/dist-packages/pallet_interfaces/srv/_palletstate.py
[6.233s] -- Installing: /home/fxck/work/install/pallet_interfaces/local/lib/python3.10/dist-packages/pallet_interfaces/srv/__init__.py
[6.233s] -- Installing: /home/fxck/work/install/pallet_interfaces/local/lib/python3.10/dist-packages/pallet_interfaces/pallet_interfaces_s__rosidl_typesupport_fastrtps_c.cpython-310-x86_64-linux-gnu.so
[6.233s] -- Installing: /home/fxck/work/install/pallet_interfaces/local/lib/python3.10/dist-packages/pallet_interfaces/_pallet_interfaces_s.ep.rosidl_typesupport_fastrtps_c.c
[6.233s] -- Installing: /home/fxck/work/install/pallet_interfaces/local/lib/python3.10/dist-packages/pallet_interfaces/libpallet_interfaces__rosidl_generator_py.so
[6.233s] -- Installing: /home/fxck/work/install/pallet_interfaces/local/lib/python3.10/dist-packages/pallet_interfaces/_pallet_interfaces_s.ep.rosidl_typesupport_c.c
[6.234s] -- Installing: /home/fxck/work/install/pallet_interfaces/local/lib/python3.10/dist-packages/pallet_interfaces/pallet_interfaces_s__rosidl_typesupport_introspection_c.cpython-310-x86_64-linux-gnu.so
[6.234s] -- Installing: /home/fxck/work/install/pallet_interfaces/local/lib/python3.10/dist-packages/pallet_interfaces/__init__.py
[6.234s] -- Installing: /home/fxck/work/install/pallet_interfaces/local/lib/python3.10/dist-packages/pallet_interfaces/pallet_interfaces_s__rosidl_typesupport_c.cpython-310-x86_64-linux-gnu.so
[6.264s] Listing '/home/fxck/work/install/pallet_interfaces/local/lib/python3.10/dist-packages/pallet_interfaces'...
[6.264s] Compiling '/home/fxck/work/install/pallet_interfaces/local/lib/python3.10/dist-packages/pallet_interfaces/__init__.py'...
[6.265s] Listing '/home/fxck/work/install/pallet_interfaces/local/lib/python3.10/dist-packages/pallet_interfaces/msg'...
[6.265s] Compiling '/home/fxck/work/install/pallet_interfaces/local/lib/python3.10/dist-packages/pallet_interfaces/msg/__init__.py'...
[6.265s] Compiling '/home/fxck/work/install/pallet_interfaces/local/lib/python3.10/dist-packages/pallet_interfaces/msg/_boxinfo.py'...
[6.265s] Listing '/home/fxck/work/install/pallet_interfaces/local/lib/python3.10/dist-packages/pallet_interfaces/srv'...
[6.265s] Compiling '/home/fxck/work/install/pallet_interfaces/local/lib/python3.10/dist-packages/pallet_interfaces/srv/__init__.py'...
[6.265s] Compiling '/home/fxck/work/install/pallet_interfaces/local/lib/python3.10/dist-packages/pallet_interfaces/srv/_palletstate.py'...
[6.269s] -- Installing: /home/fxck/work/install/pallet_interfaces/local/lib/python3.10/dist-packages/pallet_interfaces/pallet_interfaces_s__rosidl_typesupport_fastrtps_c.cpython-310-x86_64-linux-gnu.so
[6.270s] -- Set runtime path of "/home/fxck/work/install/pallet_interfaces/local/lib/python3.10/dist-packages/pallet_interfaces/pallet_interfaces_s__rosidl_typesupport_fastrtps_c.cpython-310-x86_64-linux-gnu.so" to ""
[6.270s] -- Installing: /home/fxck/work/install/pallet_interfaces/local/lib/python3.10/dist-packages/pallet_interfaces/pallet_interfaces_s__rosidl_typesupport_introspection_c.cpython-310-x86_64-linux-gnu.so
[6.270s] -- Set runtime path of "/home/fxck/work/install/pallet_interfaces/local/lib/python3.10/dist-packages/pallet_interfaces/pallet_interfaces_s__rosidl_typesupport_introspection_c.cpython-310-x86_64-linux-gnu.so" to ""
[6.271s] -- Installing: /home/fxck/work/install/pallet_interfaces/local/lib/python3.10/dist-packages/pallet_interfaces/pallet_interfaces_s__rosidl_typesupport_c.cpython-310-x86_64-linux-gnu.so
[6.271s] -- Set runtime path of "/home/fxck/work/install/pallet_interfaces/local/lib/python3.10/dist-packages/pallet_interfaces/pallet_interfaces_s__rosidl_typesupport_c.cpython-310-x86_64-linux-gnu.so" to ""
[6.271s] -- Installing: /home/fxck/work/install/pallet_interfaces/lib/libpallet_interfaces__rosidl_generator_py.so
[6.272s] -- Set runtime path of "/home/fxck/work/install/pallet_interfaces/lib/libpallet_interfaces__rosidl_generator_py.so" to ""
[6.272s] -- Installing: /home/fxck/work/install/pallet_interfaces/share/pallet_interfaces/msg/Boxinfo.idl
[6.272s] -- Installing: /home/fxck/work/install/pallet_interfaces/share/pallet_interfaces/srv/Palletstate.idl
[6.272s] -- Installing: /home/fxck/work/install/pallet_interfaces/share/pallet_interfaces/msg/Boxinfo.msg
[6.273s] -- Installing: /home/fxck/work/install/pallet_interfaces/share/pallet_interfaces/srv/Palletstate.srv
[6.273s] -- Installing: /home/fxck/work/install/pallet_interfaces/share/pallet_interfaces/srv/Palletstate_Request.msg
[6.273s] -- Installing: /home/fxck/work/install/pallet_interfaces/share/pallet_interfaces/srv/Palletstate_Response.msg
[6.273s] -- Installing: /home/fxck/work/install/pallet_interfaces/share/ament_index/resource_index/package_run_dependencies/pallet_interfaces
[6.274s] -- Installing: /home/fxck/work/install/pallet_interfaces/share/ament_index/resource_index/parent_prefix_path/pallet_interfaces
[6.274s] -- Installing: /home/fxck/work/install/pallet_interfaces/share/pallet_interfaces/environment/ament_prefix_path.sh
[6.274s] -- Installing: /home/fxck/work/install/pallet_interfaces/share/pallet_interfaces/environment/ament_prefix_path.dsv
[6.274s] -- Installing: /home/fxck/work/install/pallet_interfaces/share/pallet_interfaces/environment/path.sh
[6.274s] -- Installing: /home/fxck/work/install/pallet_interfaces/share/pallet_interfaces/environment/path.dsv
[6.275s] -- Installing: /home/fxck/work/install/pallet_interfaces/share/pallet_interfaces/local_setup.bash
[6.275s] -- Installing: /home/fxck/work/install/pallet_interfaces/share/pallet_interfaces/local_setup.sh
[6.275s] -- Installing: /home/fxck/work/install/pallet_interfaces/share/pallet_interfaces/local_setup.zsh
[6.275s] -- Installing: /home/fxck/work/install/pallet_interfaces/share/pallet_interfaces/local_setup.dsv
[6.276s] -- Installing: /home/fxck/work/install/pallet_interfaces/share/pallet_interfaces/package.dsv
[6.276s] -- Installing: /home/fxck/work/install/pallet_interfaces/share/ament_index/resource_index/packages/pallet_interfaces
[6.276s] -- Installing: /home/fxck/work/install/pallet_interfaces/share/pallet_interfaces/cmake/export_pallet_interfaces__rosidl_generator_cExport.cmake
[6.276s] -- Installing: /home/fxck/work/install/pallet_interfaces/share/pallet_interfaces/cmake/export_pallet_interfaces__rosidl_generator_cExport-noconfig.cmake
[6.277s] -- Installing: /home/fxck/work/install/pallet_interfaces/share/pallet_interfaces/cmake/export_pallet_interfaces__rosidl_typesupport_fastrtps_cExport.cmake
[6.277s] -- Installing: /home/fxck/work/install/pallet_interfaces/share/pallet_interfaces/cmake/export_pallet_interfaces__rosidl_typesupport_fastrtps_cExport-noconfig.cmake
[6.277s] -- Installing: /home/fxck/work/install/pallet_interfaces/share/pallet_interfaces/cmake/export_pallet_interfaces__rosidl_generator_cppExport.cmake
[6.277s] -- Installing: /home/fxck/work/install/pallet_interfaces/share/pallet_interfaces/cmake/export_pallet_interfaces__rosidl_typesupport_fastrtps_cppExport.cmake
[6.278s] -- Installing: /home/fxck/work/install/pallet_interfaces/share/pallet_interfaces/cmake/export_pallet_interfaces__rosidl_typesupport_fastrtps_cppExport-noconfig.cmake
[6.278s] -- Installing: /home/fxck/work/install/pallet_interfaces/share/pallet_interfaces/cmake/pallet_interfaces__rosidl_typesupport_introspection_cExport.cmake
[6.278s] -- Installing: /home/fxck/work/install/pallet_interfaces/share/pallet_interfaces/cmake/pallet_interfaces__rosidl_typesupport_introspection_cExport-noconfig.cmake
[6.278s] -- Installing: /home/fxck/work/install/pallet_interfaces/share/pallet_interfaces/cmake/pallet_interfaces__rosidl_typesupport_cExport.cmake
[6.279s] -- Installing: /home/fxck/work/install/pallet_interfaces/share/pallet_interfaces/cmake/pallet_interfaces__rosidl_typesupport_cExport-noconfig.cmake
[6.279s] -- Installing: /home/fxck/work/install/pallet_interfaces/share/pallet_interfaces/cmake/pallet_interfaces__rosidl_typesupport_introspection_cppExport.cmake
[6.279s] -- Installing: /home/fxck/work/install/pallet_interfaces/share/pallet_interfaces/cmake/pallet_interfaces__rosidl_typesupport_introspection_cppExport-noconfig.cmake
[6.279s] -- Installing: /home/fxck/work/install/pallet_interfaces/share/pallet_interfaces/cmake/pallet_interfaces__rosidl_typesupport_cppExport.cmake
[6.280s] -- Installing: /home/fxck/work/install/pallet_interfaces/share/pallet_interfaces/cmake/pallet_interfaces__rosidl_typesupport_cppExport-noconfig.cmake
[6.280s] -- Installing: /home/fxck/work/install/pallet_interfaces/share/pallet_interfaces/cmake/export_pallet_interfaces__rosidl_generator_pyExport.cmake
[6.280s] -- Installing: /home/fxck/work/install/pallet_interfaces/share/pallet_interfaces/cmake/export_pallet_interfaces__rosidl_generator_pyExport-noconfig.cmake
[6.280s] -- Installing: /home/fxck/work/install/pallet_interfaces/share/pallet_interfaces/cmake/rosidl_cmake-extras.cmake
[6.281s] -- Installing: /home/fxck/work/install/pallet_interfaces/share/pallet_interfaces/cmake/ament_cmake_export_dependencies-extras.cmake
[6.281s] -- Installing: /home/fxck/work/install/pallet_interfaces/share/pallet_interfaces/cmake/ament_cmake_export_include_directories-extras.cmake
[6.281s] -- Installing: /home/fxck/work/install/pallet_interfaces/share/pallet_interfaces/cmake/ament_cmake_export_libraries-extras.cmake
[6.281s] -- Installing: /home/fxck/work/install/pallet_interfaces/share/pallet_interfaces/cmake/ament_cmake_export_targets-extras.cmake
[6.282s] -- Installing: /home/fxck/work/install/pallet_interfaces/share/pallet_interfaces/cmake/rosidl_cmake_export_typesupport_targets-extras.cmake
[6.282s] -- Installing: /home/fxck/work/install/pallet_interfaces/share/pallet_interfaces/cmake/rosidl_cmake_export_typesupport_libraries-extras.cmake
[6.282s] -- Installing: /home/fxck/work/install/pallet_interfaces/share/pallet_interfaces/cmake/pallet_interfacesConfig.cmake
[6.282s] -- Installing: /home/fxck/work/install/pallet_interfaces/share/pallet_interfaces/cmake/pallet_interfacesConfig-version.cmake
[6.282s] -- Installing: /home/fxck/work/install/pallet_interfaces/share/pallet_interfaces/package.xml
[6.286s] Invoked command in '/home/fxck/work/build/pallet_interfaces' returned '0': CMAKE_PREFIX_PATH=/opt/ros/humble /usr/bin/cmake --install /home/fxck/work/build/pallet_interfaces
