[0.317s] Invoking command in '/home/eating/work/build/realsense2_camera': CMAKE_PREFIX_PATH=/home/eating/work/install/realsense2_camera_msgs:/home/eating/work/install/timda_gazebo:/home/eating/work/install/timda_description:/home/eating/work/install/timda_bringup:/home/eating/work/install/timda_body_description:/home/eating/work/install/suction_description:/home/eating/work/install/robot_arm_description:/home/eating/work/install/realsense2_description:/home/eating/work/install/realsense2_camera:/home/eating/work/install/pallet_interfaces:/home/eating/work/install/mobile_description:/home/eating/work/install/mecanum:/home/eating/work/install/linear_move:/home/eating/work/install/keyboard_control:/home/eating/work/install/ira_laser_tools:/home/eating/work/install/interface:/home/eating/work/install/gui_interface:/home/eating/work/install/pallet_main:/home/eating/work/install/main_control:/home/eating/work/install/gui:/home/eating/work/install/docking_pkg:/opt/ros/humble LD_LIBRARY_PATH=/home/eating/work/install/realsense2_camera_msgs/lib:/home/eating/work/install/realsense2_camera/lib:/home/eating/work/install/pallet_interfaces/lib:/home/eating/work/install/interface/lib:/home/eating/work/install/gui_interface/lib:/opt/ros/humble/opt/rviz_ogre_vendor/lib:/opt/ros/humble/lib/x86_64-linux-gnu:/opt/ros/humble/lib /usr/bin/cmake --build /home/eating/work/build/realsense2_camera -- -j8 -l8
[0.341s] -- Create Release Build.
[0.341s] -- Found ament_cmake: 1.3.11 (/opt/ros/humble/share/ament_cmake/cmake)
[0.471s] -- Found builtin_interfaces: 1.2.1 (/opt/ros/humble/share/builtin_interfaces/cmake)
[0.493s] -- Found rosidl_generator_c: 3.1.6 (/opt/ros/humble/share/rosidl_generator_c/cmake)
[0.495s] -- Found rosidl_adapter: 3.1.6 (/opt/ros/humble/share/rosidl_adapter/cmake)
[0.501s] -- Found rosidl_generator_cpp: 3.1.6 (/opt/ros/humble/share/rosidl_generator_cpp/cmake)
[0.512s] -- Using all available rosidl_typesupport_c: rosidl_typesupport_fastrtps_c;rosidl_typesupport_introspection_c
[0.526s] -- Using all available rosidl_typesupport_cpp: rosidl_typesupport_fastrtps_cpp;rosidl_typesupport_introspection_cpp
[0.538s] -- Found cv_bridge: 3.2.1 (/opt/ros/humble/share/cv_bridge/cmake)
[0.592s] -- Found image_transport: 3.1.11 (/opt/ros/humble/share/image_transport/cmake)
[0.622s] -- Found rmw_implementation_cmake: 6.1.2 (/opt/ros/humble/share/rmw_implementation_cmake/cmake)
[0.624s] -- Found rmw_cyclonedds_cpp: 1.3.4 (/opt/ros/humble/share/rmw_cyclonedds_cpp/cmake)
[0.642s] -- Using RMW implementation 'rmw_cyclonedds_cpp' as default
[0.700s] -- Found rclcpp_components: 16.0.12 (/opt/ros/humble/share/rclcpp_components/cmake)
[0.716s] -- Found realsense2_camera_msgs: 4.55.1 (/home/eating/work/install/realsense2_camera_msgs/share/realsense2_camera_msgs/cmake)
[0.734s] -- Found nav_msgs: 4.8.0 (/opt/ros/humble/share/nav_msgs/cmake)
[0.752s] -- Found tf2_ros: 0.25.12 (/opt/ros/humble/share/tf2_ros/cmake)
[0.813s] -- Found diagnostic_updater: 4.0.3 (/opt/ros/humble/share/diagnostic_updater/cmake)
[0.835s] -- Build for ROS2 Humble
[0.845s] -- Found ament_cmake_gtest: 1.3.11 (/opt/ros/humble/share/ament_cmake_gtest/cmake)
[0.845s] -- Found gtest sources under '/opt/ros/humble/src/gtest_vendor': C++ tests using 'Google Test' will be built
[0.850s] -- Found ament_cmake_pytest: 1.3.11 (/opt/ros/humble/share/ament_cmake_pytest/cmake)
[9.210s] -- rs_device_info:
[9.210s] -- Device Name                   Serial Number       Firmware Version
[9.210s] Intel RealSense D435I         908212070822        5.13.0.50
[9.211s] 
[9.211s] -- D455 device found
[16.365s] -- Configuring done
[16.396s] -- Generating done
[16.404s] -- Build files have been written to: /home/eating/work/build/realsense2_camera
[16.431s] [35m[1mConsolidate compiler generated dependencies of target gtest_main[0m
[16.431s] [35m[1mConsolidate compiler generated dependencies of target gtest[0m
[16.431s] [35m[1mConsolidate compiler generated dependencies of target realsense2_camera_node[0m
[16.440s] [35m[1mConsolidate compiler generated dependencies of target realsense2_camera[0m
[16.446s] [ 18%] Built target gtest_main
[16.446s] [ 18%] Built target gtest
[16.447s] [ 27%] Built target realsense2_camera_node
[16.455s] [35m[1mConsolidate compiler generated dependencies of target gtest_template[0m
[16.466s] [ 36%] Built target gtest_template
[16.491s] [100%] Built target realsense2_camera
[16.503s] Invoked command in '/home/eating/work/build/realsense2_camera' returned '0': CMAKE_PREFIX_PATH=/home/eating/work/install/realsense2_camera_msgs:/home/eating/work/install/timda_gazebo:/home/eating/work/install/timda_description:/home/eating/work/install/timda_bringup:/home/eating/work/install/timda_body_description:/home/eating/work/install/suction_description:/home/eating/work/install/robot_arm_description:/home/eating/work/install/realsense2_description:/home/eating/work/install/realsense2_camera:/home/eating/work/install/pallet_interfaces:/home/eating/work/install/mobile_description:/home/eating/work/install/mecanum:/home/eating/work/install/linear_move:/home/eating/work/install/keyboard_control:/home/eating/work/install/ira_laser_tools:/home/eating/work/install/interface:/home/eating/work/install/gui_interface:/home/eating/work/install/pallet_main:/home/eating/work/install/main_control:/home/eating/work/install/gui:/home/eating/work/install/docking_pkg:/opt/ros/humble LD_LIBRARY_PATH=/home/eating/work/install/realsense2_camera_msgs/lib:/home/eating/work/install/realsense2_camera/lib:/home/eating/work/install/pallet_interfaces/lib:/home/eating/work/install/interface/lib:/home/eating/work/install/gui_interface/lib:/opt/ros/humble/opt/rviz_ogre_vendor/lib:/opt/ros/humble/lib/x86_64-linux-gnu:/opt/ros/humble/lib /usr/bin/cmake --build /home/eating/work/build/realsense2_camera -- -j8 -l8
[16.505s] Invoking command in '/home/eating/work/build/realsense2_camera': CMAKE_PREFIX_PATH=/home/eating/work/install/realsense2_camera_msgs:/home/eating/work/install/timda_gazebo:/home/eating/work/install/timda_description:/home/eating/work/install/timda_bringup:/home/eating/work/install/timda_body_description:/home/eating/work/install/suction_description:/home/eating/work/install/robot_arm_description:/home/eating/work/install/realsense2_description:/home/eating/work/install/realsense2_camera:/home/eating/work/install/pallet_interfaces:/home/eating/work/install/mobile_description:/home/eating/work/install/mecanum:/home/eating/work/install/linear_move:/home/eating/work/install/keyboard_control:/home/eating/work/install/ira_laser_tools:/home/eating/work/install/interface:/home/eating/work/install/gui_interface:/home/eating/work/install/pallet_main:/home/eating/work/install/main_control:/home/eating/work/install/gui:/home/eating/work/install/docking_pkg:/opt/ros/humble LD_LIBRARY_PATH=/home/eating/work/install/realsense2_camera_msgs/lib:/home/eating/work/install/realsense2_camera/lib:/home/eating/work/install/pallet_interfaces/lib:/home/eating/work/install/interface/lib:/home/eating/work/install/gui_interface/lib:/opt/ros/humble/opt/rviz_ogre_vendor/lib:/opt/ros/humble/lib/x86_64-linux-gnu:/opt/ros/humble/lib /usr/bin/cmake --install /home/eating/work/build/realsense2_camera
[16.512s] -- Install configuration: "Release"
[16.512s] -- Up-to-date: /home/eating/work/install/realsense2_camera/lib/realsense2_camera/realsense2_camera_node
[16.512s] -- Up-to-date: /home/eating/work/install/realsense2_camera/lib/librealsense2_camera.so
[16.513s] -- Up-to-date: /home/eating/work/install/realsense2_camera/include
[16.513s] -- Up-to-date: /home/eating/work/install/realsense2_camera/include/ros_utils.h
[16.513s] -- Up-to-date: /home/eating/work/install/realsense2_camera/include/constants.h
[16.513s] -- Up-to-date: /home/eating/work/install/realsense2_camera/include/base_realsense_node.h
[16.513s] -- Up-to-date: /home/eating/work/install/realsense2_camera/include/gl_window.h
[16.513s] -- Up-to-date: /home/eating/work/install/realsense2_camera/include/named_filter.h
[16.513s] -- Up-to-date: /home/eating/work/install/realsense2_camera/include/ros_param_backend.h
[16.513s] -- Up-to-date: /home/eating/work/install/realsense2_camera/include/realsense_node_factory.h
[16.514s] -- Up-to-date: /home/eating/work/install/realsense2_camera/include/dynamic_params.h
[16.514s] -- Up-to-date: /home/eating/work/install/realsense2_camera/include/profile_manager.h
[16.514s] -- Up-to-date: /home/eating/work/install/realsense2_camera/include/image_publisher.h
[16.514s] -- Up-to-date: /home/eating/work/install/realsense2_camera/include/ros_sensor.h
[16.514s] -- Up-to-date: /home/eating/work/install/realsense2_camera/include/sensor_params.h
[16.514s] -- Up-to-date: /home/eating/work/install/realsense2_camera/share/realsense2_camera/launch
[16.514s] -- Up-to-date: /home/eating/work/install/realsense2_camera/share/realsense2_camera/launch/default.rviz
[16.514s] -- Up-to-date: /home/eating/work/install/realsense2_camera/share/realsense2_camera/launch/rs_intra_process_demo_launch.py
[16.514s] -- Up-to-date: /home/eating/work/install/realsense2_camera/share/realsense2_camera/launch/rs_launch.py
[16.514s] -- Up-to-date: /home/eating/work/install/realsense2_camera/share/realsense2_camera/launch/rs_multi_camera_launch.py
[16.514s] -- Up-to-date: /home/eating/work/install/realsense2_camera/share/realsense2_camera/examples
[16.514s] -- Up-to-date: /home/eating/work/install/realsense2_camera/share/realsense2_camera/examples/align_depth
[16.515s] -- Up-to-date: /home/eating/work/install/realsense2_camera/share/realsense2_camera/examples/align_depth/README.md
[16.515s] -- Up-to-date: /home/eating/work/install/realsense2_camera/share/realsense2_camera/examples/align_depth/rs_align_depth_launch.py
[16.515s] -- Up-to-date: /home/eating/work/install/realsense2_camera/share/realsense2_camera/examples/pointcloud
[16.515s] -- Up-to-date: /home/eating/work/install/realsense2_camera/share/realsense2_camera/examples/pointcloud/README.md
[16.515s] -- Up-to-date: /home/eating/work/install/realsense2_camera/share/realsense2_camera/examples/pointcloud/rviz
[16.515s] -- Up-to-date: /home/eating/work/install/realsense2_camera/share/realsense2_camera/examples/pointcloud/rviz/urdf_pointcloud.rviz
[16.515s] -- Up-to-date: /home/eating/work/install/realsense2_camera/share/realsense2_camera/examples/pointcloud/rviz/pointcloud.rviz
[16.515s] -- Up-to-date: /home/eating/work/install/realsense2_camera/share/realsense2_camera/examples/pointcloud/rs_d455_pointcloud_launch.py
[16.515s] -- Up-to-date: /home/eating/work/install/realsense2_camera/share/realsense2_camera/examples/pointcloud/rs_pointcloud_launch.py
[16.515s] -- Up-to-date: /home/eating/work/install/realsense2_camera/share/realsense2_camera/examples/pointcloud/rs_d405_pointcloud_launch.py
[16.515s] -- Up-to-date: /home/eating/work/install/realsense2_camera/share/realsense2_camera/examples/launch_from_rosbag
[16.515s] -- Up-to-date: /home/eating/work/install/realsense2_camera/share/realsense2_camera/examples/launch_from_rosbag/README.md
[16.515s] -- Up-to-date: /home/eating/work/install/realsense2_camera/share/realsense2_camera/examples/launch_from_rosbag/rs_launch_from_rosbag.py
[16.516s] -- Up-to-date: /home/eating/work/install/realsense2_camera/share/realsense2_camera/examples/dual_camera
[16.516s] -- Up-to-date: /home/eating/work/install/realsense2_camera/share/realsense2_camera/examples/dual_camera/README.md
[16.516s] -- Up-to-date: /home/eating/work/install/realsense2_camera/share/realsense2_camera/examples/dual_camera/rs_dual_camera_launch.py
[16.516s] -- Up-to-date: /home/eating/work/install/realsense2_camera/share/realsense2_camera/examples/dual_camera/rviz
[16.516s] -- Up-to-date: /home/eating/work/install/realsense2_camera/share/realsense2_camera/examples/dual_camera/rviz/dual_camera_pointcloud.rviz
[16.516s] -- Up-to-date: /home/eating/work/install/realsense2_camera/share/realsense2_camera/examples/launch_params_from_file
[16.516s] -- Up-to-date: /home/eating/work/install/realsense2_camera/share/realsense2_camera/examples/launch_params_from_file/README.md
[16.516s] -- Up-to-date: /home/eating/work/install/realsense2_camera/share/realsense2_camera/examples/launch_params_from_file/rs_launch_get_params_from_yaml.py
[16.516s] -- Up-to-date: /home/eating/work/install/realsense2_camera/share/realsense2_camera/examples/launch_params_from_file/config
[16.516s] -- Up-to-date: /home/eating/work/install/realsense2_camera/share/realsense2_camera/examples/launch_params_from_file/config/config.yaml
[16.516s] -- Up-to-date: /home/eating/work/install/realsense2_camera/share/realsense2_camera/environment/library_path.sh
[16.516s] -- Installing: /home/eating/work/install/realsense2_camera/share/realsense2_camera/environment/library_path.dsv
[16.517s] -- Up-to-date: /home/eating/work/install/realsense2_camera/share/ament_index/resource_index/package_run_dependencies/realsense2_camera
[16.517s] -- Up-to-date: /home/eating/work/install/realsense2_camera/share/ament_index/resource_index/parent_prefix_path/realsense2_camera
[16.517s] -- Up-to-date: /home/eating/work/install/realsense2_camera/share/realsense2_camera/environment/ament_prefix_path.sh
[16.517s] -- Installing: /home/eating/work/install/realsense2_camera/share/realsense2_camera/environment/ament_prefix_path.dsv
[16.518s] -- Up-to-date: /home/eating/work/install/realsense2_camera/share/realsense2_camera/environment/path.sh
[16.518s] -- Installing: /home/eating/work/install/realsense2_camera/share/realsense2_camera/environment/path.dsv
[16.518s] -- Up-to-date: /home/eating/work/install/realsense2_camera/share/realsense2_camera/local_setup.bash
[16.518s] -- Up-to-date: /home/eating/work/install/realsense2_camera/share/realsense2_camera/local_setup.sh
[16.519s] -- Up-to-date: /home/eating/work/install/realsense2_camera/share/realsense2_camera/local_setup.zsh
[16.519s] -- Installing: /home/eating/work/install/realsense2_camera/share/realsense2_camera/local_setup.dsv
[16.519s] -- Installing: /home/eating/work/install/realsense2_camera/share/realsense2_camera/package.dsv
[16.519s] -- Up-to-date: /home/eating/work/install/realsense2_camera/share/ament_index/resource_index/packages/realsense2_camera
[16.519s] -- Up-to-date: /home/eating/work/install/realsense2_camera/share/ament_index/resource_index/rclcpp_components/realsense2_camera
[16.519s] -- Up-to-date: /home/eating/work/install/realsense2_camera/share/realsense2_camera/cmake/ament_cmake_export_include_directories-extras.cmake
[16.520s] -- Up-to-date: /home/eating/work/install/realsense2_camera/share/realsense2_camera/cmake/ament_cmake_export_libraries-extras.cmake
[16.520s] -- Up-to-date: /home/eating/work/install/realsense2_camera/share/realsense2_camera/cmake/ament_cmake_export_dependencies-extras.cmake
[16.520s] -- Up-to-date: /home/eating/work/install/realsense2_camera/share/realsense2_camera/cmake/realsense2_cameraConfig.cmake
[16.520s] -- Up-to-date: /home/eating/work/install/realsense2_camera/share/realsense2_camera/cmake/realsense2_cameraConfig-version.cmake
[16.520s] -- Up-to-date: /home/eating/work/install/realsense2_camera/share/realsense2_camera/package.xml
[16.521s] Invoked command in '/home/eating/work/build/realsense2_camera' returned '0': CMAKE_PREFIX_PATH=/home/eating/work/install/realsense2_camera_msgs:/home/eating/work/install/timda_gazebo:/home/eating/work/install/timda_description:/home/eating/work/install/timda_bringup:/home/eating/work/install/timda_body_description:/home/eating/work/install/suction_description:/home/eating/work/install/robot_arm_description:/home/eating/work/install/realsense2_description:/home/eating/work/install/realsense2_camera:/home/eating/work/install/pallet_interfaces:/home/eating/work/install/mobile_description:/home/eating/work/install/mecanum:/home/eating/work/install/linear_move:/home/eating/work/install/keyboard_control:/home/eating/work/install/ira_laser_tools:/home/eating/work/install/interface:/home/eating/work/install/gui_interface:/home/eating/work/install/pallet_main:/home/eating/work/install/main_control:/home/eating/work/install/gui:/home/eating/work/install/docking_pkg:/opt/ros/humble LD_LIBRARY_PATH=/home/eating/work/install/realsense2_camera_msgs/lib:/home/eating/work/install/realsense2_camera/lib:/home/eating/work/install/pallet_interfaces/lib:/home/eating/work/install/interface/lib:/home/eating/work/install/gui_interface/lib:/opt/ros/humble/opt/rviz_ogre_vendor/lib:/opt/ros/humble/lib/x86_64-linux-gnu:/opt/ros/humble/lib /usr/bin/cmake --install /home/eating/work/build/realsense2_camera
