[1.482s] Invoking command in '/home/fxck/work/src/pallet/pallet_main': PYTHONPATH=/home/fxck/work/build/pallet_main/prefix_override:/usr/lib/python3/dist-packages/colcon_core/task/python/colcon_distutils_commands:/home/fxck/work/install/pallet_main/lib/python3.10/site-packages:${PYTHONPATH} /usr/bin/python3 -W ignore:setup.py install is deprecated -W ignore:easy_install command is deprecated setup.py egg_info --egg-base ../../../build/pallet_main build --build-base /home/fxck/work/build/pallet_main/build install --record /home/fxck/work/build/pallet_main/install.log --single-version-externally-managed install_data
[1.832s] running egg_info
[1.832s] creating ../../../build/pallet_main/pallet_main.egg-info
[1.832s] writing ../../../build/pallet_main/pallet_main.egg-info/PKG-INFO
[1.833s] writing dependency_links to ../../../build/pallet_main/pallet_main.egg-info/dependency_links.txt
[1.833s] writing entry points to ../../../build/pallet_main/pallet_main.egg-info/entry_points.txt
[1.833s] writing requirements to ../../../build/pallet_main/pallet_main.egg-info/requires.txt
[1.833s] writing top-level names to ../../../build/pallet_main/pallet_main.egg-info/top_level.txt
[1.833s] writing manifest file '../../../build/pallet_main/pallet_main.egg-info/SOURCES.txt'
[1.833s] reading manifest file '../../../build/pallet_main/pallet_main.egg-info/SOURCES.txt'
[1.833s] writing manifest file '../../../build/pallet_main/pallet_main.egg-info/SOURCES.txt'
[1.833s] running build
[1.833s] running build_py
[1.833s] creating /home/fxck/work/build/pallet_main/build
[1.833s] creating /home/fxck/work/build/pallet_main/build/lib
[1.833s] creating /home/fxck/work/build/pallet_main/build/lib/pallet_main
[1.834s] copying pallet_main/PalletMain.py -> /home/fxck/work/build/pallet_main/build/lib/pallet_main
[1.834s] copying pallet_main/GetBox.py -> /home/fxck/work/build/pallet_main/build/lib/pallet_main
[1.834s] copying pallet_main/Getbox_python.py -> /home/fxck/work/build/pallet_main/build/lib/pallet_main
[1.834s] copying pallet_main/__init__.py -> /home/fxck/work/build/pallet_main/build/lib/pallet_main
[1.834s] copying pallet_main/handcamera.py -> /home/fxck/work/build/pallet_main/build/lib/pallet_main
[1.834s] running install
[1.834s] running install_lib
[1.834s] creating /home/fxck/work/install/pallet_main/lib/python3.10/site-packages/pallet_main
[1.834s] copying /home/fxck/work/build/pallet_main/build/lib/pallet_main/PalletMain.py -> /home/fxck/work/install/pallet_main/lib/python3.10/site-packages/pallet_main
[1.834s] copying /home/fxck/work/build/pallet_main/build/lib/pallet_main/GetBox.py -> /home/fxck/work/install/pallet_main/lib/python3.10/site-packages/pallet_main
[1.834s] copying /home/fxck/work/build/pallet_main/build/lib/pallet_main/Getbox_python.py -> /home/fxck/work/install/pallet_main/lib/python3.10/site-packages/pallet_main
[1.835s] copying /home/fxck/work/build/pallet_main/build/lib/pallet_main/__init__.py -> /home/fxck/work/install/pallet_main/lib/python3.10/site-packages/pallet_main
[1.835s] copying /home/fxck/work/build/pallet_main/build/lib/pallet_main/handcamera.py -> /home/fxck/work/install/pallet_main/lib/python3.10/site-packages/pallet_main
[1.835s] byte-compiling /home/fxck/work/install/pallet_main/lib/python3.10/site-packages/pallet_main/PalletMain.py to PalletMain.cpython-310.pyc
[1.835s] byte-compiling /home/fxck/work/install/pallet_main/lib/python3.10/site-packages/pallet_main/GetBox.py to GetBox.cpython-310.pyc
[1.835s] byte-compiling /home/fxck/work/install/pallet_main/lib/python3.10/site-packages/pallet_main/Getbox_python.py to Getbox_python.cpython-310.pyc
[1.835s] byte-compiling /home/fxck/work/install/pallet_main/lib/python3.10/site-packages/pallet_main/__init__.py to __init__.cpython-310.pyc
[1.835s] byte-compiling /home/fxck/work/install/pallet_main/lib/python3.10/site-packages/pallet_main/handcamera.py to handcamera.cpython-310.pyc
[1.835s] running install_data
[1.835s] creating /home/fxck/work/install/pallet_main/share/ament_index
[1.835s] creating /home/fxck/work/install/pallet_main/share/ament_index/resource_index
[1.836s] creating /home/fxck/work/install/pallet_main/share/ament_index/resource_index/packages
[1.836s] copying resource/pallet_main -> /home/fxck/work/install/pallet_main/share/ament_index/resource_index/packages
[1.836s] copying package.xml -> /home/fxck/work/install/pallet_main/share/pallet_main
[1.836s] running install_egg_info
[1.836s] Copying ../../../build/pallet_main/pallet_main.egg-info to /home/fxck/work/install/pallet_main/lib/python3.10/site-packages/pallet_main-0.0.0-py3.10.egg-info
[1.836s] running install_scripts
[1.836s] Installing GetBox script to /home/fxck/work/install/pallet_main/lib/pallet_main
[1.836s] Installing PalletMain script to /home/fxck/work/install/pallet_main/lib/pallet_main
[1.836s] Installing handcamera script to /home/fxck/work/install/pallet_main/lib/pallet_main
[1.836s] writing list of installed files to '/home/fxck/work/build/pallet_main/install.log'
[1.887s] Invoked command in '/home/fxck/work/src/pallet/pallet_main' returned '0': PYTHONPATH=/home/fxck/work/build/pallet_main/prefix_override:/usr/lib/python3/dist-packages/colcon_core/task/python/colcon_distutils_commands:/home/fxck/work/install/pallet_main/lib/python3.10/site-packages:${PYTHONPATH} /usr/bin/python3 -W ignore:setup.py install is deprecated -W ignore:easy_install command is deprecated setup.py egg_info --egg-base ../../../build/pallet_main build --build-base /home/fxck/work/build/pallet_main/build install --record /home/fxck/work/build/pallet_main/install.log --single-version-externally-managed install_data
