[0.512s] Invoking command in '/home/eating/work/build/robot_arm_description': CMAKE_PREFIX_PATH=${CMAKE_PREFIX_PATH}:/home/eating/work/install/pallet_main:/home/eating/work/install/main_control:/home/eating/work/install/gui:/home/eating/work/install/docking_pkg:/opt/ros/humble /usr/bin/cmake /home/eating/work/src/timda_sim/robot_arm_description -DCMAKE_INSTALL_PREFIX=/home/eating/work/install/robot_arm_description
[2.878s] -- The C compiler identification is GNU 11.4.0
[2.879s] -- The CXX compiler identification is GNU 11.4.0
[2.879s] -- Detecting C compiler ABI info
[2.879s] -- Detecting C compiler ABI info - done
[2.879s] -- Check for working C compiler: /usr/bin/cc - skipped
[2.879s] -- Detecting C compile features
[2.879s] -- Detecting C compile features - done
[2.879s] -- Detecting CXX compiler ABI info
[2.879s] -- Detecting CXX compiler ABI info - done
[2.879s] -- Check for working CXX compiler: /usr/bin/c++ - skipped
[2.879s] -- Detecting CXX compile features
[2.880s] -- Detecting CXX compile features - done
[2.880s] -- Found ament_cmake: 1.3.11 (/opt/ros/humble/share/ament_cmake/cmake)
[2.880s] -- Found Python3: /usr/bin/python3 (found version "3.10.12") found components: Interpreter 
[2.880s] -- Found ament_lint_auto: 0.12.12 (/opt/ros/humble/share/ament_lint_auto/cmake)
[2.880s] -- Added test 'lint_cmake' to check CMake code style
[2.880s] -- Added test 'xmllint' to check XML markup files
[2.880s] -- Configuring done
[2.880s] -- Generating done
[2.880s] -- Build files have been written to: /home/eating/work/build/robot_arm_description
[2.891s] Invoked command in '/home/eating/work/build/robot_arm_description' returned '0': CMAKE_PREFIX_PATH=${CMAKE_PREFIX_PATH}:/home/eating/work/install/pallet_main:/home/eating/work/install/main_control:/home/eating/work/install/gui:/home/eating/work/install/docking_pkg:/opt/ros/humble /usr/bin/cmake /home/eating/work/src/timda_sim/robot_arm_description -DCMAKE_INSTALL_PREFIX=/home/eating/work/install/robot_arm_description
[2.892s] Invoking command in '/home/eating/work/build/robot_arm_description': CMAKE_PREFIX_PATH=${CMAKE_PREFIX_PATH}:/home/eating/work/install/pallet_main:/home/eating/work/install/main_control:/home/eating/work/install/gui:/home/eating/work/install/docking_pkg:/opt/ros/humble /usr/bin/cmake --build /home/eating/work/build/robot_arm_description -- -j8 -l8
[2.950s] Invoked command in '/home/eating/work/build/robot_arm_description' returned '0': CMAKE_PREFIX_PATH=${CMAKE_PREFIX_PATH}:/home/eating/work/install/pallet_main:/home/eating/work/install/main_control:/home/eating/work/install/gui:/home/eating/work/install/docking_pkg:/opt/ros/humble /usr/bin/cmake --build /home/eating/work/build/robot_arm_description -- -j8 -l8
[2.951s] Invoking command in '/home/eating/work/build/robot_arm_description': CMAKE_PREFIX_PATH=${CMAKE_PREFIX_PATH}:/home/eating/work/install/pallet_main:/home/eating/work/install/main_control:/home/eating/work/install/gui:/home/eating/work/install/docking_pkg:/opt/ros/humble /usr/bin/cmake --install /home/eating/work/build/robot_arm_description
[2.982s] -- Install configuration: ""
[2.982s] -- Installing: /home/eating/work/install/robot_arm_description/share/robot_arm_description/meshes
[2.982s] -- Installing: /home/eating/work/install/robot_arm_description/share/robot_arm_description/meshes/Link_4.STL
[2.983s] -- Installing: /home/eating/work/install/robot_arm_description/share/robot_arm_description/meshes/Link_6.STL
[2.983s] -- Installing: /home/eating/work/install/robot_arm_description/share/robot_arm_description/meshes/Link_7.STL
[2.983s] -- Installing: /home/eating/work/install/robot_arm_description/share/robot_arm_description/meshes/Link_2.STL
[2.983s] -- Installing: /home/eating/work/install/robot_arm_description/share/robot_arm_description/meshes/Base.STL
[2.983s] -- Installing: /home/eating/work/install/robot_arm_description/share/robot_arm_description/meshes/Link_1.STL
[2.983s] -- Installing: /home/eating/work/install/robot_arm_description/share/robot_arm_description/meshes/Link_8.STL
[2.983s] -- Installing: /home/eating/work/install/robot_arm_description/share/robot_arm_description/meshes/Link_3.STL
[2.984s] -- Installing: /home/eating/work/install/robot_arm_description/share/robot_arm_description/meshes/Link_5.STL
[2.984s] -- Installing: /home/eating/work/install/robot_arm_description/share/robot_arm_description/urdf
[2.984s] -- Installing: /home/eating/work/install/robot_arm_description/share/robot_arm_description/urdf/single_arm.gazebo.xacro
[2.985s] -- Installing: /home/eating/work/install/robot_arm_description/share/robot_arm_description/urdf/materials.xacro
[2.985s] -- Installing: /home/eating/work/install/robot_arm_description/share/robot_arm_description/urdf/single_arm.xacro
[2.985s] -- Installing: /home/eating/work/install/robot_arm_description/share/robot_arm_description/urdf/single_arm.transmission.xacro
[2.985s] -- Installing: /home/eating/work/install/robot_arm_description/share/ament_index/resource_index/package_run_dependencies/robot_arm_description
[2.985s] -- Installing: /home/eating/work/install/robot_arm_description/share/ament_index/resource_index/parent_prefix_path/robot_arm_description
[2.985s] -- Installing: /home/eating/work/install/robot_arm_description/share/robot_arm_description/environment/ament_prefix_path.sh
[2.985s] -- Installing: /home/eating/work/install/robot_arm_description/share/robot_arm_description/environment/ament_prefix_path.dsv
[2.985s] -- Installing: /home/eating/work/install/robot_arm_description/share/robot_arm_description/environment/path.sh
[2.985s] -- Installing: /home/eating/work/install/robot_arm_description/share/robot_arm_description/environment/path.dsv
[2.985s] -- Installing: /home/eating/work/install/robot_arm_description/share/robot_arm_description/local_setup.bash
[2.985s] -- Installing: /home/eating/work/install/robot_arm_description/share/robot_arm_description/local_setup.sh
[2.985s] -- Installing: /home/eating/work/install/robot_arm_description/share/robot_arm_description/local_setup.zsh
[2.985s] -- Installing: /home/eating/work/install/robot_arm_description/share/robot_arm_description/local_setup.dsv
[2.985s] -- Installing: /home/eating/work/install/robot_arm_description/share/robot_arm_description/package.dsv
[2.989s] -- Installing: /home/eating/work/install/robot_arm_description/share/ament_index/resource_index/packages/robot_arm_description
[2.989s] -- Installing: /home/eating/work/install/robot_arm_description/share/robot_arm_description/cmake/robot_arm_descriptionConfig.cmake
[2.989s] -- Installing: /home/eating/work/install/robot_arm_description/share/robot_arm_description/cmake/robot_arm_descriptionConfig-version.cmake
[2.989s] -- Installing: /home/eating/work/install/robot_arm_description/share/robot_arm_description/package.xml
[3.008s] Invoked command in '/home/eating/work/build/robot_arm_description' returned '0': CMAKE_PREFIX_PATH=${CMAKE_PREFIX_PATH}:/home/eating/work/install/pallet_main:/home/eating/work/install/main_control:/home/eating/work/install/gui:/home/eating/work/install/docking_pkg:/opt/ros/humble /usr/bin/cmake --install /home/eating/work/build/robot_arm_description
