[0.315s] Invoking command in '/home/eating/work/build/ira_laser_tools': CMAKE_PREFIX_PATH=${CMAKE_PREFIX_PATH}:/home/eating/work/install/pallet_main:/home/eating/work/install/main_control:/home/eating/work/install/gui:/home/eating/work/install/docking_pkg:/opt/ros/humble /usr/bin/cmake /home/eating/work/src/ira_laser_tools -DCMAKE_INSTALL_PREFIX=/home/eating/work/install/ira_laser_tools
[0.407s] -- The C compiler identification is GNU 11.4.0
[0.488s] -- The CXX compiler identification is GNU 11.4.0
[0.501s] -- Detecting C compiler ABI info
[0.603s] -- Detecting C compiler ABI info - done
[0.621s] -- Check for working C compiler: /usr/bin/cc - skipped
[0.621s] -- Detecting C compile features
[0.621s] -- Detecting C compile features - done
[0.625s] -- Detecting CXX compiler ABI info
[0.731s] -- Detecting CXX compiler ABI info - done
[0.747s] -- Check for working CXX compiler: /usr/bin/c++ - skipped
[0.747s] -- Detecting CXX compile features
[0.748s] -- Detecting CXX compile features - done
[0.751s] -- Found ament_cmake: 1.3.11 (/opt/ros/humble/share/ament_cmake/cmake)
[1.006s] -- Found Python3: /usr/bin/python3 (found version "3.10.12") found components: Interpreter 
[1.157s] -- Found rclcpp: 16.0.12 (/opt/ros/humble/share/rclcpp/cmake)
[1.215s] -- Found rosidl_generator_c: 3.1.6 (/opt/ros/humble/share/rosidl_generator_c/cmake)
[1.222s] -- Found rosidl_adapter: 3.1.6 (/opt/ros/humble/share/rosidl_adapter/cmake)
[1.235s] -- Found rosidl_generator_cpp: 3.1.6 (/opt/ros/humble/share/rosidl_generator_cpp/cmake)
[1.257s] -- Using all available rosidl_typesupport_c: rosidl_typesupport_fastrtps_c;rosidl_typesupport_introspection_c
[1.286s] -- Using all available rosidl_typesupport_cpp: rosidl_typesupport_fastrtps_cpp;rosidl_typesupport_introspection_cpp
[1.357s] -- Found rmw_implementation_cmake: 6.1.2 (/opt/ros/humble/share/rmw_implementation_cmake/cmake)
[1.362s] -- Found rmw_cyclonedds_cpp: 1.3.4 (/opt/ros/humble/share/rmw_cyclonedds_cpp/cmake)
[1.399s] -- Using RMW implementation 'rmw_cyclonedds_cpp' as default
[1.412s] -- Looking for pthread.h
[1.500s] -- Looking for pthread.h - found
[1.501s] -- Performing Test CMAKE_HAVE_LIBC_PTHREAD
[1.601s] -- Performing Test CMAKE_HAVE_LIBC_PTHREAD - Success
[1.603s] -- Found Threads: TRUE  
[1.685s] -- Found rclcpp_action: 16.0.12 (/opt/ros/humble/share/rclcpp_action/cmake)
[1.741s] -- Found rclcpp_lifecycle: 16.0.12 (/opt/ros/humble/share/rclcpp_lifecycle/cmake)
[1.762s] -- Found geometry_msgs: 4.8.0 (/opt/ros/humble/share/geometry_msgs/cmake)
[1.784s] -- Found sensor_msgs: 4.8.0 (/opt/ros/humble/share/sensor_msgs/cmake)
[1.808s] -- Found laser_geometry: 2.4.0 (/opt/ros/humble/share/laser_geometry/cmake)
[1.848s] -- Found tf2_ros: 0.25.12 (/opt/ros/humble/share/tf2_ros/cmake)
[1.951s] -- Found pcl_ros: 2.4.5 (/opt/ros/humble/share/pcl_ros/cmake)
[2.024s] -- Checking for module 'eigen3'
[2.042s] --   Found eigen3, version 3.4.0
[2.118s] -- Found Eigen: /usr/include/eigen3 (Required is at least version "3.1") 
[2.118s] -- Eigen found (include: /usr/include/eigen3, version: 3.4.0)
[2.174s] -- Checking for module 'flann'
[2.235s] --   Found flann, version 1.9.1
[2.425s] -- Found FLANN: /usr/lib/x86_64-linux-gnu/libflann_cpp.so  
[2.425s] -- FLANN found (include: /usr/include, lib: /usr/lib/x86_64-linux-gnu/libflann_cpp.so)
[6.702s] -- Checking for module 'libusb-1.0'
[6.800s] --   Found libusb-1.0, version 1.0.25
[7.077s] -- Found libusb: /usr/lib/x86_64-linux-gnu/libusb-1.0.so  
[7.078s] -- OpenNI found (version: 1.5.4.0, include: /usr/include/ni, lib: /usr/lib/libOpenNI.so;libusb::libusb)
[7.500s] -- OpenNI2 found (version: 2.2.0.33, include: /usr/include/openni2, lib: /usr/lib/x86_64-linux-gnu/libOpenNI2.so;libusb::libusb)
[7.944s] -- Eigen found (include: /usr/include/eigen3, version: 3.4.0)
[7.970s] -- OpenNI found (version: 1.5.4.0, include: /usr/include/ni, lib: /usr/lib/libOpenNI.so;libusb::libusb)
[7.997s] -- OpenNI2 found (version: 2.2.0.33, include: /usr/include/openni2, lib: /usr/lib/x86_64-linux-gnu/libOpenNI2.so;libusb::libusb)
[8.545s] -- Found Qhull version 8.0.2
[9.145s] -- OpenNI found (version: 1.5.4.0, include: /usr/include/ni, lib: /usr/lib/libOpenNI.so;libusb::libusb)
[9.753s] -- Found PCL_COMMON: /usr/lib/x86_64-linux-gnu/libpcl_common.so  
[9.755s] -- Found PCL_KDTREE: /usr/lib/x86_64-linux-gnu/libpcl_kdtree.so  
[9.765s] -- Found PCL_OCTREE: /usr/lib/x86_64-linux-gnu/libpcl_octree.so  
[9.767s] -- Found PCL_SEARCH: /usr/lib/x86_64-linux-gnu/libpcl_search.so  
[9.769s] -- Found PCL_SAMPLE_CONSENSUS: /usr/lib/x86_64-linux-gnu/libpcl_sample_consensus.so  
[9.771s] -- Found PCL_FILTERS: /usr/lib/x86_64-linux-gnu/libpcl_filters.so  
[9.773s] -- Found PCL_2D: /usr/include/pcl-1.12  
[9.781s] -- Found PCL_GEOMETRY: /usr/include/pcl-1.12  
[9.789s] -- Found PCL_IO: /usr/lib/x86_64-linux-gnu/libpcl_io.so  
[9.791s] -- Found PCL_FEATURES: /usr/lib/x86_64-linux-gnu/libpcl_features.so  
[9.801s] -- Found PCL_ML: /usr/lib/x86_64-linux-gnu/libpcl_ml.so  
[9.803s] -- Found PCL_SEGMENTATION: /usr/lib/x86_64-linux-gnu/libpcl_segmentation.so  
[9.806s] -- Found PCL_VISUALIZATION: /usr/lib/x86_64-linux-gnu/libpcl_visualization.so  
[9.808s] -- Found PCL_SURFACE: /usr/lib/x86_64-linux-gnu/libpcl_surface.so  
[9.812s] -- Found PCL_REGISTRATION: /usr/lib/x86_64-linux-gnu/libpcl_registration.so  
[9.815s] -- Found PCL_KEYPOINTS: /usr/lib/x86_64-linux-gnu/libpcl_keypoints.so  
[9.817s] -- Found PCL_TRACKING: /usr/lib/x86_64-linux-gnu/libpcl_tracking.so  
[9.819s] -- Found PCL_RECOGNITION: /usr/lib/x86_64-linux-gnu/libpcl_recognition.so  
[9.822s] -- Found PCL_STEREO: /usr/lib/x86_64-linux-gnu/libpcl_stereo.so  
[9.825s] -- Found PCL_APPS: /usr/lib/x86_64-linux-gnu/libpcl_apps.so  
[9.827s] -- Found PCL_IN_HAND_SCANNER: /usr/include/pcl-1.12  
[9.828s] -- Found PCL_MODELER: /usr/include/pcl-1.12  
[9.836s] -- Found PCL_POINT_CLOUD_EDITOR: /usr/include/pcl-1.12  
[9.839s] -- Found PCL_OUTOFCORE: /usr/lib/x86_64-linux-gnu/libpcl_outofcore.so  
[9.845s] -- Found PCL_PEOPLE: /usr/lib/x86_64-linux-gnu/libpcl_people.so  
[9.917s] -- Found Eigen3: TRUE (found version "3.4.0") 
[9.917s] -- Ensuring Eigen3 include directory is part of orocos-kdl CMake target
[9.931s] [33mCMake Warning (dev) at CMakeLists.txt:27 (find_package):
[9.931s]   Policy CMP0074 is not set: find_package uses <PackageName>_ROOT variables.
[9.932s]   Run "cmake --help-policy CMP0074" for policy details.  Use the cmake_policy
[9.932s]   command to set the policy and suppress this warning.
[9.932s] 
[9.932s]   CMake variable PCL_ROOT is set to:
[9.932s] 
[9.932s]     /usr
[9.932s] 
[9.932s]   For compatibility, CMake is ignoring the variable.
[9.932s] This warning is for project developers.  Use -Wno-dev to suppress it.
[9.933s] [0m
[10.229s] -- Configuring done
[10.404s] -- Generating done
[10.464s] -- Build files have been written to: /home/eating/work/build/ira_laser_tools
[10.644s] Invoked command in '/home/eating/work/build/ira_laser_tools' returned '0': CMAKE_PREFIX_PATH=${CMAKE_PREFIX_PATH}:/home/eating/work/install/pallet_main:/home/eating/work/install/main_control:/home/eating/work/install/gui:/home/eating/work/install/docking_pkg:/opt/ros/humble /usr/bin/cmake /home/eating/work/src/ira_laser_tools -DCMAKE_INSTALL_PREFIX=/home/eating/work/install/ira_laser_tools
[10.644s] Invoking command in '/home/eating/work/build/ira_laser_tools': CMAKE_PREFIX_PATH=${CMAKE_PREFIX_PATH}:/home/eating/work/install/pallet_main:/home/eating/work/install/main_control:/home/eating/work/install/gui:/home/eating/work/install/docking_pkg:/opt/ros/humble /usr/bin/cmake --build /home/eating/work/build/ira_laser_tools -- -j8 -l8
[12.330s] [ 25%] [32mBuilding CXX object CMakeFiles/laserscan_multi_merger.dir/src/laserscan_multi_merger.cpp.o[0m
[12.330s] [ 50%] [32mBuilding CXX object CMakeFiles/laserscan_virtualizer.dir/src/laserscan_virtualizer.cpp.o[0m
[32.434s] [ 75%] [32m[1mLinking CXX executable laserscan_multi_merger[0m
[33.911s] [100%] [32m[1mLinking CXX executable laserscan_virtualizer[0m
[34.908s] [100%] Built target laserscan_multi_merger
[36.415s] [100%] Built target laserscan_virtualizer
[36.439s] Invoked command in '/home/eating/work/build/ira_laser_tools' returned '0': CMAKE_PREFIX_PATH=${CMAKE_PREFIX_PATH}:/home/eating/work/install/pallet_main:/home/eating/work/install/main_control:/home/eating/work/install/gui:/home/eating/work/install/docking_pkg:/opt/ros/humble /usr/bin/cmake --build /home/eating/work/build/ira_laser_tools -- -j8 -l8
[36.453s] Invoking command in '/home/eating/work/build/ira_laser_tools': CMAKE_PREFIX_PATH=${CMAKE_PREFIX_PATH}:/home/eating/work/install/pallet_main:/home/eating/work/install/main_control:/home/eating/work/install/gui:/home/eating/work/install/docking_pkg:/opt/ros/humble /usr/bin/cmake --install /home/eating/work/build/ira_laser_tools
[36.469s] -- Install configuration: ""
[36.470s] -- Installing: /home/eating/work/install/ira_laser_tools/lib/ira_laser_tools/laserscan_multi_merger
[36.486s] -- Set runtime path of "/home/eating/work/install/ira_laser_tools/lib/ira_laser_tools/laserscan_multi_merger" to ""
[36.486s] -- Installing: /home/eating/work/install/ira_laser_tools/lib/ira_laser_tools/laserscan_virtualizer
[36.495s] -- Set runtime path of "/home/eating/work/install/ira_laser_tools/lib/ira_laser_tools/laserscan_virtualizer" to ""
[36.495s] -- Installing: /home/eating/work/install/ira_laser_tools/share/ira_laser_tools/launch
[36.495s] -- Installing: /home/eating/work/install/ira_laser_tools/share/ira_laser_tools/launch/laserscan_multi_merger.launch
[36.495s] -- Installing: /home/eating/work/install/ira_laser_tools/share/ira_laser_tools/launch/laserscan_virtualizer.launch
[36.496s] -- Installing: /home/eating/work/install/ira_laser_tools/share/ament_index/resource_index/package_run_dependencies/ira_laser_tools
[36.496s] -- Installing: /home/eating/work/install/ira_laser_tools/share/ament_index/resource_index/parent_prefix_path/ira_laser_tools
[36.496s] -- Installing: /home/eating/work/install/ira_laser_tools/share/ira_laser_tools/environment/ament_prefix_path.sh
[36.496s] -- Installing: /home/eating/work/install/ira_laser_tools/share/ira_laser_tools/environment/ament_prefix_path.dsv
[36.501s] -- Installing: /home/eating/work/install/ira_laser_tools/share/ira_laser_tools/environment/path.sh
[36.501s] -- Installing: /home/eating/work/install/ira_laser_tools/share/ira_laser_tools/environment/path.dsv
[36.501s] -- Installing: /home/eating/work/install/ira_laser_tools/share/ira_laser_tools/local_setup.bash
[36.502s] -- Installing: /home/eating/work/install/ira_laser_tools/share/ira_laser_tools/local_setup.sh
[36.502s] -- Installing: /home/eating/work/install/ira_laser_tools/share/ira_laser_tools/local_setup.zsh
[36.502s] -- Installing: /home/eating/work/install/ira_laser_tools/share/ira_laser_tools/local_setup.dsv
[36.502s] -- Installing: /home/eating/work/install/ira_laser_tools/share/ira_laser_tools/package.dsv
[36.502s] -- Installing: /home/eating/work/install/ira_laser_tools/share/ament_index/resource_index/packages/ira_laser_tools
[36.503s] -- Installing: /home/eating/work/install/ira_laser_tools/share/ira_laser_tools/cmake/ament_cmake_export_dependencies-extras.cmake
[36.503s] -- Installing: /home/eating/work/install/ira_laser_tools/share/ira_laser_tools/cmake/ira_laser_toolsConfig.cmake
[36.503s] -- Installing: /home/eating/work/install/ira_laser_tools/share/ira_laser_tools/cmake/ira_laser_toolsConfig-version.cmake
[36.503s] -- Installing: /home/eating/work/install/ira_laser_tools/share/ira_laser_tools/package.xml
[36.506s] Invoked command in '/home/eating/work/build/ira_laser_tools' returned '0': CMAKE_PREFIX_PATH=${CMAKE_PREFIX_PATH}:/home/eating/work/install/pallet_main:/home/eating/work/install/main_control:/home/eating/work/install/gui:/home/eating/work/install/docking_pkg:/opt/ros/humble /usr/bin/cmake --install /home/eating/work/build/ira_laser_tools
