[0.100s] Invoking command in '/home/eating/work/build/gui_interface': CMAKE_PREFIX_PATH=${CMAKE_PREFIX_PATH}:/home/eating/work/install/pallet_main:/home/eating/work/install/main_control:/home/eating/work/install/gui:/home/eating/work/install/docking_pkg:/opt/ros/humble /usr/bin/cmake --build /home/eating/work/build/gui_interface -- -j8 -l8
[0.900s] [  3%] Built target gui_interface__cpp
[0.900s] [  3%] Built target ament_cmake_python_copy_gui_interface
[0.900s] [ 12%] Built target gui_interface__rosidl_typesupport_introspection_cpp
[0.952s] running egg_info
[0.953s] writing gui_interface.egg-info/PKG-INFO
[0.953s] writing dependency_links to gui_interface.egg-info/dependency_links.txt
[0.953s] writing top-level names to gui_interface.egg-info/top_level.txt
[0.957s] reading manifest file 'gui_interface.egg-info/SOURCES.txt'
[0.958s] writing manifest file 'gui_interface.egg-info/SOURCES.txt'
[1.108s] [ 12%] Built target ament_cmake_python_build_gui_interface_egg
[1.286s] [ 22%] Built target gui_interface__rosidl_typesupport_fastrtps_cpp
[1.350s] [ 32%] Built target gui_interface__rosidl_typesupport_cpp
[1.424s] [ 41%] Built target gui_interface__rosidl_generator_c
[1.522s] [ 51%] Built target gui_interface__rosidl_typesupport_fastrtps_c
[1.595s] [ 61%] Built target gui_interface__rosidl_typesupport_c
[1.697s] [ 70%] Built target gui_interface__rosidl_typesupport_introspection_c
[1.795s] [ 70%] Built target gui_interface
[1.885s] [ 74%] Built target gui_interface__py
[1.952s] [ 80%] Built target gui_interface__rosidl_generator_py
[1.995s] [ 87%] Built target gui_interface__rosidl_typesupport_fastrtps_c__pyext
[2.034s] [ 93%] Built target gui_interface__rosidl_typesupport_c__pyext
[2.109s] [100%] Built target gui_interface__rosidl_typesupport_introspection_c__pyext
[2.712s] Invoked command in '/home/eating/work/build/gui_interface' returned '0': CMAKE_PREFIX_PATH=${CMAKE_PREFIX_PATH}:/home/eating/work/install/pallet_main:/home/eating/work/install/main_control:/home/eating/work/install/gui:/home/eating/work/install/docking_pkg:/opt/ros/humble /usr/bin/cmake --build /home/eating/work/build/gui_interface -- -j8 -l8
[2.713s] Invoking command in '/home/eating/work/build/gui_interface': CMAKE_PREFIX_PATH=${CMAKE_PREFIX_PATH}:/home/eating/work/install/pallet_main:/home/eating/work/install/main_control:/home/eating/work/install/gui:/home/eating/work/install/docking_pkg:/opt/ros/humble /usr/bin/cmake --install /home/eating/work/build/gui_interface
[2.814s] -- Install configuration: ""
[2.815s] -- Up-to-date: /home/eating/work/install/gui_interface/share/ament_index/resource_index/rosidl_interfaces/gui_interface
[2.815s] -- Up-to-date: /home/eating/work/install/gui_interface/include/gui_interface/gui_interface
[2.815s] -- Up-to-date: /home/eating/work/install/gui_interface/include/gui_interface/gui_interface/msg
[2.815s] -- Up-to-date: /home/eating/work/install/gui_interface/include/gui_interface/gui_interface/msg/rosidl_generator_c__visibility_control.h
[2.815s] -- Up-to-date: /home/eating/work/install/gui_interface/include/gui_interface/gui_interface/srv
[2.815s] -- Up-to-date: /home/eating/work/install/gui_interface/include/gui_interface/gui_interface/srv/detail
[2.815s] -- Up-to-date: /home/eating/work/install/gui_interface/include/gui_interface/gui_interface/srv/detail/taskcmd__struct.h
[2.815s] -- Up-to-date: /home/eating/work/install/gui_interface/include/gui_interface/gui_interface/srv/detail/taskcmd__type_support.h
[2.816s] -- Up-to-date: /home/eating/work/install/gui_interface/include/gui_interface/gui_interface/srv/detail/taskcmd__functions.h
[2.816s] -- Up-to-date: /home/eating/work/install/gui_interface/include/gui_interface/gui_interface/srv/detail/taskcmd__functions.c
[2.816s] -- Up-to-date: /home/eating/work/install/gui_interface/include/gui_interface/gui_interface/srv/taskcmd.h
[2.816s] -- Up-to-date: /home/eating/work/install/gui_interface/share/gui_interface/environment/library_path.sh
[2.816s] -- Up-to-date: /home/eating/work/install/gui_interface/share/gui_interface/environment/library_path.dsv
[2.816s] -- Up-to-date: /home/eating/work/install/gui_interface/lib/libgui_interface__rosidl_generator_c.so
[2.816s] -- Up-to-date: /home/eating/work/install/gui_interface/include/gui_interface/gui_interface
[2.816s] -- Up-to-date: /home/eating/work/install/gui_interface/include/gui_interface/gui_interface/msg
[2.817s] -- Up-to-date: /home/eating/work/install/gui_interface/include/gui_interface/gui_interface/msg/rosidl_typesupport_fastrtps_c__visibility_control.h
[2.817s] -- Up-to-date: /home/eating/work/install/gui_interface/include/gui_interface/gui_interface/srv
[2.817s] -- Up-to-date: /home/eating/work/install/gui_interface/include/gui_interface/gui_interface/srv/detail
[2.817s] -- Up-to-date: /home/eating/work/install/gui_interface/include/gui_interface/gui_interface/srv/detail/taskcmd__rosidl_typesupport_fastrtps_c.h
[2.817s] -- Up-to-date: /home/eating/work/install/gui_interface/lib/libgui_interface__rosidl_typesupport_fastrtps_c.so
[2.817s] -- Up-to-date: /home/eating/work/install/gui_interface/include/gui_interface/gui_interface
[2.817s] -- Up-to-date: /home/eating/work/install/gui_interface/include/gui_interface/gui_interface/msg
[2.817s] -- Up-to-date: /home/eating/work/install/gui_interface/include/gui_interface/gui_interface/msg/rosidl_generator_cpp__visibility_control.hpp
[2.818s] -- Up-to-date: /home/eating/work/install/gui_interface/include/gui_interface/gui_interface/srv
[2.818s] -- Up-to-date: /home/eating/work/install/gui_interface/include/gui_interface/gui_interface/srv/taskcmd.hpp
[2.818s] -- Up-to-date: /home/eating/work/install/gui_interface/include/gui_interface/gui_interface/srv/detail
[2.818s] -- Up-to-date: /home/eating/work/install/gui_interface/include/gui_interface/gui_interface/srv/detail/taskcmd__struct.hpp
[2.818s] -- Up-to-date: /home/eating/work/install/gui_interface/include/gui_interface/gui_interface/srv/detail/taskcmd__builder.hpp
[2.818s] -- Up-to-date: /home/eating/work/install/gui_interface/include/gui_interface/gui_interface/srv/detail/taskcmd__type_support.hpp
[2.818s] -- Up-to-date: /home/eating/work/install/gui_interface/include/gui_interface/gui_interface/srv/detail/taskcmd__traits.hpp
[2.819s] -- Up-to-date: /home/eating/work/install/gui_interface/include/gui_interface/gui_interface
[2.819s] -- Up-to-date: /home/eating/work/install/gui_interface/include/gui_interface/gui_interface/msg
[2.819s] -- Up-to-date: /home/eating/work/install/gui_interface/include/gui_interface/gui_interface/msg/rosidl_typesupport_fastrtps_cpp__visibility_control.h
[2.819s] -- Up-to-date: /home/eating/work/install/gui_interface/include/gui_interface/gui_interface/srv
[2.819s] -- Up-to-date: /home/eating/work/install/gui_interface/include/gui_interface/gui_interface/srv/detail
[2.832s] -- Up-to-date: /home/eating/work/install/gui_interface/include/gui_interface/gui_interface/srv/detail/dds_fastrtps
[2.832s] -- Up-to-date: /home/eating/work/install/gui_interface/include/gui_interface/gui_interface/srv/detail/taskcmd__rosidl_typesupport_fastrtps_cpp.hpp
[2.832s] -- Up-to-date: /home/eating/work/install/gui_interface/lib/libgui_interface__rosidl_typesupport_fastrtps_cpp.so
[2.832s] -- Up-to-date: /home/eating/work/install/gui_interface/include/gui_interface/gui_interface
[2.832s] -- Up-to-date: /home/eating/work/install/gui_interface/include/gui_interface/gui_interface/msg
[2.832s] -- Up-to-date: /home/eating/work/install/gui_interface/include/gui_interface/gui_interface/msg/rosidl_typesupport_introspection_c__visibility_control.h
[2.833s] -- Up-to-date: /home/eating/work/install/gui_interface/include/gui_interface/gui_interface/srv
[2.833s] -- Up-to-date: /home/eating/work/install/gui_interface/include/gui_interface/gui_interface/srv/detail
[2.833s] -- Up-to-date: /home/eating/work/install/gui_interface/include/gui_interface/gui_interface/srv/detail/taskcmd__type_support.c
[2.833s] -- Up-to-date: /home/eating/work/install/gui_interface/include/gui_interface/gui_interface/srv/detail/taskcmd__rosidl_typesupport_introspection_c.h
[2.833s] -- Up-to-date: /home/eating/work/install/gui_interface/lib/libgui_interface__rosidl_typesupport_introspection_c.so
[2.833s] -- Up-to-date: /home/eating/work/install/gui_interface/lib/libgui_interface__rosidl_typesupport_c.so
[2.833s] -- Up-to-date: /home/eating/work/install/gui_interface/include/gui_interface/gui_interface
[2.833s] -- Up-to-date: /home/eating/work/install/gui_interface/include/gui_interface/gui_interface/srv
[2.833s] -- Up-to-date: /home/eating/work/install/gui_interface/include/gui_interface/gui_interface/srv/detail
[2.833s] -- Up-to-date: /home/eating/work/install/gui_interface/include/gui_interface/gui_interface/srv/detail/taskcmd__rosidl_typesupport_introspection_cpp.hpp
[2.834s] -- Up-to-date: /home/eating/work/install/gui_interface/include/gui_interface/gui_interface/srv/detail/taskcmd__type_support.cpp
[2.834s] -- Up-to-date: /home/eating/work/install/gui_interface/lib/libgui_interface__rosidl_typesupport_introspection_cpp.so
[2.834s] -- Up-to-date: /home/eating/work/install/gui_interface/lib/libgui_interface__rosidl_typesupport_cpp.so
[2.834s] -- Up-to-date: /home/eating/work/install/gui_interface/share/gui_interface/environment/pythonpath.sh
[2.834s] -- Up-to-date: /home/eating/work/install/gui_interface/share/gui_interface/environment/pythonpath.dsv
[2.834s] -- Up-to-date: /home/eating/work/install/gui_interface/local/lib/python3.10/dist-packages/gui_interface-0.0.0-py3.10.egg-info
[2.834s] -- Installing: /home/eating/work/install/gui_interface/local/lib/python3.10/dist-packages/gui_interface-0.0.0-py3.10.egg-info/top_level.txt
[2.840s] -- Installing: /home/eating/work/install/gui_interface/local/lib/python3.10/dist-packages/gui_interface-0.0.0-py3.10.egg-info/SOURCES.txt
[2.840s] -- Installing: /home/eating/work/install/gui_interface/local/lib/python3.10/dist-packages/gui_interface-0.0.0-py3.10.egg-info/dependency_links.txt
[2.840s] -- Installing: /home/eating/work/install/gui_interface/local/lib/python3.10/dist-packages/gui_interface-0.0.0-py3.10.egg-info/PKG-INFO
[2.841s] -- Up-to-date: /home/eating/work/install/gui_interface/local/lib/python3.10/dist-packages/gui_interface
[2.841s] -- Up-to-date: /home/eating/work/install/gui_interface/local/lib/python3.10/dist-packages/gui_interface/__init__.py
[2.841s] -- Up-to-date: /home/eating/work/install/gui_interface/local/lib/python3.10/dist-packages/gui_interface/gui_interface_s__rosidl_typesupport_c.cpython-310-x86_64-linux-gnu.so
[2.841s] -- Up-to-date: /home/eating/work/install/gui_interface/local/lib/python3.10/dist-packages/gui_interface/_gui_interface_s.ep.rosidl_typesupport_fastrtps_c.c
[2.841s] -- Up-to-date: /home/eating/work/install/gui_interface/local/lib/python3.10/dist-packages/gui_interface/_gui_interface_s.ep.rosidl_typesupport_c.c
[2.841s] -- Up-to-date: /home/eating/work/install/gui_interface/local/lib/python3.10/dist-packages/gui_interface/gui_interface_s__rosidl_typesupport_introspection_c.cpython-310-x86_64-linux-gnu.so
[2.841s] -- Up-to-date: /home/eating/work/install/gui_interface/local/lib/python3.10/dist-packages/gui_interface/srv
[2.841s] -- Up-to-date: /home/eating/work/install/gui_interface/local/lib/python3.10/dist-packages/gui_interface/srv/__init__.py
[2.841s] -- Up-to-date: /home/eating/work/install/gui_interface/local/lib/python3.10/dist-packages/gui_interface/srv/_taskcmd.py
[2.842s] -- Up-to-date: /home/eating/work/install/gui_interface/local/lib/python3.10/dist-packages/gui_interface/srv/_taskcmd_s.c
[2.842s] -- Up-to-date: /home/eating/work/install/gui_interface/local/lib/python3.10/dist-packages/gui_interface/libgui_interface__rosidl_generator_py.so
[2.842s] -- Up-to-date: /home/eating/work/install/gui_interface/local/lib/python3.10/dist-packages/gui_interface/gui_interface_s__rosidl_typesupport_fastrtps_c.cpython-310-x86_64-linux-gnu.so
[2.842s] -- Up-to-date: /home/eating/work/install/gui_interface/local/lib/python3.10/dist-packages/gui_interface/_gui_interface_s.ep.rosidl_typesupport_introspection_c.c
[2.961s] Listing '/home/eating/work/install/gui_interface/local/lib/python3.10/dist-packages/gui_interface'...
[2.961s] Listing '/home/eating/work/install/gui_interface/local/lib/python3.10/dist-packages/gui_interface/srv'...
[2.966s] -- Up-to-date: /home/eating/work/install/gui_interface/local/lib/python3.10/dist-packages/gui_interface/gui_interface_s__rosidl_typesupport_fastrtps_c.cpython-310-x86_64-linux-gnu.so
[2.967s] -- Up-to-date: /home/eating/work/install/gui_interface/local/lib/python3.10/dist-packages/gui_interface/gui_interface_s__rosidl_typesupport_introspection_c.cpython-310-x86_64-linux-gnu.so
[2.967s] -- Up-to-date: /home/eating/work/install/gui_interface/local/lib/python3.10/dist-packages/gui_interface/gui_interface_s__rosidl_typesupport_c.cpython-310-x86_64-linux-gnu.so
[2.967s] -- Up-to-date: /home/eating/work/install/gui_interface/lib/libgui_interface__rosidl_generator_py.so
[2.967s] -- Up-to-date: /home/eating/work/install/gui_interface/share/gui_interface/srv/Taskcmd.idl
[2.967s] -- Up-to-date: /home/eating/work/install/gui_interface/share/gui_interface/srv/Taskcmd.srv
[2.967s] -- Up-to-date: /home/eating/work/install/gui_interface/share/gui_interface/srv/Taskcmd_Request.msg
[2.967s] -- Up-to-date: /home/eating/work/install/gui_interface/share/gui_interface/srv/Taskcmd_Response.msg
[2.967s] -- Up-to-date: /home/eating/work/install/gui_interface/share/ament_index/resource_index/package_run_dependencies/gui_interface
[2.968s] -- Up-to-date: /home/eating/work/install/gui_interface/share/ament_index/resource_index/parent_prefix_path/gui_interface
[2.968s] -- Up-to-date: /home/eating/work/install/gui_interface/share/gui_interface/environment/ament_prefix_path.sh
[2.968s] -- Up-to-date: /home/eating/work/install/gui_interface/share/gui_interface/environment/ament_prefix_path.dsv
[2.968s] -- Up-to-date: /home/eating/work/install/gui_interface/share/gui_interface/environment/path.sh
[2.968s] -- Up-to-date: /home/eating/work/install/gui_interface/share/gui_interface/environment/path.dsv
[2.968s] -- Up-to-date: /home/eating/work/install/gui_interface/share/gui_interface/local_setup.bash
[2.968s] -- Up-to-date: /home/eating/work/install/gui_interface/share/gui_interface/local_setup.sh
[2.968s] -- Up-to-date: /home/eating/work/install/gui_interface/share/gui_interface/local_setup.zsh
[2.968s] -- Up-to-date: /home/eating/work/install/gui_interface/share/gui_interface/local_setup.dsv
[2.969s] -- Installing: /home/eating/work/install/gui_interface/share/gui_interface/package.dsv
[2.969s] -- Up-to-date: /home/eating/work/install/gui_interface/share/ament_index/resource_index/packages/gui_interface
[2.969s] -- Up-to-date: /home/eating/work/install/gui_interface/share/gui_interface/cmake/export_gui_interface__rosidl_generator_cExport.cmake
[2.969s] -- Up-to-date: /home/eating/work/install/gui_interface/share/gui_interface/cmake/export_gui_interface__rosidl_generator_cExport-noconfig.cmake
[2.969s] -- Up-to-date: /home/eating/work/install/gui_interface/share/gui_interface/cmake/export_gui_interface__rosidl_typesupport_fastrtps_cExport.cmake
[2.969s] -- Up-to-date: /home/eating/work/install/gui_interface/share/gui_interface/cmake/export_gui_interface__rosidl_typesupport_fastrtps_cExport-noconfig.cmake
[2.969s] -- Up-to-date: /home/eating/work/install/gui_interface/share/gui_interface/cmake/export_gui_interface__rosidl_generator_cppExport.cmake
[2.969s] -- Up-to-date: /home/eating/work/install/gui_interface/share/gui_interface/cmake/export_gui_interface__rosidl_typesupport_fastrtps_cppExport.cmake
[2.970s] -- Up-to-date: /home/eating/work/install/gui_interface/share/gui_interface/cmake/export_gui_interface__rosidl_typesupport_fastrtps_cppExport-noconfig.cmake
[2.970s] -- Up-to-date: /home/eating/work/install/gui_interface/share/gui_interface/cmake/gui_interface__rosidl_typesupport_introspection_cExport.cmake
[2.970s] -- Up-to-date: /home/eating/work/install/gui_interface/share/gui_interface/cmake/gui_interface__rosidl_typesupport_introspection_cExport-noconfig.cmake
[2.970s] -- Up-to-date: /home/eating/work/install/gui_interface/share/gui_interface/cmake/gui_interface__rosidl_typesupport_cExport.cmake
[2.970s] -- Up-to-date: /home/eating/work/install/gui_interface/share/gui_interface/cmake/gui_interface__rosidl_typesupport_cExport-noconfig.cmake
[2.970s] -- Up-to-date: /home/eating/work/install/gui_interface/share/gui_interface/cmake/gui_interface__rosidl_typesupport_introspection_cppExport.cmake
[2.970s] -- Up-to-date: /home/eating/work/install/gui_interface/share/gui_interface/cmake/gui_interface__rosidl_typesupport_introspection_cppExport-noconfig.cmake
[2.972s] -- Up-to-date: /home/eating/work/install/gui_interface/share/gui_interface/cmake/gui_interface__rosidl_typesupport_cppExport.cmake
[2.972s] -- Up-to-date: /home/eating/work/install/gui_interface/share/gui_interface/cmake/gui_interface__rosidl_typesupport_cppExport-noconfig.cmake
[2.972s] -- Up-to-date: /home/eating/work/install/gui_interface/share/gui_interface/cmake/export_gui_interface__rosidl_generator_pyExport.cmake
[2.973s] -- Up-to-date: /home/eating/work/install/gui_interface/share/gui_interface/cmake/export_gui_interface__rosidl_generator_pyExport-noconfig.cmake
[2.973s] -- Up-to-date: /home/eating/work/install/gui_interface/share/gui_interface/cmake/rosidl_cmake-extras.cmake
[2.973s] -- Up-to-date: /home/eating/work/install/gui_interface/share/gui_interface/cmake/ament_cmake_export_dependencies-extras.cmake
[2.973s] -- Up-to-date: /home/eating/work/install/gui_interface/share/gui_interface/cmake/ament_cmake_export_include_directories-extras.cmake
[2.973s] -- Up-to-date: /home/eating/work/install/gui_interface/share/gui_interface/cmake/ament_cmake_export_libraries-extras.cmake
[2.973s] -- Up-to-date: /home/eating/work/install/gui_interface/share/gui_interface/cmake/ament_cmake_export_targets-extras.cmake
[2.973s] -- Up-to-date: /home/eating/work/install/gui_interface/share/gui_interface/cmake/rosidl_cmake_export_typesupport_targets-extras.cmake
[2.973s] -- Up-to-date: /home/eating/work/install/gui_interface/share/gui_interface/cmake/rosidl_cmake_export_typesupport_libraries-extras.cmake
[2.973s] -- Up-to-date: /home/eating/work/install/gui_interface/share/gui_interface/cmake/gui_interfaceConfig.cmake
[2.974s] -- Up-to-date: /home/eating/work/install/gui_interface/share/gui_interface/cmake/gui_interfaceConfig-version.cmake
[2.974s] -- Up-to-date: /home/eating/work/install/gui_interface/share/gui_interface/package.xml
[2.991s] Invoked command in '/home/eating/work/build/gui_interface' returned '0': CMAKE_PREFIX_PATH=${CMAKE_PREFIX_PATH}:/home/eating/work/install/pallet_main:/home/eating/work/install/main_control:/home/eating/work/install/gui:/home/eating/work/install/docking_pkg:/opt/ros/humble /usr/bin/cmake --install /home/eating/work/build/gui_interface
