[0.117s] Invoking command in '/home/eating/work/build/timda_gazebo': CMAKE_PREFIX_PATH=${CMAKE_PREFIX_PATH}:/home/eating/work/install/pallet_main:/home/eating/work/install/main_control:/home/eating/work/install/gui:/home/eating/work/install/docking_pkg:/opt/ros/humble /usr/bin/cmake /home/eating/work/src/timda_sim/timda_gazebo -DCMAKE_INSTALL_PREFIX=/home/eating/work/install/timda_gazebo
[1.044s] -- The C compiler identification is GNU 11.4.0
[1.044s] -- The CXX compiler identification is GNU 11.4.0
[1.045s] -- Detecting C compiler ABI info
[1.045s] -- Detecting C compiler ABI info - done
[1.045s] -- Check for working C compiler: /usr/bin/cc - skipped
[1.045s] -- Detecting C compile features
[1.045s] -- Detecting C compile features - done
[1.045s] -- Detecting CXX compiler ABI info
[1.296s] -- Detecting CXX compiler ABI info - done
[1.310s] -- Check for working CXX compiler: /usr/bin/c++ - skipped
[1.311s] -- Detecting CXX compile features
[1.312s] -- Detecting CXX compile features - done
[1.333s] -- Found ament_cmake: 1.3.11 (/opt/ros/humble/share/ament_cmake/cmake)
[1.808s] -- Found Python3: /usr/bin/python3 (found version "3.10.12") found components: Interpreter 
[2.035s] -- Found ament_lint_auto: 0.12.12 (/opt/ros/humble/share/ament_lint_auto/cmake)
[2.187s] -- Added test 'lint_cmake' to check CMake code style
[2.191s] -- Added test 'xmllint' to check XML markup files
[2.194s] -- Configuring done
[2.199s] -- Generating done
[2.202s] -- Build files have been written to: /home/eating/work/build/timda_gazebo
[2.221s] Invoked command in '/home/eating/work/build/timda_gazebo' returned '0': CMAKE_PREFIX_PATH=${CMAKE_PREFIX_PATH}:/home/eating/work/install/pallet_main:/home/eating/work/install/main_control:/home/eating/work/install/gui:/home/eating/work/install/docking_pkg:/opt/ros/humble /usr/bin/cmake /home/eating/work/src/timda_sim/timda_gazebo -DCMAKE_INSTALL_PREFIX=/home/eating/work/install/timda_gazebo
[2.222s] Invoking command in '/home/eating/work/build/timda_gazebo': CMAKE_PREFIX_PATH=${CMAKE_PREFIX_PATH}:/home/eating/work/install/pallet_main:/home/eating/work/install/main_control:/home/eating/work/install/gui:/home/eating/work/install/docking_pkg:/opt/ros/humble /usr/bin/cmake --build /home/eating/work/build/timda_gazebo -- -j8 -l8
[2.317s] Invoked command in '/home/eating/work/build/timda_gazebo' returned '0': CMAKE_PREFIX_PATH=${CMAKE_PREFIX_PATH}:/home/eating/work/install/pallet_main:/home/eating/work/install/main_control:/home/eating/work/install/gui:/home/eating/work/install/docking_pkg:/opt/ros/humble /usr/bin/cmake --build /home/eating/work/build/timda_gazebo -- -j8 -l8
[2.317s] Invoking command in '/home/eating/work/build/timda_gazebo': CMAKE_PREFIX_PATH=${CMAKE_PREFIX_PATH}:/home/eating/work/install/pallet_main:/home/eating/work/install/main_control:/home/eating/work/install/gui:/home/eating/work/install/docking_pkg:/opt/ros/humble /usr/bin/cmake --install /home/eating/work/build/timda_gazebo
[2.336s] -- Install configuration: ""
[2.337s] -- Installing: /home/eating/work/install/timda_gazebo/share/ament_index/resource_index/package_run_dependencies/timda_gazebo
[2.337s] -- Installing: /home/eating/work/install/timda_gazebo/share/ament_index/resource_index/parent_prefix_path/timda_gazebo
[2.338s] -- Installing: /home/eating/work/install/timda_gazebo/share/timda_gazebo/environment/ament_prefix_path.sh
[2.352s] -- Installing: /home/eating/work/install/timda_gazebo/share/timda_gazebo/environment/ament_prefix_path.dsv
[2.353s] -- Installing: /home/eating/work/install/timda_gazebo/share/timda_gazebo/environment/path.sh
[2.353s] -- Installing: /home/eating/work/install/timda_gazebo/share/timda_gazebo/environment/path.dsv
[2.354s] -- Installing: /home/eating/work/install/timda_gazebo/share/timda_gazebo/local_setup.bash
[2.354s] -- Installing: /home/eating/work/install/timda_gazebo/share/timda_gazebo/local_setup.sh
[2.354s] -- Installing: /home/eating/work/install/timda_gazebo/share/timda_gazebo/local_setup.zsh
[2.354s] -- Installing: /home/eating/work/install/timda_gazebo/share/timda_gazebo/local_setup.dsv
[2.354s] -- Installing: /home/eating/work/install/timda_gazebo/share/timda_gazebo/package.dsv
[2.354s] -- Installing: /home/eating/work/install/timda_gazebo/share/ament_index/resource_index/packages/timda_gazebo
[2.354s] -- Installing: /home/eating/work/install/timda_gazebo/share/timda_gazebo/cmake/timda_gazeboConfig.cmake
[2.354s] -- Installing: /home/eating/work/install/timda_gazebo/share/timda_gazebo/cmake/timda_gazeboConfig-version.cmake
[2.354s] -- Installing: /home/eating/work/install/timda_gazebo/share/timda_gazebo/package.xml
[2.392s] Invoked command in '/home/eating/work/build/timda_gazebo' returned '0': CMAKE_PREFIX_PATH=${CMAKE_PREFIX_PATH}:/home/eating/work/install/pallet_main:/home/eating/work/install/main_control:/home/eating/work/install/gui:/home/eating/work/install/docking_pkg:/opt/ros/humble /usr/bin/cmake --install /home/eating/work/build/timda_gazebo
