[0.050s] Invoking command in '/home/fxck/work/build/interface': CMAKE_PREFIX_PATH=/opt/ros/humble /usr/bin/cmake /home/fxck/work/src/interface -DCMAKE_INSTALL_PREFIX=/home/fxck/work/install/interface
[1.041s] -- The C compiler identification is GNU 11.4.0
[1.041s] -- The CXX compiler identification is GNU 11.4.0
[1.042s] -- Detecting C compiler ABI info
[1.042s] -- Detecting C compiler ABI info - done
[1.042s] -- Check for working C compiler: /usr/bin/cc - skipped
[1.042s] -- Detecting C compile features
[1.042s] -- Detecting C compile features - done
[1.042s] -- Detecting CXX compiler ABI info
[1.042s] -- Detecting CXX compiler ABI info - done
[1.042s] -- Check for working CXX compiler: /usr/bin/c++ - skipped
[1.042s] -- Detecting CXX compile features
[1.042s] -- Detecting CXX compile features - done
[1.042s] -- Found ament_cmake: 1.3.11 (/opt/ros/humble/share/ament_cmake/cmake)
[1.042s] -- Found Python3: /usr/bin/python3 (found version "3.10.12") found components: Interpreter 
[1.043s] -- Found geometry_msgs: 4.8.0 (/opt/ros/humble/share/geometry_msgs/cmake)
[1.044s] -- Found rosidl_generator_c: 3.1.6 (/opt/ros/humble/share/rosidl_generator_c/cmake)
[1.044s] -- Found rosidl_adapter: 3.1.6 (/opt/ros/humble/share/rosidl_adapter/cmake)
[1.044s] -- Found rosidl_generator_cpp: 3.1.6 (/opt/ros/humble/share/rosidl_generator_cpp/cmake)
[1.044s] -- Using all available rosidl_typesupport_c: rosidl_typesupport_fastrtps_c;rosidl_typesupport_introspection_c
[1.058s] -- Using all available rosidl_typesupport_cpp: rosidl_typesupport_fastrtps_cpp;rosidl_typesupport_introspection_cpp
[1.112s] -- Found rosidl_default_generators: 1.2.0 (/opt/ros/humble/share/rosidl_default_generators/cmake)
[1.466s] -- Found ament_cmake_ros: 0.10.0 (/opt/ros/humble/share/ament_cmake_ros/cmake)
[2.001s] -- Using all available rosidl_typesupport_c: rosidl_typesupport_fastrtps_c;rosidl_typesupport_introspection_c
[2.192s] -- Using all available rosidl_typesupport_cpp: rosidl_typesupport_fastrtps_cpp;rosidl_typesupport_introspection_cpp
[2.219s] -- Found PythonInterp: /usr/bin/python3 (found suitable version "3.10.12", minimum required is "3.6") 
[2.221s] -- Found python_cmake_module: 0.10.0 (/opt/ros/humble/share/python_cmake_module/cmake)
[2.253s] -- Found PythonLibs: /usr/lib/x86_64-linux-gnu/libpython3.10.so (found suitable version "3.10.12", minimum required is "3.5") 
[2.253s] -- Using PYTHON_EXECUTABLE: /usr/bin/python3
[2.254s] -- Using PYTHON_INCLUDE_DIRS: /usr/include/python3.10
[2.254s] -- Using PYTHON_LIBRARIES: /usr/lib/x86_64-linux-gnu/libpython3.10.so
[2.280s] -- Found PythonExtra: .so  
[2.369s] -- Found ament_lint_auto: 0.12.12 (/opt/ros/humble/share/ament_lint_auto/cmake)
[2.400s] -- Added test 'lint_cmake' to check CMake code style
[2.403s] -- Added test 'xmllint' to check XML markup files
[2.406s] -- Configuring done
[2.462s] -- Generating done
[2.481s] -- Build files have been written to: /home/fxck/work/build/interface
[2.504s] Invoked command in '/home/fxck/work/build/interface' returned '0': CMAKE_PREFIX_PATH=/opt/ros/humble /usr/bin/cmake /home/fxck/work/src/interface -DCMAKE_INSTALL_PREFIX=/home/fxck/work/install/interface
[2.505s] Invoking command in '/home/fxck/work/build/interface': CMAKE_PREFIX_PATH=/opt/ros/humble /usr/bin/cmake --build /home/fxck/work/build/interface -- -j16 -l16
[2.563s] [  3%] [34m[1mGenerating C code for ROS interfaces[0m
[2.587s] [  6%] [34m[1mGenerating C++ code for ROS interfaces[0m
[2.603s] [  6%] Built target ament_cmake_python_copy_interface
[2.968s] running egg_info
[2.969s] creating interface.egg-info
[2.969s] writing interface.egg-info/PKG-INFO
[2.969s] writing dependency_links to interface.egg-info/dependency_links.txt
[2.969s] writing top-level names to interface.egg-info/top_level.txt
[2.969s] writing manifest file 'interface.egg-info/SOURCES.txt'
[2.969s] reading manifest file 'interface.egg-info/SOURCES.txt'
[2.970s] writing manifest file 'interface.egg-info/SOURCES.txt'
[3.042s] [  6%] Built target ament_cmake_python_build_interface_egg
[3.065s] [  9%] [32mBuilding C object CMakeFiles/interface__rosidl_generator_c.dir/rosidl_generator_c/interface/srv/detail/maincontroller__functions.c.o[0m
[3.075s] [  9%] Built target interface__cpp
[3.109s] [ 12%] [34m[1mGenerating C++ type support for eProsima Fast-RTPS[0m
[3.113s] [ 16%] [34m[1mGenerating C++ introspection for ROS interfaces[0m
[3.138s] [ 19%] [34m[1mGenerating C++ type support dispatch for ROS interfaces[0m
[3.184s] [ 22%] [32m[1mLinking C shared library libinterface__rosidl_generator_c.so[0m
[3.304s] [ 22%] Built target interface__rosidl_generator_c
[3.334s] [ 25%] [34m[1mGenerating C type support for eProsima Fast-RTPS[0m
[3.336s] [ 29%] [34m[1mGenerating C introspection for ROS interfaces[0m
[3.358s] [ 32%] [34m[1mGenerating C type support dispatch for ROS interfaces[0m
[3.624s] [ 35%] [32mBuilding CXX object CMakeFiles/interface__rosidl_typesupport_cpp.dir/rosidl_typesupport_cpp/interface/srv/maincontroller__type_support.cpp.o[0m
[3.790s] [ 38%] [32mBuilding CXX object CMakeFiles/interface__rosidl_typesupport_introspection_cpp.dir/rosidl_typesupport_introspection_cpp/interface/srv/detail/maincontroller__type_support.cpp.o[0m
[3.869s] [ 41%] [32mBuilding CXX object CMakeFiles/interface__rosidl_typesupport_fastrtps_cpp.dir/rosidl_typesupport_fastrtps_cpp/interface/srv/detail/dds_fastrtps/maincontroller__type_support.cpp.o[0m
[3.933s] [ 45%] [32mBuilding CXX object CMakeFiles/interface__rosidl_typesupport_c.dir/rosidl_typesupport_c/interface/srv/maincontroller__type_support.cpp.o[0m
[3.942s] [ 48%] [32mBuilding CXX object CMakeFiles/interface__rosidl_typesupport_fastrtps_c.dir/rosidl_typesupport_fastrtps_c/interface/srv/detail/maincontroller__type_support_c.cpp.o[0m
[4.022s] [ 51%] [32m[1mLinking CXX shared library libinterface__rosidl_typesupport_c.so[0m
[4.134s] [ 54%] [32mBuilding C object CMakeFiles/interface__rosidl_typesupport_introspection_c.dir/rosidl_typesupport_introspection_c/interface/srv/detail/maincontroller__type_support.c.o[0m
[4.146s] [ 58%] [32m[1mLinking CXX shared library libinterface__rosidl_typesupport_cpp.so[0m
[4.151s] [ 58%] Built target interface__rosidl_typesupport_c
[4.233s] [ 58%] Built target interface__rosidl_typesupport_cpp
[4.241s] [ 61%] [32m[1mLinking C shared library libinterface__rosidl_typesupport_introspection_c.so[0m
[4.346s] [ 61%] Built target interface__rosidl_typesupport_introspection_c
[4.437s] [ 64%] [32m[1mLinking CXX shared library libinterface__rosidl_typesupport_introspection_cpp.so[0m
[4.465s] [ 67%] [32m[1mLinking CXX shared library libinterface__rosidl_typesupport_fastrtps_c.so[0m
[4.536s] [ 67%] Built target interface__rosidl_typesupport_introspection_cpp
[4.652s] [ 67%] Built target interface__rosidl_typesupport_fastrtps_c
[4.728s] [ 70%] [32m[1mLinking CXX shared library libinterface__rosidl_typesupport_fastrtps_cpp.so[0m
[4.843s] [ 70%] Built target interface__rosidl_typesupport_fastrtps_cpp
[4.867s] [ 70%] Built target interface
[4.891s] [ 74%] [34m[1mGenerating Python code for ROS interfaces[0m
[5.199s] [ 74%] Built target interface__py
[5.223s] [ 77%] [32mBuilding C object CMakeFiles/interface__rosidl_generator_py.dir/rosidl_generator_py/interface/srv/_maincontroller_s.c.o[0m
[5.333s] [ 80%] [32m[1mLinking C shared library rosidl_generator_py/interface/libinterface__rosidl_generator_py.so[0m
[5.389s] [ 80%] Built target interface__rosidl_generator_py
[5.421s] [ 83%] [32mBuilding C object CMakeFiles/interface__rosidl_typesupport_fastrtps_c__pyext.dir/rosidl_generator_py/interface/_interface_s.ep.rosidl_typesupport_fastrtps_c.c.o[0m
[5.422s] [ 87%] [32mBuilding C object CMakeFiles/interface__rosidl_typesupport_c__pyext.dir/rosidl_generator_py/interface/_interface_s.ep.rosidl_typesupport_c.c.o[0m
[5.424s] [ 90%] [32mBuilding C object CMakeFiles/interface__rosidl_typesupport_introspection_c__pyext.dir/rosidl_generator_py/interface/_interface_s.ep.rosidl_typesupport_introspection_c.c.o[0m
[5.570s] [ 93%] [32m[1mLinking C shared library rosidl_generator_py/interface/interface_s__rosidl_typesupport_fastrtps_c.cpython-310-x86_64-linux-gnu.so[0m
[5.573s] [100%] [32m[1mLinking C shared library rosidl_generator_py/interface/interface_s__rosidl_typesupport_introspection_c.cpython-310-x86_64-linux-gnu.so[0m
[5.575s] [100%] [32m[1mLinking C shared library rosidl_generator_py/interface/interface_s__rosidl_typesupport_c.cpython-310-x86_64-linux-gnu.so[0m
[5.623s] [100%] Built target interface__rosidl_typesupport_fastrtps_c__pyext
[5.623s] [100%] Built target interface__rosidl_typesupport_introspection_c__pyext
[5.626s] [100%] Built target interface__rosidl_typesupport_c__pyext
[5.642s] Invoked command in '/home/fxck/work/build/interface' returned '0': CMAKE_PREFIX_PATH=/opt/ros/humble /usr/bin/cmake --build /home/fxck/work/build/interface -- -j16 -l16
[5.643s] Invoking command in '/home/fxck/work/build/interface': CMAKE_PREFIX_PATH=/opt/ros/humble /usr/bin/cmake --install /home/fxck/work/build/interface
[5.652s] -- Install configuration: ""
[5.652s] -- Installing: /home/fxck/work/install/interface/share/ament_index/resource_index/rosidl_interfaces/interface
[5.652s] -- Installing: /home/fxck/work/install/interface/include/interface/interface
[5.653s] -- Installing: /home/fxck/work/install/interface/include/interface/interface/msg
[5.653s] -- Installing: /home/fxck/work/install/interface/include/interface/interface/msg/rosidl_generator_c__visibility_control.h
[5.653s] -- Installing: /home/fxck/work/install/interface/include/interface/interface/srv
[5.653s] -- Installing: /home/fxck/work/install/interface/include/interface/interface/srv/detail
[5.653s] -- Installing: /home/fxck/work/install/interface/include/interface/interface/srv/detail/maincontroller__functions.h
[5.653s] -- Installing: /home/fxck/work/install/interface/include/interface/interface/srv/detail/maincontroller__type_support.h
[5.653s] -- Installing: /home/fxck/work/install/interface/include/interface/interface/srv/detail/maincontroller__struct.h
[5.653s] -- Installing: /home/fxck/work/install/interface/include/interface/interface/srv/detail/maincontroller__functions.c
[5.654s] -- Installing: /home/fxck/work/install/interface/include/interface/interface/srv/maincontroller.h
[5.654s] -- Installing: /home/fxck/work/install/interface/share/interface/environment/library_path.sh
[5.654s] -- Installing: /home/fxck/work/install/interface/share/interface/environment/library_path.dsv
[5.654s] -- Installing: /home/fxck/work/install/interface/lib/libinterface__rosidl_generator_c.so
[5.655s] -- Set runtime path of "/home/fxck/work/install/interface/lib/libinterface__rosidl_generator_c.so" to ""
[5.655s] -- Up-to-date: /home/fxck/work/install/interface/include/interface/interface
[5.655s] -- Up-to-date: /home/fxck/work/install/interface/include/interface/interface/msg
[5.655s] -- Installing: /home/fxck/work/install/interface/include/interface/interface/msg/rosidl_typesupport_fastrtps_c__visibility_control.h
[5.655s] -- Up-to-date: /home/fxck/work/install/interface/include/interface/interface/srv
[5.655s] -- Up-to-date: /home/fxck/work/install/interface/include/interface/interface/srv/detail
[5.655s] -- Installing: /home/fxck/work/install/interface/include/interface/interface/srv/detail/maincontroller__rosidl_typesupport_fastrtps_c.h
[5.656s] -- Installing: /home/fxck/work/install/interface/lib/libinterface__rosidl_typesupport_fastrtps_c.so
[5.656s] -- Set runtime path of "/home/fxck/work/install/interface/lib/libinterface__rosidl_typesupport_fastrtps_c.so" to ""
[5.656s] -- Up-to-date: /home/fxck/work/install/interface/include/interface/interface
[5.656s] -- Up-to-date: /home/fxck/work/install/interface/include/interface/interface/msg
[5.657s] -- Installing: /home/fxck/work/install/interface/include/interface/interface/msg/rosidl_generator_cpp__visibility_control.hpp
[5.657s] -- Up-to-date: /home/fxck/work/install/interface/include/interface/interface/srv
[5.657s] -- Up-to-date: /home/fxck/work/install/interface/include/interface/interface/srv/detail
[5.657s] -- Installing: /home/fxck/work/install/interface/include/interface/interface/srv/detail/maincontroller__traits.hpp
[5.657s] -- Installing: /home/fxck/work/install/interface/include/interface/interface/srv/detail/maincontroller__type_support.hpp
[5.657s] -- Installing: /home/fxck/work/install/interface/include/interface/interface/srv/detail/maincontroller__builder.hpp
[5.657s] -- Installing: /home/fxck/work/install/interface/include/interface/interface/srv/detail/maincontroller__struct.hpp
[5.657s] -- Installing: /home/fxck/work/install/interface/include/interface/interface/srv/maincontroller.hpp
[5.657s] -- Up-to-date: /home/fxck/work/install/interface/include/interface/interface
[5.657s] -- Up-to-date: /home/fxck/work/install/interface/include/interface/interface/msg
[5.658s] -- Installing: /home/fxck/work/install/interface/include/interface/interface/msg/rosidl_typesupport_fastrtps_cpp__visibility_control.h
[5.658s] -- Up-to-date: /home/fxck/work/install/interface/include/interface/interface/srv
[5.658s] -- Up-to-date: /home/fxck/work/install/interface/include/interface/interface/srv/detail
[5.658s] -- Installing: /home/fxck/work/install/interface/include/interface/interface/srv/detail/maincontroller__rosidl_typesupport_fastrtps_cpp.hpp
[5.658s] -- Installing: /home/fxck/work/install/interface/include/interface/interface/srv/detail/dds_fastrtps
[5.658s] -- Installing: /home/fxck/work/install/interface/lib/libinterface__rosidl_typesupport_fastrtps_cpp.so
[5.659s] -- Set runtime path of "/home/fxck/work/install/interface/lib/libinterface__rosidl_typesupport_fastrtps_cpp.so" to ""
[5.660s] -- Up-to-date: /home/fxck/work/install/interface/include/interface/interface
[5.660s] -- Up-to-date: /home/fxck/work/install/interface/include/interface/interface/msg
[5.660s] -- Installing: /home/fxck/work/install/interface/include/interface/interface/msg/rosidl_typesupport_introspection_c__visibility_control.h
[5.660s] -- Up-to-date: /home/fxck/work/install/interface/include/interface/interface/srv
[5.660s] -- Up-to-date: /home/fxck/work/install/interface/include/interface/interface/srv/detail
[5.660s] -- Installing: /home/fxck/work/install/interface/include/interface/interface/srv/detail/maincontroller__rosidl_typesupport_introspection_c.h
[5.660s] -- Installing: /home/fxck/work/install/interface/include/interface/interface/srv/detail/maincontroller__type_support.c
[5.661s] -- Installing: /home/fxck/work/install/interface/lib/libinterface__rosidl_typesupport_introspection_c.so
[5.661s] -- Set runtime path of "/home/fxck/work/install/interface/lib/libinterface__rosidl_typesupport_introspection_c.so" to ""
[5.661s] -- Installing: /home/fxck/work/install/interface/lib/libinterface__rosidl_typesupport_c.so
[5.661s] -- Set runtime path of "/home/fxck/work/install/interface/lib/libinterface__rosidl_typesupport_c.so" to ""
[5.661s] -- Up-to-date: /home/fxck/work/install/interface/include/interface/interface
[5.661s] -- Up-to-date: /home/fxck/work/install/interface/include/interface/interface/srv
[5.661s] -- Up-to-date: /home/fxck/work/install/interface/include/interface/interface/srv/detail
[5.661s] -- Installing: /home/fxck/work/install/interface/include/interface/interface/srv/detail/maincontroller__type_support.cpp
[5.662s] -- Installing: /home/fxck/work/install/interface/include/interface/interface/srv/detail/maincontroller__rosidl_typesupport_introspection_cpp.hpp
[5.662s] -- Installing: /home/fxck/work/install/interface/lib/libinterface__rosidl_typesupport_introspection_cpp.so
[5.662s] -- Set runtime path of "/home/fxck/work/install/interface/lib/libinterface__rosidl_typesupport_introspection_cpp.so" to ""
[5.662s] -- Installing: /home/fxck/work/install/interface/lib/libinterface__rosidl_typesupport_cpp.so
[5.662s] -- Set runtime path of "/home/fxck/work/install/interface/lib/libinterface__rosidl_typesupport_cpp.so" to ""
[5.663s] -- Installing: /home/fxck/work/install/interface/share/interface/environment/pythonpath.sh
[5.663s] -- Installing: /home/fxck/work/install/interface/share/interface/environment/pythonpath.dsv
[5.663s] -- Installing: /home/fxck/work/install/interface/local/lib/python3.10/dist-packages/interface-0.0.0-py3.10.egg-info
[5.664s] -- Installing: /home/fxck/work/install/interface/local/lib/python3.10/dist-packages/interface-0.0.0-py3.10.egg-info/SOURCES.txt
[5.664s] -- Installing: /home/fxck/work/install/interface/local/lib/python3.10/dist-packages/interface-0.0.0-py3.10.egg-info/dependency_links.txt
[5.664s] -- Installing: /home/fxck/work/install/interface/local/lib/python3.10/dist-packages/interface-0.0.0-py3.10.egg-info/PKG-INFO
[5.665s] -- Installing: /home/fxck/work/install/interface/local/lib/python3.10/dist-packages/interface-0.0.0-py3.10.egg-info/top_level.txt
[5.665s] -- Installing: /home/fxck/work/install/interface/local/lib/python3.10/dist-packages/interface
[5.665s] -- Installing: /home/fxck/work/install/interface/local/lib/python3.10/dist-packages/interface/interface_s__rosidl_typesupport_c.cpython-310-x86_64-linux-gnu.so
[5.665s] -- Installing: /home/fxck/work/install/interface/local/lib/python3.10/dist-packages/interface/_interface_s.ep.rosidl_typesupport_introspection_c.c
[5.665s] -- Installing: /home/fxck/work/install/interface/local/lib/python3.10/dist-packages/interface/srv
[5.665s] -- Installing: /home/fxck/work/install/interface/local/lib/python3.10/dist-packages/interface/srv/_maincontroller_s.c
[5.665s] -- Installing: /home/fxck/work/install/interface/local/lib/python3.10/dist-packages/interface/srv/__init__.py
[5.665s] -- Installing: /home/fxck/work/install/interface/local/lib/python3.10/dist-packages/interface/srv/_maincontroller.py
[5.666s] -- Installing: /home/fxck/work/install/interface/local/lib/python3.10/dist-packages/interface/interface_s__rosidl_typesupport_fastrtps_c.cpython-310-x86_64-linux-gnu.so
[5.666s] -- Installing: /home/fxck/work/install/interface/local/lib/python3.10/dist-packages/interface/_interface_s.ep.rosidl_typesupport_c.c
[5.666s] -- Installing: /home/fxck/work/install/interface/local/lib/python3.10/dist-packages/interface/_interface_s.ep.rosidl_typesupport_fastrtps_c.c
[5.666s] -- Installing: /home/fxck/work/install/interface/local/lib/python3.10/dist-packages/interface/libinterface__rosidl_generator_py.so
[5.666s] -- Installing: /home/fxck/work/install/interface/local/lib/python3.10/dist-packages/interface/interface_s__rosidl_typesupport_introspection_c.cpython-310-x86_64-linux-gnu.so
[5.667s] -- Installing: /home/fxck/work/install/interface/local/lib/python3.10/dist-packages/interface/__init__.py
[5.699s] Listing '/home/fxck/work/install/interface/local/lib/python3.10/dist-packages/interface'...
[5.699s] Compiling '/home/fxck/work/install/interface/local/lib/python3.10/dist-packages/interface/__init__.py'...
[5.699s] Listing '/home/fxck/work/install/interface/local/lib/python3.10/dist-packages/interface/srv'...
[5.699s] Compiling '/home/fxck/work/install/interface/local/lib/python3.10/dist-packages/interface/srv/__init__.py'...
[5.699s] Compiling '/home/fxck/work/install/interface/local/lib/python3.10/dist-packages/interface/srv/_maincontroller.py'...
[5.704s] -- Installing: /home/fxck/work/install/interface/local/lib/python3.10/dist-packages/interface/interface_s__rosidl_typesupport_fastrtps_c.cpython-310-x86_64-linux-gnu.so
[5.705s] -- Set runtime path of "/home/fxck/work/install/interface/local/lib/python3.10/dist-packages/interface/interface_s__rosidl_typesupport_fastrtps_c.cpython-310-x86_64-linux-gnu.so" to ""
[5.705s] -- Installing: /home/fxck/work/install/interface/local/lib/python3.10/dist-packages/interface/interface_s__rosidl_typesupport_introspection_c.cpython-310-x86_64-linux-gnu.so
[5.705s] -- Set runtime path of "/home/fxck/work/install/interface/local/lib/python3.10/dist-packages/interface/interface_s__rosidl_typesupport_introspection_c.cpython-310-x86_64-linux-gnu.so" to ""
[5.706s] -- Installing: /home/fxck/work/install/interface/local/lib/python3.10/dist-packages/interface/interface_s__rosidl_typesupport_c.cpython-310-x86_64-linux-gnu.so
[5.706s] -- Set runtime path of "/home/fxck/work/install/interface/local/lib/python3.10/dist-packages/interface/interface_s__rosidl_typesupport_c.cpython-310-x86_64-linux-gnu.so" to ""
[5.706s] -- Installing: /home/fxck/work/install/interface/lib/libinterface__rosidl_generator_py.so
[5.707s] -- Set runtime path of "/home/fxck/work/install/interface/lib/libinterface__rosidl_generator_py.so" to ""
[5.707s] -- Installing: /home/fxck/work/install/interface/share/interface/srv/Maincontroller.idl
[5.707s] -- Installing: /home/fxck/work/install/interface/share/interface/srv/Maincontroller.srv
[5.707s] -- Installing: /home/fxck/work/install/interface/share/interface/srv/Maincontroller_Request.msg
[5.708s] -- Installing: /home/fxck/work/install/interface/share/interface/srv/Maincontroller_Response.msg
[5.708s] -- Installing: /home/fxck/work/install/interface/share/ament_index/resource_index/package_run_dependencies/interface
[5.708s] -- Installing: /home/fxck/work/install/interface/share/ament_index/resource_index/parent_prefix_path/interface
[5.709s] -- Installing: /home/fxck/work/install/interface/share/interface/environment/ament_prefix_path.sh
[5.709s] -- Installing: /home/fxck/work/install/interface/share/interface/environment/ament_prefix_path.dsv
[5.709s] -- Installing: /home/fxck/work/install/interface/share/interface/environment/path.sh
[5.709s] -- Installing: /home/fxck/work/install/interface/share/interface/environment/path.dsv
[5.710s] -- Installing: /home/fxck/work/install/interface/share/interface/local_setup.bash
[5.710s] -- Installing: /home/fxck/work/install/interface/share/interface/local_setup.sh
[5.710s] -- Installing: /home/fxck/work/install/interface/share/interface/local_setup.zsh
[5.710s] -- Installing: /home/fxck/work/install/interface/share/interface/local_setup.dsv
[5.710s] -- Installing: /home/fxck/work/install/interface/share/interface/package.dsv
[5.711s] -- Installing: /home/fxck/work/install/interface/share/ament_index/resource_index/packages/interface
[5.711s] -- Installing: /home/fxck/work/install/interface/share/interface/cmake/export_interface__rosidl_generator_cExport.cmake
[5.711s] -- Installing: /home/fxck/work/install/interface/share/interface/cmake/export_interface__rosidl_generator_cExport-noconfig.cmake
[5.712s] -- Installing: /home/fxck/work/install/interface/share/interface/cmake/export_interface__rosidl_typesupport_fastrtps_cExport.cmake
[5.712s] -- Installing: /home/fxck/work/install/interface/share/interface/cmake/export_interface__rosidl_typesupport_fastrtps_cExport-noconfig.cmake
[5.712s] -- Installing: /home/fxck/work/install/interface/share/interface/cmake/export_interface__rosidl_generator_cppExport.cmake
[5.712s] -- Installing: /home/fxck/work/install/interface/share/interface/cmake/export_interface__rosidl_typesupport_fastrtps_cppExport.cmake
[5.713s] -- Installing: /home/fxck/work/install/interface/share/interface/cmake/export_interface__rosidl_typesupport_fastrtps_cppExport-noconfig.cmake
[5.713s] -- Installing: /home/fxck/work/install/interface/share/interface/cmake/interface__rosidl_typesupport_introspection_cExport.cmake
[5.713s] -- Installing: /home/fxck/work/install/interface/share/interface/cmake/interface__rosidl_typesupport_introspection_cExport-noconfig.cmake
[5.713s] -- Installing: /home/fxck/work/install/interface/share/interface/cmake/interface__rosidl_typesupport_cExport.cmake
[5.714s] -- Installing: /home/fxck/work/install/interface/share/interface/cmake/interface__rosidl_typesupport_cExport-noconfig.cmake
[5.714s] -- Installing: /home/fxck/work/install/interface/share/interface/cmake/interface__rosidl_typesupport_introspection_cppExport.cmake
[5.714s] -- Installing: /home/fxck/work/install/interface/share/interface/cmake/interface__rosidl_typesupport_introspection_cppExport-noconfig.cmake
[5.715s] -- Installing: /home/fxck/work/install/interface/share/interface/cmake/interface__rosidl_typesupport_cppExport.cmake
[5.715s] -- Installing: /home/fxck/work/install/interface/share/interface/cmake/interface__rosidl_typesupport_cppExport-noconfig.cmake
[5.715s] -- Installing: /home/fxck/work/install/interface/share/interface/cmake/export_interface__rosidl_generator_pyExport.cmake
[5.715s] -- Installing: /home/fxck/work/install/interface/share/interface/cmake/export_interface__rosidl_generator_pyExport-noconfig.cmake
[5.715s] -- Installing: /home/fxck/work/install/interface/share/interface/cmake/rosidl_cmake-extras.cmake
[5.716s] -- Installing: /home/fxck/work/install/interface/share/interface/cmake/ament_cmake_export_dependencies-extras.cmake
[5.716s] -- Installing: /home/fxck/work/install/interface/share/interface/cmake/ament_cmake_export_include_directories-extras.cmake
[5.716s] -- Installing: /home/fxck/work/install/interface/share/interface/cmake/ament_cmake_export_libraries-extras.cmake
[5.716s] -- Installing: /home/fxck/work/install/interface/share/interface/cmake/ament_cmake_export_targets-extras.cmake
[5.717s] -- Installing: /home/fxck/work/install/interface/share/interface/cmake/rosidl_cmake_export_typesupport_targets-extras.cmake
[5.717s] -- Installing: /home/fxck/work/install/interface/share/interface/cmake/rosidl_cmake_export_typesupport_libraries-extras.cmake
[5.717s] -- Installing: /home/fxck/work/install/interface/share/interface/cmake/interfaceConfig.cmake
[5.717s] -- Installing: /home/fxck/work/install/interface/share/interface/cmake/interfaceConfig-version.cmake
[5.718s] -- Installing: /home/fxck/work/install/interface/share/interface/package.xml
[5.722s] Invoked command in '/home/fxck/work/build/interface' returned '0': CMAKE_PREFIX_PATH=/opt/ros/humble /usr/bin/cmake --install /home/fxck/work/build/interface
