[0.106s] DEBUG:colcon:Command line arguments: ['/usr/bin/colcon', 'build']
[0.106s] DEBUG:colcon:Parsed command line arguments: Namespace(log_base=None, log_level=None, verb_name='build', build_base='build', install_base='install', merge_install=False, symlink_install=False, test_result_base=None, continue_on_error=False, executor='parallel', parallel_workers=8, event_handlers=None, ignore_user_meta=False, metas=['./colcon.meta'], base_paths=['.'], packages_ignore=None, packages_ignore_regex=None, paths=None, packages_up_to=None, packages_up_to_regex=None, packages_above=None, packages_above_and_dependencies=None, packages_above_depth=None, packages_select_by_dep=None, packages_skip_by_dep=None, packages_skip_up_to=None, packages_select_build_failed=False, packages_skip_build_finished=False, packages_select_test_failures=False, packages_skip_test_passed=False, packages_select=None, packages_skip=None, packages_select_regex=None, packages_skip_regex=None, packages_start=None, packages_end=None, allow_overriding=[], cmake_args=None, cmake_target=None, cmake_target_skip_unavailable=False, cmake_clean_cache=False, cmake_clean_first=False, cmake_force_configure=False, ament_cmake_args=None, catkin_cmake_args=None, catkin_skip_building_tests=False, verb_parser=<colcon_defaults.argument_parser.defaults.DefaultArgumentsDecorator object at 0x7f77f3042320>, verb_extension=<colcon_core.verb.build.BuildVerb object at 0x7f77f3041e10>, main=<bound method BuildVerb.main of <colcon_core.verb.build.BuildVerb object at 0x7f77f3041e10>>)
[0.273s] Level 1:colcon.colcon_core.package_discovery:discover_packages(colcon_meta) check parameters
[0.273s] Level 1:colcon.colcon_core.package_discovery:discover_packages(recursive) check parameters
[0.273s] Level 1:colcon.colcon_core.package_discovery:discover_packages(ignore) check parameters
[0.273s] Level 1:colcon.colcon_core.package_discovery:discover_packages(path) check parameters
[0.273s] Level 1:colcon.colcon_core.package_discovery:discover_packages(colcon_meta) discover
[0.273s] Level 1:colcon.colcon_core.package_discovery:discover_packages(recursive) discover
[0.273s] INFO:colcon.colcon_core.package_discovery:Crawling recursively for packages in '/home/iclab/work'
[0.273s] Level 1:colcon.colcon_core.package_identification:_identify(.) by extensions ['ignore', 'ignore_ament_install']
[0.273s] Level 1:colcon.colcon_core.package_identification:_identify(.) by extension 'ignore'
[0.273s] Level 1:colcon.colcon_core.package_identification:_identify(.) by extension 'ignore_ament_install'
[0.273s] Level 1:colcon.colcon_core.package_identification:_identify(.) by extensions ['colcon_pkg']
[0.273s] Level 1:colcon.colcon_core.package_identification:_identify(.) by extension 'colcon_pkg'
[0.274s] Level 1:colcon.colcon_core.package_identification:_identify(.) by extensions ['colcon_meta']
[0.274s] Level 1:colcon.colcon_core.package_identification:_identify(.) by extension 'colcon_meta'
[0.274s] Level 1:colcon.colcon_core.package_identification:_identify(.) by extensions ['ros']
[0.274s] Level 1:colcon.colcon_core.package_identification:_identify(.) by extension 'ros'
[0.285s] Level 1:colcon.colcon_core.package_identification:_identify(.) by extensions ['cmake', 'python']
[0.285s] Level 1:colcon.colcon_core.package_identification:_identify(.) by extension 'cmake'
[0.285s] Level 1:colcon.colcon_core.package_identification:_identify(.) by extension 'python'
[0.285s] Level 1:colcon.colcon_core.package_identification:_identify(.) by extensions ['python_setup_py']
[0.285s] Level 1:colcon.colcon_core.package_identification:_identify(.) by extension 'python_setup_py'
[0.285s] Level 1:colcon.colcon_core.package_identification:_identify(build) by extensions ['ignore', 'ignore_ament_install']
[0.285s] Level 1:colcon.colcon_core.package_identification:_identify(build) by extension 'ignore'
[0.285s] Level 1:colcon.colcon_core.package_identification:_identify(build) ignored
[0.285s] Level 1:colcon.colcon_core.package_identification:_identify(docker_ros2) by extensions ['ignore', 'ignore_ament_install']
[0.286s] Level 1:colcon.colcon_core.package_identification:_identify(docker_ros2) by extension 'ignore'
[0.286s] Level 1:colcon.colcon_core.package_identification:_identify(docker_ros2) by extension 'ignore_ament_install'
[0.286s] Level 1:colcon.colcon_core.package_identification:_identify(docker_ros2) by extensions ['colcon_pkg']
[0.286s] Level 1:colcon.colcon_core.package_identification:_identify(docker_ros2) by extension 'colcon_pkg'
[0.286s] Level 1:colcon.colcon_core.package_identification:_identify(docker_ros2) by extensions ['colcon_meta']
[0.286s] Level 1:colcon.colcon_core.package_identification:_identify(docker_ros2) by extension 'colcon_meta'
[0.286s] Level 1:colcon.colcon_core.package_identification:_identify(docker_ros2) by extensions ['ros']
[0.286s] Level 1:colcon.colcon_core.package_identification:_identify(docker_ros2) by extension 'ros'
[0.286s] Level 1:colcon.colcon_core.package_identification:_identify(docker_ros2) by extensions ['cmake', 'python']
[0.286s] Level 1:colcon.colcon_core.package_identification:_identify(docker_ros2) by extension 'cmake'
[0.286s] Level 1:colcon.colcon_core.package_identification:_identify(docker_ros2) by extension 'python'
[0.286s] Level 1:colcon.colcon_core.package_identification:_identify(docker_ros2) by extensions ['python_setup_py']
[0.286s] Level 1:colcon.colcon_core.package_identification:_identify(docker_ros2) by extension 'python_setup_py'
[0.286s] Level 1:colcon.colcon_core.package_identification:_identify(docker_ros2/compose) by extensions ['ignore', 'ignore_ament_install']
[0.286s] Level 1:colcon.colcon_core.package_identification:_identify(docker_ros2/compose) by extension 'ignore'
[0.286s] Level 1:colcon.colcon_core.package_identification:_identify(docker_ros2/compose) by extension 'ignore_ament_install'
[0.286s] Level 1:colcon.colcon_core.package_identification:_identify(docker_ros2/compose) by extensions ['colcon_pkg']
[0.287s] Level 1:colcon.colcon_core.package_identification:_identify(docker_ros2/compose) by extension 'colcon_pkg'
[0.287s] Level 1:colcon.colcon_core.package_identification:_identify(docker_ros2/compose) by extensions ['colcon_meta']
[0.287s] Level 1:colcon.colcon_core.package_identification:_identify(docker_ros2/compose) by extension 'colcon_meta'
[0.287s] Level 1:colcon.colcon_core.package_identification:_identify(docker_ros2/compose) by extensions ['ros']
[0.287s] Level 1:colcon.colcon_core.package_identification:_identify(docker_ros2/compose) by extension 'ros'
[0.287s] Level 1:colcon.colcon_core.package_identification:_identify(docker_ros2/compose) by extensions ['cmake', 'python']
[0.287s] Level 1:colcon.colcon_core.package_identification:_identify(docker_ros2/compose) by extension 'cmake'
[0.287s] Level 1:colcon.colcon_core.package_identification:_identify(docker_ros2/compose) by extension 'python'
[0.287s] Level 1:colcon.colcon_core.package_identification:_identify(docker_ros2/compose) by extensions ['python_setup_py']
[0.287s] Level 1:colcon.colcon_core.package_identification:_identify(docker_ros2/compose) by extension 'python_setup_py'
[0.287s] Level 1:colcon.colcon_core.package_identification:_identify(docker_ros2/compose/config) by extensions ['ignore', 'ignore_ament_install']
[0.287s] Level 1:colcon.colcon_core.package_identification:_identify(docker_ros2/compose/config) by extension 'ignore'
[0.287s] Level 1:colcon.colcon_core.package_identification:_identify(docker_ros2/compose/config) by extension 'ignore_ament_install'
[0.287s] Level 1:colcon.colcon_core.package_identification:_identify(docker_ros2/compose/config) by extensions ['colcon_pkg']
[0.287s] Level 1:colcon.colcon_core.package_identification:_identify(docker_ros2/compose/config) by extension 'colcon_pkg'
[0.287s] Level 1:colcon.colcon_core.package_identification:_identify(docker_ros2/compose/config) by extensions ['colcon_meta']
[0.287s] Level 1:colcon.colcon_core.package_identification:_identify(docker_ros2/compose/config) by extension 'colcon_meta'
[0.287s] Level 1:colcon.colcon_core.package_identification:_identify(docker_ros2/compose/config) by extensions ['ros']
[0.288s] Level 1:colcon.colcon_core.package_identification:_identify(docker_ros2/compose/config) by extension 'ros'
[0.288s] Level 1:colcon.colcon_core.package_identification:_identify(docker_ros2/compose/config) by extensions ['cmake', 'python']
[0.288s] Level 1:colcon.colcon_core.package_identification:_identify(docker_ros2/compose/config) by extension 'cmake'
[0.288s] Level 1:colcon.colcon_core.package_identification:_identify(docker_ros2/compose/config) by extension 'python'
[0.288s] Level 1:colcon.colcon_core.package_identification:_identify(docker_ros2/compose/config) by extensions ['python_setup_py']
[0.288s] Level 1:colcon.colcon_core.package_identification:_identify(docker_ros2/compose/config) by extension 'python_setup_py'
[0.288s] Level 1:colcon.colcon_core.package_identification:_identify(docker_ros2/compose/config/pip) by extensions ['ignore', 'ignore_ament_install']
[0.288s] Level 1:colcon.colcon_core.package_identification:_identify(docker_ros2/compose/config/pip) by extension 'ignore'
[0.288s] Level 1:colcon.colcon_core.package_identification:_identify(docker_ros2/compose/config/pip) by extension 'ignore_ament_install'
[0.288s] Level 1:colcon.colcon_core.package_identification:_identify(docker_ros2/compose/config/pip) by extensions ['colcon_pkg']
[0.288s] Level 1:colcon.colcon_core.package_identification:_identify(docker_ros2/compose/config/pip) by extension 'colcon_pkg'
[0.288s] Level 1:colcon.colcon_core.package_identification:_identify(docker_ros2/compose/config/pip) by extensions ['colcon_meta']
[0.288s] Level 1:colcon.colcon_core.package_identification:_identify(docker_ros2/compose/config/pip) by extension 'colcon_meta'
[0.288s] Level 1:colcon.colcon_core.package_identification:_identify(docker_ros2/compose/config/pip) by extensions ['ros']
[0.288s] Level 1:colcon.colcon_core.package_identification:_identify(docker_ros2/compose/config/pip) by extension 'ros'
[0.288s] Level 1:colcon.colcon_core.package_identification:_identify(docker_ros2/compose/config/pip) by extensions ['cmake', 'python']
[0.288s] Level 1:colcon.colcon_core.package_identification:_identify(docker_ros2/compose/config/pip) by extension 'cmake'
[0.288s] Level 1:colcon.colcon_core.package_identification:_identify(docker_ros2/compose/config/pip) by extension 'python'
[0.289s] Level 1:colcon.colcon_core.package_identification:_identify(docker_ros2/compose/config/pip) by extensions ['python_setup_py']
[0.289s] Level 1:colcon.colcon_core.package_identification:_identify(docker_ros2/compose/config/pip) by extension 'python_setup_py'
[0.289s] Level 1:colcon.colcon_core.package_identification:_identify(docker_ros2/compose/config/shell) by extensions ['ignore', 'ignore_ament_install']
[0.289s] Level 1:colcon.colcon_core.package_identification:_identify(docker_ros2/compose/config/shell) by extension 'ignore'
[0.289s] Level 1:colcon.colcon_core.package_identification:_identify(docker_ros2/compose/config/shell) by extension 'ignore_ament_install'
[0.289s] Level 1:colcon.colcon_core.package_identification:_identify(docker_ros2/compose/config/shell) by extensions ['colcon_pkg']
[0.289s] Level 1:colcon.colcon_core.package_identification:_identify(docker_ros2/compose/config/shell) by extension 'colcon_pkg'
[0.289s] Level 1:colcon.colcon_core.package_identification:_identify(docker_ros2/compose/config/shell) by extensions ['colcon_meta']
[0.289s] Level 1:colcon.colcon_core.package_identification:_identify(docker_ros2/compose/config/shell) by extension 'colcon_meta'
[0.289s] Level 1:colcon.colcon_core.package_identification:_identify(docker_ros2/compose/config/shell) by extensions ['ros']
[0.289s] Level 1:colcon.colcon_core.package_identification:_identify(docker_ros2/compose/config/shell) by extension 'ros'
[0.289s] Level 1:colcon.colcon_core.package_identification:_identify(docker_ros2/compose/config/shell) by extensions ['cmake', 'python']
[0.289s] Level 1:colcon.colcon_core.package_identification:_identify(docker_ros2/compose/config/shell) by extension 'cmake'
[0.289s] Level 1:colcon.colcon_core.package_identification:_identify(docker_ros2/compose/config/shell) by extension 'python'
[0.289s] Level 1:colcon.colcon_core.package_identification:_identify(docker_ros2/compose/config/shell) by extensions ['python_setup_py']
[0.289s] Level 1:colcon.colcon_core.package_identification:_identify(docker_ros2/compose/config/shell) by extension 'python_setup_py'
[0.289s] Level 1:colcon.colcon_core.package_identification:_identify(docker_ros2/compose/config/shell/terminator) by extensions ['ignore', 'ignore_ament_install']
[0.290s] Level 1:colcon.colcon_core.package_identification:_identify(docker_ros2/compose/config/shell/terminator) by extension 'ignore'
[0.290s] Level 1:colcon.colcon_core.package_identification:_identify(docker_ros2/compose/config/shell/terminator) by extension 'ignore_ament_install'
[0.290s] Level 1:colcon.colcon_core.package_identification:_identify(docker_ros2/compose/config/shell/terminator) by extensions ['colcon_pkg']
[0.290s] Level 1:colcon.colcon_core.package_identification:_identify(docker_ros2/compose/config/shell/terminator) by extension 'colcon_pkg'
[0.290s] Level 1:colcon.colcon_core.package_identification:_identify(docker_ros2/compose/config/shell/terminator) by extensions ['colcon_meta']
[0.290s] Level 1:colcon.colcon_core.package_identification:_identify(docker_ros2/compose/config/shell/terminator) by extension 'colcon_meta'
[0.290s] Level 1:colcon.colcon_core.package_identification:_identify(docker_ros2/compose/config/shell/terminator) by extensions ['ros']
[0.290s] Level 1:colcon.colcon_core.package_identification:_identify(docker_ros2/compose/config/shell/terminator) by extension 'ros'
[0.290s] Level 1:colcon.colcon_core.package_identification:_identify(docker_ros2/compose/config/shell/terminator) by extensions ['cmake', 'python']
[0.290s] Level 1:colcon.colcon_core.package_identification:_identify(docker_ros2/compose/config/shell/terminator) by extension 'cmake'
[0.290s] Level 1:colcon.colcon_core.package_identification:_identify(docker_ros2/compose/config/shell/terminator) by extension 'python'
[0.290s] Level 1:colcon.colcon_core.package_identification:_identify(docker_ros2/compose/config/shell/terminator) by extensions ['python_setup_py']
[0.290s] Level 1:colcon.colcon_core.package_identification:_identify(docker_ros2/compose/config/shell/terminator) by extension 'python_setup_py'
[0.290s] Level 1:colcon.colcon_core.package_identification:_identify(docker_ros2/compose/config/shell/tmux) by extensions ['ignore', 'ignore_ament_install']
[0.290s] Level 1:colcon.colcon_core.package_identification:_identify(docker_ros2/compose/config/shell/tmux) by extension 'ignore'
[0.290s] Level 1:colcon.colcon_core.package_identification:_identify(docker_ros2/compose/config/shell/tmux) by extension 'ignore_ament_install'
[0.291s] Level 1:colcon.colcon_core.package_identification:_identify(docker_ros2/compose/config/shell/tmux) by extensions ['colcon_pkg']
[0.291s] Level 1:colcon.colcon_core.package_identification:_identify(docker_ros2/compose/config/shell/tmux) by extension 'colcon_pkg'
[0.291s] Level 1:colcon.colcon_core.package_identification:_identify(docker_ros2/compose/config/shell/tmux) by extensions ['colcon_meta']
[0.291s] Level 1:colcon.colcon_core.package_identification:_identify(docker_ros2/compose/config/shell/tmux) by extension 'colcon_meta'
[0.291s] Level 1:colcon.colcon_core.package_identification:_identify(docker_ros2/compose/config/shell/tmux) by extensions ['ros']
[0.291s] Level 1:colcon.colcon_core.package_identification:_identify(docker_ros2/compose/config/shell/tmux) by extension 'ros'
[0.291s] Level 1:colcon.colcon_core.package_identification:_identify(docker_ros2/compose/config/shell/tmux) by extensions ['cmake', 'python']
[0.291s] Level 1:colcon.colcon_core.package_identification:_identify(docker_ros2/compose/config/shell/tmux) by extension 'cmake'
[0.291s] Level 1:colcon.colcon_core.package_identification:_identify(docker_ros2/compose/config/shell/tmux) by extension 'python'
[0.291s] Level 1:colcon.colcon_core.package_identification:_identify(docker_ros2/compose/config/shell/tmux) by extensions ['python_setup_py']
[0.291s] Level 1:colcon.colcon_core.package_identification:_identify(docker_ros2/compose/config/shell/tmux) by extension 'python_setup_py'
[0.291s] Level 1:colcon.colcon_core.package_identification:_identify(docker_ros2/config) by extensions ['ignore', 'ignore_ament_install']
[0.291s] Level 1:colcon.colcon_core.package_identification:_identify(docker_ros2/config) by extension 'ignore'
[0.291s] Level 1:colcon.colcon_core.package_identification:_identify(docker_ros2/config) by extension 'ignore_ament_install'
[0.291s] Level 1:colcon.colcon_core.package_identification:_identify(docker_ros2/config) by extensions ['colcon_pkg']
[0.291s] Level 1:colcon.colcon_core.package_identification:_identify(docker_ros2/config) by extension 'colcon_pkg'
[0.291s] Level 1:colcon.colcon_core.package_identification:_identify(docker_ros2/config) by extensions ['colcon_meta']
[0.291s] Level 1:colcon.colcon_core.package_identification:_identify(docker_ros2/config) by extension 'colcon_meta'
[0.291s] Level 1:colcon.colcon_core.package_identification:_identify(docker_ros2/config) by extensions ['ros']
[0.291s] Level 1:colcon.colcon_core.package_identification:_identify(docker_ros2/config) by extension 'ros'
[0.292s] Level 1:colcon.colcon_core.package_identification:_identify(docker_ros2/config) by extensions ['cmake', 'python']
[0.292s] Level 1:colcon.colcon_core.package_identification:_identify(docker_ros2/config) by extension 'cmake'
[0.292s] Level 1:colcon.colcon_core.package_identification:_identify(docker_ros2/config) by extension 'python'
[0.292s] Level 1:colcon.colcon_core.package_identification:_identify(docker_ros2/config) by extensions ['python_setup_py']
[0.292s] Level 1:colcon.colcon_core.package_identification:_identify(docker_ros2/config) by extension 'python_setup_py'
[0.292s] Level 1:colcon.colcon_core.package_identification:_identify(docker_ros2/config/pip) by extensions ['ignore', 'ignore_ament_install']
[0.292s] Level 1:colcon.colcon_core.package_identification:_identify(docker_ros2/config/pip) by extension 'ignore'
[0.292s] Level 1:colcon.colcon_core.package_identification:_identify(docker_ros2/config/pip) by extension 'ignore_ament_install'
[0.292s] Level 1:colcon.colcon_core.package_identification:_identify(docker_ros2/config/pip) by extensions ['colcon_pkg']
[0.292s] Level 1:colcon.colcon_core.package_identification:_identify(docker_ros2/config/pip) by extension 'colcon_pkg'
[0.292s] Level 1:colcon.colcon_core.package_identification:_identify(docker_ros2/config/pip) by extensions ['colcon_meta']
[0.292s] Level 1:colcon.colcon_core.package_identification:_identify(docker_ros2/config/pip) by extension 'colcon_meta'
[0.292s] Level 1:colcon.colcon_core.package_identification:_identify(docker_ros2/config/pip) by extensions ['ros']
[0.292s] Level 1:colcon.colcon_core.package_identification:_identify(docker_ros2/config/pip) by extension 'ros'
[0.292s] Level 1:colcon.colcon_core.package_identification:_identify(docker_ros2/config/pip) by extensions ['cmake', 'python']
[0.292s] Level 1:colcon.colcon_core.package_identification:_identify(docker_ros2/config/pip) by extension 'cmake'
[0.292s] Level 1:colcon.colcon_core.package_identification:_identify(docker_ros2/config/pip) by extension 'python'
[0.292s] Level 1:colcon.colcon_core.package_identification:_identify(docker_ros2/config/pip) by extensions ['python_setup_py']
[0.292s] Level 1:colcon.colcon_core.package_identification:_identify(docker_ros2/config/pip) by extension 'python_setup_py'
[0.293s] Level 1:colcon.colcon_core.package_identification:_identify(docker_ros2/config/shell) by extensions ['ignore', 'ignore_ament_install']
[0.293s] Level 1:colcon.colcon_core.package_identification:_identify(docker_ros2/config/shell) by extension 'ignore'
[0.293s] Level 1:colcon.colcon_core.package_identification:_identify(docker_ros2/config/shell) by extension 'ignore_ament_install'
[0.293s] Level 1:colcon.colcon_core.package_identification:_identify(docker_ros2/config/shell) by extensions ['colcon_pkg']
[0.293s] Level 1:colcon.colcon_core.package_identification:_identify(docker_ros2/config/shell) by extension 'colcon_pkg'
[0.293s] Level 1:colcon.colcon_core.package_identification:_identify(docker_ros2/config/shell) by extensions ['colcon_meta']
[0.293s] Level 1:colcon.colcon_core.package_identification:_identify(docker_ros2/config/shell) by extension 'colcon_meta'
[0.293s] Level 1:colcon.colcon_core.package_identification:_identify(docker_ros2/config/shell) by extensions ['ros']
[0.293s] Level 1:colcon.colcon_core.package_identification:_identify(docker_ros2/config/shell) by extension 'ros'
[0.293s] Level 1:colcon.colcon_core.package_identification:_identify(docker_ros2/config/shell) by extensions ['cmake', 'python']
[0.293s] Level 1:colcon.colcon_core.package_identification:_identify(docker_ros2/config/shell) by extension 'cmake'
[0.293s] Level 1:colcon.colcon_core.package_identification:_identify(docker_ros2/config/shell) by extension 'python'
[0.293s] Level 1:colcon.colcon_core.package_identification:_identify(docker_ros2/config/shell) by extensions ['python_setup_py']
[0.293s] Level 1:colcon.colcon_core.package_identification:_identify(docker_ros2/config/shell) by extension 'python_setup_py'
[0.293s] Level 1:colcon.colcon_core.package_identification:_identify(docker_ros2/config/shell/terminator) by extensions ['ignore', 'ignore_ament_install']
[0.293s] Level 1:colcon.colcon_core.package_identification:_identify(docker_ros2/config/shell/terminator) by extension 'ignore'
[0.293s] Level 1:colcon.colcon_core.package_identification:_identify(docker_ros2/config/shell/terminator) by extension 'ignore_ament_install'
[0.294s] Level 1:colcon.colcon_core.package_identification:_identify(docker_ros2/config/shell/terminator) by extensions ['colcon_pkg']
[0.294s] Level 1:colcon.colcon_core.package_identification:_identify(docker_ros2/config/shell/terminator) by extension 'colcon_pkg'
[0.294s] Level 1:colcon.colcon_core.package_identification:_identify(docker_ros2/config/shell/terminator) by extensions ['colcon_meta']
[0.294s] Level 1:colcon.colcon_core.package_identification:_identify(docker_ros2/config/shell/terminator) by extension 'colcon_meta'
[0.294s] Level 1:colcon.colcon_core.package_identification:_identify(docker_ros2/config/shell/terminator) by extensions ['ros']
[0.294s] Level 1:colcon.colcon_core.package_identification:_identify(docker_ros2/config/shell/terminator) by extension 'ros'
[0.294s] Level 1:colcon.colcon_core.package_identification:_identify(docker_ros2/config/shell/terminator) by extensions ['cmake', 'python']
[0.294s] Level 1:colcon.colcon_core.package_identification:_identify(docker_ros2/config/shell/terminator) by extension 'cmake'
[0.294s] Level 1:colcon.colcon_core.package_identification:_identify(docker_ros2/config/shell/terminator) by extension 'python'
[0.294s] Level 1:colcon.colcon_core.package_identification:_identify(docker_ros2/config/shell/terminator) by extensions ['python_setup_py']
[0.294s] Level 1:colcon.colcon_core.package_identification:_identify(docker_ros2/config/shell/terminator) by extension 'python_setup_py'
[0.294s] Level 1:colcon.colcon_core.package_identification:_identify(docker_ros2/config/shell/tmux) by extensions ['ignore', 'ignore_ament_install']
[0.294s] Level 1:colcon.colcon_core.package_identification:_identify(docker_ros2/config/shell/tmux) by extension 'ignore'
[0.294s] Level 1:colcon.colcon_core.package_identification:_identify(docker_ros2/config/shell/tmux) by extension 'ignore_ament_install'
[0.294s] Level 1:colcon.colcon_core.package_identification:_identify(docker_ros2/config/shell/tmux) by extensions ['colcon_pkg']
[0.294s] Level 1:colcon.colcon_core.package_identification:_identify(docker_ros2/config/shell/tmux) by extension 'colcon_pkg'
[0.294s] Level 1:colcon.colcon_core.package_identification:_identify(docker_ros2/config/shell/tmux) by extensions ['colcon_meta']
[0.294s] Level 1:colcon.colcon_core.package_identification:_identify(docker_ros2/config/shell/tmux) by extension 'colcon_meta'
[0.295s] Level 1:colcon.colcon_core.package_identification:_identify(docker_ros2/config/shell/tmux) by extensions ['ros']
[0.295s] Level 1:colcon.colcon_core.package_identification:_identify(docker_ros2/config/shell/tmux) by extension 'ros'
[0.295s] Level 1:colcon.colcon_core.package_identification:_identify(docker_ros2/config/shell/tmux) by extensions ['cmake', 'python']
[0.295s] Level 1:colcon.colcon_core.package_identification:_identify(docker_ros2/config/shell/tmux) by extension 'cmake'
[0.295s] Level 1:colcon.colcon_core.package_identification:_identify(docker_ros2/config/shell/tmux) by extension 'python'
[0.295s] Level 1:colcon.colcon_core.package_identification:_identify(docker_ros2/config/shell/tmux) by extensions ['python_setup_py']
[0.295s] Level 1:colcon.colcon_core.package_identification:_identify(docker_ros2/config/shell/tmux) by extension 'python_setup_py'
[0.295s] Level 1:colcon.colcon_core.package_identification:_identify(install) by extensions ['ignore', 'ignore_ament_install']
[0.295s] Level 1:colcon.colcon_core.package_identification:_identify(install) by extension 'ignore'
[0.295s] Level 1:colcon.colcon_core.package_identification:_identify(install) ignored
[0.295s] Level 1:colcon.colcon_core.package_identification:_identify(libmodbus) by extensions ['ignore', 'ignore_ament_install']
[0.295s] Level 1:colcon.colcon_core.package_identification:_identify(libmodbus) by extension 'ignore'
[0.295s] Level 1:colcon.colcon_core.package_identification:_identify(libmodbus) by extension 'ignore_ament_install'
[0.295s] Level 1:colcon.colcon_core.package_identification:_identify(libmodbus) by extensions ['colcon_pkg']
[0.295s] Level 1:colcon.colcon_core.package_identification:_identify(libmodbus) by extension 'colcon_pkg'
[0.296s] Level 1:colcon.colcon_core.package_identification:_identify(libmodbus) by extensions ['colcon_meta']
[0.296s] Level 1:colcon.colcon_core.package_identification:_identify(libmodbus) by extension 'colcon_meta'
[0.296s] Level 1:colcon.colcon_core.package_identification:_identify(libmodbus) by extensions ['ros']
[0.296s] Level 1:colcon.colcon_core.package_identification:_identify(libmodbus) by extension 'ros'
[0.296s] Level 1:colcon.colcon_core.package_identification:_identify(libmodbus) by extensions ['cmake', 'python']
[0.296s] Level 1:colcon.colcon_core.package_identification:_identify(libmodbus) by extension 'cmake'
[0.296s] Level 1:colcon.colcon_core.package_identification:_identify(libmodbus) by extension 'python'
[0.296s] Level 1:colcon.colcon_core.package_identification:_identify(libmodbus) by extensions ['python_setup_py']
[0.296s] Level 1:colcon.colcon_core.package_identification:_identify(libmodbus) by extension 'python_setup_py'
[0.296s] Level 1:colcon.colcon_core.package_identification:_identify(libmodbus/build) by extensions ['ignore', 'ignore_ament_install']
[0.296s] Level 1:colcon.colcon_core.package_identification:_identify(libmodbus/build) by extension 'ignore'
[0.296s] Level 1:colcon.colcon_core.package_identification:_identify(libmodbus/build) ignored
[0.296s] Level 1:colcon.colcon_core.package_identification:_identify(libmodbus/doc) by extensions ['ignore', 'ignore_ament_install']
[0.296s] Level 1:colcon.colcon_core.package_identification:_identify(libmodbus/doc) by extension 'ignore'
[0.296s] Level 1:colcon.colcon_core.package_identification:_identify(libmodbus/doc) by extension 'ignore_ament_install'
[0.297s] Level 1:colcon.colcon_core.package_identification:_identify(libmodbus/doc) by extensions ['colcon_pkg']
[0.297s] Level 1:colcon.colcon_core.package_identification:_identify(libmodbus/doc) by extension 'colcon_pkg'
[0.297s] Level 1:colcon.colcon_core.package_identification:_identify(libmodbus/doc) by extensions ['colcon_meta']
[0.297s] Level 1:colcon.colcon_core.package_identification:_identify(libmodbus/doc) by extension 'colcon_meta'
[0.297s] Level 1:colcon.colcon_core.package_identification:_identify(libmodbus/doc) by extensions ['ros']
[0.297s] Level 1:colcon.colcon_core.package_identification:_identify(libmodbus/doc) by extension 'ros'
[0.297s] Level 1:colcon.colcon_core.package_identification:_identify(libmodbus/doc) by extensions ['cmake', 'python']
[0.297s] Level 1:colcon.colcon_core.package_identification:_identify(libmodbus/doc) by extension 'cmake'
[0.297s] Level 1:colcon.colcon_core.package_identification:_identify(libmodbus/doc) by extension 'python'
[0.297s] Level 1:colcon.colcon_core.package_identification:_identify(libmodbus/doc) by extensions ['python_setup_py']
[0.297s] Level 1:colcon.colcon_core.package_identification:_identify(libmodbus/doc) by extension 'python_setup_py'
[0.297s] Level 1:colcon.colcon_core.package_identification:_identify(libmodbus/install) by extensions ['ignore', 'ignore_ament_install']
[0.297s] Level 1:colcon.colcon_core.package_identification:_identify(libmodbus/install) by extension 'ignore'
[0.297s] Level 1:colcon.colcon_core.package_identification:_identify(libmodbus/install) ignored
[0.297s] Level 1:colcon.colcon_core.package_identification:_identify(libmodbus/log) by extensions ['ignore', 'ignore_ament_install']
[0.297s] Level 1:colcon.colcon_core.package_identification:_identify(libmodbus/log) by extension 'ignore'
[0.297s] Level 1:colcon.colcon_core.package_identification:_identify(libmodbus/log) ignored
[0.298s] Level 1:colcon.colcon_core.package_identification:_identify(libmodbus/m4) by extensions ['ignore', 'ignore_ament_install']
[0.298s] Level 1:colcon.colcon_core.package_identification:_identify(libmodbus/m4) by extension 'ignore'
[0.298s] Level 1:colcon.colcon_core.package_identification:_identify(libmodbus/m4) by extension 'ignore_ament_install'
[0.298s] Level 1:colcon.colcon_core.package_identification:_identify(libmodbus/m4) by extensions ['colcon_pkg']
[0.298s] Level 1:colcon.colcon_core.package_identification:_identify(libmodbus/m4) by extension 'colcon_pkg'
[0.298s] Level 1:colcon.colcon_core.package_identification:_identify(libmodbus/m4) by extensions ['colcon_meta']
[0.298s] Level 1:colcon.colcon_core.package_identification:_identify(libmodbus/m4) by extension 'colcon_meta'
[0.298s] Level 1:colcon.colcon_core.package_identification:_identify(libmodbus/m4) by extensions ['ros']
[0.298s] Level 1:colcon.colcon_core.package_identification:_identify(libmodbus/m4) by extension 'ros'
[0.298s] Level 1:colcon.colcon_core.package_identification:_identify(libmodbus/m4) by extensions ['cmake', 'python']
[0.298s] Level 1:colcon.colcon_core.package_identification:_identify(libmodbus/m4) by extension 'cmake'
[0.298s] Level 1:colcon.colcon_core.package_identification:_identify(libmodbus/m4) by extension 'python'
[0.298s] Level 1:colcon.colcon_core.package_identification:_identify(libmodbus/m4) by extensions ['python_setup_py']
[0.298s] Level 1:colcon.colcon_core.package_identification:_identify(libmodbus/m4) by extension 'python_setup_py'
[0.298s] Level 1:colcon.colcon_core.package_identification:_identify(libmodbus/src) by extensions ['ignore', 'ignore_ament_install']
[0.298s] Level 1:colcon.colcon_core.package_identification:_identify(libmodbus/src) by extension 'ignore'
[0.298s] Level 1:colcon.colcon_core.package_identification:_identify(libmodbus/src) by extension 'ignore_ament_install'
[0.299s] Level 1:colcon.colcon_core.package_identification:_identify(libmodbus/src) by extensions ['colcon_pkg']
[0.299s] Level 1:colcon.colcon_core.package_identification:_identify(libmodbus/src) by extension 'colcon_pkg'
[0.299s] Level 1:colcon.colcon_core.package_identification:_identify(libmodbus/src) by extensions ['colcon_meta']
[0.299s] Level 1:colcon.colcon_core.package_identification:_identify(libmodbus/src) by extension 'colcon_meta'
[0.299s] Level 1:colcon.colcon_core.package_identification:_identify(libmodbus/src) by extensions ['ros']
[0.299s] Level 1:colcon.colcon_core.package_identification:_identify(libmodbus/src) by extension 'ros'
[0.299s] Level 1:colcon.colcon_core.package_identification:_identify(libmodbus/src) by extensions ['cmake', 'python']
[0.299s] Level 1:colcon.colcon_core.package_identification:_identify(libmodbus/src) by extension 'cmake'
[0.299s] Level 1:colcon.colcon_core.package_identification:_identify(libmodbus/src) by extension 'python'
[0.299s] Level 1:colcon.colcon_core.package_identification:_identify(libmodbus/src) by extensions ['python_setup_py']
[0.299s] Level 1:colcon.colcon_core.package_identification:_identify(libmodbus/src) by extension 'python_setup_py'
[0.299s] Level 1:colcon.colcon_core.package_identification:_identify(libmodbus/src/win32) by extensions ['ignore', 'ignore_ament_install']
[0.299s] Level 1:colcon.colcon_core.package_identification:_identify(libmodbus/src/win32) by extension 'ignore'
[0.299s] Level 1:colcon.colcon_core.package_identification:_identify(libmodbus/src/win32) by extension 'ignore_ament_install'
[0.299s] Level 1:colcon.colcon_core.package_identification:_identify(libmodbus/src/win32) by extensions ['colcon_pkg']
[0.299s] Level 1:colcon.colcon_core.package_identification:_identify(libmodbus/src/win32) by extension 'colcon_pkg'
[0.299s] Level 1:colcon.colcon_core.package_identification:_identify(libmodbus/src/win32) by extensions ['colcon_meta']
[0.299s] Level 1:colcon.colcon_core.package_identification:_identify(libmodbus/src/win32) by extension 'colcon_meta'
[0.300s] Level 1:colcon.colcon_core.package_identification:_identify(libmodbus/src/win32) by extensions ['ros']
[0.300s] Level 1:colcon.colcon_core.package_identification:_identify(libmodbus/src/win32) by extension 'ros'
[0.300s] Level 1:colcon.colcon_core.package_identification:_identify(libmodbus/src/win32) by extensions ['cmake', 'python']
[0.300s] Level 1:colcon.colcon_core.package_identification:_identify(libmodbus/src/win32) by extension 'cmake'
[0.300s] Level 1:colcon.colcon_core.package_identification:_identify(libmodbus/src/win32) by extension 'python'
[0.300s] Level 1:colcon.colcon_core.package_identification:_identify(libmodbus/src/win32) by extensions ['python_setup_py']
[0.300s] Level 1:colcon.colcon_core.package_identification:_identify(libmodbus/src/win32) by extension 'python_setup_py'
[0.300s] Level 1:colcon.colcon_core.package_identification:_identify(libmodbus/tests) by extensions ['ignore', 'ignore_ament_install']
[0.300s] Level 1:colcon.colcon_core.package_identification:_identify(libmodbus/tests) by extension 'ignore'
[0.300s] Level 1:colcon.colcon_core.package_identification:_identify(libmodbus/tests) by extension 'ignore_ament_install'
[0.300s] Level 1:colcon.colcon_core.package_identification:_identify(libmodbus/tests) by extensions ['colcon_pkg']
[0.300s] Level 1:colcon.colcon_core.package_identification:_identify(libmodbus/tests) by extension 'colcon_pkg'
[0.300s] Level 1:colcon.colcon_core.package_identification:_identify(libmodbus/tests) by extensions ['colcon_meta']
[0.300s] Level 1:colcon.colcon_core.package_identification:_identify(libmodbus/tests) by extension 'colcon_meta'
[0.300s] Level 1:colcon.colcon_core.package_identification:_identify(libmodbus/tests) by extensions ['ros']
[0.300s] Level 1:colcon.colcon_core.package_identification:_identify(libmodbus/tests) by extension 'ros'
[0.300s] Level 1:colcon.colcon_core.package_identification:_identify(libmodbus/tests) by extensions ['cmake', 'python']
[0.300s] Level 1:colcon.colcon_core.package_identification:_identify(libmodbus/tests) by extension 'cmake'
[0.300s] Level 1:colcon.colcon_core.package_identification:_identify(libmodbus/tests) by extension 'python'
[0.300s] Level 1:colcon.colcon_core.package_identification:_identify(libmodbus/tests) by extensions ['python_setup_py']
[0.301s] Level 1:colcon.colcon_core.package_identification:_identify(libmodbus/tests) by extension 'python_setup_py'
[0.301s] Level 1:colcon.colcon_core.package_identification:_identify(log) by extensions ['ignore', 'ignore_ament_install']
[0.301s] Level 1:colcon.colcon_core.package_identification:_identify(log) by extension 'ignore'
[0.301s] Level 1:colcon.colcon_core.package_identification:_identify(log) ignored
[0.301s] Level 1:colcon.colcon_core.package_identification:_identify(src) by extensions ['ignore', 'ignore_ament_install']
[0.301s] Level 1:colcon.colcon_core.package_identification:_identify(src) by extension 'ignore'
[0.301s] Level 1:colcon.colcon_core.package_identification:_identify(src) by extension 'ignore_ament_install'
[0.301s] Level 1:colcon.colcon_core.package_identification:_identify(src) by extensions ['colcon_pkg']
[0.301s] Level 1:colcon.colcon_core.package_identification:_identify(src) by extension 'colcon_pkg'
[0.301s] Level 1:colcon.colcon_core.package_identification:_identify(src) by extensions ['colcon_meta']
[0.301s] Level 1:colcon.colcon_core.package_identification:_identify(src) by extension 'colcon_meta'
[0.301s] Level 1:colcon.colcon_core.package_identification:_identify(src) by extensions ['ros']
[0.301s] Level 1:colcon.colcon_core.package_identification:_identify(src) by extension 'ros'
[0.301s] Level 1:colcon.colcon_core.package_identification:_identify(src) by extensions ['cmake', 'python']
[0.301s] Level 1:colcon.colcon_core.package_identification:_identify(src) by extension 'cmake'
[0.301s] Level 1:colcon.colcon_core.package_identification:_identify(src) by extension 'python'
[0.301s] Level 1:colcon.colcon_core.package_identification:_identify(src) by extensions ['python_setup_py']
[0.302s] Level 1:colcon.colcon_core.package_identification:_identify(src) by extension 'python_setup_py'
[0.302s] Level 1:colcon.colcon_core.package_identification:_identify(src/interface) by extensions ['ignore', 'ignore_ament_install']
[0.302s] Level 1:colcon.colcon_core.package_identification:_identify(src/interface) by extension 'ignore'
[0.302s] Level 1:colcon.colcon_core.package_identification:_identify(src/interface) by extension 'ignore_ament_install'
[0.302s] Level 1:colcon.colcon_core.package_identification:_identify(src/interface) by extensions ['colcon_pkg']
[0.302s] Level 1:colcon.colcon_core.package_identification:_identify(src/interface) by extension 'colcon_pkg'
[0.302s] Level 1:colcon.colcon_core.package_identification:_identify(src/interface) by extensions ['colcon_meta']
[0.302s] Level 1:colcon.colcon_core.package_identification:_identify(src/interface) by extension 'colcon_meta'
[0.302s] Level 1:colcon.colcon_core.package_identification:_identify(src/interface) by extensions ['ros']
[0.302s] Level 1:colcon.colcon_core.package_identification:_identify(src/interface) by extension 'ros'
[0.304s] DEBUG:colcon.colcon_core.package_identification:Package 'src/interface' with type 'ros.ament_cmake' and name 'interface'
[0.305s] Level 1:colcon.colcon_core.package_identification:_identify(src/keyboard_control) by extensions ['ignore', 'ignore_ament_install']
[0.305s] Level 1:colcon.colcon_core.package_identification:_identify(src/keyboard_control) by extension 'ignore'
[0.305s] Level 1:colcon.colcon_core.package_identification:_identify(src/keyboard_control) by extension 'ignore_ament_install'
[0.305s] Level 1:colcon.colcon_core.package_identification:_identify(src/keyboard_control) by extensions ['colcon_pkg']
[0.305s] Level 1:colcon.colcon_core.package_identification:_identify(src/keyboard_control) by extension 'colcon_pkg'
[0.305s] Level 1:colcon.colcon_core.package_identification:_identify(src/keyboard_control) by extensions ['colcon_meta']
[0.305s] Level 1:colcon.colcon_core.package_identification:_identify(src/keyboard_control) by extension 'colcon_meta'
[0.305s] Level 1:colcon.colcon_core.package_identification:_identify(src/keyboard_control) by extensions ['ros']
[0.305s] Level 1:colcon.colcon_core.package_identification:_identify(src/keyboard_control) by extension 'ros'
[0.306s] DEBUG:colcon.colcon_core.package_identification:Package 'src/keyboard_control' with type 'ros.ament_cmake' and name 'keyboard_control'
[0.306s] Level 1:colcon.colcon_core.package_identification:_identify(src/linear_move) by extensions ['ignore', 'ignore_ament_install']
[0.306s] Level 1:colcon.colcon_core.package_identification:_identify(src/linear_move) by extension 'ignore'
[0.306s] Level 1:colcon.colcon_core.package_identification:_identify(src/linear_move) by extension 'ignore_ament_install'
[0.306s] Level 1:colcon.colcon_core.package_identification:_identify(src/linear_move) by extensions ['colcon_pkg']
[0.306s] Level 1:colcon.colcon_core.package_identification:_identify(src/linear_move) by extension 'colcon_pkg'
[0.306s] Level 1:colcon.colcon_core.package_identification:_identify(src/linear_move) by extensions ['colcon_meta']
[0.306s] Level 1:colcon.colcon_core.package_identification:_identify(src/linear_move) by extension 'colcon_meta'
[0.306s] Level 1:colcon.colcon_core.package_identification:_identify(src/linear_move) by extensions ['ros']
[0.306s] Level 1:colcon.colcon_core.package_identification:_identify(src/linear_move) by extension 'ros'
[0.307s] DEBUG:colcon.colcon_core.package_identification:Package 'src/linear_move' with type 'ros.ament_cmake' and name 'linear_move'
[0.307s] Level 1:colcon.colcon_core.package_identification:_identify(src/mecanum) by extensions ['ignore', 'ignore_ament_install']
[0.307s] Level 1:colcon.colcon_core.package_identification:_identify(src/mecanum) by extension 'ignore'
[0.307s] Level 1:colcon.colcon_core.package_identification:_identify(src/mecanum) by extension 'ignore_ament_install'
[0.307s] Level 1:colcon.colcon_core.package_identification:_identify(src/mecanum) by extensions ['colcon_pkg']
[0.307s] Level 1:colcon.colcon_core.package_identification:_identify(src/mecanum) by extension 'colcon_pkg'
[0.308s] Level 1:colcon.colcon_core.package_identification:_identify(src/mecanum) by extensions ['colcon_meta']
[0.308s] Level 1:colcon.colcon_core.package_identification:_identify(src/mecanum) by extension 'colcon_meta'
[0.308s] Level 1:colcon.colcon_core.package_identification:_identify(src/mecanum) by extensions ['ros']
[0.308s] Level 1:colcon.colcon_core.package_identification:_identify(src/mecanum) by extension 'ros'
[0.308s] DEBUG:colcon.colcon_core.package_identification:Package 'src/mecanum' with type 'ros.ament_cmake' and name 'mecanum'
[0.308s] Level 1:colcon.colcon_core.package_discovery:discover_packages(recursive) using defaults
[0.308s] Level 1:colcon.colcon_core.package_discovery:discover_packages(ignore) discover
[0.308s] Level 1:colcon.colcon_core.package_discovery:discover_packages(ignore) using defaults
[0.309s] Level 1:colcon.colcon_core.package_discovery:discover_packages(path) discover
[0.309s] Level 1:colcon.colcon_core.package_discovery:discover_packages(path) using defaults
[0.339s] Level 1:colcon.colcon_core.package_discovery:discover_packages(prefix_path) check parameters
[0.340s] Level 1:colcon.colcon_core.package_discovery:discover_packages(prefix_path) discover
[0.342s] DEBUG:colcon.colcon_installed_package_information.package_discovery:Found 5 installed packages in /home/iclab/work/install
[0.344s] DEBUG:colcon.colcon_installed_package_information.package_discovery:Found 272 installed packages in /opt/ros/humble
[0.346s] Level 1:colcon.colcon_core.package_discovery:discover_packages(prefix_path) using defaults
[0.389s] Level 5:colcon.colcon_core.verb:set package 'interface' build argument 'cmake_args' from command line to 'None'
[0.389s] Level 5:colcon.colcon_core.verb:set package 'interface' build argument 'cmake_target' from command line to 'None'
[0.389s] Level 5:colcon.colcon_core.verb:set package 'interface' build argument 'cmake_target_skip_unavailable' from command line to 'False'
[0.389s] Level 5:colcon.colcon_core.verb:set package 'interface' build argument 'cmake_clean_cache' from command line to 'False'
[0.389s] Level 5:colcon.colcon_core.verb:set package 'interface' build argument 'cmake_clean_first' from command line to 'False'
[0.389s] Level 5:colcon.colcon_core.verb:set package 'interface' build argument 'cmake_force_configure' from command line to 'False'
[0.389s] Level 5:colcon.colcon_core.verb:set package 'interface' build argument 'ament_cmake_args' from command line to 'None'
[0.389s] Level 5:colcon.colcon_core.verb:set package 'interface' build argument 'catkin_cmake_args' from command line to 'None'
[0.389s] Level 5:colcon.colcon_core.verb:set package 'interface' build argument 'catkin_skip_building_tests' from command line to 'False'
[0.389s] DEBUG:colcon.colcon_core.verb:Building package 'interface' with the following arguments: {'ament_cmake_args': None, 'build_base': '/home/iclab/work/build/interface', 'catkin_cmake_args': None, 'catkin_skip_building_tests': False, 'cmake_args': None, 'cmake_clean_cache': False, 'cmake_clean_first': False, 'cmake_force_configure': False, 'cmake_target': None, 'cmake_target_skip_unavailable': False, 'install_base': '/home/iclab/work/install/interface', 'merge_install': False, 'path': '/home/iclab/work/src/interface', 'symlink_install': False, 'test_result_base': None}
[0.390s] Level 5:colcon.colcon_core.verb:set package 'keyboard_control' build argument 'cmake_args' from command line to 'None'
[0.390s] Level 5:colcon.colcon_core.verb:set package 'keyboard_control' build argument 'cmake_target' from command line to 'None'
[0.390s] Level 5:colcon.colcon_core.verb:set package 'keyboard_control' build argument 'cmake_target_skip_unavailable' from command line to 'False'
[0.390s] Level 5:colcon.colcon_core.verb:set package 'keyboard_control' build argument 'cmake_clean_cache' from command line to 'False'
[0.390s] Level 5:colcon.colcon_core.verb:set package 'keyboard_control' build argument 'cmake_clean_first' from command line to 'False'
[0.390s] Level 5:colcon.colcon_core.verb:set package 'keyboard_control' build argument 'cmake_force_configure' from command line to 'False'
[0.390s] Level 5:colcon.colcon_core.verb:set package 'keyboard_control' build argument 'ament_cmake_args' from command line to 'None'
[0.390s] Level 5:colcon.colcon_core.verb:set package 'keyboard_control' build argument 'catkin_cmake_args' from command line to 'None'
[0.390s] Level 5:colcon.colcon_core.verb:set package 'keyboard_control' build argument 'catkin_skip_building_tests' from command line to 'False'
[0.390s] DEBUG:colcon.colcon_core.verb:Building package 'keyboard_control' with the following arguments: {'ament_cmake_args': None, 'build_base': '/home/iclab/work/build/keyboard_control', 'catkin_cmake_args': None, 'catkin_skip_building_tests': False, 'cmake_args': None, 'cmake_clean_cache': False, 'cmake_clean_first': False, 'cmake_force_configure': False, 'cmake_target': None, 'cmake_target_skip_unavailable': False, 'install_base': '/home/iclab/work/install/keyboard_control', 'merge_install': False, 'path': '/home/iclab/work/src/keyboard_control', 'symlink_install': False, 'test_result_base': None}
[0.390s] Level 5:colcon.colcon_core.verb:set package 'linear_move' build argument 'cmake_args' from command line to 'None'
[0.390s] Level 5:colcon.colcon_core.verb:set package 'linear_move' build argument 'cmake_target' from command line to 'None'
[0.390s] Level 5:colcon.colcon_core.verb:set package 'linear_move' build argument 'cmake_target_skip_unavailable' from command line to 'False'
[0.391s] Level 5:colcon.colcon_core.verb:set package 'linear_move' build argument 'cmake_clean_cache' from command line to 'False'
[0.391s] Level 5:colcon.colcon_core.verb:set package 'linear_move' build argument 'cmake_clean_first' from command line to 'False'
[0.391s] Level 5:colcon.colcon_core.verb:set package 'linear_move' build argument 'cmake_force_configure' from command line to 'False'
[0.391s] Level 5:colcon.colcon_core.verb:set package 'linear_move' build argument 'ament_cmake_args' from command line to 'None'
[0.391s] Level 5:colcon.colcon_core.verb:set package 'linear_move' build argument 'catkin_cmake_args' from command line to 'None'
[0.391s] Level 5:colcon.colcon_core.verb:set package 'linear_move' build argument 'catkin_skip_building_tests' from command line to 'False'
[0.391s] DEBUG:colcon.colcon_core.verb:Building package 'linear_move' with the following arguments: {'ament_cmake_args': None, 'build_base': '/home/iclab/work/build/linear_move', 'catkin_cmake_args': None, 'catkin_skip_building_tests': False, 'cmake_args': None, 'cmake_clean_cache': False, 'cmake_clean_first': False, 'cmake_force_configure': False, 'cmake_target': None, 'cmake_target_skip_unavailable': False, 'install_base': '/home/iclab/work/install/linear_move', 'merge_install': False, 'path': '/home/iclab/work/src/linear_move', 'symlink_install': False, 'test_result_base': None}
[0.391s] Level 5:colcon.colcon_core.verb:set package 'mecanum' build argument 'cmake_args' from command line to 'None'
[0.391s] Level 5:colcon.colcon_core.verb:set package 'mecanum' build argument 'cmake_target' from command line to 'None'
[0.391s] Level 5:colcon.colcon_core.verb:set package 'mecanum' build argument 'cmake_target_skip_unavailable' from command line to 'False'
[0.391s] Level 5:colcon.colcon_core.verb:set package 'mecanum' build argument 'cmake_clean_cache' from command line to 'False'
[0.391s] Level 5:colcon.colcon_core.verb:set package 'mecanum' build argument 'cmake_clean_first' from command line to 'False'
[0.391s] Level 5:colcon.colcon_core.verb:set package 'mecanum' build argument 'cmake_force_configure' from command line to 'False'
[0.391s] Level 5:colcon.colcon_core.verb:set package 'mecanum' build argument 'ament_cmake_args' from command line to 'None'
[0.391s] Level 5:colcon.colcon_core.verb:set package 'mecanum' build argument 'catkin_cmake_args' from command line to 'None'
[0.391s] Level 5:colcon.colcon_core.verb:set package 'mecanum' build argument 'catkin_skip_building_tests' from command line to 'False'
[0.391s] DEBUG:colcon.colcon_core.verb:Building package 'mecanum' with the following arguments: {'ament_cmake_args': None, 'build_base': '/home/iclab/work/build/mecanum', 'catkin_cmake_args': None, 'catkin_skip_building_tests': False, 'cmake_args': None, 'cmake_clean_cache': False, 'cmake_clean_first': False, 'cmake_force_configure': False, 'cmake_target': None, 'cmake_target_skip_unavailable': False, 'install_base': '/home/iclab/work/install/mecanum', 'merge_install': False, 'path': '/home/iclab/work/src/mecanum', 'symlink_install': False, 'test_result_base': None}
[0.391s] INFO:colcon.colcon_core.executor:Executing jobs using 'parallel' executor
[0.393s] DEBUG:colcon.colcon_parallel_executor.executor.parallel:run_until_complete
[0.393s] INFO:colcon.colcon_ros.task.ament_cmake.build:Building ROS package in '/home/iclab/work/src/interface' with build type 'ament_cmake'
[0.393s] INFO:colcon.colcon_cmake.task.cmake.build:Building CMake package in '/home/iclab/work/src/interface'
[0.395s] INFO:colcon.colcon_core.plugin_system:Skipping extension 'colcon_core.shell.bat': Not used on non-Windows systems
[0.396s] INFO:colcon.colcon_core.shell:Skip shell extension 'powershell' for command environment: Not usable outside of PowerShell
[0.396s] DEBUG:colcon.colcon_core.shell:Skip shell extension 'dsv' for command environment
[0.400s] INFO:colcon.colcon_ros.task.ament_cmake.build:Building ROS package in '/home/iclab/work/src/keyboard_control' with build type 'ament_cmake'
[0.400s] INFO:colcon.colcon_cmake.task.cmake.build:Building CMake package in '/home/iclab/work/src/keyboard_control'
[0.401s] INFO:colcon.colcon_core.shell:Skip shell extension 'powershell' for command environment: Not usable outside of PowerShell
[0.401s] DEBUG:colcon.colcon_core.shell:Skip shell extension 'dsv' for command environment
[0.405s] INFO:colcon.colcon_ros.task.ament_cmake.build:Building ROS package in '/home/iclab/work/src/linear_move' with build type 'ament_cmake'
[0.405s] INFO:colcon.colcon_cmake.task.cmake.build:Building CMake package in '/home/iclab/work/src/linear_move'
[0.405s] INFO:colcon.colcon_core.shell:Skip shell extension 'powershell' for command environment: Not usable outside of PowerShell
[0.405s] DEBUG:colcon.colcon_core.shell:Skip shell extension 'dsv' for command environment
[0.410s] INFO:colcon.colcon_ros.task.ament_cmake.build:Building ROS package in '/home/iclab/work/src/mecanum' with build type 'ament_cmake'
[0.411s] INFO:colcon.colcon_cmake.task.cmake.build:Building CMake package in '/home/iclab/work/src/mecanum'
[0.412s] INFO:colcon.colcon_core.shell:Skip shell extension 'powershell' for command environment: Not usable outside of PowerShell
[0.412s] DEBUG:colcon.colcon_core.shell:Skip shell extension 'dsv' for command environment
[0.421s] DEBUG:colcon.colcon_core.event_handler.log_command:Invoking command in '/home/iclab/work/build/interface': CMAKE_PREFIX_PATH=${CMAKE_PREFIX_PATH}:/opt/ros/humble /usr/bin/cmake --build /home/iclab/work/build/interface -- -j8 -l8
[0.425s] DEBUG:colcon.colcon_core.event_handler.log_command:Invoking command in '/home/iclab/work/build/keyboard_control': CMAKE_PREFIX_PATH=${CMAKE_PREFIX_PATH}:/opt/ros/humble /usr/bin/cmake --build /home/iclab/work/build/keyboard_control -- -j8 -l8
[0.430s] DEBUG:colcon.colcon_core.event_handler.log_command:Invoking command in '/home/iclab/work/build/linear_move': CMAKE_PREFIX_PATH=${CMAKE_PREFIX_PATH}:/opt/ros/humble /usr/bin/cmake --build /home/iclab/work/build/linear_move -- -j8 -l8
[0.435s] DEBUG:colcon.colcon_core.event_handler.log_command:Invoking command in '/home/iclab/work/build/mecanum': CMAKE_PREFIX_PATH=${CMAKE_PREFIX_PATH}:/opt/ros/humble /usr/bin/cmake --build /home/iclab/work/build/mecanum -- -j8 -l8
[0.528s] DEBUG:colcon.colcon_core.event_handler.log_command:Invoked command in '/home/iclab/work/build/keyboard_control' returned '0': CMAKE_PREFIX_PATH=${CMAKE_PREFIX_PATH}:/opt/ros/humble /usr/bin/cmake --build /home/iclab/work/build/keyboard_control -- -j8 -l8
[0.539s] DEBUG:colcon.colcon_core.event_handler.log_command:Invoking command in '/home/iclab/work/build/keyboard_control': CMAKE_PREFIX_PATH=${CMAKE_PREFIX_PATH}:/opt/ros/humble /usr/bin/cmake --install /home/iclab/work/build/keyboard_control
[0.541s] DEBUG:colcon.colcon_core.event_handler.log_command:Invoked command in '/home/iclab/work/build/linear_move' returned '0': CMAKE_PREFIX_PATH=${CMAKE_PREFIX_PATH}:/opt/ros/humble /usr/bin/cmake --build /home/iclab/work/build/linear_move -- -j8 -l8
[0.544s] DEBUG:colcon.colcon_core.event_handler.log_command:Invoking command in '/home/iclab/work/build/linear_move': CMAKE_PREFIX_PATH=${CMAKE_PREFIX_PATH}:/opt/ros/humble /usr/bin/cmake --install /home/iclab/work/build/linear_move
[0.545s] DEBUG:colcon.colcon_core.event_handler.log_command:Invoked command in '/home/iclab/work/build/mecanum' returned '0': CMAKE_PREFIX_PATH=${CMAKE_PREFIX_PATH}:/opt/ros/humble /usr/bin/cmake --build /home/iclab/work/build/mecanum -- -j8 -l8
[0.548s] DEBUG:colcon.colcon_core.event_handler.log_command:Invoking command in '/home/iclab/work/build/mecanum': CMAKE_PREFIX_PATH=${CMAKE_PREFIX_PATH}:/opt/ros/humble /usr/bin/cmake --install /home/iclab/work/build/mecanum
[0.552s] Level 1:colcon.colcon_core.environment:create_environment_scripts_only(keyboard_control)
[0.553s] DEBUG:colcon.colcon_core.event_handler.log_command:Invoked command in '/home/iclab/work/build/keyboard_control' returned '0': CMAKE_PREFIX_PATH=${CMAKE_PREFIX_PATH}:/opt/ros/humble /usr/bin/cmake --install /home/iclab/work/build/keyboard_control
[0.562s] Level 1:colcon.colcon_core.environment:checking '/home/iclab/work/install/keyboard_control' for CMake module files
[0.564s] Level 1:colcon.colcon_core.environment:checking '/home/iclab/work/install/keyboard_control' for CMake config files
[0.564s] Level 1:colcon.colcon_core.shell:create_environment_hook('keyboard_control', 'cmake_prefix_path')
[0.565s] INFO:colcon.colcon_core.shell:Creating environment hook '/home/iclab/work/install/keyboard_control/share/keyboard_control/hook/cmake_prefix_path.ps1'
[0.565s] INFO:colcon.colcon_core.shell:Creating environment descriptor '/home/iclab/work/install/keyboard_control/share/keyboard_control/hook/cmake_prefix_path.dsv'
[0.566s] INFO:colcon.colcon_core.shell:Creating environment hook '/home/iclab/work/install/keyboard_control/share/keyboard_control/hook/cmake_prefix_path.sh'
[0.567s] Level 1:colcon.colcon_core.environment:checking '/home/iclab/work/install/keyboard_control/lib'
[0.567s] Level 1:colcon.colcon_core.environment:checking '/home/iclab/work/install/keyboard_control/bin'
[0.567s] Level 1:colcon.colcon_core.environment:checking '/home/iclab/work/install/keyboard_control/lib/pkgconfig/keyboard_control.pc'
[0.568s] Level 1:colcon.colcon_core.environment:checking '/home/iclab/work/install/keyboard_control/lib/python3.10/site-packages'
[0.568s] Level 1:colcon.colcon_core.environment:checking '/home/iclab/work/install/keyboard_control/bin'
[0.568s] INFO:colcon.colcon_core.shell:Creating package script '/home/iclab/work/install/keyboard_control/share/keyboard_control/package.ps1'
[0.569s] INFO:colcon.colcon_core.shell:Creating package descriptor '/home/iclab/work/install/keyboard_control/share/keyboard_control/package.dsv'
[0.570s] INFO:colcon.colcon_core.shell:Creating package script '/home/iclab/work/install/keyboard_control/share/keyboard_control/package.sh'
[0.571s] INFO:colcon.colcon_core.shell:Creating package script '/home/iclab/work/install/keyboard_control/share/keyboard_control/package.bash'
[0.571s] INFO:colcon.colcon_core.shell:Creating package script '/home/iclab/work/install/keyboard_control/share/keyboard_control/package.zsh'
[0.572s] Level 1:colcon.colcon_core.environment:create_file_with_runtime_dependencies(/home/iclab/work/install/keyboard_control/share/colcon-core/packages/keyboard_control)
[0.573s] Level 1:colcon.colcon_core.environment:create_environment_scripts_only(keyboard_control)
[0.573s] Level 1:colcon.colcon_core.environment:checking '/home/iclab/work/install/keyboard_control' for CMake module files
[0.574s] Level 1:colcon.colcon_core.environment:checking '/home/iclab/work/install/keyboard_control' for CMake config files
[0.574s] Level 1:colcon.colcon_core.shell:create_environment_hook('keyboard_control', 'cmake_prefix_path')
[0.574s] INFO:colcon.colcon_core.shell:Creating environment hook '/home/iclab/work/install/keyboard_control/share/keyboard_control/hook/cmake_prefix_path.ps1'
[0.575s] INFO:colcon.colcon_core.shell:Creating environment descriptor '/home/iclab/work/install/keyboard_control/share/keyboard_control/hook/cmake_prefix_path.dsv'
[0.575s] INFO:colcon.colcon_core.shell:Creating environment hook '/home/iclab/work/install/keyboard_control/share/keyboard_control/hook/cmake_prefix_path.sh'
[0.576s] Level 1:colcon.colcon_core.environment:checking '/home/iclab/work/install/keyboard_control/lib'
[0.576s] Level 1:colcon.colcon_core.environment:checking '/home/iclab/work/install/keyboard_control/bin'
[0.576s] Level 1:colcon.colcon_core.environment:checking '/home/iclab/work/install/keyboard_control/lib/pkgconfig/keyboard_control.pc'
[0.576s] Level 1:colcon.colcon_core.environment:checking '/home/iclab/work/install/keyboard_control/lib/python3.10/site-packages'
[0.576s] Level 1:colcon.colcon_core.environment:checking '/home/iclab/work/install/keyboard_control/bin'
[0.577s] INFO:colcon.colcon_core.shell:Creating package script '/home/iclab/work/install/keyboard_control/share/keyboard_control/package.ps1'
[0.577s] INFO:colcon.colcon_core.shell:Creating package descriptor '/home/iclab/work/install/keyboard_control/share/keyboard_control/package.dsv'
[0.578s] INFO:colcon.colcon_core.shell:Creating package script '/home/iclab/work/install/keyboard_control/share/keyboard_control/package.sh'
[0.578s] INFO:colcon.colcon_core.shell:Creating package script '/home/iclab/work/install/keyboard_control/share/keyboard_control/package.bash'
[0.579s] INFO:colcon.colcon_core.shell:Creating package script '/home/iclab/work/install/keyboard_control/share/keyboard_control/package.zsh'
[0.579s] Level 1:colcon.colcon_core.environment:create_file_with_runtime_dependencies(/home/iclab/work/install/keyboard_control/share/colcon-core/packages/keyboard_control)
[0.581s] Level 1:colcon.colcon_core.environment:create_environment_scripts_only(linear_move)
[0.581s] Level 1:colcon.colcon_core.environment:checking '/home/iclab/work/install/linear_move' for CMake module files
[0.582s] DEBUG:colcon.colcon_core.event_handler.log_command:Invoked command in '/home/iclab/work/build/linear_move' returned '0': CMAKE_PREFIX_PATH=${CMAKE_PREFIX_PATH}:/opt/ros/humble /usr/bin/cmake --install /home/iclab/work/build/linear_move
[0.582s] Level 1:colcon.colcon_core.environment:checking '/home/iclab/work/install/linear_move' for CMake config files
[0.583s] Level 1:colcon.colcon_core.shell:create_environment_hook('linear_move', 'cmake_prefix_path')
[0.583s] INFO:colcon.colcon_core.shell:Creating environment hook '/home/iclab/work/install/linear_move/share/linear_move/hook/cmake_prefix_path.ps1'
[0.583s] INFO:colcon.colcon_core.shell:Creating environment descriptor '/home/iclab/work/install/linear_move/share/linear_move/hook/cmake_prefix_path.dsv'
[0.584s] INFO:colcon.colcon_core.shell:Creating environment hook '/home/iclab/work/install/linear_move/share/linear_move/hook/cmake_prefix_path.sh'
[0.584s] Level 1:colcon.colcon_core.environment:checking '/home/iclab/work/install/linear_move/lib'
[0.585s] Level 1:colcon.colcon_core.environment:checking '/home/iclab/work/install/linear_move/bin'
[0.585s] Level 1:colcon.colcon_core.environment:checking '/home/iclab/work/install/linear_move/lib/pkgconfig/linear_move.pc'
[0.585s] Level 1:colcon.colcon_core.environment:checking '/home/iclab/work/install/linear_move/lib/python3.10/site-packages'
[0.585s] Level 1:colcon.colcon_core.environment:checking '/home/iclab/work/install/linear_move/bin'
[0.585s] INFO:colcon.colcon_core.shell:Creating package script '/home/iclab/work/install/linear_move/share/linear_move/package.ps1'
[0.586s] INFO:colcon.colcon_core.shell:Creating package descriptor '/home/iclab/work/install/linear_move/share/linear_move/package.dsv'
[0.586s] INFO:colcon.colcon_core.shell:Creating package script '/home/iclab/work/install/linear_move/share/linear_move/package.sh'
[0.587s] INFO:colcon.colcon_core.shell:Creating package script '/home/iclab/work/install/linear_move/share/linear_move/package.bash'
[0.587s] INFO:colcon.colcon_core.shell:Creating package script '/home/iclab/work/install/linear_move/share/linear_move/package.zsh'
[0.587s] Level 1:colcon.colcon_core.environment:create_file_with_runtime_dependencies(/home/iclab/work/install/linear_move/share/colcon-core/packages/linear_move)
[0.588s] Level 1:colcon.colcon_core.environment:create_environment_scripts_only(linear_move)
[0.588s] Level 1:colcon.colcon_core.environment:checking '/home/iclab/work/install/linear_move' for CMake module files
[0.589s] Level 1:colcon.colcon_core.environment:checking '/home/iclab/work/install/linear_move' for CMake config files
[0.589s] Level 1:colcon.colcon_core.shell:create_environment_hook('linear_move', 'cmake_prefix_path')
[0.589s] INFO:colcon.colcon_core.shell:Creating environment hook '/home/iclab/work/install/linear_move/share/linear_move/hook/cmake_prefix_path.ps1'
[0.590s] INFO:colcon.colcon_core.shell:Creating environment descriptor '/home/iclab/work/install/linear_move/share/linear_move/hook/cmake_prefix_path.dsv'
[0.590s] INFO:colcon.colcon_core.shell:Creating environment hook '/home/iclab/work/install/linear_move/share/linear_move/hook/cmake_prefix_path.sh'
[0.591s] Level 1:colcon.colcon_core.environment:checking '/home/iclab/work/install/linear_move/lib'
[0.591s] Level 1:colcon.colcon_core.environment:checking '/home/iclab/work/install/linear_move/bin'
[0.591s] Level 1:colcon.colcon_core.environment:checking '/home/iclab/work/install/linear_move/lib/pkgconfig/linear_move.pc'
[0.591s] Level 1:colcon.colcon_core.environment:checking '/home/iclab/work/install/linear_move/lib/python3.10/site-packages'
[0.592s] Level 1:colcon.colcon_core.environment:checking '/home/iclab/work/install/linear_move/bin'
[0.592s] INFO:colcon.colcon_core.shell:Creating package script '/home/iclab/work/install/linear_move/share/linear_move/package.ps1'
[0.593s] INFO:colcon.colcon_core.shell:Creating package descriptor '/home/iclab/work/install/linear_move/share/linear_move/package.dsv'
[0.594s] INFO:colcon.colcon_core.shell:Creating package script '/home/iclab/work/install/linear_move/share/linear_move/package.sh'
[0.594s] INFO:colcon.colcon_core.shell:Creating package script '/home/iclab/work/install/linear_move/share/linear_move/package.bash'
[0.595s] INFO:colcon.colcon_core.shell:Creating package script '/home/iclab/work/install/linear_move/share/linear_move/package.zsh'
[0.595s] Level 1:colcon.colcon_core.environment:create_file_with_runtime_dependencies(/home/iclab/work/install/linear_move/share/colcon-core/packages/linear_move)
[0.596s] Level 1:colcon.colcon_core.environment:create_environment_scripts_only(mecanum)
[0.596s] Level 1:colcon.colcon_core.environment:checking '/home/iclab/work/install/mecanum' for CMake module files
[0.598s] DEBUG:colcon.colcon_core.event_handler.log_command:Invoked command in '/home/iclab/work/build/mecanum' returned '0': CMAKE_PREFIX_PATH=${CMAKE_PREFIX_PATH}:/opt/ros/humble /usr/bin/cmake --install /home/iclab/work/build/mecanum
[0.598s] Level 1:colcon.colcon_core.environment:checking '/home/iclab/work/install/mecanum' for CMake config files
[0.599s] Level 1:colcon.colcon_core.shell:create_environment_hook('mecanum', 'cmake_prefix_path')
[0.599s] INFO:colcon.colcon_core.shell:Creating environment hook '/home/iclab/work/install/mecanum/share/mecanum/hook/cmake_prefix_path.ps1'
[0.600s] INFO:colcon.colcon_core.shell:Creating environment descriptor '/home/iclab/work/install/mecanum/share/mecanum/hook/cmake_prefix_path.dsv'
[0.600s] INFO:colcon.colcon_core.shell:Creating environment hook '/home/iclab/work/install/mecanum/share/mecanum/hook/cmake_prefix_path.sh'
[0.601s] Level 1:colcon.colcon_core.environment:checking '/home/iclab/work/install/mecanum/lib'
[0.601s] Level 1:colcon.colcon_core.environment:checking '/home/iclab/work/install/mecanum/bin'
[0.601s] Level 1:colcon.colcon_core.environment:checking '/home/iclab/work/install/mecanum/lib/pkgconfig/mecanum.pc'
[0.602s] Level 1:colcon.colcon_core.environment:checking '/home/iclab/work/install/mecanum/lib/python3.10/site-packages'
[0.602s] Level 1:colcon.colcon_core.environment:checking '/home/iclab/work/install/mecanum/bin'
[0.602s] INFO:colcon.colcon_core.shell:Creating package script '/home/iclab/work/install/mecanum/share/mecanum/package.ps1'
[0.603s] INFO:colcon.colcon_core.shell:Creating package descriptor '/home/iclab/work/install/mecanum/share/mecanum/package.dsv'
[0.603s] INFO:colcon.colcon_core.shell:Creating package script '/home/iclab/work/install/mecanum/share/mecanum/package.sh'
[0.604s] INFO:colcon.colcon_core.shell:Creating package script '/home/iclab/work/install/mecanum/share/mecanum/package.bash'
[0.604s] INFO:colcon.colcon_core.shell:Creating package script '/home/iclab/work/install/mecanum/share/mecanum/package.zsh'
[0.605s] Level 1:colcon.colcon_core.environment:create_file_with_runtime_dependencies(/home/iclab/work/install/mecanum/share/colcon-core/packages/mecanum)
[0.605s] Level 1:colcon.colcon_core.environment:create_environment_scripts_only(mecanum)
[0.605s] Level 1:colcon.colcon_core.environment:checking '/home/iclab/work/install/mecanum' for CMake module files
[0.606s] Level 1:colcon.colcon_core.environment:checking '/home/iclab/work/install/mecanum' for CMake config files
[0.606s] Level 1:colcon.colcon_core.shell:create_environment_hook('mecanum', 'cmake_prefix_path')
[0.607s] INFO:colcon.colcon_core.shell:Creating environment hook '/home/iclab/work/install/mecanum/share/mecanum/hook/cmake_prefix_path.ps1'
[0.607s] INFO:colcon.colcon_core.shell:Creating environment descriptor '/home/iclab/work/install/mecanum/share/mecanum/hook/cmake_prefix_path.dsv'
[0.608s] INFO:colcon.colcon_core.shell:Creating environment hook '/home/iclab/work/install/mecanum/share/mecanum/hook/cmake_prefix_path.sh'
[0.608s] Level 1:colcon.colcon_core.environment:checking '/home/iclab/work/install/mecanum/lib'
[0.609s] Level 1:colcon.colcon_core.environment:checking '/home/iclab/work/install/mecanum/bin'
[0.609s] Level 1:colcon.colcon_core.environment:checking '/home/iclab/work/install/mecanum/lib/pkgconfig/mecanum.pc'
[0.609s] Level 1:colcon.colcon_core.environment:checking '/home/iclab/work/install/mecanum/lib/python3.10/site-packages'
[0.609s] Level 1:colcon.colcon_core.environment:checking '/home/iclab/work/install/mecanum/bin'
[0.609s] INFO:colcon.colcon_core.shell:Creating package script '/home/iclab/work/install/mecanum/share/mecanum/package.ps1'
[0.610s] INFO:colcon.colcon_core.shell:Creating package descriptor '/home/iclab/work/install/mecanum/share/mecanum/package.dsv'
[0.611s] INFO:colcon.colcon_core.shell:Creating package script '/home/iclab/work/install/mecanum/share/mecanum/package.sh'
[0.611s] INFO:colcon.colcon_core.shell:Creating package script '/home/iclab/work/install/mecanum/share/mecanum/package.bash'
[0.612s] INFO:colcon.colcon_core.shell:Creating package script '/home/iclab/work/install/mecanum/share/mecanum/package.zsh'
[0.613s] Level 1:colcon.colcon_core.environment:create_file_with_runtime_dependencies(/home/iclab/work/install/mecanum/share/colcon-core/packages/mecanum)
[4.240s] DEBUG:colcon.colcon_core.event_handler.log_command:Invoked command in '/home/iclab/work/build/interface' returned '0': CMAKE_PREFIX_PATH=${CMAKE_PREFIX_PATH}:/opt/ros/humble /usr/bin/cmake --build /home/iclab/work/build/interface -- -j8 -l8
[4.242s] DEBUG:colcon.colcon_core.event_handler.log_command:Invoking command in '/home/iclab/work/build/interface': CMAKE_PREFIX_PATH=${CMAKE_PREFIX_PATH}:/opt/ros/humble /usr/bin/cmake --install /home/iclab/work/build/interface
[4.324s] Level 1:colcon.colcon_core.environment:create_environment_scripts_only(interface)
[4.325s] DEBUG:colcon.colcon_core.event_handler.log_command:Invoked command in '/home/iclab/work/build/interface' returned '0': CMAKE_PREFIX_PATH=${CMAKE_PREFIX_PATH}:/opt/ros/humble /usr/bin/cmake --install /home/iclab/work/build/interface
[4.325s] Level 1:colcon.colcon_core.environment:checking '/home/iclab/work/install/interface' for CMake module files
[4.326s] Level 1:colcon.colcon_core.environment:checking '/home/iclab/work/install/interface' for CMake config files
[4.326s] Level 1:colcon.colcon_core.shell:create_environment_hook('interface', 'cmake_prefix_path')
[4.327s] INFO:colcon.colcon_core.shell:Creating environment hook '/home/iclab/work/install/interface/share/interface/hook/cmake_prefix_path.ps1'
[4.327s] INFO:colcon.colcon_core.shell:Creating environment descriptor '/home/iclab/work/install/interface/share/interface/hook/cmake_prefix_path.dsv'
[4.327s] INFO:colcon.colcon_core.shell:Creating environment hook '/home/iclab/work/install/interface/share/interface/hook/cmake_prefix_path.sh'
[4.328s] Level 1:colcon.colcon_core.environment:checking '/home/iclab/work/install/interface/lib'
[4.328s] Level 1:colcon.colcon_core.shell:create_environment_hook('interface', 'ld_library_path_lib')
[4.328s] INFO:colcon.colcon_core.shell:Creating environment hook '/home/iclab/work/install/interface/share/interface/hook/ld_library_path_lib.ps1'
[4.329s] INFO:colcon.colcon_core.shell:Creating environment descriptor '/home/iclab/work/install/interface/share/interface/hook/ld_library_path_lib.dsv'
[4.329s] INFO:colcon.colcon_core.shell:Creating environment hook '/home/iclab/work/install/interface/share/interface/hook/ld_library_path_lib.sh'
[4.329s] Level 1:colcon.colcon_core.environment:checking '/home/iclab/work/install/interface/bin'
[4.330s] Level 1:colcon.colcon_core.environment:checking '/home/iclab/work/install/interface/lib/pkgconfig/interface.pc'
[4.330s] Level 1:colcon.colcon_core.environment:checking '/home/iclab/work/install/interface/lib/python3.10/site-packages'
[4.330s] Level 1:colcon.colcon_core.environment:checking '/home/iclab/work/install/interface/bin'
[4.330s] INFO:colcon.colcon_core.shell:Creating package script '/home/iclab/work/install/interface/share/interface/package.ps1'
[4.331s] INFO:colcon.colcon_core.shell:Creating package descriptor '/home/iclab/work/install/interface/share/interface/package.dsv'
[4.331s] INFO:colcon.colcon_core.shell:Creating package script '/home/iclab/work/install/interface/share/interface/package.sh'
[4.332s] INFO:colcon.colcon_core.shell:Creating package script '/home/iclab/work/install/interface/share/interface/package.bash'
[4.332s] INFO:colcon.colcon_core.shell:Creating package script '/home/iclab/work/install/interface/share/interface/package.zsh'
[4.333s] Level 1:colcon.colcon_core.environment:create_file_with_runtime_dependencies(/home/iclab/work/install/interface/share/colcon-core/packages/interface)
[4.333s] Level 1:colcon.colcon_core.environment:create_environment_scripts_only(interface)
[4.334s] Level 1:colcon.colcon_core.environment:checking '/home/iclab/work/install/interface' for CMake module files
[4.335s] Level 1:colcon.colcon_core.environment:checking '/home/iclab/work/install/interface' for CMake config files
[4.335s] Level 1:colcon.colcon_core.shell:create_environment_hook('interface', 'cmake_prefix_path')
[4.335s] INFO:colcon.colcon_core.shell:Creating environment hook '/home/iclab/work/install/interface/share/interface/hook/cmake_prefix_path.ps1'
[4.336s] INFO:colcon.colcon_core.shell:Creating environment descriptor '/home/iclab/work/install/interface/share/interface/hook/cmake_prefix_path.dsv'
[4.336s] INFO:colcon.colcon_core.shell:Creating environment hook '/home/iclab/work/install/interface/share/interface/hook/cmake_prefix_path.sh'
[4.337s] Level 1:colcon.colcon_core.environment:checking '/home/iclab/work/install/interface/lib'
[4.337s] Level 1:colcon.colcon_core.shell:create_environment_hook('interface', 'ld_library_path_lib')
[4.337s] INFO:colcon.colcon_core.shell:Creating environment hook '/home/iclab/work/install/interface/share/interface/hook/ld_library_path_lib.ps1'
[4.338s] INFO:colcon.colcon_core.shell:Creating environment descriptor '/home/iclab/work/install/interface/share/interface/hook/ld_library_path_lib.dsv'
[4.338s] INFO:colcon.colcon_core.shell:Creating environment hook '/home/iclab/work/install/interface/share/interface/hook/ld_library_path_lib.sh'
[4.338s] Level 1:colcon.colcon_core.environment:checking '/home/iclab/work/install/interface/bin'
[4.338s] Level 1:colcon.colcon_core.environment:checking '/home/iclab/work/install/interface/lib/pkgconfig/interface.pc'
[4.339s] Level 1:colcon.colcon_core.environment:checking '/home/iclab/work/install/interface/lib/python3.10/site-packages'
[4.339s] Level 1:colcon.colcon_core.environment:checking '/home/iclab/work/install/interface/bin'
[4.339s] INFO:colcon.colcon_core.shell:Creating package script '/home/iclab/work/install/interface/share/interface/package.ps1'
[4.340s] INFO:colcon.colcon_core.shell:Creating package descriptor '/home/iclab/work/install/interface/share/interface/package.dsv'
[4.340s] INFO:colcon.colcon_core.shell:Creating package script '/home/iclab/work/install/interface/share/interface/package.sh'
[4.341s] INFO:colcon.colcon_core.shell:Creating package script '/home/iclab/work/install/interface/share/interface/package.bash'
[4.341s] INFO:colcon.colcon_core.shell:Creating package script '/home/iclab/work/install/interface/share/interface/package.zsh'
[4.342s] Level 1:colcon.colcon_core.environment:create_file_with_runtime_dependencies(/home/iclab/work/install/interface/share/colcon-core/packages/interface)
[4.342s] DEBUG:colcon.colcon_parallel_executor.executor.parallel:closing loop
[4.342s] DEBUG:colcon.colcon_parallel_executor.executor.parallel:loop closed
[4.342s] DEBUG:colcon.colcon_parallel_executor.executor.parallel:run_until_complete finished with '0'
[4.342s] DEBUG:colcon.colcon_core.event_reactor:joining thread
[4.348s] INFO:colcon.colcon_core.plugin_system:Skipping extension 'colcon_notification.desktop_notification.notify_send': Could not find 'notify-send'
[4.348s] INFO:colcon.colcon_core.plugin_system:Skipping extension 'colcon_notification.desktop_notification.terminal_notifier': Not used on non-Darwin systems
[4.348s] INFO:colcon.colcon_core.plugin_system:Skipping extension 'colcon_notification.desktop_notification.win32': Not used on non-Windows systems
[4.348s] INFO:colcon.colcon_notification.desktop_notification:Sending desktop notification using 'notify2'
[4.351s] DEBUG:colcon.colcon_notification.desktop_notification.notify2:Failed to initialize notify2: org.freedesktop.DBus.Error.Spawn.ExecFailed: /usr/bin/dbus-launch terminated abnormally without any error message
[4.351s] DEBUG:colcon.colcon_core.event_reactor:joined thread
[4.352s] INFO:colcon.colcon_core.shell:Creating prefix script '/home/iclab/work/install/local_setup.ps1'
[4.353s] INFO:colcon.colcon_core.shell:Creating prefix util module '/home/iclab/work/install/_local_setup_util_ps1.py'
[4.355s] INFO:colcon.colcon_core.shell:Creating prefix chain script '/home/iclab/work/install/setup.ps1'
[4.356s] INFO:colcon.colcon_core.shell:Creating prefix script '/home/iclab/work/install/local_setup.sh'
[4.357s] INFO:colcon.colcon_core.shell:Creating prefix util module '/home/iclab/work/install/_local_setup_util_sh.py'
[4.358s] INFO:colcon.colcon_core.shell:Creating prefix chain script '/home/iclab/work/install/setup.sh'
[4.359s] INFO:colcon.colcon_core.shell:Creating prefix script '/home/iclab/work/install/local_setup.bash'
[4.360s] INFO:colcon.colcon_core.shell:Creating prefix chain script '/home/iclab/work/install/setup.bash'
[4.361s] INFO:colcon.colcon_core.shell:Creating prefix script '/home/iclab/work/install/local_setup.zsh'
[4.362s] INFO:colcon.colcon_core.shell:Creating prefix chain script '/home/iclab/work/install/setup.zsh'
