[0.346s] Invoking command in '/home/eating/work/build/ros_numpy': /usr/bin/cmake /home/eating/work/ros_numpy -DCATKIN_INSTALL_INTO_PREFIX_ROOT=0 -DCMAKE_INSTALL_PREFIX=/home/eating/work/install/ros_numpy
[0.376s] [0mCMake Deprecation Warning at CMakeLists.txt:1 (cmake_minimum_required):
[0.376s]   Compatibility with CMake < 2.8.12 will be removed from a future version of
[0.376s]   CMake.
[0.376s] 
[0.376s]   Update the VERSION argument <min> value or use a ...<max> suffix to tell
[0.376s]   CMake that the project does not need compatibility with older versions.
[0.377s] 
[0.377s] [0m
[0.409s] -- The C compiler identification is GNU 11.4.0
[0.484s] -- The CXX compiler identification is GNU 11.4.0
[0.514s] -- Detecting C compiler ABI info
[0.580s] -- Detecting C compiler ABI info - done
[0.595s] -- Check for working C compiler: /usr/bin/cc - skipped
[0.596s] -- Detecting C compile features
[0.596s] -- Detecting C compile features - done
[0.602s] -- Detecting CXX compiler ABI info
[0.692s] -- Detecting CXX compiler ABI info - done
[0.700s] -- Check for working CXX compiler: /usr/bin/c++ - skipped
[0.700s] -- Detecting CXX compile features
[0.701s] -- Detecting CXX compile features - done
[0.713s] [31mCMake Error at CMakeLists.txt:7 (find_package):
[0.714s]   By not providing "Findcatkin.cmake" in CMAKE_MODULE_PATH this project has
[0.714s]   asked CMake to find a package configuration file provided by "catkin", but
[0.714s]   CMake did not find one.
[0.714s] 
[0.714s]   Could not find a package configuration file provided by "catkin" with any
[0.714s]   of the following names:
[0.714s] 
[0.714s]     catkinConfig.cmake
[0.715s]     catkin-config.cmake
[0.715s] 
[0.715s]   Add the installation prefix of "catkin" to CMAKE_PREFIX_PATH or set
[0.715s]   "catkin_DIR" to a directory containing one of the above files.  If "catkin"
[0.715s]   provides a separate development package or SDK, be sure it has been
[0.715s]   installed.
[0.715s] 
[0.715s] [0m
[0.715s] -- Configuring incomplete, errors occurred!
[0.716s] See also "/home/eating/work/build/ros_numpy/CMakeFiles/CMakeOutput.log".
[1.227s] Invoked command in '/home/eating/work/build/ros_numpy' returned '1': /usr/bin/cmake /home/eating/work/ros_numpy -DCATKIN_INSTALL_INTO_PREFIX_ROOT=0 -DCMAKE_INSTALL_PREFIX=/home/eating/work/install/ros_numpy
