[0.346s] Invoking command in '/home/eating/work/build/ira_laser_tools': CMAKE_PREFIX_PATH=${CMAKE_PREFIX_PATH}:/home/eating/work/install/pallet_main:/home/eating/work/install/main_control:/home/eating/work/install/gui:/home/eating/work/install/docking_pkg:/opt/ros/humble /usr/bin/cmake /home/eating/work/src/ira_laser_tools -DCMAKE_INSTALL_PREFIX=/home/eating/work/install/ira_laser_tools
[0.432s] -- The C compiler identification is GNU 11.4.0
[0.518s] -- The CXX compiler identification is GNU 11.4.0
[0.529s] -- Detecting C compiler ABI info
[0.635s] -- Detecting C compiler ABI info - done
[0.649s] -- Check for working C compiler: /usr/bin/cc - skipped
[0.649s] -- Detecting C compile features
[0.649s] -- Detecting C compile features - done
[0.652s] -- Detecting CXX compiler ABI info
[0.759s] -- Detecting CXX compiler ABI info - done
[0.774s] -- Check for working CXX compiler: /usr/bin/c++ - skipped
[0.775s] -- Detecting CXX compile features
[0.776s] -- Detecting CXX compile features - done
[0.779s] -- Found ament_cmake: 1.3.11 (/opt/ros/humble/share/ament_cmake/cmake)
[1.043s] -- Found Python3: /usr/bin/python3 (found version "3.10.12") found components: Interpreter 
[1.187s] -- Found rclcpp: 16.0.12 (/opt/ros/humble/share/rclcpp/cmake)
[1.251s] -- Found rosidl_generator_c: 3.1.6 (/opt/ros/humble/share/rosidl_generator_c/cmake)
[1.259s] -- Found rosidl_adapter: 3.1.6 (/opt/ros/humble/share/rosidl_adapter/cmake)
[1.272s] -- Found rosidl_generator_cpp: 3.1.6 (/opt/ros/humble/share/rosidl_generator_cpp/cmake)
[1.294s] -- Using all available rosidl_typesupport_c: rosidl_typesupport_fastrtps_c;rosidl_typesupport_introspection_c
[1.326s] -- Using all available rosidl_typesupport_cpp: rosidl_typesupport_fastrtps_cpp;rosidl_typesupport_introspection_cpp
[1.400s] -- Found rmw_implementation_cmake: 6.1.2 (/opt/ros/humble/share/rmw_implementation_cmake/cmake)
[1.405s] -- Found rmw_cyclonedds_cpp: 1.3.4 (/opt/ros/humble/share/rmw_cyclonedds_cpp/cmake)
[1.442s] -- Using RMW implementation 'rmw_cyclonedds_cpp' as default
[1.455s] -- Looking for pthread.h
[1.567s] -- Looking for pthread.h - found
[1.567s] -- Performing Test CMAKE_HAVE_LIBC_PTHREAD
[1.656s] -- Performing Test CMAKE_HAVE_LIBC_PTHREAD - Success
[1.657s] -- Found Threads: TRUE  
[1.740s] -- Found rclcpp_action: 16.0.12 (/opt/ros/humble/share/rclcpp_action/cmake)
[1.797s] -- Found rclcpp_lifecycle: 16.0.12 (/opt/ros/humble/share/rclcpp_lifecycle/cmake)
[1.832s] -- Found geometry_msgs: 4.9.0 (/opt/ros/humble/share/geometry_msgs/cmake)
[1.857s] -- Found sensor_msgs: 4.9.0 (/opt/ros/humble/share/sensor_msgs/cmake)
[1.889s] -- Found laser_geometry: 2.4.0 (/opt/ros/humble/share/laser_geometry/cmake)
[1.929s] -- Found tf2_ros: 0.25.13 (/opt/ros/humble/share/tf2_ros/cmake)
[2.023s] -- Found pcl_ros: 2.4.5 (/opt/ros/humble/share/pcl_ros/cmake)
[2.081s] -- Checking for module 'eigen3'
[2.139s] --   Found eigen3, version 3.4.0
[2.221s] -- Found Eigen: /usr/include/eigen3 (Required is at least version "3.1") 
[2.221s] -- Eigen found (include: /usr/include/eigen3, version: 3.4.0)
[2.278s] -- Checking for module 'flann'
[2.298s] --   Found flann, version 1.9.1
[2.386s] -- Found FLANN: /usr/lib/x86_64-linux-gnu/libflann_cpp.so  
[2.386s] -- FLANN found (include: /usr/include, lib: /usr/lib/x86_64-linux-gnu/libflann_cpp.so)
[6.612s] -- Checking for module 'libusb-1.0'
[6.636s] --   Found libusb-1.0, version 1.0.25
[6.684s] -- Found libusb: /usr/lib/x86_64-linux-gnu/libusb-1.0.so  
[6.685s] -- OpenNI found (version: 1.5.4.0, include: /usr/include/ni, lib: /usr/lib/libOpenNI.so;libusb::libusb)
[6.978s] -- OpenNI2 found (version: 2.2.0.33, include: /usr/include/openni2, lib: /usr/lib/x86_64-linux-gnu/libOpenNI2.so;libusb::libusb)
[7.414s] -- Eigen found (include: /usr/include/eigen3, version: 3.4.0)
[7.427s] -- OpenNI found (version: 1.5.4.0, include: /usr/include/ni, lib: /usr/lib/libOpenNI.so;libusb::libusb)
[7.458s] -- OpenNI2 found (version: 2.2.0.33, include: /usr/include/openni2, lib: /usr/lib/x86_64-linux-gnu/libOpenNI2.so;libusb::libusb)
[7.950s] -- Found Qhull version 8.0.2
[8.503s] -- OpenNI found (version: 1.5.4.0, include: /usr/include/ni, lib: /usr/lib/libOpenNI.so;libusb::libusb)
[9.042s] -- Found PCL_COMMON: /usr/lib/x86_64-linux-gnu/libpcl_common.so  
[9.044s] -- Found PCL_KDTREE: /usr/lib/x86_64-linux-gnu/libpcl_kdtree.so  
[9.046s] -- Found PCL_OCTREE: /usr/lib/x86_64-linux-gnu/libpcl_octree.so  
[9.050s] -- Found PCL_SEARCH: /usr/lib/x86_64-linux-gnu/libpcl_search.so  
[9.052s] -- Found PCL_SAMPLE_CONSENSUS: /usr/lib/x86_64-linux-gnu/libpcl_sample_consensus.so  
[9.054s] -- Found PCL_FILTERS: /usr/lib/x86_64-linux-gnu/libpcl_filters.so  
[9.054s] -- Found PCL_2D: /usr/include/pcl-1.12  
[9.055s] -- Found PCL_GEOMETRY: /usr/include/pcl-1.12  
[9.057s] -- Found PCL_IO: /usr/lib/x86_64-linux-gnu/libpcl_io.so  
[9.060s] -- Found PCL_FEATURES: /usr/lib/x86_64-linux-gnu/libpcl_features.so  
[9.063s] -- Found PCL_ML: /usr/lib/x86_64-linux-gnu/libpcl_ml.so  
[9.065s] -- Found PCL_SEGMENTATION: /usr/lib/x86_64-linux-gnu/libpcl_segmentation.so  
[9.067s] -- Found PCL_VISUALIZATION: /usr/lib/x86_64-linux-gnu/libpcl_visualization.so  
[9.070s] -- Found PCL_SURFACE: /usr/lib/x86_64-linux-gnu/libpcl_surface.so  
[9.072s] -- Found PCL_REGISTRATION: /usr/lib/x86_64-linux-gnu/libpcl_registration.so  
[9.074s] -- Found PCL_KEYPOINTS: /usr/lib/x86_64-linux-gnu/libpcl_keypoints.so  
[9.076s] -- Found PCL_TRACKING: /usr/lib/x86_64-linux-gnu/libpcl_tracking.so  
[9.079s] -- Found PCL_RECOGNITION: /usr/lib/x86_64-linux-gnu/libpcl_recognition.so  
[9.081s] -- Found PCL_STEREO: /usr/lib/x86_64-linux-gnu/libpcl_stereo.so  
[9.083s] -- Found PCL_APPS: /usr/lib/x86_64-linux-gnu/libpcl_apps.so  
[9.085s] -- Found PCL_IN_HAND_SCANNER: /usr/include/pcl-1.12  
[9.085s] -- Found PCL_MODELER: /usr/include/pcl-1.12  
[9.086s] -- Found PCL_POINT_CLOUD_EDITOR: /usr/include/pcl-1.12  
[9.088s] -- Found PCL_OUTOFCORE: /usr/lib/x86_64-linux-gnu/libpcl_outofcore.so  
[9.090s] -- Found PCL_PEOPLE: /usr/lib/x86_64-linux-gnu/libpcl_people.so  
[9.129s] -- Found Eigen3: TRUE (found version "3.4.0") 
[9.129s] -- Ensuring Eigen3 include directory is part of orocos-kdl CMake target
[9.137s] [33mCMake Warning (dev) at CMakeLists.txt:27 (find_package):
[9.137s]   Policy CMP0074 is not set: find_package uses <PackageName>_ROOT variables.
[9.137s]   Run "cmake --help-policy CMP0074" for policy details.  Use the cmake_policy
[9.138s]   command to set the policy and suppress this warning.
[9.138s] 
[9.138s]   CMake variable PCL_ROOT is set to:
[9.138s] 
[9.138s]     /usr
[9.138s] 
[9.138s]   For compatibility, CMake is ignoring the variable.
[9.138s] This warning is for project developers.  Use -Wno-dev to suppress it.
[9.138s] [0m
[9.543s] -- Configuring done
[9.859s] -- Generating done
[9.945s] -- Build files have been written to: /home/eating/work/build/ira_laser_tools
[10.007s] Invoked command in '/home/eating/work/build/ira_laser_tools' returned '0': CMAKE_PREFIX_PATH=${CMAKE_PREFIX_PATH}:/home/eating/work/install/pallet_main:/home/eating/work/install/main_control:/home/eating/work/install/gui:/home/eating/work/install/docking_pkg:/opt/ros/humble /usr/bin/cmake /home/eating/work/src/ira_laser_tools -DCMAKE_INSTALL_PREFIX=/home/eating/work/install/ira_laser_tools
[10.008s] Invoking command in '/home/eating/work/build/ira_laser_tools': CMAKE_PREFIX_PATH=${CMAKE_PREFIX_PATH}:/home/eating/work/install/pallet_main:/home/eating/work/install/main_control:/home/eating/work/install/gui:/home/eating/work/install/docking_pkg:/opt/ros/humble /usr/bin/cmake --build /home/eating/work/build/ira_laser_tools -- -j8 -l8
[10.318s] [ 25%] [32mBuilding CXX object CMakeFiles/laserscan_virtualizer.dir/src/laserscan_virtualizer.cpp.o[0m
[10.326s] [ 50%] [32mBuilding CXX object CMakeFiles/laserscan_multi_merger.dir/src/laserscan_multi_merger.cpp.o[0m
[29.388s] [ 75%] [32m[1mLinking CXX executable laserscan_multi_merger[0m
[29.765s] [100%] [32m[1mLinking CXX executable laserscan_virtualizer[0m
[30.513s] [100%] Built target laserscan_multi_merger
[30.814s] [100%] Built target laserscan_virtualizer
[30.824s] Invoked command in '/home/eating/work/build/ira_laser_tools' returned '0': CMAKE_PREFIX_PATH=${CMAKE_PREFIX_PATH}:/home/eating/work/install/pallet_main:/home/eating/work/install/main_control:/home/eating/work/install/gui:/home/eating/work/install/docking_pkg:/opt/ros/humble /usr/bin/cmake --build /home/eating/work/build/ira_laser_tools -- -j8 -l8
[30.826s] Invoking command in '/home/eating/work/build/ira_laser_tools': CMAKE_PREFIX_PATH=${CMAKE_PREFIX_PATH}:/home/eating/work/install/pallet_main:/home/eating/work/install/main_control:/home/eating/work/install/gui:/home/eating/work/install/docking_pkg:/opt/ros/humble /usr/bin/cmake --install /home/eating/work/build/ira_laser_tools
[30.832s] -- Install configuration: ""
[30.833s] -- Installing: /home/eating/work/install/ira_laser_tools/lib/ira_laser_tools/laserscan_multi_merger
[30.836s] -- Set runtime path of "/home/eating/work/install/ira_laser_tools/lib/ira_laser_tools/laserscan_multi_merger" to ""
[30.836s] -- Installing: /home/eating/work/install/ira_laser_tools/lib/ira_laser_tools/laserscan_virtualizer
[30.839s] -- Set runtime path of "/home/eating/work/install/ira_laser_tools/lib/ira_laser_tools/laserscan_virtualizer" to ""
[30.840s] -- Installing: /home/eating/work/install/ira_laser_tools/share/ira_laser_tools/launch
[30.840s] -- Installing: /home/eating/work/install/ira_laser_tools/share/ira_laser_tools/launch/laserscan_multi_merger.launch
[30.840s] -- Installing: /home/eating/work/install/ira_laser_tools/share/ira_laser_tools/launch/laserscan_virtualizer.launch
[30.840s] -- Installing: /home/eating/work/install/ira_laser_tools/share/ament_index/resource_index/package_run_dependencies/ira_laser_tools
[30.840s] -- Installing: /home/eating/work/install/ira_laser_tools/share/ament_index/resource_index/parent_prefix_path/ira_laser_tools
[30.840s] -- Installing: /home/eating/work/install/ira_laser_tools/share/ira_laser_tools/environment/ament_prefix_path.sh
[30.841s] -- Installing: /home/eating/work/install/ira_laser_tools/share/ira_laser_tools/environment/ament_prefix_path.dsv
[30.841s] -- Installing: /home/eating/work/install/ira_laser_tools/share/ira_laser_tools/environment/path.sh
[30.841s] -- Installing: /home/eating/work/install/ira_laser_tools/share/ira_laser_tools/environment/path.dsv
[30.841s] -- Installing: /home/eating/work/install/ira_laser_tools/share/ira_laser_tools/local_setup.bash
[30.841s] -- Installing: /home/eating/work/install/ira_laser_tools/share/ira_laser_tools/local_setup.sh
[30.841s] -- Installing: /home/eating/work/install/ira_laser_tools/share/ira_laser_tools/local_setup.zsh
[30.842s] -- Installing: /home/eating/work/install/ira_laser_tools/share/ira_laser_tools/local_setup.dsv
[30.842s] -- Installing: /home/eating/work/install/ira_laser_tools/share/ira_laser_tools/package.dsv
[30.842s] -- Installing: /home/eating/work/install/ira_laser_tools/share/ament_index/resource_index/packages/ira_laser_tools
[30.842s] -- Installing: /home/eating/work/install/ira_laser_tools/share/ira_laser_tools/cmake/ament_cmake_export_dependencies-extras.cmake
[30.843s] -- Installing: /home/eating/work/install/ira_laser_tools/share/ira_laser_tools/cmake/ira_laser_toolsConfig.cmake
[30.843s] -- Installing: /home/eating/work/install/ira_laser_tools/share/ira_laser_tools/cmake/ira_laser_toolsConfig-version.cmake
[30.843s] -- Installing: /home/eating/work/install/ira_laser_tools/share/ira_laser_tools/package.xml
[30.845s] Invoked command in '/home/eating/work/build/ira_laser_tools' returned '0': CMAKE_PREFIX_PATH=${CMAKE_PREFIX_PATH}:/home/eating/work/install/pallet_main:/home/eating/work/install/main_control:/home/eating/work/install/gui:/home/eating/work/install/docking_pkg:/opt/ros/humble /usr/bin/cmake --install /home/eating/work/build/ira_laser_tools
