[0.019s] Invoking command in '/home/iclab/work/build/linear_move': CMAKE_PREFIX_PATH=/opt/ros/humble /usr/bin/cmake --build /home/iclab/work/build/linear_move -- -j8 -l8
[0.079s] [ 50%] [32mBuilding CXX object CMakeFiles/slide.dir/src/slide.cpp.o[0m
[13.786s] [100%] [32m[1mLinking CXX executable slide[0m
[14.276s] [100%] Built target slide
[14.289s] Invoked command in '/home/iclab/work/build/linear_move' returned '0': CMAKE_PREFIX_PATH=/opt/ros/humble /usr/bin/cmake --build /home/iclab/work/build/linear_move -- -j8 -l8
[14.291s] Invoking command in '/home/iclab/work/build/linear_move': CMAKE_PREFIX_PATH=/opt/ros/humble /usr/bin/cmake --install /home/iclab/work/build/linear_move
[14.300s] -- Install configuration: ""
[14.300s] -- Installing: /home/iclab/work/install/linear_move/lib/linear_move/slide
[14.305s] -- Set runtime path of "/home/iclab/work/install/linear_move/lib/linear_move/slide" to ""
[14.306s] -- Installing: /home/iclab/work/install/linear_move/share/ament_index/resource_index/package_run_dependencies/linear_move
[14.306s] -- Installing: /home/iclab/work/install/linear_move/share/ament_index/resource_index/parent_prefix_path/linear_move
[14.306s] -- Installing: /home/iclab/work/install/linear_move/share/linear_move/environment/ament_prefix_path.sh
[14.307s] -- Installing: /home/iclab/work/install/linear_move/share/linear_move/environment/ament_prefix_path.dsv
[14.307s] -- Installing: /home/iclab/work/install/linear_move/share/linear_move/environment/path.sh
[14.307s] -- Installing: /home/iclab/work/install/linear_move/share/linear_move/environment/path.dsv
[14.307s] -- Installing: /home/iclab/work/install/linear_move/share/linear_move/local_setup.bash
[14.307s] -- Installing: /home/iclab/work/install/linear_move/share/linear_move/local_setup.sh
[14.308s] -- Installing: /home/iclab/work/install/linear_move/share/linear_move/local_setup.zsh
[14.308s] -- Installing: /home/iclab/work/install/linear_move/share/linear_move/local_setup.dsv
[14.308s] -- Installing: /home/iclab/work/install/linear_move/share/linear_move/package.dsv
[14.308s] -- Installing: /home/iclab/work/install/linear_move/share/ament_index/resource_index/packages/linear_move
[14.309s] -- Installing: /home/iclab/work/install/linear_move/share/linear_move/cmake/linear_moveConfig.cmake
[14.309s] -- Installing: /home/iclab/work/install/linear_move/share/linear_move/cmake/linear_moveConfig-version.cmake
[14.309s] -- Installing: /home/iclab/work/install/linear_move/share/linear_move/package.xml
[14.312s] Invoked command in '/home/iclab/work/build/linear_move' returned '0': CMAKE_PREFIX_PATH=/opt/ros/humble /usr/bin/cmake --install /home/iclab/work/build/linear_move
