[0.258s] Invoking command in '/home/fxck/work/build/docking_interface': CMAKE_PREFIX_PATH=/opt/ros/humble /usr/bin/cmake /home/fxck/work/src/docking/docking_interface -DCMAKE_INSTALL_PREFIX=/home/fxck/work/install/docking_interface
[1.039s] -- The C compiler identification is GNU 11.4.0
[1.039s] -- The CXX compiler identification is GNU 11.4.0
[1.039s] -- Detecting C compiler ABI info
[1.039s] -- Detecting C compiler ABI info - done
[1.039s] -- Check for working C compiler: /usr/bin/cc - skipped
[1.040s] -- Detecting C compile features
[1.041s] -- Detecting C compile features - done
[1.041s] -- Detecting CXX compiler ABI info
[1.041s] -- Detecting CXX compiler ABI info - done
[1.041s] -- Check for working CXX compiler: /usr/bin/c++ - skipped
[1.042s] -- Detecting CXX compile features
[1.042s] -- Detecting CXX compile features - done
[1.042s] -- Found ament_cmake: 1.3.11 (/opt/ros/humble/share/ament_cmake/cmake)
[1.042s] -- Found Python3: /usr/bin/python3 (found version "3.10.12") found components: Interpreter 
[1.042s] -- Found rosidl_default_generators: 1.2.0 (/opt/ros/humble/share/rosidl_default_generators/cmake)
[1.042s] -- Using all available rosidl_typesupport_c: rosidl_typesupport_fastrtps_c;rosidl_typesupport_introspection_c
[1.043s] -- Found rosidl_adapter: 3.1.6 (/opt/ros/humble/share/rosidl_adapter/cmake)
[1.043s] -- Using all available rosidl_typesupport_cpp: rosidl_typesupport_fastrtps_cpp;rosidl_typesupport_introspection_cpp
[1.374s] -- Found ament_cmake_ros: 0.10.0 (/opt/ros/humble/share/ament_cmake_ros/cmake)
[1.605s] -- Using all available rosidl_typesupport_c: rosidl_typesupport_fastrtps_c;rosidl_typesupport_introspection_c
[1.885s] -- Using all available rosidl_typesupport_cpp: rosidl_typesupport_fastrtps_cpp;rosidl_typesupport_introspection_cpp
[1.909s] -- Found PythonInterp: /usr/bin/python3 (found suitable version "3.10.12", minimum required is "3.6") 
[1.916s] -- Found python_cmake_module: 0.10.0 (/opt/ros/humble/share/python_cmake_module/cmake)
[1.951s] -- Found PythonLibs: /usr/lib/x86_64-linux-gnu/libpython3.10.so (found suitable version "3.10.12", minimum required is "3.5") 
[1.951s] -- Using PYTHON_EXECUTABLE: /usr/bin/python3
[1.951s] -- Using PYTHON_INCLUDE_DIRS: /usr/include/python3.10
[1.951s] -- Using PYTHON_LIBRARIES: /usr/lib/x86_64-linux-gnu/libpython3.10.so
[1.972s] -- Found PythonExtra: .so  
[2.015s] -- Found ament_lint_auto: 0.12.12 (/opt/ros/humble/share/ament_lint_auto/cmake)
[2.041s] -- Added test 'lint_cmake' to check CMake code style
[2.042s] -- Added test 'xmllint' to check XML markup files
[2.046s] -- Configuring done
[2.084s] -- Generating done
[2.098s] -- Build files have been written to: /home/fxck/work/build/docking_interface
[2.106s] Invoked command in '/home/fxck/work/build/docking_interface' returned '0': CMAKE_PREFIX_PATH=/opt/ros/humble /usr/bin/cmake /home/fxck/work/src/docking/docking_interface -DCMAKE_INSTALL_PREFIX=/home/fxck/work/install/docking_interface
[2.110s] Invoking command in '/home/fxck/work/build/docking_interface': CMAKE_PREFIX_PATH=/opt/ros/humble /usr/bin/cmake --build /home/fxck/work/build/docking_interface -- -j16 -l16
[2.499s] [  3%] [34m[1mGenerating C code for ROS interfaces[0m
[2.499s] [  6%] [34m[1mGenerating C++ code for ROS interfaces[0m
[2.499s] [  6%] Built target ament_cmake_python_copy_docking_interface
[2.500s] running egg_info
[2.500s] creating docking_interface.egg-info
[2.500s] writing docking_interface.egg-info/PKG-INFO
[2.500s] writing dependency_links to docking_interface.egg-info/dependency_links.txt
[2.500s] writing top-level names to docking_interface.egg-info/top_level.txt
[2.500s] writing manifest file 'docking_interface.egg-info/SOURCES.txt'
[2.500s] reading manifest file 'docking_interface.egg-info/SOURCES.txt'
[2.500s] writing manifest file 'docking_interface.egg-info/SOURCES.txt'
[2.551s] [  6%] Built target ament_cmake_python_build_docking_interface_egg
[2.553s] [  9%] [32mBuilding C object CMakeFiles/docking_interface__rosidl_generator_c.dir/rosidl_generator_c/docking_interface/srv/detail/dockingstatus__functions.c.o[0m
[2.555s] [  9%] Built target docking_interface__cpp
[2.572s] [ 12%] [34m[1mGenerating C++ introspection for ROS interfaces[0m
[2.576s] [ 16%] [34m[1mGenerating C++ type support for eProsima Fast-RTPS[0m
[2.580s] [ 19%] [34m[1mGenerating C++ type support dispatch for ROS interfaces[0m
[2.671s] [ 22%] [32m[1mLinking C shared library libdocking_interface__rosidl_generator_c.so[0m
[2.775s] [ 22%] Built target docking_interface__rosidl_generator_c
[2.812s] [ 25%] [34m[1mGenerating C type support dispatch for ROS interfaces[0m
[2.813s] [ 29%] [34m[1mGenerating C introspection for ROS interfaces[0m
[2.822s] [ 32%] [34m[1mGenerating C type support for eProsima Fast-RTPS[0m
[2.992s] [ 35%] [32mBuilding CXX object CMakeFiles/docking_interface__rosidl_typesupport_introspection_cpp.dir/rosidl_typesupport_introspection_cpp/docking_interface/srv/detail/dockingstatus__type_support.cpp.o[0m
[3.022s] [ 38%] [32mBuilding CXX object CMakeFiles/docking_interface__rosidl_typesupport_cpp.dir/rosidl_typesupport_cpp/docking_interface/srv/dockingstatus__type_support.cpp.o[0m
[3.110s] [ 41%] [32mBuilding CXX object CMakeFiles/docking_interface__rosidl_typesupport_fastrtps_cpp.dir/rosidl_typesupport_fastrtps_cpp/docking_interface/srv/detail/dds_fastrtps/dockingstatus__type_support.cpp.o[0m
[3.275s] [ 45%] [32mBuilding CXX object CMakeFiles/docking_interface__rosidl_typesupport_c.dir/rosidl_typesupport_c/docking_interface/srv/dockingstatus__type_support.cpp.o[0m
[3.328s] [ 48%] [32mBuilding C object CMakeFiles/docking_interface__rosidl_typesupport_introspection_c.dir/rosidl_typesupport_introspection_c/docking_interface/srv/detail/dockingstatus__type_support.c.o[0m
[3.416s] [ 51%] [32m[1mLinking CXX shared library libdocking_interface__rosidl_typesupport_c.so[0m
[3.428s] [ 54%] [32m[1mLinking C shared library libdocking_interface__rosidl_typesupport_introspection_c.so[0m
[3.497s] [ 58%] [32mBuilding CXX object CMakeFiles/docking_interface__rosidl_typesupport_fastrtps_c.dir/rosidl_typesupport_fastrtps_c/docking_interface/srv/detail/dockingstatus__type_support_c.cpp.o[0m
[3.519s] [ 58%] Built target docking_interface__rosidl_typesupport_introspection_c
[3.541s] [ 58%] Built target docking_interface__rosidl_typesupport_c
[3.597s] [ 61%] [32m[1mLinking CXX shared library libdocking_interface__rosidl_typesupport_cpp.so[0m
[3.752s] [ 61%] Built target docking_interface__rosidl_typesupport_cpp
[3.796s] [ 64%] [32m[1mLinking CXX shared library libdocking_interface__rosidl_typesupport_introspection_cpp.so[0m
[3.909s] [ 64%] Built target docking_interface__rosidl_typesupport_introspection_cpp
[3.997s] [ 67%] [32m[1mLinking CXX shared library libdocking_interface__rosidl_typesupport_fastrtps_cpp.so[0m
[4.294s] [ 70%] [32m[1mLinking CXX shared library libdocking_interface__rosidl_typesupport_fastrtps_c.so[0m
[4.310s] [ 70%] Built target docking_interface__rosidl_typesupport_fastrtps_cpp
[4.569s] [ 70%] Built target docking_interface__rosidl_typesupport_fastrtps_c
[4.611s] [ 70%] Built target docking_interface
[4.650s] [ 74%] [34m[1mGenerating Python code for ROS interfaces[0m
[5.044s] [ 74%] Built target docking_interface__py
[5.070s] [ 77%] [32mBuilding C object CMakeFiles/docking_interface__rosidl_generator_py.dir/rosidl_generator_py/docking_interface/srv/_dockingstatus_s.c.o[0m
[5.206s] [ 80%] [32m[1mLinking C shared library rosidl_generator_py/docking_interface/libdocking_interface__rosidl_generator_py.so[0m
[5.247s] [ 80%] Built target docking_interface__rosidl_generator_py
[5.271s] [ 83%] [32mBuilding C object CMakeFiles/docking_interface__rosidl_typesupport_introspection_c__pyext.dir/rosidl_generator_py/docking_interface/_docking_interface_s.ep.rosidl_typesupport_introspection_c.c.o[0m
[5.272s] [ 87%] [32mBuilding C object CMakeFiles/docking_interface__rosidl_typesupport_c__pyext.dir/rosidl_generator_py/docking_interface/_docking_interface_s.ep.rosidl_typesupport_c.c.o[0m
[5.273s] [ 90%] [32mBuilding C object CMakeFiles/docking_interface__rosidl_typesupport_fastrtps_c__pyext.dir/rosidl_generator_py/docking_interface/_docking_interface_s.ep.rosidl_typesupport_fastrtps_c.c.o[0m
[5.366s] [ 93%] [32m[1mLinking C shared library rosidl_generator_py/docking_interface/docking_interface_s__rosidl_typesupport_introspection_c.cpython-310-x86_64-linux-gnu.so[0m
[5.385s] [ 96%] [32m[1mLinking C shared library rosidl_generator_py/docking_interface/docking_interface_s__rosidl_typesupport_fastrtps_c.cpython-310-x86_64-linux-gnu.so[0m
[5.389s] [100%] [32m[1mLinking C shared library rosidl_generator_py/docking_interface/docking_interface_s__rosidl_typesupport_c.cpython-310-x86_64-linux-gnu.so[0m
[5.416s] [100%] Built target docking_interface__rosidl_typesupport_introspection_c__pyext
[5.435s] [100%] Built target docking_interface__rosidl_typesupport_c__pyext
[5.436s] [100%] Built target docking_interface__rosidl_typesupport_fastrtps_c__pyext
[5.458s] Invoked command in '/home/fxck/work/build/docking_interface' returned '0': CMAKE_PREFIX_PATH=/opt/ros/humble /usr/bin/cmake --build /home/fxck/work/build/docking_interface -- -j16 -l16
[5.460s] Invoking command in '/home/fxck/work/build/docking_interface': CMAKE_PREFIX_PATH=/opt/ros/humble /usr/bin/cmake --install /home/fxck/work/build/docking_interface
[5.475s] -- Install configuration: ""
[5.476s] -- Installing: /home/fxck/work/install/docking_interface/share/ament_index/resource_index/rosidl_interfaces/docking_interface
[5.477s] -- Installing: /home/fxck/work/install/docking_interface/include/docking_interface/docking_interface
[5.478s] -- Installing: /home/fxck/work/install/docking_interface/include/docking_interface/docking_interface/msg
[5.479s] -- Installing: /home/fxck/work/install/docking_interface/include/docking_interface/docking_interface/msg/rosidl_generator_c__visibility_control.h
[5.481s] -- Installing: /home/fxck/work/install/docking_interface/include/docking_interface/docking_interface/srv
[5.481s] -- Installing: /home/fxck/work/install/docking_interface/include/docking_interface/docking_interface/srv/dockingstatus.h
[5.481s] -- Installing: /home/fxck/work/install/docking_interface/include/docking_interface/docking_interface/srv/detail
[5.481s] -- Installing: /home/fxck/work/install/docking_interface/include/docking_interface/docking_interface/srv/detail/dockingstatus__type_support.h
[5.481s] -- Installing: /home/fxck/work/install/docking_interface/include/docking_interface/docking_interface/srv/detail/dockingstatus__struct.h
[5.482s] -- Installing: /home/fxck/work/install/docking_interface/include/docking_interface/docking_interface/srv/detail/dockingstatus__functions.c
[5.482s] -- Installing: /home/fxck/work/install/docking_interface/include/docking_interface/docking_interface/srv/detail/dockingstatus__functions.h
[5.482s] -- Installing: /home/fxck/work/install/docking_interface/share/docking_interface/environment/library_path.sh
[5.482s] -- Installing: /home/fxck/work/install/docking_interface/share/docking_interface/environment/library_path.dsv
[5.483s] -- Installing: /home/fxck/work/install/docking_interface/lib/libdocking_interface__rosidl_generator_c.so
[5.483s] -- Set runtime path of "/home/fxck/work/install/docking_interface/lib/libdocking_interface__rosidl_generator_c.so" to ""
[5.483s] -- Up-to-date: /home/fxck/work/install/docking_interface/include/docking_interface/docking_interface
[5.483s] -- Up-to-date: /home/fxck/work/install/docking_interface/include/docking_interface/docking_interface/msg
[5.484s] -- Installing: /home/fxck/work/install/docking_interface/include/docking_interface/docking_interface/msg/rosidl_typesupport_fastrtps_c__visibility_control.h
[5.484s] -- Up-to-date: /home/fxck/work/install/docking_interface/include/docking_interface/docking_interface/srv
[5.484s] -- Up-to-date: /home/fxck/work/install/docking_interface/include/docking_interface/docking_interface/srv/detail
[5.484s] -- Installing: /home/fxck/work/install/docking_interface/include/docking_interface/docking_interface/srv/detail/dockingstatus__rosidl_typesupport_fastrtps_c.h
[5.484s] -- Installing: /home/fxck/work/install/docking_interface/lib/libdocking_interface__rosidl_typesupport_fastrtps_c.so
[5.485s] -- Set runtime path of "/home/fxck/work/install/docking_interface/lib/libdocking_interface__rosidl_typesupport_fastrtps_c.so" to ""
[5.485s] -- Up-to-date: /home/fxck/work/install/docking_interface/include/docking_interface/docking_interface
[5.485s] -- Up-to-date: /home/fxck/work/install/docking_interface/include/docking_interface/docking_interface/msg
[5.485s] -- Installing: /home/fxck/work/install/docking_interface/include/docking_interface/docking_interface/msg/rosidl_typesupport_introspection_c__visibility_control.h
[5.485s] -- Up-to-date: /home/fxck/work/install/docking_interface/include/docking_interface/docking_interface/srv
[5.485s] -- Up-to-date: /home/fxck/work/install/docking_interface/include/docking_interface/docking_interface/srv/detail
[5.485s] -- Installing: /home/fxck/work/install/docking_interface/include/docking_interface/docking_interface/srv/detail/dockingstatus__type_support.c
[5.485s] -- Installing: /home/fxck/work/install/docking_interface/include/docking_interface/docking_interface/srv/detail/dockingstatus__rosidl_typesupport_introspection_c.h
[5.486s] -- Installing: /home/fxck/work/install/docking_interface/lib/libdocking_interface__rosidl_typesupport_introspection_c.so
[5.486s] -- Set runtime path of "/home/fxck/work/install/docking_interface/lib/libdocking_interface__rosidl_typesupport_introspection_c.so" to ""
[5.486s] -- Installing: /home/fxck/work/install/docking_interface/lib/libdocking_interface__rosidl_typesupport_c.so
[5.487s] -- Set runtime path of "/home/fxck/work/install/docking_interface/lib/libdocking_interface__rosidl_typesupport_c.so" to ""
[5.487s] -- Up-to-date: /home/fxck/work/install/docking_interface/include/docking_interface/docking_interface
[5.487s] -- Up-to-date: /home/fxck/work/install/docking_interface/include/docking_interface/docking_interface/msg
[5.487s] -- Installing: /home/fxck/work/install/docking_interface/include/docking_interface/docking_interface/msg/rosidl_generator_cpp__visibility_control.hpp
[5.487s] -- Up-to-date: /home/fxck/work/install/docking_interface/include/docking_interface/docking_interface/srv
[5.487s] -- Up-to-date: /home/fxck/work/install/docking_interface/include/docking_interface/docking_interface/srv/detail
[5.487s] -- Installing: /home/fxck/work/install/docking_interface/include/docking_interface/docking_interface/srv/detail/dockingstatus__struct.hpp
[5.488s] -- Installing: /home/fxck/work/install/docking_interface/include/docking_interface/docking_interface/srv/detail/dockingstatus__traits.hpp
[5.488s] -- Installing: /home/fxck/work/install/docking_interface/include/docking_interface/docking_interface/srv/detail/dockingstatus__type_support.hpp
[5.488s] -- Installing: /home/fxck/work/install/docking_interface/include/docking_interface/docking_interface/srv/detail/dockingstatus__builder.hpp
[5.488s] -- Installing: /home/fxck/work/install/docking_interface/include/docking_interface/docking_interface/srv/dockingstatus.hpp
[5.488s] -- Up-to-date: /home/fxck/work/install/docking_interface/include/docking_interface/docking_interface
[5.489s] -- Up-to-date: /home/fxck/work/install/docking_interface/include/docking_interface/docking_interface/msg
[5.489s] -- Installing: /home/fxck/work/install/docking_interface/include/docking_interface/docking_interface/msg/rosidl_typesupport_fastrtps_cpp__visibility_control.h
[5.489s] -- Up-to-date: /home/fxck/work/install/docking_interface/include/docking_interface/docking_interface/srv
[5.489s] -- Up-to-date: /home/fxck/work/install/docking_interface/include/docking_interface/docking_interface/srv/detail
[5.489s] -- Installing: /home/fxck/work/install/docking_interface/include/docking_interface/docking_interface/srv/detail/dockingstatus__rosidl_typesupport_fastrtps_cpp.hpp
[5.489s] -- Installing: /home/fxck/work/install/docking_interface/include/docking_interface/docking_interface/srv/detail/dds_fastrtps
[5.489s] -- Installing: /home/fxck/work/install/docking_interface/lib/libdocking_interface__rosidl_typesupport_fastrtps_cpp.so
[5.490s] -- Set runtime path of "/home/fxck/work/install/docking_interface/lib/libdocking_interface__rosidl_typesupport_fastrtps_cpp.so" to ""
[5.490s] -- Up-to-date: /home/fxck/work/install/docking_interface/include/docking_interface/docking_interface
[5.490s] -- Up-to-date: /home/fxck/work/install/docking_interface/include/docking_interface/docking_interface/srv
[5.491s] -- Up-to-date: /home/fxck/work/install/docking_interface/include/docking_interface/docking_interface/srv/detail
[5.491s] -- Installing: /home/fxck/work/install/docking_interface/include/docking_interface/docking_interface/srv/detail/dockingstatus__type_support.cpp
[5.491s] -- Installing: /home/fxck/work/install/docking_interface/include/docking_interface/docking_interface/srv/detail/dockingstatus__rosidl_typesupport_introspection_cpp.hpp
[5.491s] -- Installing: /home/fxck/work/install/docking_interface/lib/libdocking_interface__rosidl_typesupport_introspection_cpp.so
[5.492s] -- Set runtime path of "/home/fxck/work/install/docking_interface/lib/libdocking_interface__rosidl_typesupport_introspection_cpp.so" to ""
[5.492s] -- Installing: /home/fxck/work/install/docking_interface/lib/libdocking_interface__rosidl_typesupport_cpp.so
[5.492s] -- Set runtime path of "/home/fxck/work/install/docking_interface/lib/libdocking_interface__rosidl_typesupport_cpp.so" to ""
[5.492s] -- Installing: /home/fxck/work/install/docking_interface/share/docking_interface/environment/pythonpath.sh
[5.493s] -- Installing: /home/fxck/work/install/docking_interface/share/docking_interface/environment/pythonpath.dsv
[5.493s] -- Installing: /home/fxck/work/install/docking_interface/local/lib/python3.10/dist-packages/docking_interface-0.0.0-py3.10.egg-info
[5.493s] -- Installing: /home/fxck/work/install/docking_interface/local/lib/python3.10/dist-packages/docking_interface-0.0.0-py3.10.egg-info/SOURCES.txt
[5.493s] -- Installing: /home/fxck/work/install/docking_interface/local/lib/python3.10/dist-packages/docking_interface-0.0.0-py3.10.egg-info/dependency_links.txt
[5.493s] -- Installing: /home/fxck/work/install/docking_interface/local/lib/python3.10/dist-packages/docking_interface-0.0.0-py3.10.egg-info/PKG-INFO
[5.494s] -- Installing: /home/fxck/work/install/docking_interface/local/lib/python3.10/dist-packages/docking_interface-0.0.0-py3.10.egg-info/top_level.txt
[5.494s] -- Installing: /home/fxck/work/install/docking_interface/local/lib/python3.10/dist-packages/docking_interface
[5.494s] -- Installing: /home/fxck/work/install/docking_interface/local/lib/python3.10/dist-packages/docking_interface/_docking_interface_s.ep.rosidl_typesupport_c.c
[5.494s] -- Installing: /home/fxck/work/install/docking_interface/local/lib/python3.10/dist-packages/docking_interface/srv
[5.494s] -- Installing: /home/fxck/work/install/docking_interface/local/lib/python3.10/dist-packages/docking_interface/srv/_dockingstatus.py
[5.495s] -- Installing: /home/fxck/work/install/docking_interface/local/lib/python3.10/dist-packages/docking_interface/srv/_dockingstatus_s.c
[5.495s] -- Installing: /home/fxck/work/install/docking_interface/local/lib/python3.10/dist-packages/docking_interface/srv/__init__.py
[5.495s] -- Installing: /home/fxck/work/install/docking_interface/local/lib/python3.10/dist-packages/docking_interface/docking_interface_s__rosidl_typesupport_c.cpython-310-x86_64-linux-gnu.so
[5.496s] -- Installing: /home/fxck/work/install/docking_interface/local/lib/python3.10/dist-packages/docking_interface/_docking_interface_s.ep.rosidl_typesupport_fastrtps_c.c
[5.497s] -- Installing: /home/fxck/work/install/docking_interface/local/lib/python3.10/dist-packages/docking_interface/docking_interface_s__rosidl_typesupport_fastrtps_c.cpython-310-x86_64-linux-gnu.so
[5.497s] -- Installing: /home/fxck/work/install/docking_interface/local/lib/python3.10/dist-packages/docking_interface/_docking_interface_s.ep.rosidl_typesupport_introspection_c.c
[5.497s] -- Installing: /home/fxck/work/install/docking_interface/local/lib/python3.10/dist-packages/docking_interface/docking_interface_s__rosidl_typesupport_introspection_c.cpython-310-x86_64-linux-gnu.so
[5.497s] -- Installing: /home/fxck/work/install/docking_interface/local/lib/python3.10/dist-packages/docking_interface/libdocking_interface__rosidl_generator_py.so
[5.498s] -- Installing: /home/fxck/work/install/docking_interface/local/lib/python3.10/dist-packages/docking_interface/__init__.py
[5.533s] Listing '/home/fxck/work/install/docking_interface/local/lib/python3.10/dist-packages/docking_interface'...
[5.533s] Compiling '/home/fxck/work/install/docking_interface/local/lib/python3.10/dist-packages/docking_interface/__init__.py'...
[5.533s] Listing '/home/fxck/work/install/docking_interface/local/lib/python3.10/dist-packages/docking_interface/srv'...
[5.533s] Compiling '/home/fxck/work/install/docking_interface/local/lib/python3.10/dist-packages/docking_interface/srv/__init__.py'...
[5.533s] Compiling '/home/fxck/work/install/docking_interface/local/lib/python3.10/dist-packages/docking_interface/srv/_dockingstatus.py'...
[5.537s] -- Installing: /home/fxck/work/install/docking_interface/local/lib/python3.10/dist-packages/docking_interface/docking_interface_s__rosidl_typesupport_fastrtps_c.cpython-310-x86_64-linux-gnu.so
[5.537s] -- Set runtime path of "/home/fxck/work/install/docking_interface/local/lib/python3.10/dist-packages/docking_interface/docking_interface_s__rosidl_typesupport_fastrtps_c.cpython-310-x86_64-linux-gnu.so" to ""
[5.537s] -- Installing: /home/fxck/work/install/docking_interface/local/lib/python3.10/dist-packages/docking_interface/docking_interface_s__rosidl_typesupport_introspection_c.cpython-310-x86_64-linux-gnu.so
[5.538s] -- Set runtime path of "/home/fxck/work/install/docking_interface/local/lib/python3.10/dist-packages/docking_interface/docking_interface_s__rosidl_typesupport_introspection_c.cpython-310-x86_64-linux-gnu.so" to ""
[5.538s] -- Installing: /home/fxck/work/install/docking_interface/local/lib/python3.10/dist-packages/docking_interface/docking_interface_s__rosidl_typesupport_c.cpython-310-x86_64-linux-gnu.so
[5.538s] -- Set runtime path of "/home/fxck/work/install/docking_interface/local/lib/python3.10/dist-packages/docking_interface/docking_interface_s__rosidl_typesupport_c.cpython-310-x86_64-linux-gnu.so" to ""
[5.539s] -- Installing: /home/fxck/work/install/docking_interface/lib/libdocking_interface__rosidl_generator_py.so
[5.541s] -- Set runtime path of "/home/fxck/work/install/docking_interface/lib/libdocking_interface__rosidl_generator_py.so" to ""
[5.541s] -- Installing: /home/fxck/work/install/docking_interface/share/docking_interface/srv/Dockingstatus.idl
[5.541s] -- Installing: /home/fxck/work/install/docking_interface/share/docking_interface/srv/Dockingstatus.srv
[5.541s] -- Installing: /home/fxck/work/install/docking_interface/share/docking_interface/srv/Dockingstatus_Request.msg
[5.542s] -- Installing: /home/fxck/work/install/docking_interface/share/docking_interface/srv/Dockingstatus_Response.msg
[5.542s] -- Installing: /home/fxck/work/install/docking_interface/share/ament_index/resource_index/package_run_dependencies/docking_interface
[5.542s] -- Installing: /home/fxck/work/install/docking_interface/share/ament_index/resource_index/parent_prefix_path/docking_interface
[5.542s] -- Installing: /home/fxck/work/install/docking_interface/share/docking_interface/environment/ament_prefix_path.sh
[5.542s] -- Installing: /home/fxck/work/install/docking_interface/share/docking_interface/environment/ament_prefix_path.dsv
[5.542s] -- Installing: /home/fxck/work/install/docking_interface/share/docking_interface/environment/path.sh
[5.542s] -- Installing: /home/fxck/work/install/docking_interface/share/docking_interface/environment/path.dsv
[5.542s] -- Installing: /home/fxck/work/install/docking_interface/share/docking_interface/local_setup.bash
[5.542s] -- Installing: /home/fxck/work/install/docking_interface/share/docking_interface/local_setup.sh
[5.542s] -- Installing: /home/fxck/work/install/docking_interface/share/docking_interface/local_setup.zsh
[5.542s] -- Installing: /home/fxck/work/install/docking_interface/share/docking_interface/local_setup.dsv
[5.543s] -- Installing: /home/fxck/work/install/docking_interface/share/docking_interface/package.dsv
[5.543s] -- Installing: /home/fxck/work/install/docking_interface/share/ament_index/resource_index/packages/docking_interface
[5.543s] -- Installing: /home/fxck/work/install/docking_interface/share/docking_interface/cmake/export_docking_interface__rosidl_generator_cExport.cmake
[5.544s] -- Installing: /home/fxck/work/install/docking_interface/share/docking_interface/cmake/export_docking_interface__rosidl_generator_cExport-noconfig.cmake
[5.545s] -- Installing: /home/fxck/work/install/docking_interface/share/docking_interface/cmake/export_docking_interface__rosidl_typesupport_fastrtps_cExport.cmake
[5.545s] -- Installing: /home/fxck/work/install/docking_interface/share/docking_interface/cmake/export_docking_interface__rosidl_typesupport_fastrtps_cExport-noconfig.cmake
[5.545s] -- Installing: /home/fxck/work/install/docking_interface/share/docking_interface/cmake/docking_interface__rosidl_typesupport_introspection_cExport.cmake
[5.546s] -- Installing: /home/fxck/work/install/docking_interface/share/docking_interface/cmake/docking_interface__rosidl_typesupport_introspection_cExport-noconfig.cmake
[5.546s] -- Installing: /home/fxck/work/install/docking_interface/share/docking_interface/cmake/docking_interface__rosidl_typesupport_cExport.cmake
[5.546s] -- Installing: /home/fxck/work/install/docking_interface/share/docking_interface/cmake/docking_interface__rosidl_typesupport_cExport-noconfig.cmake
[5.546s] -- Installing: /home/fxck/work/install/docking_interface/share/docking_interface/cmake/export_docking_interface__rosidl_generator_cppExport.cmake
[5.548s] -- Installing: /home/fxck/work/install/docking_interface/share/docking_interface/cmake/export_docking_interface__rosidl_typesupport_fastrtps_cppExport.cmake
[5.548s] -- Installing: /home/fxck/work/install/docking_interface/share/docking_interface/cmake/export_docking_interface__rosidl_typesupport_fastrtps_cppExport-noconfig.cmake
[5.548s] -- Installing: /home/fxck/work/install/docking_interface/share/docking_interface/cmake/docking_interface__rosidl_typesupport_introspection_cppExport.cmake
[5.548s] -- Installing: /home/fxck/work/install/docking_interface/share/docking_interface/cmake/docking_interface__rosidl_typesupport_introspection_cppExport-noconfig.cmake
[5.548s] -- Installing: /home/fxck/work/install/docking_interface/share/docking_interface/cmake/docking_interface__rosidl_typesupport_cppExport.cmake
[5.548s] -- Installing: /home/fxck/work/install/docking_interface/share/docking_interface/cmake/docking_interface__rosidl_typesupport_cppExport-noconfig.cmake
[5.548s] -- Installing: /home/fxck/work/install/docking_interface/share/docking_interface/cmake/export_docking_interface__rosidl_generator_pyExport.cmake
[5.548s] -- Installing: /home/fxck/work/install/docking_interface/share/docking_interface/cmake/export_docking_interface__rosidl_generator_pyExport-noconfig.cmake
[5.548s] -- Installing: /home/fxck/work/install/docking_interface/share/docking_interface/cmake/rosidl_cmake-extras.cmake
[5.548s] -- Installing: /home/fxck/work/install/docking_interface/share/docking_interface/cmake/ament_cmake_export_include_directories-extras.cmake
[5.549s] -- Installing: /home/fxck/work/install/docking_interface/share/docking_interface/cmake/ament_cmake_export_libraries-extras.cmake
[5.549s] -- Installing: /home/fxck/work/install/docking_interface/share/docking_interface/cmake/ament_cmake_export_targets-extras.cmake
[5.549s] -- Installing: /home/fxck/work/install/docking_interface/share/docking_interface/cmake/rosidl_cmake_export_typesupport_targets-extras.cmake
[5.549s] -- Installing: /home/fxck/work/install/docking_interface/share/docking_interface/cmake/ament_cmake_export_dependencies-extras.cmake
[5.549s] -- Installing: /home/fxck/work/install/docking_interface/share/docking_interface/cmake/rosidl_cmake_export_typesupport_libraries-extras.cmake
[5.550s] -- Installing: /home/fxck/work/install/docking_interface/share/docking_interface/cmake/docking_interfaceConfig.cmake
[5.550s] -- Installing: /home/fxck/work/install/docking_interface/share/docking_interface/cmake/docking_interfaceConfig-version.cmake
[5.550s] -- Installing: /home/fxck/work/install/docking_interface/share/docking_interface/package.xml
[5.554s] Invoked command in '/home/fxck/work/build/docking_interface' returned '0': CMAKE_PREFIX_PATH=/opt/ros/humble /usr/bin/cmake --install /home/fxck/work/build/docking_interface
