[0.015s] Invoking command in '/home/eating/work/build/timda_body_description': CMAKE_PREFIX_PATH=${CMAKE_PREFIX_PATH}:/home/eating/work/install/pallet_main:/home/eating/work/install/main_control:/home/eating/work/install/gui:/home/eating/work/install/docking_pkg:/opt/ros/humble /usr/bin/cmake /home/eating/work/src/timda_sim/timda_body_description -DCMAKE_INSTALL_PREFIX=/home/eating/work/install/timda_body_description
[1.161s] -- The C compiler identification is GNU 11.4.0
[1.162s] -- The CXX compiler identification is GNU 11.4.0
[1.162s] -- Detecting C compiler ABI info
[1.162s] -- Detecting C compiler ABI info - done
[1.162s] -- Check for working C compiler: /usr/bin/cc - skipped
[1.162s] -- Detecting C compile features
[1.162s] -- Detecting C compile features - done
[1.162s] -- Detecting CXX compiler ABI info
[1.162s] -- Detecting CXX compiler ABI info - done
[1.162s] -- Check for working CXX compiler: /usr/bin/c++ - skipped
[1.162s] -- Detecting CXX compile features
[1.162s] -- Detecting CXX compile features - done
[1.163s] -- Found ament_cmake: 1.3.11 (/opt/ros/humble/share/ament_cmake/cmake)
[1.163s] -- Found Python3: /usr/bin/python3 (found version "3.10.12") found components: Interpreter 
[1.225s] -- Found ament_lint_auto: 0.12.12 (/opt/ros/humble/share/ament_lint_auto/cmake)
[1.370s] -- Added test 'lint_cmake' to check CMake code style
[1.379s] -- Added test 'xmllint' to check XML markup files
[1.386s] -- Configuring done
[1.391s] -- Generating done
[1.394s] -- Build files have been written to: /home/eating/work/build/timda_body_description
[1.402s] Invoked command in '/home/eating/work/build/timda_body_description' returned '0': CMAKE_PREFIX_PATH=${CMAKE_PREFIX_PATH}:/home/eating/work/install/pallet_main:/home/eating/work/install/main_control:/home/eating/work/install/gui:/home/eating/work/install/docking_pkg:/opt/ros/humble /usr/bin/cmake /home/eating/work/src/timda_sim/timda_body_description -DCMAKE_INSTALL_PREFIX=/home/eating/work/install/timda_body_description
[1.413s] Invoking command in '/home/eating/work/build/timda_body_description': CMAKE_PREFIX_PATH=${CMAKE_PREFIX_PATH}:/home/eating/work/install/pallet_main:/home/eating/work/install/main_control:/home/eating/work/install/gui:/home/eating/work/install/docking_pkg:/opt/ros/humble /usr/bin/cmake --build /home/eating/work/build/timda_body_description -- -j8 -l8
[1.616s] Invoked command in '/home/eating/work/build/timda_body_description' returned '0': CMAKE_PREFIX_PATH=${CMAKE_PREFIX_PATH}:/home/eating/work/install/pallet_main:/home/eating/work/install/main_control:/home/eating/work/install/gui:/home/eating/work/install/docking_pkg:/opt/ros/humble /usr/bin/cmake --build /home/eating/work/build/timda_body_description -- -j8 -l8
[1.617s] Invoking command in '/home/eating/work/build/timda_body_description': CMAKE_PREFIX_PATH=${CMAKE_PREFIX_PATH}:/home/eating/work/install/pallet_main:/home/eating/work/install/main_control:/home/eating/work/install/gui:/home/eating/work/install/docking_pkg:/opt/ros/humble /usr/bin/cmake --install /home/eating/work/build/timda_body_description
[1.640s] -- Install configuration: ""
[1.640s] -- Installing: /home/eating/work/install/timda_body_description/share/timda_body_description/config
[1.640s] -- Installing: /home/eating/work/install/timda_body_description/share/timda_body_description/config/joint_names_timda_body.yaml
[1.640s] -- Installing: /home/eating/work/install/timda_body_description/share/timda_body_description/meshes
[1.640s] -- Installing: /home/eating/work/install/timda_body_description/share/timda_body_description/meshes/slide_left.STL
[1.640s] -- Installing: /home/eating/work/install/timda_body_description/share/timda_body_description/meshes/base_link.STL
[1.641s] -- Installing: /home/eating/work/install/timda_body_description/share/timda_body_description/meshes/slide_right.STL
[1.641s] -- Installing: /home/eating/work/install/timda_body_description/share/timda_body_description/urdf
[1.641s] -- Installing: /home/eating/work/install/timda_body_description/share/timda_body_description/urdf/timda_body.xacro
[1.641s] -- Installing: /home/eating/work/install/timda_body_description/share/timda_body_description/urdf/timda_body.gazebo.xacro
[1.641s] -- Installing: /home/eating/work/install/timda_body_description/share/ament_index/resource_index/package_run_dependencies/timda_body_description
[1.641s] -- Installing: /home/eating/work/install/timda_body_description/share/ament_index/resource_index/parent_prefix_path/timda_body_description
[1.641s] -- Installing: /home/eating/work/install/timda_body_description/share/timda_body_description/environment/ament_prefix_path.sh
[1.641s] -- Installing: /home/eating/work/install/timda_body_description/share/timda_body_description/environment/ament_prefix_path.dsv
[1.641s] -- Installing: /home/eating/work/install/timda_body_description/share/timda_body_description/environment/path.sh
[1.642s] -- Installing: /home/eating/work/install/timda_body_description/share/timda_body_description/environment/path.dsv
[1.642s] -- Installing: /home/eating/work/install/timda_body_description/share/timda_body_description/local_setup.bash
[1.642s] -- Installing: /home/eating/work/install/timda_body_description/share/timda_body_description/local_setup.sh
[1.642s] -- Installing: /home/eating/work/install/timda_body_description/share/timda_body_description/local_setup.zsh
[1.642s] -- Installing: /home/eating/work/install/timda_body_description/share/timda_body_description/local_setup.dsv
[1.642s] -- Installing: /home/eating/work/install/timda_body_description/share/timda_body_description/package.dsv
[1.642s] -- Installing: /home/eating/work/install/timda_body_description/share/ament_index/resource_index/packages/timda_body_description
[1.642s] -- Installing: /home/eating/work/install/timda_body_description/share/timda_body_description/cmake/timda_body_descriptionConfig.cmake
[1.642s] -- Installing: /home/eating/work/install/timda_body_description/share/timda_body_description/cmake/timda_body_descriptionConfig-version.cmake
[1.643s] -- Installing: /home/eating/work/install/timda_body_description/share/timda_body_description/package.xml
[1.707s] Invoked command in '/home/eating/work/build/timda_body_description' returned '0': CMAKE_PREFIX_PATH=${CMAKE_PREFIX_PATH}:/home/eating/work/install/pallet_main:/home/eating/work/install/main_control:/home/eating/work/install/gui:/home/eating/work/install/docking_pkg:/opt/ros/humble /usr/bin/cmake --install /home/eating/work/build/timda_body_description
