[0.087s] Invoking command in '/home/eating/work/build/mobile_description': CMAKE_PREFIX_PATH=/opt/ros/humble /usr/bin/cmake --build /home/eating/work/build/mobile_description -- -j8 -l8
[0.402s] Invoked command in '/home/eating/work/build/mobile_description' returned '0': CMAKE_PREFIX_PATH=/opt/ros/humble /usr/bin/cmake --build /home/eating/work/build/mobile_description -- -j8 -l8
[0.404s] Invoking command in '/home/eating/work/build/mobile_description': CMAKE_PREFIX_PATH=/opt/ros/humble /usr/bin/cmake --install /home/eating/work/build/mobile_description
[0.415s] -- Install configuration: ""
[0.415s] -- Up-to-date: /home/eating/work/install/mobile_description/share/mobile_description/meshes
[0.416s] -- Up-to-date: /home/eating/work/install/mobile_description/share/mobile_description/meshes/base_link.STL
[0.416s] -- Up-to-date: /home/eating/work/install/mobile_description/share/mobile_description/urdf
[0.416s] -- Up-to-date: /home/eating/work/install/mobile_description/share/mobile_description/urdf/timda_mobile_platform.urdf.xacro
[0.417s] -- Up-to-date: /home/eating/work/install/mobile_description/share/mobile_description/urdf/timda_mobile_platform.csv
[0.417s] -- Up-to-date: /home/eating/work/install/mobile_description/share/mobile_description/urdf/timda_mobile_platform.gazebo.xacro
[0.417s] -- Up-to-date: /home/eating/work/install/mobile_description/share/mobile_description/urdf/timda_mobile_platform_sim_odom.urdf.xacro
[0.418s] -- Up-to-date: /home/eating/work/install/mobile_description/share/mobile_description/urdf/timda_mobile_platform.urdf
[0.418s] -- Up-to-date: /home/eating/work/install/mobile_description/share/ament_index/resource_index/package_run_dependencies/mobile_description
[0.418s] -- Up-to-date: /home/eating/work/install/mobile_description/share/ament_index/resource_index/parent_prefix_path/mobile_description
[0.418s] -- Up-to-date: /home/eating/work/install/mobile_description/share/mobile_description/environment/ament_prefix_path.sh
[0.419s] -- Up-to-date: /home/eating/work/install/mobile_description/share/mobile_description/environment/ament_prefix_path.dsv
[0.419s] -- Up-to-date: /home/eating/work/install/mobile_description/share/mobile_description/environment/path.sh
[0.419s] -- Up-to-date: /home/eating/work/install/mobile_description/share/mobile_description/environment/path.dsv
[0.419s] -- Up-to-date: /home/eating/work/install/mobile_description/share/mobile_description/local_setup.bash
[0.419s] -- Up-to-date: /home/eating/work/install/mobile_description/share/mobile_description/local_setup.sh
[0.419s] -- Up-to-date: /home/eating/work/install/mobile_description/share/mobile_description/local_setup.zsh
[0.420s] -- Up-to-date: /home/eating/work/install/mobile_description/share/mobile_description/local_setup.dsv
[0.420s] -- Installing: /home/eating/work/install/mobile_description/share/mobile_description/package.dsv
[0.422s] -- Up-to-date: /home/eating/work/install/mobile_description/share/ament_index/resource_index/packages/mobile_description
[0.422s] -- Up-to-date: /home/eating/work/install/mobile_description/share/mobile_description/cmake/mobile_descriptionConfig.cmake
[0.422s] -- Up-to-date: /home/eating/work/install/mobile_description/share/mobile_description/cmake/mobile_descriptionConfig-version.cmake
[0.423s] -- Up-to-date: /home/eating/work/install/mobile_description/share/mobile_description/package.xml
[0.432s] Invoked command in '/home/eating/work/build/mobile_description' returned '0': CMAKE_PREFIX_PATH=/opt/ros/humble /usr/bin/cmake --install /home/eating/work/build/mobile_description
