[0.996s] Invoking command in '/home/fxck/work/build/suction_description': CMAKE_PREFIX_PATH=/opt/ros/humble /usr/bin/cmake /home/fxck/work/src/timda_sim/suction_description -DCMAKE_INSTALL_PREFIX=/home/fxck/work/install/suction_description
[1.171s] -- The C compiler identification is GNU 11.4.0
[1.171s] -- The CXX compiler identification is GNU 11.4.0
[1.171s] -- Detecting C compiler ABI info
[1.267s] -- Detecting C compiler ABI info - done
[1.278s] -- Check for working C compiler: /usr/bin/cc - skipped
[1.278s] -- Detecting C compile features
[1.279s] -- Detecting C compile features - done
[1.288s] -- Detecting CXX compiler ABI info
[1.406s] -- Detecting CXX compiler ABI info - done
[1.419s] -- Check for working CXX compiler: /usr/bin/c++ - skipped
[1.419s] -- Detecting CXX compile features
[1.420s] -- Detecting CXX compile features - done
[1.422s] -- Found ament_cmake: 1.3.11 (/opt/ros/humble/share/ament_cmake/cmake)
[1.598s] -- Found Python3: /usr/bin/python3 (found version "3.10.12") found components: Interpreter 
[1.698s] -- Found ament_lint_auto: 0.12.12 (/opt/ros/humble/share/ament_lint_auto/cmake)
[1.791s] -- Added test 'lint_cmake' to check CMake code style
[1.795s] -- Added test 'xmllint' to check XML markup files
[1.795s] -- Configuring done
[1.795s] -- Generating done
[1.796s] -- Build files have been written to: /home/fxck/work/build/suction_description
[1.827s] Invoked command in '/home/fxck/work/build/suction_description' returned '0': CMAKE_PREFIX_PATH=/opt/ros/humble /usr/bin/cmake /home/fxck/work/src/timda_sim/suction_description -DCMAKE_INSTALL_PREFIX=/home/fxck/work/install/suction_description
[1.827s] Invoking command in '/home/fxck/work/build/suction_description': CMAKE_PREFIX_PATH=/opt/ros/humble /usr/bin/cmake --build /home/fxck/work/build/suction_description -- -j16 -l16
[1.893s] Invoked command in '/home/fxck/work/build/suction_description' returned '0': CMAKE_PREFIX_PATH=/opt/ros/humble /usr/bin/cmake --build /home/fxck/work/build/suction_description -- -j16 -l16
[1.893s] Invoking command in '/home/fxck/work/build/suction_description': CMAKE_PREFIX_PATH=/opt/ros/humble /usr/bin/cmake --install /home/fxck/work/build/suction_description
[2.038s] -- Install configuration: ""
[2.038s] -- Installing: /home/fxck/work/install/suction_description/share/suction_description/config
[2.038s] -- Installing: /home/fxck/work/install/suction_description/share/suction_description/config/joint_names_suction_urdf.yaml
[2.038s] -- Installing: /home/fxck/work/install/suction_description/share/suction_description/meshes
[2.039s] -- Installing: /home/fxck/work/install/suction_description/share/suction_description/meshes/tool_link.STL
[2.039s] -- Installing: /home/fxck/work/install/suction_description/share/suction_description/meshes/tool_end_Link.STL
[2.039s] -- Installing: /home/fxck/work/install/suction_description/share/suction_description/urdf
[2.039s] -- Installing: /home/fxck/work/install/suction_description/share/suction_description/urdf/suction.gazebo.xacro
[2.039s] -- Installing: /home/fxck/work/install/suction_description/share/suction_description/urdf/suction.transmission.xacro
[2.039s] -- Installing: /home/fxck/work/install/suction_description/share/suction_description/urdf/suction_urdf.xacro
[2.039s] -- Installing: /home/fxck/work/install/suction_description/share/ament_index/resource_index/package_run_dependencies/suction_description
[2.039s] -- Installing: /home/fxck/work/install/suction_description/share/ament_index/resource_index/parent_prefix_path/suction_description
[2.039s] -- Installing: /home/fxck/work/install/suction_description/share/suction_description/environment/ament_prefix_path.sh
[2.039s] -- Installing: /home/fxck/work/install/suction_description/share/suction_description/environment/ament_prefix_path.dsv
[2.039s] -- Installing: /home/fxck/work/install/suction_description/share/suction_description/environment/path.sh
[2.039s] -- Installing: /home/fxck/work/install/suction_description/share/suction_description/environment/path.dsv
[2.039s] -- Installing: /home/fxck/work/install/suction_description/share/suction_description/local_setup.bash
[2.041s] -- Installing: /home/fxck/work/install/suction_description/share/suction_description/local_setup.sh
[2.041s] -- Installing: /home/fxck/work/install/suction_description/share/suction_description/local_setup.zsh
[2.041s] -- Installing: /home/fxck/work/install/suction_description/share/suction_description/local_setup.dsv
[2.041s] -- Installing: /home/fxck/work/install/suction_description/share/suction_description/package.dsv
[2.041s] -- Installing: /home/fxck/work/install/suction_description/share/ament_index/resource_index/packages/suction_description
[2.041s] -- Installing: /home/fxck/work/install/suction_description/share/suction_description/cmake/suction_descriptionConfig.cmake
[2.042s] -- Installing: /home/fxck/work/install/suction_description/share/suction_description/cmake/suction_descriptionConfig-version.cmake
[2.042s] -- Installing: /home/fxck/work/install/suction_description/share/suction_description/package.xml
[2.043s] Invoked command in '/home/fxck/work/build/suction_description' returned '0': CMAKE_PREFIX_PATH=/opt/ros/humble /usr/bin/cmake --install /home/fxck/work/build/suction_description
