[0.037s] Invoking command in '/home/eating/work/build/realsense2_camera': AMENT_PREFIX_PATH=/home/eating/work/install/realsense2_camera_msgs:${AMENT_PREFIX_PATH} CMAKE_PREFIX_PATH=/home/eating/work/install/realsense2_camera_msgs:/opt/ros/humble LD_LIBRARY_PATH=/home/eating/work/install/realsense2_camera_msgs/lib:${LD_LIBRARY_PATH} PYTHONPATH=/home/eating/work/install/realsense2_camera_msgs/local/lib/python3.10/dist-packages:${PYTHONPATH} /usr/bin/cmake --build /home/eating/work/build/realsense2_camera -- -j8 -l8
[0.060s] -- Create Release Build.
[0.060s] -- Found ament_cmake: 1.3.11 (/opt/ros/humble/share/ament_cmake/cmake)
[0.181s] -- Found builtin_interfaces: 1.2.1 (/opt/ros/humble/share/builtin_interfaces/cmake)
[0.203s] -- Found rosidl_generator_c: 3.1.6 (/opt/ros/humble/share/rosidl_generator_c/cmake)
[0.205s] -- Found rosidl_adapter: 3.1.6 (/opt/ros/humble/share/rosidl_adapter/cmake)
[0.211s] -- Found rosidl_generator_cpp: 3.1.6 (/opt/ros/humble/share/rosidl_generator_cpp/cmake)
[0.221s] -- Using all available rosidl_typesupport_c: rosidl_typesupport_fastrtps_c;rosidl_typesupport_introspection_c
[0.235s] -- Using all available rosidl_typesupport_cpp: rosidl_typesupport_fastrtps_cpp;rosidl_typesupport_introspection_cpp
[0.247s] -- Found cv_bridge: 3.2.1 (/opt/ros/humble/share/cv_bridge/cmake)
[0.300s] -- Found image_transport: 3.1.11 (/opt/ros/humble/share/image_transport/cmake)
[0.329s] -- Found rmw_implementation_cmake: 6.1.2 (/opt/ros/humble/share/rmw_implementation_cmake/cmake)
[0.331s] -- Found rmw_cyclonedds_cpp: 1.3.4 (/opt/ros/humble/share/rmw_cyclonedds_cpp/cmake)
[0.348s] -- Using RMW implementation 'rmw_cyclonedds_cpp' as default
[0.403s] -- Found rclcpp_components: 16.0.12 (/opt/ros/humble/share/rclcpp_components/cmake)
[0.420s] -- Found realsense2_camera_msgs: 4.55.1 (/home/eating/work/install/realsense2_camera_msgs/share/realsense2_camera_msgs/cmake)
[0.437s] -- Found nav_msgs: 4.8.0 (/opt/ros/humble/share/nav_msgs/cmake)
[0.453s] -- Found tf2_ros: 0.25.12 (/opt/ros/humble/share/tf2_ros/cmake)
[0.509s] -- Found diagnostic_updater: 4.0.3 (/opt/ros/humble/share/diagnostic_updater/cmake)
[0.538s] [33mCMake Warning at CMakeLists.txt:120 (find_package):
[0.538s]   By not providing "Findrealsense2.cmake" in CMAKE_MODULE_PATH this project
[0.538s]   has asked CMake to find a package configuration file provided by
[0.538s]   "realsense2", but CMake did not find one.
[0.538s] 
[0.538s]   Could not find a package configuration file provided by "realsense2"
[0.538s]   (requested version 2.55.1) with any of the following names:
[0.538s] 
[0.539s]     realsense2Config.cmake
[0.539s]     realsense2-config.cmake
[0.539s] 
[0.539s]   Add the installation prefix of "realsense2" to CMAKE_PREFIX_PATH or set
[0.539s]   "realsense2_DIR" to a directory containing one of the above files.  If
[0.539s]   "realsense2" provides a separate development package or SDK, be sure it has
[0.539s]   been installed.
[0.539s] 
[0.539s] [0m
[0.539s] [31mCMake Error at CMakeLists.txt:125 (message):
[0.539s]   
[0.539s] 
[0.539s]   
[0.539s] 
[0.539s]    Intel RealSense SDK 2.0 is missing, please install it from https://github.com/IntelRealSense/librealsense/releases
[0.539s] 
[0.539s]   
[0.539s] 
[0.539s] 
[0.540s] [0m
[0.540s] -- Configuring incomplete, errors occurred!
[0.540s] See also "/home/eating/work/build/realsense2_camera/CMakeFiles/CMakeOutput.log".
[0.547s] gmake: *** [Makefile:701: cmake_check_build_system] Error 1
[0.548s] Invoked command in '/home/eating/work/build/realsense2_camera' returned '2': AMENT_PREFIX_PATH=/home/eating/work/install/realsense2_camera_msgs:${AMENT_PREFIX_PATH} CMAKE_PREFIX_PATH=/home/eating/work/install/realsense2_camera_msgs:/opt/ros/humble LD_LIBRARY_PATH=/home/eating/work/install/realsense2_camera_msgs/lib:${LD_LIBRARY_PATH} PYTHONPATH=/home/eating/work/install/realsense2_camera_msgs/local/lib/python3.10/dist-packages:${PYTHONPATH} /usr/bin/cmake --build /home/eating/work/build/realsense2_camera -- -j8 -l8
