[0.062s] Invoking command in '/home/eating/work/build/interface': CMAKE_PREFIX_PATH=${CMAKE_PREFIX_PATH}:/home/eating/work/install/pallet_main:/home/eating/work/install/main_control:/home/eating/work/install/gui:/home/eating/work/install/docking_pkg:/opt/ros/humble /usr/bin/cmake --build /home/eating/work/build/interface -- -j8 -l8
[0.889s] [  3%] Built target interface__cpp
[0.889s] [  3%] Built target ament_cmake_python_copy_interface
[0.889s] [ 12%] Built target interface__rosidl_typesupport_introspection_cpp
[1.238s] running egg_info
[1.239s] writing interface.egg-info/PKG-INFO
[1.241s] writing dependency_links to interface.egg-info/dependency_links.txt
[1.241s] writing top-level names to interface.egg-info/top_level.txt
[1.244s] reading manifest file 'interface.egg-info/SOURCES.txt'
[1.244s] writing manifest file 'interface.egg-info/SOURCES.txt'
[1.320s] [ 12%] Built target ament_cmake_python_build_interface_egg
[1.406s] [ 22%] Built target interface__rosidl_typesupport_fastrtps_cpp
[1.488s] [ 32%] Built target interface__rosidl_typesupport_cpp
[1.612s] [ 41%] Built target interface__rosidl_generator_c
[1.720s] [ 51%] Built target interface__rosidl_typesupport_fastrtps_c
[1.771s] [ 61%] Built target interface__rosidl_typesupport_c
[1.871s] [ 70%] Built target interface__rosidl_typesupport_introspection_c
[1.934s] [ 70%] Built target interface
[2.017s] [ 74%] Built target interface__py
[2.118s] [ 80%] Built target interface__rosidl_generator_py
[2.161s] [ 87%] Built target interface__rosidl_typesupport_fastrtps_c__pyext
[2.299s] [ 93%] Built target interface__rosidl_typesupport_c__pyext
[2.424s] [100%] Built target interface__rosidl_typesupport_introspection_c__pyext
[2.713s] Invoked command in '/home/eating/work/build/interface' returned '0': CMAKE_PREFIX_PATH=${CMAKE_PREFIX_PATH}:/home/eating/work/install/pallet_main:/home/eating/work/install/main_control:/home/eating/work/install/gui:/home/eating/work/install/docking_pkg:/opt/ros/humble /usr/bin/cmake --build /home/eating/work/build/interface -- -j8 -l8
[2.716s] Invoking command in '/home/eating/work/build/interface': CMAKE_PREFIX_PATH=${CMAKE_PREFIX_PATH}:/home/eating/work/install/pallet_main:/home/eating/work/install/main_control:/home/eating/work/install/gui:/home/eating/work/install/docking_pkg:/opt/ros/humble /usr/bin/cmake --install /home/eating/work/build/interface
[2.781s] -- Install configuration: ""
[2.781s] -- Up-to-date: /home/eating/work/install/interface/share/ament_index/resource_index/rosidl_interfaces/interface
[2.781s] -- Up-to-date: /home/eating/work/install/interface/include/interface/interface
[2.781s] -- Up-to-date: /home/eating/work/install/interface/include/interface/interface/msg
[2.782s] -- Up-to-date: /home/eating/work/install/interface/include/interface/interface/msg/rosidl_generator_c__visibility_control.h
[2.782s] -- Up-to-date: /home/eating/work/install/interface/include/interface/interface/srv
[2.782s] -- Up-to-date: /home/eating/work/install/interface/include/interface/interface/srv/detail
[2.782s] -- Up-to-date: /home/eating/work/install/interface/include/interface/interface/srv/detail/maincontroller__struct.h
[2.782s] -- Up-to-date: /home/eating/work/install/interface/include/interface/interface/srv/detail/maincontroller__functions.c
[2.782s] -- Up-to-date: /home/eating/work/install/interface/include/interface/interface/srv/detail/maincontroller__functions.h
[2.782s] -- Up-to-date: /home/eating/work/install/interface/include/interface/interface/srv/detail/maincontroller__type_support.h
[2.782s] -- Up-to-date: /home/eating/work/install/interface/include/interface/interface/srv/maincontroller.h
[2.782s] -- Up-to-date: /home/eating/work/install/interface/share/interface/environment/library_path.sh
[2.783s] -- Up-to-date: /home/eating/work/install/interface/share/interface/environment/library_path.dsv
[2.783s] -- Up-to-date: /home/eating/work/install/interface/lib/libinterface__rosidl_generator_c.so
[2.783s] -- Up-to-date: /home/eating/work/install/interface/include/interface/interface
[2.783s] -- Up-to-date: /home/eating/work/install/interface/include/interface/interface/msg
[2.783s] -- Up-to-date: /home/eating/work/install/interface/include/interface/interface/msg/rosidl_typesupport_fastrtps_c__visibility_control.h
[2.783s] -- Up-to-date: /home/eating/work/install/interface/include/interface/interface/srv
[2.783s] -- Up-to-date: /home/eating/work/install/interface/include/interface/interface/srv/detail
[2.783s] -- Up-to-date: /home/eating/work/install/interface/include/interface/interface/srv/detail/maincontroller__rosidl_typesupport_fastrtps_c.h
[2.783s] -- Up-to-date: /home/eating/work/install/interface/lib/libinterface__rosidl_typesupport_fastrtps_c.so
[2.784s] -- Up-to-date: /home/eating/work/install/interface/include/interface/interface
[2.784s] -- Up-to-date: /home/eating/work/install/interface/include/interface/interface/msg
[2.784s] -- Up-to-date: /home/eating/work/install/interface/include/interface/interface/msg/rosidl_generator_cpp__visibility_control.hpp
[2.784s] -- Up-to-date: /home/eating/work/install/interface/include/interface/interface/srv
[2.784s] -- Up-to-date: /home/eating/work/install/interface/include/interface/interface/srv/maincontroller.hpp
[2.784s] -- Up-to-date: /home/eating/work/install/interface/include/interface/interface/srv/detail
[2.784s] -- Up-to-date: /home/eating/work/install/interface/include/interface/interface/srv/detail/maincontroller__builder.hpp
[2.784s] -- Up-to-date: /home/eating/work/install/interface/include/interface/interface/srv/detail/maincontroller__traits.hpp
[2.784s] -- Up-to-date: /home/eating/work/install/interface/include/interface/interface/srv/detail/maincontroller__type_support.hpp
[2.784s] -- Up-to-date: /home/eating/work/install/interface/include/interface/interface/srv/detail/maincontroller__struct.hpp
[2.785s] -- Up-to-date: /home/eating/work/install/interface/include/interface/interface
[2.785s] -- Up-to-date: /home/eating/work/install/interface/include/interface/interface/msg
[2.785s] -- Up-to-date: /home/eating/work/install/interface/include/interface/interface/msg/rosidl_typesupport_fastrtps_cpp__visibility_control.h
[2.785s] -- Up-to-date: /home/eating/work/install/interface/include/interface/interface/srv
[2.785s] -- Up-to-date: /home/eating/work/install/interface/include/interface/interface/srv/detail
[2.786s] -- Up-to-date: /home/eating/work/install/interface/include/interface/interface/srv/detail/dds_fastrtps
[2.786s] -- Up-to-date: /home/eating/work/install/interface/include/interface/interface/srv/detail/maincontroller__rosidl_typesupport_fastrtps_cpp.hpp
[2.787s] -- Up-to-date: /home/eating/work/install/interface/lib/libinterface__rosidl_typesupport_fastrtps_cpp.so
[2.870s] -- Up-to-date: /home/eating/work/install/interface/include/interface/interface
[2.870s] -- Up-to-date: /home/eating/work/install/interface/include/interface/interface/msg
[2.870s] -- Up-to-date: /home/eating/work/install/interface/include/interface/interface/msg/rosidl_typesupport_introspection_c__visibility_control.h
[2.870s] -- Up-to-date: /home/eating/work/install/interface/include/interface/interface/srv
[2.870s] -- Up-to-date: /home/eating/work/install/interface/include/interface/interface/srv/detail
[2.870s] -- Up-to-date: /home/eating/work/install/interface/include/interface/interface/srv/detail/maincontroller__type_support.c
[2.871s] -- Up-to-date: /home/eating/work/install/interface/include/interface/interface/srv/detail/maincontroller__rosidl_typesupport_introspection_c.h
[2.871s] -- Up-to-date: /home/eating/work/install/interface/lib/libinterface__rosidl_typesupport_introspection_c.so
[2.871s] -- Up-to-date: /home/eating/work/install/interface/lib/libinterface__rosidl_typesupport_c.so
[2.871s] -- Up-to-date: /home/eating/work/install/interface/include/interface/interface
[2.871s] -- Up-to-date: /home/eating/work/install/interface/include/interface/interface/srv
[2.871s] -- Up-to-date: /home/eating/work/install/interface/include/interface/interface/srv/detail
[2.871s] -- Up-to-date: /home/eating/work/install/interface/include/interface/interface/srv/detail/maincontroller__type_support.cpp
[2.871s] -- Up-to-date: /home/eating/work/install/interface/include/interface/interface/srv/detail/maincontroller__rosidl_typesupport_introspection_cpp.hpp
[2.871s] -- Up-to-date: /home/eating/work/install/interface/lib/libinterface__rosidl_typesupport_introspection_cpp.so
[2.872s] -- Up-to-date: /home/eating/work/install/interface/lib/libinterface__rosidl_typesupport_cpp.so
[2.872s] -- Up-to-date: /home/eating/work/install/interface/share/interface/environment/pythonpath.sh
[2.872s] -- Up-to-date: /home/eating/work/install/interface/share/interface/environment/pythonpath.dsv
[2.872s] -- Up-to-date: /home/eating/work/install/interface/local/lib/python3.10/dist-packages/interface-0.0.0-py3.10.egg-info
[2.872s] -- Installing: /home/eating/work/install/interface/local/lib/python3.10/dist-packages/interface-0.0.0-py3.10.egg-info/top_level.txt
[2.872s] -- Installing: /home/eating/work/install/interface/local/lib/python3.10/dist-packages/interface-0.0.0-py3.10.egg-info/SOURCES.txt
[2.872s] -- Installing: /home/eating/work/install/interface/local/lib/python3.10/dist-packages/interface-0.0.0-py3.10.egg-info/dependency_links.txt
[2.872s] -- Installing: /home/eating/work/install/interface/local/lib/python3.10/dist-packages/interface-0.0.0-py3.10.egg-info/PKG-INFO
[2.873s] -- Up-to-date: /home/eating/work/install/interface/local/lib/python3.10/dist-packages/interface
[2.873s] -- Up-to-date: /home/eating/work/install/interface/local/lib/python3.10/dist-packages/interface/interface_s__rosidl_typesupport_fastrtps_c.cpython-310-x86_64-linux-gnu.so
[2.873s] -- Up-to-date: /home/eating/work/install/interface/local/lib/python3.10/dist-packages/interface/libinterface__rosidl_generator_py.so
[2.873s] -- Up-to-date: /home/eating/work/install/interface/local/lib/python3.10/dist-packages/interface/__init__.py
[2.873s] -- Up-to-date: /home/eating/work/install/interface/local/lib/python3.10/dist-packages/interface/_interface_s.ep.rosidl_typesupport_fastrtps_c.c
[2.873s] -- Up-to-date: /home/eating/work/install/interface/local/lib/python3.10/dist-packages/interface/_interface_s.ep.rosidl_typesupport_c.c
[2.874s] -- Up-to-date: /home/eating/work/install/interface/local/lib/python3.10/dist-packages/interface/srv
[2.880s] -- Up-to-date: /home/eating/work/install/interface/local/lib/python3.10/dist-packages/interface/srv/__init__.py
[2.880s] -- Up-to-date: /home/eating/work/install/interface/local/lib/python3.10/dist-packages/interface/srv/_maincontroller.py
[2.880s] -- Up-to-date: /home/eating/work/install/interface/local/lib/python3.10/dist-packages/interface/srv/_maincontroller_s.c
[2.881s] -- Up-to-date: /home/eating/work/install/interface/local/lib/python3.10/dist-packages/interface/_interface_s.ep.rosidl_typesupport_introspection_c.c
[2.881s] -- Up-to-date: /home/eating/work/install/interface/local/lib/python3.10/dist-packages/interface/interface_s__rosidl_typesupport_introspection_c.cpython-310-x86_64-linux-gnu.so
[2.881s] -- Up-to-date: /home/eating/work/install/interface/local/lib/python3.10/dist-packages/interface/interface_s__rosidl_typesupport_c.cpython-310-x86_64-linux-gnu.so
[2.927s] Listing '/home/eating/work/install/interface/local/lib/python3.10/dist-packages/interface'...
[2.927s] Listing '/home/eating/work/install/interface/local/lib/python3.10/dist-packages/interface/srv'...
[2.929s] -- Up-to-date: /home/eating/work/install/interface/local/lib/python3.10/dist-packages/interface/interface_s__rosidl_typesupport_fastrtps_c.cpython-310-x86_64-linux-gnu.so
[2.929s] -- Up-to-date: /home/eating/work/install/interface/local/lib/python3.10/dist-packages/interface/interface_s__rosidl_typesupport_introspection_c.cpython-310-x86_64-linux-gnu.so
[2.929s] -- Up-to-date: /home/eating/work/install/interface/local/lib/python3.10/dist-packages/interface/interface_s__rosidl_typesupport_c.cpython-310-x86_64-linux-gnu.so
[2.929s] -- Up-to-date: /home/eating/work/install/interface/lib/libinterface__rosidl_generator_py.so
[2.929s] -- Up-to-date: /home/eating/work/install/interface/share/interface/srv/Maincontroller.idl
[2.929s] -- Up-to-date: /home/eating/work/install/interface/share/interface/srv/Maincontroller.srv
[2.929s] -- Up-to-date: /home/eating/work/install/interface/share/interface/srv/Maincontroller_Request.msg
[2.929s] -- Up-to-date: /home/eating/work/install/interface/share/interface/srv/Maincontroller_Response.msg
[2.929s] -- Up-to-date: /home/eating/work/install/interface/share/ament_index/resource_index/package_run_dependencies/interface
[2.929s] -- Up-to-date: /home/eating/work/install/interface/share/ament_index/resource_index/parent_prefix_path/interface
[2.929s] -- Up-to-date: /home/eating/work/install/interface/share/interface/environment/ament_prefix_path.sh
[2.930s] -- Up-to-date: /home/eating/work/install/interface/share/interface/environment/ament_prefix_path.dsv
[2.930s] -- Up-to-date: /home/eating/work/install/interface/share/interface/environment/path.sh
[2.930s] -- Up-to-date: /home/eating/work/install/interface/share/interface/environment/path.dsv
[2.930s] -- Up-to-date: /home/eating/work/install/interface/share/interface/local_setup.bash
[2.930s] -- Up-to-date: /home/eating/work/install/interface/share/interface/local_setup.sh
[2.930s] -- Up-to-date: /home/eating/work/install/interface/share/interface/local_setup.zsh
[2.930s] -- Up-to-date: /home/eating/work/install/interface/share/interface/local_setup.dsv
[2.930s] -- Installing: /home/eating/work/install/interface/share/interface/package.dsv
[2.930s] -- Up-to-date: /home/eating/work/install/interface/share/ament_index/resource_index/packages/interface
[2.930s] -- Up-to-date: /home/eating/work/install/interface/share/interface/cmake/export_interface__rosidl_generator_cExport.cmake
[2.930s] -- Up-to-date: /home/eating/work/install/interface/share/interface/cmake/export_interface__rosidl_generator_cExport-noconfig.cmake
[2.931s] -- Up-to-date: /home/eating/work/install/interface/share/interface/cmake/export_interface__rosidl_typesupport_fastrtps_cExport.cmake
[2.931s] -- Up-to-date: /home/eating/work/install/interface/share/interface/cmake/export_interface__rosidl_typesupport_fastrtps_cExport-noconfig.cmake
[2.931s] -- Up-to-date: /home/eating/work/install/interface/share/interface/cmake/export_interface__rosidl_generator_cppExport.cmake
[2.931s] -- Up-to-date: /home/eating/work/install/interface/share/interface/cmake/export_interface__rosidl_typesupport_fastrtps_cppExport.cmake
[2.931s] -- Up-to-date: /home/eating/work/install/interface/share/interface/cmake/export_interface__rosidl_typesupport_fastrtps_cppExport-noconfig.cmake
[2.931s] -- Up-to-date: /home/eating/work/install/interface/share/interface/cmake/interface__rosidl_typesupport_introspection_cExport.cmake
[2.931s] -- Up-to-date: /home/eating/work/install/interface/share/interface/cmake/interface__rosidl_typesupport_introspection_cExport-noconfig.cmake
[2.931s] -- Up-to-date: /home/eating/work/install/interface/share/interface/cmake/interface__rosidl_typesupport_cExport.cmake
[2.931s] -- Up-to-date: /home/eating/work/install/interface/share/interface/cmake/interface__rosidl_typesupport_cExport-noconfig.cmake
[2.933s] -- Up-to-date: /home/eating/work/install/interface/share/interface/cmake/interface__rosidl_typesupport_introspection_cppExport.cmake
[2.934s] -- Up-to-date: /home/eating/work/install/interface/share/interface/cmake/interface__rosidl_typesupport_introspection_cppExport-noconfig.cmake
[2.934s] -- Up-to-date: /home/eating/work/install/interface/share/interface/cmake/interface__rosidl_typesupport_cppExport.cmake
[2.934s] -- Up-to-date: /home/eating/work/install/interface/share/interface/cmake/interface__rosidl_typesupport_cppExport-noconfig.cmake
[2.934s] -- Up-to-date: /home/eating/work/install/interface/share/interface/cmake/export_interface__rosidl_generator_pyExport.cmake
[2.934s] -- Up-to-date: /home/eating/work/install/interface/share/interface/cmake/export_interface__rosidl_generator_pyExport-noconfig.cmake
[2.934s] -- Up-to-date: /home/eating/work/install/interface/share/interface/cmake/rosidl_cmake-extras.cmake
[2.934s] -- Up-to-date: /home/eating/work/install/interface/share/interface/cmake/ament_cmake_export_dependencies-extras.cmake
[2.934s] -- Up-to-date: /home/eating/work/install/interface/share/interface/cmake/ament_cmake_export_include_directories-extras.cmake
[2.934s] -- Up-to-date: /home/eating/work/install/interface/share/interface/cmake/ament_cmake_export_libraries-extras.cmake
[2.935s] -- Up-to-date: /home/eating/work/install/interface/share/interface/cmake/ament_cmake_export_targets-extras.cmake
[2.935s] -- Up-to-date: /home/eating/work/install/interface/share/interface/cmake/rosidl_cmake_export_typesupport_targets-extras.cmake
[2.935s] -- Up-to-date: /home/eating/work/install/interface/share/interface/cmake/rosidl_cmake_export_typesupport_libraries-extras.cmake
[2.935s] -- Up-to-date: /home/eating/work/install/interface/share/interface/cmake/interfaceConfig.cmake
[2.935s] -- Up-to-date: /home/eating/work/install/interface/share/interface/cmake/interfaceConfig-version.cmake
[2.935s] -- Up-to-date: /home/eating/work/install/interface/share/interface/package.xml
[3.021s] Invoked command in '/home/eating/work/build/interface' returned '0': CMAKE_PREFIX_PATH=${CMAKE_PREFIX_PATH}:/home/eating/work/install/pallet_main:/home/eating/work/install/main_control:/home/eating/work/install/gui:/home/eating/work/install/docking_pkg:/opt/ros/humble /usr/bin/cmake --install /home/eating/work/build/interface
