[0.031s] Invoking command in '/home/eating/work/build/interface': CMAKE_PREFIX_PATH=${CMAKE_PREFIX_PATH}:/home/eating/work/install/pallet_main:/home/eating/work/install/main_control:/home/eating/work/install/gui:/home/eating/work/install/docking_pkg:/opt/ros/humble /usr/bin/cmake /home/eating/work/src/interface -DCMAKE_INSTALL_PREFIX=/home/eating/work/install/interface
[0.369s] -- The C compiler identification is GNU 11.4.0
[0.369s] -- The CXX compiler identification is GNU 11.4.0
[0.369s] -- Detecting C compiler ABI info
[0.369s] -- Detecting C compiler ABI info - done
[0.370s] -- Check for working C compiler: /usr/bin/cc - skipped
[0.370s] -- Detecting C compile features
[0.370s] -- Detecting C compile features - done
[0.370s] -- Detecting CXX compiler ABI info
[0.370s] -- Detecting CXX compiler ABI info - done
[0.370s] -- Check for working CXX compiler: /usr/bin/c++ - skipped
[0.370s] -- Detecting CXX compile features
[0.371s] -- Detecting CXX compile features - done
[0.371s] -- Found ament_cmake: 1.3.11 (/opt/ros/humble/share/ament_cmake/cmake)
[0.561s] -- Found Python3: /usr/bin/python3 (found version "3.10.12") found components: Interpreter 
[0.700s] -- Found geometry_msgs: 4.9.0 (/opt/ros/humble/share/geometry_msgs/cmake)
[0.759s] -- Found rosidl_generator_c: 3.1.6 (/opt/ros/humble/share/rosidl_generator_c/cmake)
[0.768s] -- Found rosidl_adapter: 3.1.6 (/opt/ros/humble/share/rosidl_adapter/cmake)
[0.784s] -- Found rosidl_generator_cpp: 3.1.6 (/opt/ros/humble/share/rosidl_generator_cpp/cmake)
[0.806s] -- Using all available rosidl_typesupport_c: rosidl_typesupport_fastrtps_c;rosidl_typesupport_introspection_c
[0.836s] -- Using all available rosidl_typesupport_cpp: rosidl_typesupport_fastrtps_cpp;rosidl_typesupport_introspection_cpp
[0.910s] -- Found rosidl_default_generators: 1.2.0 (/opt/ros/humble/share/rosidl_default_generators/cmake)
[1.399s] -- Found ament_cmake_ros: 0.10.0 (/opt/ros/humble/share/ament_cmake_ros/cmake)
[2.060s] -- Using all available rosidl_typesupport_c: rosidl_typesupport_fastrtps_c;rosidl_typesupport_introspection_c
[2.355s] -- Using all available rosidl_typesupport_cpp: rosidl_typesupport_fastrtps_cpp;rosidl_typesupport_introspection_cpp
[2.413s] -- Found PythonInterp: /usr/bin/python3 (found suitable version "3.10.12", minimum required is "3.6") 
[2.416s] -- Found python_cmake_module: 0.10.0 (/opt/ros/humble/share/python_cmake_module/cmake)
[2.506s] -- Found PythonLibs: /usr/lib/x86_64-linux-gnu/libpython3.10.so (found suitable version "3.10.12", minimum required is "3.5") 
[2.506s] -- Using PYTHON_EXECUTABLE: /usr/bin/python3
[2.506s] -- Using PYTHON_INCLUDE_DIRS: /usr/include/python3.10
[2.506s] -- Using PYTHON_LIBRARIES: /usr/lib/x86_64-linux-gnu/libpython3.10.so
[2.540s] -- Found PythonExtra: .so  
[2.667s] -- Found ament_lint_auto: 0.12.12 (/opt/ros/humble/share/ament_lint_auto/cmake)
[2.678s] -- Configuring done
[2.758s] -- Generating done
[2.777s] -- Build files have been written to: /home/eating/work/build/interface
[2.813s] Invoked command in '/home/eating/work/build/interface' returned '0': CMAKE_PREFIX_PATH=${CMAKE_PREFIX_PATH}:/home/eating/work/install/pallet_main:/home/eating/work/install/main_control:/home/eating/work/install/gui:/home/eating/work/install/docking_pkg:/opt/ros/humble /usr/bin/cmake /home/eating/work/src/interface -DCMAKE_INSTALL_PREFIX=/home/eating/work/install/interface
[2.814s] Invoking command in '/home/eating/work/build/interface': CMAKE_PREFIX_PATH=${CMAKE_PREFIX_PATH}:/home/eating/work/install/pallet_main:/home/eating/work/install/main_control:/home/eating/work/install/gui:/home/eating/work/install/docking_pkg:/opt/ros/humble /usr/bin/cmake --build /home/eating/work/build/interface -- -j8 -l8
[3.236s] [  3%] [34m[1mGenerating C code for ROS interfaces[0m
[3.236s] [  6%] [34m[1mGenerating C++ code for ROS interfaces[0m
[3.236s] [  6%] Built target ament_cmake_python_copy_interface
[3.815s] [  9%] [32mBuilding C object CMakeFiles/interface__rosidl_generator_c.dir/rosidl_generator_c/interface/srv/detail/maincontroller__functions.c.o[0m
[3.823s] [  9%] Built target interface__cpp
[3.843s] running egg_info
[3.847s] creating interface.egg-info
[3.848s] writing interface.egg-info/PKG-INFO
[3.849s] writing dependency_links to interface.egg-info/dependency_links.txt
[3.849s] writing top-level names to interface.egg-info/top_level.txt
[3.850s] writing manifest file 'interface.egg-info/SOURCES.txt'
[3.858s] reading manifest file 'interface.egg-info/SOURCES.txt'
[3.861s] writing manifest file 'interface.egg-info/SOURCES.txt'
[3.880s] [ 12%] [34m[1mGenerating C++ type support dispatch for ROS interfaces[0m
[3.885s] [ 16%] [34m[1mGenerating C++ type support for eProsima Fast-RTPS[0m
[3.904s] [ 19%] [34m[1mGenerating C++ introspection for ROS interfaces[0m
[4.025s] [ 19%] Built target ament_cmake_python_build_interface_egg
[4.049s] [ 22%] [32m[1mLinking C shared library libinterface__rosidl_generator_c.so[0m
[4.230s] [ 22%] Built target interface__rosidl_generator_c
[4.303s] [ 25%] [34m[1mGenerating C type support for eProsima Fast-RTPS[0m
[4.324s] [ 29%] [34m[1mGenerating C introspection for ROS interfaces[0m
[4.341s] [ 32%] [34m[1mGenerating C type support dispatch for ROS interfaces[0m
[4.708s] [ 35%] [32mBuilding CXX object CMakeFiles/interface__rosidl_typesupport_cpp.dir/rosidl_typesupport_cpp/interface/srv/maincontroller__type_support.cpp.o[0m
[5.055s] [ 38%] [32mBuilding CXX object CMakeFiles/interface__rosidl_typesupport_introspection_cpp.dir/rosidl_typesupport_introspection_cpp/interface/srv/detail/maincontroller__type_support.cpp.o[0m
[5.132s] [ 41%] [32mBuilding CXX object CMakeFiles/interface__rosidl_typesupport_fastrtps_cpp.dir/rosidl_typesupport_fastrtps_cpp/interface/srv/detail/dds_fastrtps/maincontroller__type_support.cpp.o[0m
[5.495s] [ 45%] [32mBuilding CXX object CMakeFiles/interface__rosidl_typesupport_c.dir/rosidl_typesupport_c/interface/srv/maincontroller__type_support.cpp.o[0m
[5.651s] [ 48%] [32m[1mLinking CXX shared library libinterface__rosidl_typesupport_c.so[0m
[5.694s] [ 51%] [32mBuilding CXX object CMakeFiles/interface__rosidl_typesupport_fastrtps_c.dir/rosidl_typesupport_fastrtps_c/interface/srv/detail/maincontroller__type_support_c.cpp.o[0m
[5.725s] [ 54%] [32m[1mLinking CXX shared library libinterface__rosidl_typesupport_cpp.so[0m
[5.855s] [ 54%] Built target interface__rosidl_typesupport_c
[5.867s] [ 54%] Built target interface__rosidl_typesupport_cpp
[5.884s] [ 58%] [32mBuilding C object CMakeFiles/interface__rosidl_typesupport_introspection_c.dir/rosidl_typesupport_introspection_c/interface/srv/detail/maincontroller__type_support.c.o[0m
[6.072s] [ 61%] [32m[1mLinking C shared library libinterface__rosidl_typesupport_introspection_c.so[0m
[6.223s] [ 61%] Built target interface__rosidl_typesupport_introspection_c
[6.408s] [ 64%] [32m[1mLinking CXX shared library libinterface__rosidl_typesupport_fastrtps_cpp.so[0m
[6.490s] [ 67%] [32m[1mLinking CXX shared library libinterface__rosidl_typesupport_introspection_cpp.so[0m
[6.548s] [ 67%] Built target interface__rosidl_typesupport_introspection_cpp
[6.733s] [ 67%] Built target interface__rosidl_typesupport_fastrtps_cpp
[7.033s] [ 70%] [32m[1mLinking CXX shared library libinterface__rosidl_typesupport_fastrtps_c.so[0m
[7.396s] [ 70%] Built target interface__rosidl_typesupport_fastrtps_c
[7.506s] [ 70%] Built target interface
[7.659s] [ 74%] [34m[1mGenerating Python code for ROS interfaces[0m
[8.979s] [ 74%] Built target interface__py
[9.099s] [ 77%] [32mBuilding C object CMakeFiles/interface__rosidl_generator_py.dir/rosidl_generator_py/interface/srv/_maincontroller_s.c.o[0m
[9.604s] [ 80%] [32m[1mLinking C shared library rosidl_generator_py/interface/libinterface__rosidl_generator_py.so[0m
[9.817s] [ 80%] Built target interface__rosidl_generator_py
[9.969s] [ 83%] [32mBuilding C object CMakeFiles/interface__rosidl_typesupport_introspection_c__pyext.dir/rosidl_generator_py/interface/_interface_s.ep.rosidl_typesupport_introspection_c.c.o[0m
[9.974s] [ 87%] [32mBuilding C object CMakeFiles/interface__rosidl_typesupport_fastrtps_c__pyext.dir/rosidl_generator_py/interface/_interface_s.ep.rosidl_typesupport_fastrtps_c.c.o[0m
[9.995s] [ 90%] [32mBuilding C object CMakeFiles/interface__rosidl_typesupport_c__pyext.dir/rosidl_generator_py/interface/_interface_s.ep.rosidl_typesupport_c.c.o[0m
[10.320s] [ 93%] [32m[1mLinking C shared library rosidl_generator_py/interface/interface_s__rosidl_typesupport_introspection_c.cpython-310-x86_64-linux-gnu.so[0m
[10.365s] [ 96%] [32m[1mLinking C shared library rosidl_generator_py/interface/interface_s__rosidl_typesupport_fastrtps_c.cpython-310-x86_64-linux-gnu.so[0m
[10.411s] [100%] [32m[1mLinking C shared library rosidl_generator_py/interface/interface_s__rosidl_typesupport_c.cpython-310-x86_64-linux-gnu.so[0m
[10.424s] [100%] Built target interface__rosidl_typesupport_fastrtps_c__pyext
[10.495s] [100%] Built target interface__rosidl_typesupport_c__pyext
[10.499s] [100%] Built target interface__rosidl_typesupport_introspection_c__pyext
[10.536s] Invoked command in '/home/eating/work/build/interface' returned '0': CMAKE_PREFIX_PATH=${CMAKE_PREFIX_PATH}:/home/eating/work/install/pallet_main:/home/eating/work/install/main_control:/home/eating/work/install/gui:/home/eating/work/install/docking_pkg:/opt/ros/humble /usr/bin/cmake --build /home/eating/work/build/interface -- -j8 -l8
[10.537s] Invoking command in '/home/eating/work/build/interface': CMAKE_PREFIX_PATH=${CMAKE_PREFIX_PATH}:/home/eating/work/install/pallet_main:/home/eating/work/install/main_control:/home/eating/work/install/gui:/home/eating/work/install/docking_pkg:/opt/ros/humble /usr/bin/cmake --install /home/eating/work/build/interface
[10.579s] -- Install configuration: ""
[10.579s] -- Installing: /home/eating/work/install/interface/share/ament_index/resource_index/rosidl_interfaces/interface
[10.579s] -- Installing: /home/eating/work/install/interface/include/interface/interface
[10.579s] -- Installing: /home/eating/work/install/interface/include/interface/interface/msg
[10.579s] -- Installing: /home/eating/work/install/interface/include/interface/interface/msg/rosidl_generator_c__visibility_control.h
[10.580s] -- Installing: /home/eating/work/install/interface/include/interface/interface/srv
[10.580s] -- Installing: /home/eating/work/install/interface/include/interface/interface/srv/detail
[10.580s] -- Installing: /home/eating/work/install/interface/include/interface/interface/srv/detail/maincontroller__struct.h
[10.580s] -- Installing: /home/eating/work/install/interface/include/interface/interface/srv/detail/maincontroller__functions.c
[10.580s] -- Installing: /home/eating/work/install/interface/include/interface/interface/srv/detail/maincontroller__functions.h
[10.580s] -- Installing: /home/eating/work/install/interface/include/interface/interface/srv/detail/maincontroller__type_support.h
[10.580s] -- Installing: /home/eating/work/install/interface/include/interface/interface/srv/maincontroller.h
[10.580s] -- Installing: /home/eating/work/install/interface/share/interface/environment/library_path.sh
[10.580s] -- Installing: /home/eating/work/install/interface/share/interface/environment/library_path.dsv
[10.580s] -- Installing: /home/eating/work/install/interface/lib/libinterface__rosidl_generator_c.so
[10.581s] -- Set runtime path of "/home/eating/work/install/interface/lib/libinterface__rosidl_generator_c.so" to ""
[10.581s] -- Up-to-date: /home/eating/work/install/interface/include/interface/interface
[10.581s] -- Up-to-date: /home/eating/work/install/interface/include/interface/interface/msg
[10.581s] -- Installing: /home/eating/work/install/interface/include/interface/interface/msg/rosidl_typesupport_fastrtps_c__visibility_control.h
[10.581s] -- Up-to-date: /home/eating/work/install/interface/include/interface/interface/srv
[10.581s] -- Up-to-date: /home/eating/work/install/interface/include/interface/interface/srv/detail
[10.581s] -- Installing: /home/eating/work/install/interface/include/interface/interface/srv/detail/maincontroller__rosidl_typesupport_fastrtps_c.h
[10.581s] -- Installing: /home/eating/work/install/interface/lib/libinterface__rosidl_typesupport_fastrtps_c.so
[10.581s] -- Set runtime path of "/home/eating/work/install/interface/lib/libinterface__rosidl_typesupport_fastrtps_c.so" to ""
[10.581s] -- Up-to-date: /home/eating/work/install/interface/include/interface/interface
[10.591s] -- Up-to-date: /home/eating/work/install/interface/include/interface/interface/msg
[10.591s] -- Installing: /home/eating/work/install/interface/include/interface/interface/msg/rosidl_generator_cpp__visibility_control.hpp
[10.591s] -- Up-to-date: /home/eating/work/install/interface/include/interface/interface/srv
[10.592s] -- Installing: /home/eating/work/install/interface/include/interface/interface/srv/maincontroller.hpp
[10.592s] -- Up-to-date: /home/eating/work/install/interface/include/interface/interface/srv/detail
[10.592s] -- Installing: /home/eating/work/install/interface/include/interface/interface/srv/detail/maincontroller__builder.hpp
[10.595s] -- Installing: /home/eating/work/install/interface/include/interface/interface/srv/detail/maincontroller__traits.hpp
[10.595s] -- Installing: /home/eating/work/install/interface/include/interface/interface/srv/detail/maincontroller__type_support.hpp
[10.596s] -- Installing: /home/eating/work/install/interface/include/interface/interface/srv/detail/maincontroller__struct.hpp
[10.596s] -- Up-to-date: /home/eating/work/install/interface/include/interface/interface
[10.596s] -- Up-to-date: /home/eating/work/install/interface/include/interface/interface/msg
[10.596s] -- Installing: /home/eating/work/install/interface/include/interface/interface/msg/rosidl_typesupport_fastrtps_cpp__visibility_control.h
[10.596s] -- Up-to-date: /home/eating/work/install/interface/include/interface/interface/srv
[10.596s] -- Up-to-date: /home/eating/work/install/interface/include/interface/interface/srv/detail
[10.596s] -- Installing: /home/eating/work/install/interface/include/interface/interface/srv/detail/dds_fastrtps
[10.596s] -- Installing: /home/eating/work/install/interface/include/interface/interface/srv/detail/maincontroller__rosidl_typesupport_fastrtps_cpp.hpp
[10.597s] -- Installing: /home/eating/work/install/interface/lib/libinterface__rosidl_typesupport_fastrtps_cpp.so
[10.597s] -- Set runtime path of "/home/eating/work/install/interface/lib/libinterface__rosidl_typesupport_fastrtps_cpp.so" to ""
[10.597s] -- Up-to-date: /home/eating/work/install/interface/include/interface/interface
[10.597s] -- Up-to-date: /home/eating/work/install/interface/include/interface/interface/msg
[10.597s] -- Installing: /home/eating/work/install/interface/include/interface/interface/msg/rosidl_typesupport_introspection_c__visibility_control.h
[10.597s] -- Up-to-date: /home/eating/work/install/interface/include/interface/interface/srv
[10.597s] -- Up-to-date: /home/eating/work/install/interface/include/interface/interface/srv/detail
[10.597s] -- Installing: /home/eating/work/install/interface/include/interface/interface/srv/detail/maincontroller__type_support.c
[10.598s] -- Installing: /home/eating/work/install/interface/include/interface/interface/srv/detail/maincontroller__rosidl_typesupport_introspection_c.h
[10.598s] -- Installing: /home/eating/work/install/interface/lib/libinterface__rosidl_typesupport_introspection_c.so
[10.598s] -- Set runtime path of "/home/eating/work/install/interface/lib/libinterface__rosidl_typesupport_introspection_c.so" to ""
[10.598s] -- Installing: /home/eating/work/install/interface/lib/libinterface__rosidl_typesupport_c.so
[10.598s] -- Set runtime path of "/home/eating/work/install/interface/lib/libinterface__rosidl_typesupport_c.so" to ""
[10.598s] -- Up-to-date: /home/eating/work/install/interface/include/interface/interface
[10.598s] -- Up-to-date: /home/eating/work/install/interface/include/interface/interface/srv
[10.598s] -- Up-to-date: /home/eating/work/install/interface/include/interface/interface/srv/detail
[10.598s] -- Installing: /home/eating/work/install/interface/include/interface/interface/srv/detail/maincontroller__type_support.cpp
[10.599s] -- Installing: /home/eating/work/install/interface/include/interface/interface/srv/detail/maincontroller__rosidl_typesupport_introspection_cpp.hpp
[10.602s] -- Installing: /home/eating/work/install/interface/lib/libinterface__rosidl_typesupport_introspection_cpp.so
[10.602s] -- Set runtime path of "/home/eating/work/install/interface/lib/libinterface__rosidl_typesupport_introspection_cpp.so" to ""
[10.602s] -- Installing: /home/eating/work/install/interface/lib/libinterface__rosidl_typesupport_cpp.so
[10.602s] -- Set runtime path of "/home/eating/work/install/interface/lib/libinterface__rosidl_typesupport_cpp.so" to ""
[10.603s] -- Installing: /home/eating/work/install/interface/share/interface/environment/pythonpath.sh
[10.603s] -- Installing: /home/eating/work/install/interface/share/interface/environment/pythonpath.dsv
[10.607s] -- Installing: /home/eating/work/install/interface/local/lib/python3.10/dist-packages/interface-0.0.0-py3.10.egg-info
[10.608s] -- Installing: /home/eating/work/install/interface/local/lib/python3.10/dist-packages/interface-0.0.0-py3.10.egg-info/top_level.txt
[10.608s] -- Installing: /home/eating/work/install/interface/local/lib/python3.10/dist-packages/interface-0.0.0-py3.10.egg-info/SOURCES.txt
[10.608s] -- Installing: /home/eating/work/install/interface/local/lib/python3.10/dist-packages/interface-0.0.0-py3.10.egg-info/dependency_links.txt
[10.608s] -- Installing: /home/eating/work/install/interface/local/lib/python3.10/dist-packages/interface-0.0.0-py3.10.egg-info/PKG-INFO
[10.608s] -- Installing: /home/eating/work/install/interface/local/lib/python3.10/dist-packages/interface
[10.608s] -- Installing: /home/eating/work/install/interface/local/lib/python3.10/dist-packages/interface/interface_s__rosidl_typesupport_fastrtps_c.cpython-310-x86_64-linux-gnu.so
[10.608s] -- Installing: /home/eating/work/install/interface/local/lib/python3.10/dist-packages/interface/libinterface__rosidl_generator_py.so
[10.608s] -- Installing: /home/eating/work/install/interface/local/lib/python3.10/dist-packages/interface/__init__.py
[10.609s] -- Installing: /home/eating/work/install/interface/local/lib/python3.10/dist-packages/interface/_interface_s.ep.rosidl_typesupport_fastrtps_c.c
[10.609s] -- Installing: /home/eating/work/install/interface/local/lib/python3.10/dist-packages/interface/_interface_s.ep.rosidl_typesupport_c.c
[10.609s] -- Installing: /home/eating/work/install/interface/local/lib/python3.10/dist-packages/interface/srv
[10.609s] -- Installing: /home/eating/work/install/interface/local/lib/python3.10/dist-packages/interface/srv/__init__.py
[10.609s] -- Installing: /home/eating/work/install/interface/local/lib/python3.10/dist-packages/interface/srv/_maincontroller.py
[10.609s] -- Installing: /home/eating/work/install/interface/local/lib/python3.10/dist-packages/interface/srv/_maincontroller_s.c
[10.609s] -- Installing: /home/eating/work/install/interface/local/lib/python3.10/dist-packages/interface/_interface_s.ep.rosidl_typesupport_introspection_c.c
[10.609s] -- Installing: /home/eating/work/install/interface/local/lib/python3.10/dist-packages/interface/interface_s__rosidl_typesupport_introspection_c.cpython-310-x86_64-linux-gnu.so
[10.609s] -- Installing: /home/eating/work/install/interface/local/lib/python3.10/dist-packages/interface/interface_s__rosidl_typesupport_c.cpython-310-x86_64-linux-gnu.so
[10.621s] Listing '/home/eating/work/install/interface/local/lib/python3.10/dist-packages/interface'...
[10.621s] Compiling '/home/eating/work/install/interface/local/lib/python3.10/dist-packages/interface/__init__.py'...
[10.622s] Listing '/home/eating/work/install/interface/local/lib/python3.10/dist-packages/interface/srv'...
[10.622s] Compiling '/home/eating/work/install/interface/local/lib/python3.10/dist-packages/interface/srv/__init__.py'...
[10.622s] Compiling '/home/eating/work/install/interface/local/lib/python3.10/dist-packages/interface/srv/_maincontroller.py'...
[10.630s] -- Installing: /home/eating/work/install/interface/local/lib/python3.10/dist-packages/interface/interface_s__rosidl_typesupport_fastrtps_c.cpython-310-x86_64-linux-gnu.so
[10.630s] -- Set runtime path of "/home/eating/work/install/interface/local/lib/python3.10/dist-packages/interface/interface_s__rosidl_typesupport_fastrtps_c.cpython-310-x86_64-linux-gnu.so" to ""
[10.631s] -- Installing: /home/eating/work/install/interface/local/lib/python3.10/dist-packages/interface/interface_s__rosidl_typesupport_introspection_c.cpython-310-x86_64-linux-gnu.so
[10.631s] -- Set runtime path of "/home/eating/work/install/interface/local/lib/python3.10/dist-packages/interface/interface_s__rosidl_typesupport_introspection_c.cpython-310-x86_64-linux-gnu.so" to ""
[10.632s] -- Installing: /home/eating/work/install/interface/local/lib/python3.10/dist-packages/interface/interface_s__rosidl_typesupport_c.cpython-310-x86_64-linux-gnu.so
[10.632s] -- Set runtime path of "/home/eating/work/install/interface/local/lib/python3.10/dist-packages/interface/interface_s__rosidl_typesupport_c.cpython-310-x86_64-linux-gnu.so" to ""
[10.632s] -- Installing: /home/eating/work/install/interface/lib/libinterface__rosidl_generator_py.so
[10.632s] -- Set runtime path of "/home/eating/work/install/interface/lib/libinterface__rosidl_generator_py.so" to ""
[10.632s] -- Installing: /home/eating/work/install/interface/share/interface/srv/Maincontroller.idl
[10.633s] -- Installing: /home/eating/work/install/interface/share/interface/srv/Maincontroller.srv
[10.633s] -- Installing: /home/eating/work/install/interface/share/interface/srv/Maincontroller_Request.msg
[10.633s] -- Installing: /home/eating/work/install/interface/share/interface/srv/Maincontroller_Response.msg
[10.633s] -- Installing: /home/eating/work/install/interface/share/ament_index/resource_index/package_run_dependencies/interface
[10.633s] -- Installing: /home/eating/work/install/interface/share/ament_index/resource_index/parent_prefix_path/interface
[10.633s] -- Installing: /home/eating/work/install/interface/share/interface/environment/ament_prefix_path.sh
[10.634s] -- Installing: /home/eating/work/install/interface/share/interface/environment/ament_prefix_path.dsv
[10.634s] -- Installing: /home/eating/work/install/interface/share/interface/environment/path.sh
[10.634s] -- Installing: /home/eating/work/install/interface/share/interface/environment/path.dsv
[10.634s] -- Installing: /home/eating/work/install/interface/share/interface/local_setup.bash
[10.634s] -- Installing: /home/eating/work/install/interface/share/interface/local_setup.sh
[10.635s] -- Installing: /home/eating/work/install/interface/share/interface/local_setup.zsh
[10.636s] -- Installing: /home/eating/work/install/interface/share/interface/local_setup.dsv
[10.636s] -- Installing: /home/eating/work/install/interface/share/interface/package.dsv
[10.636s] -- Installing: /home/eating/work/install/interface/share/ament_index/resource_index/packages/interface
[10.637s] -- Installing: /home/eating/work/install/interface/share/interface/cmake/export_interface__rosidl_generator_cExport.cmake
[10.637s] -- Installing: /home/eating/work/install/interface/share/interface/cmake/export_interface__rosidl_generator_cExport-noconfig.cmake
[10.637s] -- Installing: /home/eating/work/install/interface/share/interface/cmake/export_interface__rosidl_typesupport_fastrtps_cExport.cmake
[10.637s] -- Installing: /home/eating/work/install/interface/share/interface/cmake/export_interface__rosidl_typesupport_fastrtps_cExport-noconfig.cmake
[10.638s] -- Installing: /home/eating/work/install/interface/share/interface/cmake/export_interface__rosidl_generator_cppExport.cmake
[10.639s] -- Installing: /home/eating/work/install/interface/share/interface/cmake/export_interface__rosidl_typesupport_fastrtps_cppExport.cmake
[10.639s] -- Installing: /home/eating/work/install/interface/share/interface/cmake/export_interface__rosidl_typesupport_fastrtps_cppExport-noconfig.cmake
[10.640s] -- Installing: /home/eating/work/install/interface/share/interface/cmake/interface__rosidl_typesupport_introspection_cExport.cmake
[10.641s] -- Installing: /home/eating/work/install/interface/share/interface/cmake/interface__rosidl_typesupport_introspection_cExport-noconfig.cmake
[10.641s] -- Installing: /home/eating/work/install/interface/share/interface/cmake/interface__rosidl_typesupport_cExport.cmake
[10.642s] -- Installing: /home/eating/work/install/interface/share/interface/cmake/interface__rosidl_typesupport_cExport-noconfig.cmake
[10.645s] -- Installing: /home/eating/work/install/interface/share/interface/cmake/interface__rosidl_typesupport_introspection_cppExport.cmake
[10.646s] -- Installing: /home/eating/work/install/interface/share/interface/cmake/interface__rosidl_typesupport_introspection_cppExport-noconfig.cmake
[10.646s] -- Installing: /home/eating/work/install/interface/share/interface/cmake/interface__rosidl_typesupport_cppExport.cmake
[10.646s] -- Installing: /home/eating/work/install/interface/share/interface/cmake/interface__rosidl_typesupport_cppExport-noconfig.cmake
[10.646s] -- Installing: /home/eating/work/install/interface/share/interface/cmake/export_interface__rosidl_generator_pyExport.cmake
[10.646s] -- Installing: /home/eating/work/install/interface/share/interface/cmake/export_interface__rosidl_generator_pyExport-noconfig.cmake
[10.646s] -- Installing: /home/eating/work/install/interface/share/interface/cmake/rosidl_cmake-extras.cmake
[10.646s] -- Installing: /home/eating/work/install/interface/share/interface/cmake/ament_cmake_export_dependencies-extras.cmake
[10.646s] -- Installing: /home/eating/work/install/interface/share/interface/cmake/ament_cmake_export_include_directories-extras.cmake
[10.646s] -- Installing: /home/eating/work/install/interface/share/interface/cmake/ament_cmake_export_libraries-extras.cmake
[10.647s] -- Installing: /home/eating/work/install/interface/share/interface/cmake/ament_cmake_export_targets-extras.cmake
[10.647s] -- Installing: /home/eating/work/install/interface/share/interface/cmake/rosidl_cmake_export_typesupport_targets-extras.cmake
[10.647s] -- Installing: /home/eating/work/install/interface/share/interface/cmake/rosidl_cmake_export_typesupport_libraries-extras.cmake
[10.647s] -- Installing: /home/eating/work/install/interface/share/interface/cmake/interfaceConfig.cmake
[10.647s] -- Installing: /home/eating/work/install/interface/share/interface/cmake/interfaceConfig-version.cmake
[10.647s] -- Installing: /home/eating/work/install/interface/share/interface/package.xml
[10.683s] Invoked command in '/home/eating/work/build/interface' returned '0': CMAKE_PREFIX_PATH=${CMAKE_PREFIX_PATH}:/home/eating/work/install/pallet_main:/home/eating/work/install/main_control:/home/eating/work/install/gui:/home/eating/work/install/docking_pkg:/opt/ros/humble /usr/bin/cmake --install /home/eating/work/build/interface
