[0.310s] Invoking command in '/home/eating/work/build/realsense2_camera': CMAKE_PREFIX_PATH=/home/eating/work/install/realsense2_camera_msgs:/home/eating/work/install/timda_gazebo:/home/eating/work/install/timda_description:/home/eating/work/install/timda_bringup:/home/eating/work/install/timda_body_description:/home/eating/work/install/suction_description:/home/eating/work/install/robot_arm_description:/home/eating/work/install/realsense2_description:/home/eating/work/install/realsense2_camera:/home/eating/work/install/pallet_interfaces:/home/eating/work/install/mobile_description:/home/eating/work/install/mecanum:/home/eating/work/install/linear_move:/home/eating/work/install/keyboard_control:/home/eating/work/install/ira_laser_tools:/home/eating/work/install/interface:/home/eating/work/install/gui_interface:/home/eating/work/install/pallet_main:/home/eating/work/install/main_control:/home/eating/work/install/gui:/home/eating/work/install/docking_pkg:/opt/ros/humble LD_LIBRARY_PATH=/home/eating/work/install/realsense2_camera_msgs/lib:/home/eating/work/install/realsense2_camera/lib:/home/eating/work/install/pallet_interfaces/lib:/home/eating/work/install/interface/lib:/home/eating/work/install/gui_interface/lib:/opt/ros/humble/opt/rviz_ogre_vendor/lib:/opt/ros/humble/lib/x86_64-linux-gnu:/opt/ros/humble/lib /usr/bin/cmake /home/eating/work/src/docking/realsense-ros/realsense2_camera -DCMAKE_INSTALL_PREFIX=/home/eating/work/install/realsense2_camera
[0.335s] -- Create Release Build.
[0.336s] -- Found ament_cmake: 1.3.11 (/opt/ros/humble/share/ament_cmake/cmake)
[0.457s] -- Found builtin_interfaces: 1.2.1 (/opt/ros/humble/share/builtin_interfaces/cmake)
[0.492s] -- Found rosidl_generator_c: 3.1.6 (/opt/ros/humble/share/rosidl_generator_c/cmake)
[0.497s] -- Found rosidl_adapter: 3.1.6 (/opt/ros/humble/share/rosidl_adapter/cmake)
[0.506s] -- Found rosidl_generator_cpp: 3.1.6 (/opt/ros/humble/share/rosidl_generator_cpp/cmake)
[0.518s] -- Using all available rosidl_typesupport_c: rosidl_typesupport_fastrtps_c;rosidl_typesupport_introspection_c
[0.531s] -- Using all available rosidl_typesupport_cpp: rosidl_typesupport_fastrtps_cpp;rosidl_typesupport_introspection_cpp
[0.542s] -- Found cv_bridge: 3.2.1 (/opt/ros/humble/share/cv_bridge/cmake)
[0.593s] -- Found image_transport: 3.1.11 (/opt/ros/humble/share/image_transport/cmake)
[0.622s] -- Found rmw_implementation_cmake: 6.1.2 (/opt/ros/humble/share/rmw_implementation_cmake/cmake)
[0.624s] -- Found rmw_cyclonedds_cpp: 1.3.4 (/opt/ros/humble/share/rmw_cyclonedds_cpp/cmake)
[0.643s] -- Using RMW implementation 'rmw_cyclonedds_cpp' as default
[0.704s] -- Found rclcpp_components: 16.0.12 (/opt/ros/humble/share/rclcpp_components/cmake)
[0.721s] -- Found realsense2_camera_msgs: 4.55.1 (/home/eating/work/install/realsense2_camera_msgs/share/realsense2_camera_msgs/cmake)
[0.738s] -- Found nav_msgs: 4.8.0 (/opt/ros/humble/share/nav_msgs/cmake)
[0.754s] -- Found tf2_ros: 0.25.12 (/opt/ros/humble/share/tf2_ros/cmake)
[0.812s] -- Found diagnostic_updater: 4.0.3 (/opt/ros/humble/share/diagnostic_updater/cmake)
[0.833s] -- Build for ROS2 Humble
[0.845s] -- Found ament_cmake_gtest: 1.3.11 (/opt/ros/humble/share/ament_cmake_gtest/cmake)
[0.849s] -- Found gtest sources under '/opt/ros/humble/src/gtest_vendor': C++ tests using 'Google Test' will be built
[0.857s] -- Found ament_cmake_pytest: 1.3.11 (/opt/ros/humble/share/ament_cmake_pytest/cmake)
[3.655s] -- rs_device_info:
[3.655s] -- No device detected. Is it plugged in?
[3.656s] 
[3.731s] -- Configuring done
[3.760s] -- Generating done
[3.767s] -- Build files have been written to: /home/eating/work/build/realsense2_camera
[3.776s] Invoked command in '/home/eating/work/build/realsense2_camera' returned '0': CMAKE_PREFIX_PATH=/home/eating/work/install/realsense2_camera_msgs:/home/eating/work/install/timda_gazebo:/home/eating/work/install/timda_description:/home/eating/work/install/timda_bringup:/home/eating/work/install/timda_body_description:/home/eating/work/install/suction_description:/home/eating/work/install/robot_arm_description:/home/eating/work/install/realsense2_description:/home/eating/work/install/realsense2_camera:/home/eating/work/install/pallet_interfaces:/home/eating/work/install/mobile_description:/home/eating/work/install/mecanum:/home/eating/work/install/linear_move:/home/eating/work/install/keyboard_control:/home/eating/work/install/ira_laser_tools:/home/eating/work/install/interface:/home/eating/work/install/gui_interface:/home/eating/work/install/pallet_main:/home/eating/work/install/main_control:/home/eating/work/install/gui:/home/eating/work/install/docking_pkg:/opt/ros/humble LD_LIBRARY_PATH=/home/eating/work/install/realsense2_camera_msgs/lib:/home/eating/work/install/realsense2_camera/lib:/home/eating/work/install/pallet_interfaces/lib:/home/eating/work/install/interface/lib:/home/eating/work/install/gui_interface/lib:/opt/ros/humble/opt/rviz_ogre_vendor/lib:/opt/ros/humble/lib/x86_64-linux-gnu:/opt/ros/humble/lib /usr/bin/cmake /home/eating/work/src/docking/realsense-ros/realsense2_camera -DCMAKE_INSTALL_PREFIX=/home/eating/work/install/realsense2_camera
[3.778s] Invoking command in '/home/eating/work/build/realsense2_camera': CMAKE_PREFIX_PATH=/home/eating/work/install/realsense2_camera_msgs:/home/eating/work/install/timda_gazebo:/home/eating/work/install/timda_description:/home/eating/work/install/timda_bringup:/home/eating/work/install/timda_body_description:/home/eating/work/install/suction_description:/home/eating/work/install/robot_arm_description:/home/eating/work/install/realsense2_description:/home/eating/work/install/realsense2_camera:/home/eating/work/install/pallet_interfaces:/home/eating/work/install/mobile_description:/home/eating/work/install/mecanum:/home/eating/work/install/linear_move:/home/eating/work/install/keyboard_control:/home/eating/work/install/ira_laser_tools:/home/eating/work/install/interface:/home/eating/work/install/gui_interface:/home/eating/work/install/pallet_main:/home/eating/work/install/main_control:/home/eating/work/install/gui:/home/eating/work/install/docking_pkg:/opt/ros/humble LD_LIBRARY_PATH=/home/eating/work/install/realsense2_camera_msgs/lib:/home/eating/work/install/realsense2_camera/lib:/home/eating/work/install/pallet_interfaces/lib:/home/eating/work/install/interface/lib:/home/eating/work/install/gui_interface/lib:/opt/ros/humble/opt/rviz_ogre_vendor/lib:/opt/ros/humble/lib/x86_64-linux-gnu:/opt/ros/humble/lib /usr/bin/cmake --build /home/eating/work/build/realsense2_camera -- -j8 -l8
[3.834s] [  4%] [32mBuilding CXX object CMakeFiles/realsense2_camera.dir/src/realsense_node_factory.cpp.o[0m
[3.835s] [ 13%] [32mBuilding CXX object gtest/CMakeFiles/gtest_main.dir/src/gtest_main.cc.o[0m
[3.835s] [ 13%] [32mBuilding CXX object gtest/CMakeFiles/gtest.dir/src/gtest-all.cc.o[0m
[3.835s] [ 18%] [32mBuilding CXX object CMakeFiles/realsense2_camera.dir/src/base_realsense_node.cpp.o[0m
[3.835s] [ 22%] [32mBuilding CXX object CMakeFiles/realsense2_camera_node.dir/rclcpp_components/node_main_realsense2_camera_node.cpp.o[0m
[3.836s] [ 27%] [32mBuilding CXX object CMakeFiles/realsense2_camera.dir/src/parameters.cpp.o[0m
[3.836s] [ 31%] [32mBuilding CXX object CMakeFiles/realsense2_camera.dir/src/ros_sensor.cpp.o[0m
[3.845s] [ 36%] [32mBuilding CXX object CMakeFiles/realsense2_camera.dir/src/rs_node_setup.cpp.o[0m
[4.867s] [ 40%] [32m[1mLinking CXX static library libgtest_main.a[0m
[4.919s] [ 40%] Built target gtest_main
[4.930s] [ 45%] [32mBuilding CXX object CMakeFiles/realsense2_camera.dir/src/ros_utils.cpp.o[0m
[9.800s] [ 50%] [32m[1mLinking CXX executable realsense2_camera_node[0m
[9.979s] [ 50%] Built target realsense2_camera_node
[9.990s] [ 54%] [32mBuilding CXX object CMakeFiles/realsense2_camera.dir/src/dynamic_params.cpp.o[0m
[10.345s] [ 59%] [32mBuilding CXX object CMakeFiles/realsense2_camera.dir/src/sensor_params.cpp.o[0m
[15.201s] [ 63%] [32m[1mLinking CXX static library libgtest.a[0m
[15.201s] [ 68%] [32mBuilding CXX object CMakeFiles/realsense2_camera.dir/src/named_filter.cpp.o[0m
[15.247s] [ 68%] Built target gtest
[15.271s] [ 72%] [32mBuilding CXX object CMakeFiles/gtest_template.dir/test/gtest_template.cpp.o[0m
[15.560s] [ 77%] [32mBuilding CXX object CMakeFiles/realsense2_camera.dir/src/profile_manager.cpp.o[0m
[16.436s] [ 81%] [32m[1mLinking CXX executable gtest_template[0m
[16.616s] [ 81%] Built target gtest_template
[16.628s] [ 86%] [32mBuilding CXX object CMakeFiles/realsense2_camera.dir/src/image_publisher.cpp.o[0m
[18.354s] [ 90%] [32mBuilding CXX object CMakeFiles/realsense2_camera.dir/src/tfs.cpp.o[0m
[19.347s] [ 95%] [32mBuilding CXX object CMakeFiles/realsense2_camera.dir/src/ros_param_backend.cpp.o[0m
[29.162s] [100%] [32m[1mLinking CXX shared library librealsense2_camera.so[0m
[29.524s] [100%] Built target realsense2_camera
[29.536s] Invoked command in '/home/eating/work/build/realsense2_camera' returned '0': CMAKE_PREFIX_PATH=/home/eating/work/install/realsense2_camera_msgs:/home/eating/work/install/timda_gazebo:/home/eating/work/install/timda_description:/home/eating/work/install/timda_bringup:/home/eating/work/install/timda_body_description:/home/eating/work/install/suction_description:/home/eating/work/install/robot_arm_description:/home/eating/work/install/realsense2_description:/home/eating/work/install/realsense2_camera:/home/eating/work/install/pallet_interfaces:/home/eating/work/install/mobile_description:/home/eating/work/install/mecanum:/home/eating/work/install/linear_move:/home/eating/work/install/keyboard_control:/home/eating/work/install/ira_laser_tools:/home/eating/work/install/interface:/home/eating/work/install/gui_interface:/home/eating/work/install/pallet_main:/home/eating/work/install/main_control:/home/eating/work/install/gui:/home/eating/work/install/docking_pkg:/opt/ros/humble LD_LIBRARY_PATH=/home/eating/work/install/realsense2_camera_msgs/lib:/home/eating/work/install/realsense2_camera/lib:/home/eating/work/install/pallet_interfaces/lib:/home/eating/work/install/interface/lib:/home/eating/work/install/gui_interface/lib:/opt/ros/humble/opt/rviz_ogre_vendor/lib:/opt/ros/humble/lib/x86_64-linux-gnu:/opt/ros/humble/lib /usr/bin/cmake --build /home/eating/work/build/realsense2_camera -- -j8 -l8
[29.539s] Invoking command in '/home/eating/work/build/realsense2_camera': CMAKE_PREFIX_PATH=/home/eating/work/install/realsense2_camera_msgs:/home/eating/work/install/timda_gazebo:/home/eating/work/install/timda_description:/home/eating/work/install/timda_bringup:/home/eating/work/install/timda_body_description:/home/eating/work/install/suction_description:/home/eating/work/install/robot_arm_description:/home/eating/work/install/realsense2_description:/home/eating/work/install/realsense2_camera:/home/eating/work/install/pallet_interfaces:/home/eating/work/install/mobile_description:/home/eating/work/install/mecanum:/home/eating/work/install/linear_move:/home/eating/work/install/keyboard_control:/home/eating/work/install/ira_laser_tools:/home/eating/work/install/interface:/home/eating/work/install/gui_interface:/home/eating/work/install/pallet_main:/home/eating/work/install/main_control:/home/eating/work/install/gui:/home/eating/work/install/docking_pkg:/opt/ros/humble LD_LIBRARY_PATH=/home/eating/work/install/realsense2_camera_msgs/lib:/home/eating/work/install/realsense2_camera/lib:/home/eating/work/install/pallet_interfaces/lib:/home/eating/work/install/interface/lib:/home/eating/work/install/gui_interface/lib:/opt/ros/humble/opt/rviz_ogre_vendor/lib:/opt/ros/humble/lib/x86_64-linux-gnu:/opt/ros/humble/lib /usr/bin/cmake --install /home/eating/work/build/realsense2_camera
[29.547s] -- Install configuration: "Release"
[29.547s] -- Installing: /home/eating/work/install/realsense2_camera/lib/realsense2_camera/realsense2_camera_node
[29.547s] -- Set runtime path of "/home/eating/work/install/realsense2_camera/lib/realsense2_camera/realsense2_camera_node" to ""
[29.548s] -- Installing: /home/eating/work/install/realsense2_camera/lib/librealsense2_camera.so
[29.550s] -- Set runtime path of "/home/eating/work/install/realsense2_camera/lib/librealsense2_camera.so" to ""
[29.550s] -- Installing: /home/eating/work/install/realsense2_camera/include
[29.551s] -- Installing: /home/eating/work/install/realsense2_camera/include/ros_utils.h
[29.551s] -- Installing: /home/eating/work/install/realsense2_camera/include/constants.h
[29.551s] -- Installing: /home/eating/work/install/realsense2_camera/include/base_realsense_node.h
[29.551s] -- Installing: /home/eating/work/install/realsense2_camera/include/gl_window.h
[29.551s] -- Installing: /home/eating/work/install/realsense2_camera/include/named_filter.h
[29.551s] -- Installing: /home/eating/work/install/realsense2_camera/include/ros_param_backend.h
[29.551s] -- Installing: /home/eating/work/install/realsense2_camera/include/realsense_node_factory.h
[29.551s] -- Installing: /home/eating/work/install/realsense2_camera/include/dynamic_params.h
[29.551s] -- Installing: /home/eating/work/install/realsense2_camera/include/profile_manager.h
[29.552s] -- Installing: /home/eating/work/install/realsense2_camera/include/image_publisher.h
[29.552s] -- Installing: /home/eating/work/install/realsense2_camera/include/ros_sensor.h
[29.552s] -- Installing: /home/eating/work/install/realsense2_camera/include/sensor_params.h
[29.552s] -- Installing: /home/eating/work/install/realsense2_camera/share/realsense2_camera/launch
[29.552s] -- Installing: /home/eating/work/install/realsense2_camera/share/realsense2_camera/launch/default.rviz
[29.552s] -- Installing: /home/eating/work/install/realsense2_camera/share/realsense2_camera/launch/rs_intra_process_demo_launch.py
[29.552s] -- Installing: /home/eating/work/install/realsense2_camera/share/realsense2_camera/launch/rs_launch.py
[29.552s] -- Installing: /home/eating/work/install/realsense2_camera/share/realsense2_camera/launch/rs_multi_camera_launch.py
[29.553s] -- Installing: /home/eating/work/install/realsense2_camera/share/realsense2_camera/examples
[29.553s] -- Installing: /home/eating/work/install/realsense2_camera/share/realsense2_camera/examples/align_depth
[29.553s] -- Installing: /home/eating/work/install/realsense2_camera/share/realsense2_camera/examples/align_depth/README.md
[29.553s] -- Installing: /home/eating/work/install/realsense2_camera/share/realsense2_camera/examples/align_depth/rs_align_depth_launch.py
[29.553s] -- Installing: /home/eating/work/install/realsense2_camera/share/realsense2_camera/examples/pointcloud
[29.553s] -- Installing: /home/eating/work/install/realsense2_camera/share/realsense2_camera/examples/pointcloud/README.md
[29.553s] -- Installing: /home/eating/work/install/realsense2_camera/share/realsense2_camera/examples/pointcloud/rviz
[29.553s] -- Installing: /home/eating/work/install/realsense2_camera/share/realsense2_camera/examples/pointcloud/rviz/urdf_pointcloud.rviz
[29.554s] -- Installing: /home/eating/work/install/realsense2_camera/share/realsense2_camera/examples/pointcloud/rviz/pointcloud.rviz
[29.554s] -- Installing: /home/eating/work/install/realsense2_camera/share/realsense2_camera/examples/pointcloud/rs_d455_pointcloud_launch.py
[29.554s] -- Installing: /home/eating/work/install/realsense2_camera/share/realsense2_camera/examples/pointcloud/rs_pointcloud_launch.py
[29.554s] -- Installing: /home/eating/work/install/realsense2_camera/share/realsense2_camera/examples/pointcloud/rs_d405_pointcloud_launch.py
[29.555s] -- Installing: /home/eating/work/install/realsense2_camera/share/realsense2_camera/examples/launch_from_rosbag
[29.555s] -- Installing: /home/eating/work/install/realsense2_camera/share/realsense2_camera/examples/launch_from_rosbag/README.md
[29.555s] -- Installing: /home/eating/work/install/realsense2_camera/share/realsense2_camera/examples/launch_from_rosbag/rs_launch_from_rosbag.py
[29.555s] -- Installing: /home/eating/work/install/realsense2_camera/share/realsense2_camera/examples/dual_camera
[29.555s] -- Installing: /home/eating/work/install/realsense2_camera/share/realsense2_camera/examples/dual_camera/README.md
[29.555s] -- Installing: /home/eating/work/install/realsense2_camera/share/realsense2_camera/examples/dual_camera/rs_dual_camera_launch.py
[29.555s] -- Installing: /home/eating/work/install/realsense2_camera/share/realsense2_camera/examples/dual_camera/rviz
[29.556s] -- Installing: /home/eating/work/install/realsense2_camera/share/realsense2_camera/examples/dual_camera/rviz/dual_camera_pointcloud.rviz
[29.556s] -- Installing: /home/eating/work/install/realsense2_camera/share/realsense2_camera/examples/launch_params_from_file
[29.556s] -- Installing: /home/eating/work/install/realsense2_camera/share/realsense2_camera/examples/launch_params_from_file/README.md
[29.556s] -- Installing: /home/eating/work/install/realsense2_camera/share/realsense2_camera/examples/launch_params_from_file/rs_launch_get_params_from_yaml.py
[29.556s] -- Installing: /home/eating/work/install/realsense2_camera/share/realsense2_camera/examples/launch_params_from_file/config
[29.556s] -- Installing: /home/eating/work/install/realsense2_camera/share/realsense2_camera/examples/launch_params_from_file/config/config.yaml
[29.557s] -- Installing: /home/eating/work/install/realsense2_camera/share/realsense2_camera/environment/library_path.sh
[29.557s] -- Installing: /home/eating/work/install/realsense2_camera/share/realsense2_camera/environment/library_path.dsv
[29.557s] -- Installing: /home/eating/work/install/realsense2_camera/share/ament_index/resource_index/package_run_dependencies/realsense2_camera
[29.557s] -- Installing: /home/eating/work/install/realsense2_camera/share/ament_index/resource_index/parent_prefix_path/realsense2_camera
[29.557s] -- Installing: /home/eating/work/install/realsense2_camera/share/realsense2_camera/environment/ament_prefix_path.sh
[29.558s] -- Installing: /home/eating/work/install/realsense2_camera/share/realsense2_camera/environment/ament_prefix_path.dsv
[29.558s] -- Installing: /home/eating/work/install/realsense2_camera/share/realsense2_camera/environment/path.sh
[29.558s] -- Installing: /home/eating/work/install/realsense2_camera/share/realsense2_camera/environment/path.dsv
[29.558s] -- Installing: /home/eating/work/install/realsense2_camera/share/realsense2_camera/local_setup.bash
[29.558s] -- Installing: /home/eating/work/install/realsense2_camera/share/realsense2_camera/local_setup.sh
[29.558s] -- Installing: /home/eating/work/install/realsense2_camera/share/realsense2_camera/local_setup.zsh
[29.558s] -- Installing: /home/eating/work/install/realsense2_camera/share/realsense2_camera/local_setup.dsv
[29.558s] -- Installing: /home/eating/work/install/realsense2_camera/share/realsense2_camera/package.dsv
[29.559s] -- Installing: /home/eating/work/install/realsense2_camera/share/ament_index/resource_index/packages/realsense2_camera
[29.559s] -- Installing: /home/eating/work/install/realsense2_camera/share/ament_index/resource_index/rclcpp_components/realsense2_camera
[29.559s] -- Installing: /home/eating/work/install/realsense2_camera/share/realsense2_camera/cmake/ament_cmake_export_include_directories-extras.cmake
[29.559s] -- Installing: /home/eating/work/install/realsense2_camera/share/realsense2_camera/cmake/ament_cmake_export_libraries-extras.cmake
[29.559s] -- Installing: /home/eating/work/install/realsense2_camera/share/realsense2_camera/cmake/ament_cmake_export_dependencies-extras.cmake
[29.559s] -- Installing: /home/eating/work/install/realsense2_camera/share/realsense2_camera/cmake/realsense2_cameraConfig.cmake
[29.560s] -- Installing: /home/eating/work/install/realsense2_camera/share/realsense2_camera/cmake/realsense2_cameraConfig-version.cmake
[29.560s] -- Installing: /home/eating/work/install/realsense2_camera/share/realsense2_camera/package.xml
[29.561s] Invoked command in '/home/eating/work/build/realsense2_camera' returned '0': CMAKE_PREFIX_PATH=/home/eating/work/install/realsense2_camera_msgs:/home/eating/work/install/timda_gazebo:/home/eating/work/install/timda_description:/home/eating/work/install/timda_bringup:/home/eating/work/install/timda_body_description:/home/eating/work/install/suction_description:/home/eating/work/install/robot_arm_description:/home/eating/work/install/realsense2_description:/home/eating/work/install/realsense2_camera:/home/eating/work/install/pallet_interfaces:/home/eating/work/install/mobile_description:/home/eating/work/install/mecanum:/home/eating/work/install/linear_move:/home/eating/work/install/keyboard_control:/home/eating/work/install/ira_laser_tools:/home/eating/work/install/interface:/home/eating/work/install/gui_interface:/home/eating/work/install/pallet_main:/home/eating/work/install/main_control:/home/eating/work/install/gui:/home/eating/work/install/docking_pkg:/opt/ros/humble LD_LIBRARY_PATH=/home/eating/work/install/realsense2_camera_msgs/lib:/home/eating/work/install/realsense2_camera/lib:/home/eating/work/install/pallet_interfaces/lib:/home/eating/work/install/interface/lib:/home/eating/work/install/gui_interface/lib:/opt/ros/humble/opt/rviz_ogre_vendor/lib:/opt/ros/humble/lib/x86_64-linux-gnu:/opt/ros/humble/lib /usr/bin/cmake --install /home/eating/work/build/realsense2_camera
