[0.047s] Invoking command in '/home/fxck/work/build/timda_bringup': CMAKE_PREFIX_PATH=/opt/ros/humble /usr/bin/cmake /home/fxck/work/src/timda_bringup -DCMAKE_INSTALL_PREFIX=/home/fxck/work/install/timda_bringup
[0.130s] -- The C compiler identification is GNU 11.4.0
[0.194s] -- The CXX compiler identification is GNU 11.4.0
[0.201s] -- Detecting C compiler ABI info
[0.279s] -- Detecting C compiler ABI info - done
[0.288s] -- Check for working C compiler: /usr/bin/cc - skipped
[0.289s] -- Detecting C compile features
[0.289s] -- Detecting C compile features - done
[0.293s] -- Detecting CXX compiler ABI info
[0.393s] -- Detecting CXX compiler ABI info - done
[0.404s] -- Check for working CXX compiler: /usr/bin/c++ - skipped
[0.405s] -- Detecting CXX compile features
[0.405s] -- Detecting CXX compile features - done
[0.411s] -- Found ament_cmake: 1.3.11 (/opt/ros/humble/share/ament_cmake/cmake)
[0.590s] -- Found Python3: /usr/bin/python3 (found version "3.10.12") found components: Interpreter 
[0.724s] -- Found urg_c: 1.0.4001 (/opt/ros/humble/share/urg_c/cmake)
[0.728s] -- Found ament_lint_auto: 0.12.12 (/opt/ros/humble/share/ament_lint_auto/cmake)
[0.834s] -- Added test 'flake8' to check Python code syntax and style conventions
[0.835s] -- Added test 'lint_cmake' to check CMake code style
[0.839s] -- Added test 'pep257' to check Python code against some of the docstring style conventions in PEP 257
[0.839s] -- Added test 'xmllint' to check XML markup files
[0.839s] -- Configuring done
[0.843s] -- Generating done
[0.846s] -- Build files have been written to: /home/fxck/work/build/timda_bringup
[0.858s] Invoked command in '/home/fxck/work/build/timda_bringup' returned '0': CMAKE_PREFIX_PATH=/opt/ros/humble /usr/bin/cmake /home/fxck/work/src/timda_bringup -DCMAKE_INSTALL_PREFIX=/home/fxck/work/install/timda_bringup
[0.864s] Invoking command in '/home/fxck/work/build/timda_bringup': CMAKE_PREFIX_PATH=/opt/ros/humble /usr/bin/cmake --build /home/fxck/work/build/timda_bringup -- -j16 -l16
[0.978s] Invoked command in '/home/fxck/work/build/timda_bringup' returned '0': CMAKE_PREFIX_PATH=/opt/ros/humble /usr/bin/cmake --build /home/fxck/work/build/timda_bringup -- -j16 -l16
[0.979s] Invoking command in '/home/fxck/work/build/timda_bringup': CMAKE_PREFIX_PATH=/opt/ros/humble /usr/bin/cmake --install /home/fxck/work/build/timda_bringup
[0.995s] -- Install configuration: ""
[0.995s] -- Installing: /home/fxck/work/install/timda_bringup/share/timda_bringup//launch
[0.995s] -- Installing: /home/fxck/work/install/timda_bringup/share/timda_bringup//launch/urg_lidar.launch.py
[0.996s] -- Installing: /home/fxck/work/install/timda_bringup/share/ament_index/resource_index/package_run_dependencies/timda_bringup
[0.996s] -- Installing: /home/fxck/work/install/timda_bringup/share/ament_index/resource_index/parent_prefix_path/timda_bringup
[1.002s] -- Installing: /home/fxck/work/install/timda_bringup/share/timda_bringup/environment/ament_prefix_path.sh
[1.002s] -- Installing: /home/fxck/work/install/timda_bringup/share/timda_bringup/environment/ament_prefix_path.dsv
[1.002s] -- Installing: /home/fxck/work/install/timda_bringup/share/timda_bringup/environment/path.sh
[1.002s] -- Installing: /home/fxck/work/install/timda_bringup/share/timda_bringup/environment/path.dsv
[1.002s] -- Installing: /home/fxck/work/install/timda_bringup/share/timda_bringup/local_setup.bash
[1.002s] -- Installing: /home/fxck/work/install/timda_bringup/share/timda_bringup/local_setup.sh
[1.002s] -- Installing: /home/fxck/work/install/timda_bringup/share/timda_bringup/local_setup.zsh
[1.002s] -- Installing: /home/fxck/work/install/timda_bringup/share/timda_bringup/local_setup.dsv
[1.002s] -- Installing: /home/fxck/work/install/timda_bringup/share/timda_bringup/package.dsv
[1.002s] -- Installing: /home/fxck/work/install/timda_bringup/share/ament_index/resource_index/packages/timda_bringup
[1.002s] -- Installing: /home/fxck/work/install/timda_bringup/share/timda_bringup/cmake/timda_bringupConfig.cmake
[1.002s] -- Installing: /home/fxck/work/install/timda_bringup/share/timda_bringup/cmake/timda_bringupConfig-version.cmake
[1.003s] -- Installing: /home/fxck/work/install/timda_bringup/share/timda_bringup/package.xml
[1.029s] Invoked command in '/home/fxck/work/build/timda_bringup' returned '0': CMAKE_PREFIX_PATH=/opt/ros/humble /usr/bin/cmake --install /home/fxck/work/build/timda_bringup
