[0.953s] Invoking command in '/home/eating/work/build/mecanum': CMAKE_PREFIX_PATH=${CMAKE_PREFIX_PATH}:/home/eating/work/install/pallet_main:/home/eating/work/install/main_control:/home/eating/work/install/gui:/home/eating/work/install/docking_pkg:/opt/ros/humble /usr/bin/cmake --build /home/eating/work/build/mecanum -- -j8 -l8
[1.230s] [100%] Built target mobile_node
[1.380s] Invoked command in '/home/eating/work/build/mecanum' returned '0': CMAKE_PREFIX_PATH=${CMAKE_PREFIX_PATH}:/home/eating/work/install/pallet_main:/home/eating/work/install/main_control:/home/eating/work/install/gui:/home/eating/work/install/docking_pkg:/opt/ros/humble /usr/bin/cmake --build /home/eating/work/build/mecanum -- -j8 -l8
[1.382s] Invoking command in '/home/eating/work/build/mecanum': CMAKE_PREFIX_PATH=${CMAKE_PREFIX_PATH}:/home/eating/work/install/pallet_main:/home/eating/work/install/main_control:/home/eating/work/install/gui:/home/eating/work/install/docking_pkg:/opt/ros/humble /usr/bin/cmake --install /home/eating/work/build/mecanum
[1.476s] -- Install configuration: ""
[1.476s] -- Up-to-date: /home/eating/work/install/mecanum/include/mecanum
[1.476s] -- Up-to-date: /home/eating/work/install/mecanum/include/mecanum/TimdaModbus.h
[1.477s] -- Up-to-date: /home/eating/work/install/mecanum/include/mecanum/Mecanum.h
[1.477s] -- Up-to-date: /home/eating/work/install/mecanum/lib/mecanum/mobile_node
[1.477s] -- Up-to-date: /home/eating/work/install/mecanum/share/ament_index/resource_index/package_run_dependencies/mecanum
[1.477s] -- Up-to-date: /home/eating/work/install/mecanum/share/ament_index/resource_index/parent_prefix_path/mecanum
[1.477s] -- Up-to-date: /home/eating/work/install/mecanum/share/mecanum/environment/ament_prefix_path.sh
[1.478s] -- Up-to-date: /home/eating/work/install/mecanum/share/mecanum/environment/ament_prefix_path.dsv
[1.478s] -- Up-to-date: /home/eating/work/install/mecanum/share/mecanum/environment/path.sh
[1.478s] -- Up-to-date: /home/eating/work/install/mecanum/share/mecanum/environment/path.dsv
[1.478s] -- Up-to-date: /home/eating/work/install/mecanum/share/mecanum/local_setup.bash
[1.478s] -- Up-to-date: /home/eating/work/install/mecanum/share/mecanum/local_setup.sh
[1.478s] -- Up-to-date: /home/eating/work/install/mecanum/share/mecanum/local_setup.zsh
[1.478s] -- Up-to-date: /home/eating/work/install/mecanum/share/mecanum/local_setup.dsv
[1.478s] -- Installing: /home/eating/work/install/mecanum/share/mecanum/package.dsv
[1.479s] -- Up-to-date: /home/eating/work/install/mecanum/share/ament_index/resource_index/packages/mecanum
[1.479s] -- Up-to-date: /home/eating/work/install/mecanum/share/mecanum/cmake/mecanumConfig.cmake
[1.479s] -- Up-to-date: /home/eating/work/install/mecanum/share/mecanum/cmake/mecanumConfig-version.cmake
[1.479s] -- Up-to-date: /home/eating/work/install/mecanum/share/mecanum/package.xml
[2.560s] Invoked command in '/home/eating/work/build/mecanum' returned '0': CMAKE_PREFIX_PATH=${CMAKE_PREFIX_PATH}:/home/eating/work/install/pallet_main:/home/eating/work/install/main_control:/home/eating/work/install/gui:/home/eating/work/install/docking_pkg:/opt/ros/humble /usr/bin/cmake --install /home/eating/work/build/mecanum
