[0.035s] Invoking command in '/home/eating/work/build/interface': CMAKE_PREFIX_PATH=${CMAKE_PREFIX_PATH}:/home/eating/work/install/pallet_main:/home/eating/work/install/main_control:/home/eating/work/install/gui:/home/eating/work/install/docking_pkg:/opt/ros/humble /usr/bin/cmake --build /home/eating/work/build/interface -- -j8 -l8
[0.459s] [  9%] Built target interface__rosidl_generator_c
[0.459s] [ 12%] Built target interface__cpp
[0.459s] [ 12%] Built target ament_cmake_python_copy_interface
[0.459s] [ 22%] Built target interface__rosidl_typesupport_introspection_c
[0.459s] [ 32%] Built target interface__rosidl_typesupport_fastrtps_c
[0.459s] [ 41%] Built target interface__rosidl_typesupport_c
[0.460s] [ 51%] Built target interface__rosidl_typesupport_cpp
[0.460s] [ 61%] Built target interface__rosidl_typesupport_fastrtps_cpp
[0.460s] [ 70%] Built target interface__rosidl_typesupport_introspection_cpp
[0.460s] [ 70%] Built target interface
[0.460s] [ 74%] Built target interface__py
[0.460s] [ 80%] Built target interface__rosidl_generator_py
[0.460s] [ 87%] Built target interface__rosidl_typesupport_introspection_c__pyext
[0.460s] [ 93%] Built target interface__rosidl_typesupport_fastrtps_c__pyext
[0.460s] [100%] Built target interface__rosidl_typesupport_c__pyext
[0.652s] running egg_info
[0.653s] writing interface.egg-info/PKG-INFO
[0.653s] writing dependency_links to interface.egg-info/dependency_links.txt
[0.654s] writing top-level names to interface.egg-info/top_level.txt
[0.657s] reading manifest file 'interface.egg-info/SOURCES.txt'
[0.659s] writing manifest file 'interface.egg-info/SOURCES.txt'
[0.706s] [100%] Built target ament_cmake_python_build_interface_egg
[1.003s] Invoked command in '/home/eating/work/build/interface' returned '0': CMAKE_PREFIX_PATH=${CMAKE_PREFIX_PATH}:/home/eating/work/install/pallet_main:/home/eating/work/install/main_control:/home/eating/work/install/gui:/home/eating/work/install/docking_pkg:/opt/ros/humble /usr/bin/cmake --build /home/eating/work/build/interface -- -j8 -l8
[1.005s] Invoking command in '/home/eating/work/build/interface': CMAKE_PREFIX_PATH=${CMAKE_PREFIX_PATH}:/home/eating/work/install/pallet_main:/home/eating/work/install/main_control:/home/eating/work/install/gui:/home/eating/work/install/docking_pkg:/opt/ros/humble /usr/bin/cmake --install /home/eating/work/build/interface
[1.055s] -- Install configuration: ""
[1.055s] -- Up-to-date: /home/eating/work/install/interface/share/ament_index/resource_index/rosidl_interfaces/interface
[1.055s] -- Up-to-date: /home/eating/work/install/interface/include/interface/interface
[1.055s] -- Up-to-date: /home/eating/work/install/interface/include/interface/interface/msg
[1.055s] -- Up-to-date: /home/eating/work/install/interface/include/interface/interface/msg/rosidl_generator_c__visibility_control.h
[1.056s] -- Up-to-date: /home/eating/work/install/interface/include/interface/interface/srv
[1.056s] -- Up-to-date: /home/eating/work/install/interface/include/interface/interface/srv/detail
[1.056s] -- Up-to-date: /home/eating/work/install/interface/include/interface/interface/srv/detail/maincontroller__struct.h
[1.056s] -- Up-to-date: /home/eating/work/install/interface/include/interface/interface/srv/detail/maincontroller__functions.c
[1.056s] -- Up-to-date: /home/eating/work/install/interface/include/interface/interface/srv/detail/maincontroller__functions.h
[1.056s] -- Up-to-date: /home/eating/work/install/interface/include/interface/interface/srv/detail/maincontroller__type_support.h
[1.057s] -- Up-to-date: /home/eating/work/install/interface/include/interface/interface/srv/maincontroller.h
[1.057s] -- Up-to-date: /home/eating/work/install/interface/share/interface/environment/library_path.sh
[1.057s] -- Up-to-date: /home/eating/work/install/interface/share/interface/environment/library_path.dsv
[1.057s] -- Up-to-date: /home/eating/work/install/interface/lib/libinterface__rosidl_generator_c.so
[1.058s] -- Up-to-date: /home/eating/work/install/interface/include/interface/interface
[1.058s] -- Up-to-date: /home/eating/work/install/interface/include/interface/interface/msg
[1.058s] -- Up-to-date: /home/eating/work/install/interface/include/interface/interface/msg/rosidl_typesupport_fastrtps_c__visibility_control.h
[1.058s] -- Up-to-date: /home/eating/work/install/interface/include/interface/interface/srv
[1.058s] -- Up-to-date: /home/eating/work/install/interface/include/interface/interface/srv/detail
[1.059s] -- Up-to-date: /home/eating/work/install/interface/include/interface/interface/srv/detail/maincontroller__rosidl_typesupport_fastrtps_c.h
[1.059s] -- Up-to-date: /home/eating/work/install/interface/lib/libinterface__rosidl_typesupport_fastrtps_c.so
[1.059s] -- Up-to-date: /home/eating/work/install/interface/include/interface/interface
[1.059s] -- Up-to-date: /home/eating/work/install/interface/include/interface/interface/msg
[1.059s] -- Up-to-date: /home/eating/work/install/interface/include/interface/interface/msg/rosidl_generator_cpp__visibility_control.hpp
[1.060s] -- Up-to-date: /home/eating/work/install/interface/include/interface/interface/srv
[1.060s] -- Up-to-date: /home/eating/work/install/interface/include/interface/interface/srv/maincontroller.hpp
[1.060s] -- Up-to-date: /home/eating/work/install/interface/include/interface/interface/srv/detail
[1.060s] -- Up-to-date: /home/eating/work/install/interface/include/interface/interface/srv/detail/maincontroller__builder.hpp
[1.060s] -- Up-to-date: /home/eating/work/install/interface/include/interface/interface/srv/detail/maincontroller__traits.hpp
[1.060s] -- Up-to-date: /home/eating/work/install/interface/include/interface/interface/srv/detail/maincontroller__type_support.hpp
[1.061s] -- Up-to-date: /home/eating/work/install/interface/include/interface/interface/srv/detail/maincontroller__struct.hpp
[1.061s] -- Up-to-date: /home/eating/work/install/interface/include/interface/interface
[1.061s] -- Up-to-date: /home/eating/work/install/interface/include/interface/interface/msg
[1.061s] -- Up-to-date: /home/eating/work/install/interface/include/interface/interface/msg/rosidl_typesupport_fastrtps_cpp__visibility_control.h
[1.061s] -- Up-to-date: /home/eating/work/install/interface/include/interface/interface/srv
[1.061s] -- Up-to-date: /home/eating/work/install/interface/include/interface/interface/srv/detail
[1.061s] -- Up-to-date: /home/eating/work/install/interface/include/interface/interface/srv/detail/dds_fastrtps
[1.061s] -- Up-to-date: /home/eating/work/install/interface/include/interface/interface/srv/detail/maincontroller__rosidl_typesupport_fastrtps_cpp.hpp
[1.061s] -- Up-to-date: /home/eating/work/install/interface/lib/libinterface__rosidl_typesupport_fastrtps_cpp.so
[1.061s] -- Up-to-date: /home/eating/work/install/interface/include/interface/interface
[1.061s] -- Up-to-date: /home/eating/work/install/interface/include/interface/interface/msg
[1.061s] -- Up-to-date: /home/eating/work/install/interface/include/interface/interface/msg/rosidl_typesupport_introspection_c__visibility_control.h
[1.061s] -- Up-to-date: /home/eating/work/install/interface/include/interface/interface/srv
[1.061s] -- Up-to-date: /home/eating/work/install/interface/include/interface/interface/srv/detail
[1.061s] -- Up-to-date: /home/eating/work/install/interface/include/interface/interface/srv/detail/maincontroller__type_support.c
[1.062s] -- Up-to-date: /home/eating/work/install/interface/include/interface/interface/srv/detail/maincontroller__rosidl_typesupport_introspection_c.h
[1.062s] -- Up-to-date: /home/eating/work/install/interface/lib/libinterface__rosidl_typesupport_introspection_c.so
[1.062s] -- Up-to-date: /home/eating/work/install/interface/lib/libinterface__rosidl_typesupport_c.so
[1.062s] -- Up-to-date: /home/eating/work/install/interface/include/interface/interface
[1.062s] -- Up-to-date: /home/eating/work/install/interface/include/interface/interface/srv
[1.062s] -- Up-to-date: /home/eating/work/install/interface/include/interface/interface/srv/detail
[1.062s] -- Up-to-date: /home/eating/work/install/interface/include/interface/interface/srv/detail/maincontroller__type_support.cpp
[1.062s] -- Up-to-date: /home/eating/work/install/interface/include/interface/interface/srv/detail/maincontroller__rosidl_typesupport_introspection_cpp.hpp
[1.062s] -- Up-to-date: /home/eating/work/install/interface/lib/libinterface__rosidl_typesupport_introspection_cpp.so
[1.062s] -- Up-to-date: /home/eating/work/install/interface/lib/libinterface__rosidl_typesupport_cpp.so
[1.062s] -- Up-to-date: /home/eating/work/install/interface/share/interface/environment/pythonpath.sh
[1.062s] -- Up-to-date: /home/eating/work/install/interface/share/interface/environment/pythonpath.dsv
[1.062s] -- Up-to-date: /home/eating/work/install/interface/local/lib/python3.10/dist-packages/interface-0.0.0-py3.10.egg-info
[1.062s] -- Installing: /home/eating/work/install/interface/local/lib/python3.10/dist-packages/interface-0.0.0-py3.10.egg-info/top_level.txt
[1.063s] -- Installing: /home/eating/work/install/interface/local/lib/python3.10/dist-packages/interface-0.0.0-py3.10.egg-info/SOURCES.txt
[1.063s] -- Installing: /home/eating/work/install/interface/local/lib/python3.10/dist-packages/interface-0.0.0-py3.10.egg-info/dependency_links.txt
[1.063s] -- Installing: /home/eating/work/install/interface/local/lib/python3.10/dist-packages/interface-0.0.0-py3.10.egg-info/PKG-INFO
[1.063s] -- Up-to-date: /home/eating/work/install/interface/local/lib/python3.10/dist-packages/interface
[1.063s] -- Up-to-date: /home/eating/work/install/interface/local/lib/python3.10/dist-packages/interface/interface_s__rosidl_typesupport_fastrtps_c.cpython-310-x86_64-linux-gnu.so
[1.063s] -- Up-to-date: /home/eating/work/install/interface/local/lib/python3.10/dist-packages/interface/libinterface__rosidl_generator_py.so
[1.063s] -- Up-to-date: /home/eating/work/install/interface/local/lib/python3.10/dist-packages/interface/__init__.py
[1.063s] -- Up-to-date: /home/eating/work/install/interface/local/lib/python3.10/dist-packages/interface/_interface_s.ep.rosidl_typesupport_fastrtps_c.c
[1.063s] -- Up-to-date: /home/eating/work/install/interface/local/lib/python3.10/dist-packages/interface/_interface_s.ep.rosidl_typesupport_c.c
[1.063s] -- Up-to-date: /home/eating/work/install/interface/local/lib/python3.10/dist-packages/interface/srv
[1.063s] -- Up-to-date: /home/eating/work/install/interface/local/lib/python3.10/dist-packages/interface/srv/__init__.py
[1.063s] -- Up-to-date: /home/eating/work/install/interface/local/lib/python3.10/dist-packages/interface/srv/_maincontroller.py
[1.063s] -- Up-to-date: /home/eating/work/install/interface/local/lib/python3.10/dist-packages/interface/srv/_maincontroller_s.c
[1.063s] -- Up-to-date: /home/eating/work/install/interface/local/lib/python3.10/dist-packages/interface/_interface_s.ep.rosidl_typesupport_introspection_c.c
[1.064s] -- Up-to-date: /home/eating/work/install/interface/local/lib/python3.10/dist-packages/interface/interface_s__rosidl_typesupport_introspection_c.cpython-310-x86_64-linux-gnu.so
[1.064s] -- Up-to-date: /home/eating/work/install/interface/local/lib/python3.10/dist-packages/interface/interface_s__rosidl_typesupport_c.cpython-310-x86_64-linux-gnu.so
[1.064s] Listing '/home/eating/work/install/interface/local/lib/python3.10/dist-packages/interface'...
[1.064s] Listing '/home/eating/work/install/interface/local/lib/python3.10/dist-packages/interface/srv'...
[1.064s] -- Up-to-date: /home/eating/work/install/interface/local/lib/python3.10/dist-packages/interface/interface_s__rosidl_typesupport_fastrtps_c.cpython-310-x86_64-linux-gnu.so
[1.064s] -- Up-to-date: /home/eating/work/install/interface/local/lib/python3.10/dist-packages/interface/interface_s__rosidl_typesupport_introspection_c.cpython-310-x86_64-linux-gnu.so
[1.064s] -- Up-to-date: /home/eating/work/install/interface/local/lib/python3.10/dist-packages/interface/interface_s__rosidl_typesupport_c.cpython-310-x86_64-linux-gnu.so
[1.064s] -- Up-to-date: /home/eating/work/install/interface/lib/libinterface__rosidl_generator_py.so
[1.064s] -- Up-to-date: /home/eating/work/install/interface/share/interface/srv/Maincontroller.idl
[1.064s] -- Up-to-date: /home/eating/work/install/interface/share/interface/srv/Maincontroller.srv
[1.064s] -- Up-to-date: /home/eating/work/install/interface/share/interface/srv/Maincontroller_Request.msg
[1.064s] -- Up-to-date: /home/eating/work/install/interface/share/interface/srv/Maincontroller_Response.msg
[1.064s] -- Up-to-date: /home/eating/work/install/interface/share/ament_index/resource_index/package_run_dependencies/interface
[1.065s] -- Up-to-date: /home/eating/work/install/interface/share/ament_index/resource_index/parent_prefix_path/interface
[1.065s] -- Up-to-date: /home/eating/work/install/interface/share/interface/environment/ament_prefix_path.sh
[1.065s] -- Up-to-date: /home/eating/work/install/interface/share/interface/environment/ament_prefix_path.dsv
[1.065s] -- Up-to-date: /home/eating/work/install/interface/share/interface/environment/path.sh
[1.065s] -- Up-to-date: /home/eating/work/install/interface/share/interface/environment/path.dsv
[1.065s] -- Up-to-date: /home/eating/work/install/interface/share/interface/local_setup.bash
[1.065s] -- Up-to-date: /home/eating/work/install/interface/share/interface/local_setup.sh
[1.065s] -- Up-to-date: /home/eating/work/install/interface/share/interface/local_setup.zsh
[1.065s] -- Up-to-date: /home/eating/work/install/interface/share/interface/local_setup.dsv
[1.065s] -- Installing: /home/eating/work/install/interface/share/interface/package.dsv
[1.065s] -- Up-to-date: /home/eating/work/install/interface/share/ament_index/resource_index/packages/interface
[1.065s] -- Up-to-date: /home/eating/work/install/interface/share/interface/cmake/export_interface__rosidl_generator_cExport.cmake
[1.065s] -- Up-to-date: /home/eating/work/install/interface/share/interface/cmake/export_interface__rosidl_generator_cExport-noconfig.cmake
[1.065s] -- Up-to-date: /home/eating/work/install/interface/share/interface/cmake/export_interface__rosidl_typesupport_fastrtps_cExport.cmake
[1.066s] -- Up-to-date: /home/eating/work/install/interface/share/interface/cmake/export_interface__rosidl_typesupport_fastrtps_cExport-noconfig.cmake
[1.066s] -- Up-to-date: /home/eating/work/install/interface/share/interface/cmake/export_interface__rosidl_generator_cppExport.cmake
[1.066s] -- Up-to-date: /home/eating/work/install/interface/share/interface/cmake/export_interface__rosidl_typesupport_fastrtps_cppExport.cmake
[1.066s] -- Up-to-date: /home/eating/work/install/interface/share/interface/cmake/export_interface__rosidl_typesupport_fastrtps_cppExport-noconfig.cmake
[1.066s] -- Up-to-date: /home/eating/work/install/interface/share/interface/cmake/interface__rosidl_typesupport_introspection_cExport.cmake
[1.066s] -- Up-to-date: /home/eating/work/install/interface/share/interface/cmake/interface__rosidl_typesupport_introspection_cExport-noconfig.cmake
[1.066s] -- Up-to-date: /home/eating/work/install/interface/share/interface/cmake/interface__rosidl_typesupport_cExport.cmake
[1.066s] -- Up-to-date: /home/eating/work/install/interface/share/interface/cmake/interface__rosidl_typesupport_cExport-noconfig.cmake
[1.066s] -- Up-to-date: /home/eating/work/install/interface/share/interface/cmake/interface__rosidl_typesupport_introspection_cppExport.cmake
[1.066s] -- Up-to-date: /home/eating/work/install/interface/share/interface/cmake/interface__rosidl_typesupport_introspection_cppExport-noconfig.cmake
[1.066s] -- Up-to-date: /home/eating/work/install/interface/share/interface/cmake/interface__rosidl_typesupport_cppExport.cmake
[1.066s] -- Up-to-date: /home/eating/work/install/interface/share/interface/cmake/interface__rosidl_typesupport_cppExport-noconfig.cmake
[1.066s] -- Up-to-date: /home/eating/work/install/interface/share/interface/cmake/export_interface__rosidl_generator_pyExport.cmake
[1.066s] -- Up-to-date: /home/eating/work/install/interface/share/interface/cmake/export_interface__rosidl_generator_pyExport-noconfig.cmake
[1.067s] -- Up-to-date: /home/eating/work/install/interface/share/interface/cmake/rosidl_cmake-extras.cmake
[1.067s] -- Up-to-date: /home/eating/work/install/interface/share/interface/cmake/ament_cmake_export_dependencies-extras.cmake
[1.067s] -- Up-to-date: /home/eating/work/install/interface/share/interface/cmake/ament_cmake_export_include_directories-extras.cmake
[1.067s] -- Up-to-date: /home/eating/work/install/interface/share/interface/cmake/ament_cmake_export_libraries-extras.cmake
[1.067s] -- Up-to-date: /home/eating/work/install/interface/share/interface/cmake/ament_cmake_export_targets-extras.cmake
[1.067s] -- Up-to-date: /home/eating/work/install/interface/share/interface/cmake/rosidl_cmake_export_typesupport_targets-extras.cmake
[1.067s] -- Up-to-date: /home/eating/work/install/interface/share/interface/cmake/rosidl_cmake_export_typesupport_libraries-extras.cmake
[1.067s] -- Up-to-date: /home/eating/work/install/interface/share/interface/cmake/interfaceConfig.cmake
[1.067s] -- Up-to-date: /home/eating/work/install/interface/share/interface/cmake/interfaceConfig-version.cmake
[1.067s] -- Up-to-date: /home/eating/work/install/interface/share/interface/package.xml
[1.105s] Invoked command in '/home/eating/work/build/interface' returned '0': CMAKE_PREFIX_PATH=${CMAKE_PREFIX_PATH}:/home/eating/work/install/pallet_main:/home/eating/work/install/main_control:/home/eating/work/install/gui:/home/eating/work/install/docking_pkg:/opt/ros/humble /usr/bin/cmake --install /home/eating/work/build/interface
