[0.940s] Invoking command in '/home/eating/work/src/main_control/main_control': AMENT_PREFIX_PATH=/home/eating/work/install/interface:/home/eating/work/install/gui_interface:${AMENT_PREFIX_PATH} CMAKE_PREFIX_PATH=/home/eating/work/install/interface:/home/eating/work/install/gui_interface LD_LIBRARY_PATH=/home/eating/work/install/interface/lib:/home/eating/work/install/gui_interface/lib:${LD_LIBRARY_PATH} PYTHONPATH=/home/eating/work/build/main_control/prefix_override:/usr/lib/python3/dist-packages/colcon_core/task/python/colcon_distutils_commands:/home/eating/work/install/main_control/lib/python3.10/site-packages:/home/eating/work/install/interface/local/lib/python3.10/dist-packages:/home/eating/work/install/gui_interface/local/lib/python3.10/dist-packages:${PYTHONPATH} /usr/bin/python3 -W ignore:setup.py install is deprecated -W ignore:easy_install command is deprecated setup.py egg_info --egg-base ../../../build/main_control build --build-base /home/eating/work/build/main_control/build install --record /home/eating/work/build/main_control/install.log --single-version-externally-managed install_data
[1.169s] running egg_info
[1.170s] writing ../../../build/main_control/main_control.egg-info/PKG-INFO
[1.170s] writing dependency_links to ../../../build/main_control/main_control.egg-info/dependency_links.txt
[1.170s] writing entry points to ../../../build/main_control/main_control.egg-info/entry_points.txt
[1.171s] writing requirements to ../../../build/main_control/main_control.egg-info/requires.txt
[1.171s] writing top-level names to ../../../build/main_control/main_control.egg-info/top_level.txt
[1.172s] reading manifest file '../../../build/main_control/main_control.egg-info/SOURCES.txt'
[1.173s] writing manifest file '../../../build/main_control/main_control.egg-info/SOURCES.txt'
[1.173s] running build
[1.173s] running build_py
[1.174s] running install
[1.174s] running install_lib
[1.175s] running install_data
[1.175s] running install_egg_info
[1.177s] removing '/home/eating/work/install/main_control/lib/python3.10/site-packages/main_control-0.0.0-py3.10.egg-info' (and everything under it)
[1.177s] Copying ../../../build/main_control/main_control.egg-info to /home/eating/work/install/main_control/lib/python3.10/site-packages/main_control-0.0.0-py3.10.egg-info
[1.178s] running install_scripts
[1.198s] Installing main script to /home/eating/work/install/main_control/lib/main_control
[1.198s] writing list of installed files to '/home/eating/work/build/main_control/install.log'
