[0.082s] Invoking command in '/home/fxck/work/build/keyboard_control': CMAKE_PREFIX_PATH=${CMAKE_PREFIX_PATH}:/home/fxck/work/install/main_control:/home/fxck/work/install/gui:/opt/ros/humble /usr/bin/cmake --build /home/fxck/work/build/keyboard_control -- -j16 -l16
[0.144s] [100%] Built target main
[0.156s] Invoked command in '/home/fxck/work/build/keyboard_control' returned '0': CMAKE_PREFIX_PATH=${CMAKE_PREFIX_PATH}:/home/fxck/work/install/main_control:/home/fxck/work/install/gui:/opt/ros/humble /usr/bin/cmake --build /home/fxck/work/build/keyboard_control -- -j16 -l16
[0.170s] Invoking command in '/home/fxck/work/build/keyboard_control': CMAKE_PREFIX_PATH=${CMAKE_PREFIX_PATH}:/home/fxck/work/install/main_control:/home/fxck/work/install/gui:/opt/ros/humble /usr/bin/cmake --install /home/fxck/work/build/keyboard_control
[0.178s] -- Install configuration: ""
[0.178s] -- Up-to-date: /home/fxck/work/install/keyboard_control/lib/keyboard_control/main
[0.179s] -- Up-to-date: /home/fxck/work/install/keyboard_control/share/ament_index/resource_index/package_run_dependencies/keyboard_control
[0.179s] -- Up-to-date: /home/fxck/work/install/keyboard_control/share/ament_index/resource_index/parent_prefix_path/keyboard_control
[0.179s] -- Up-to-date: /home/fxck/work/install/keyboard_control/share/keyboard_control/environment/ament_prefix_path.sh
[0.179s] -- Up-to-date: /home/fxck/work/install/keyboard_control/share/keyboard_control/environment/ament_prefix_path.dsv
[0.179s] -- Up-to-date: /home/fxck/work/install/keyboard_control/share/keyboard_control/environment/path.sh
[0.179s] -- Up-to-date: /home/fxck/work/install/keyboard_control/share/keyboard_control/environment/path.dsv
[0.179s] -- Up-to-date: /home/fxck/work/install/keyboard_control/share/keyboard_control/local_setup.bash
[0.179s] -- Up-to-date: /home/fxck/work/install/keyboard_control/share/keyboard_control/local_setup.sh
[0.179s] -- Up-to-date: /home/fxck/work/install/keyboard_control/share/keyboard_control/local_setup.zsh
[0.179s] -- Up-to-date: /home/fxck/work/install/keyboard_control/share/keyboard_control/local_setup.dsv
[0.179s] -- Installing: /home/fxck/work/install/keyboard_control/share/keyboard_control/package.dsv
[0.179s] -- Up-to-date: /home/fxck/work/install/keyboard_control/share/ament_index/resource_index/packages/keyboard_control
[0.180s] -- Up-to-date: /home/fxck/work/install/keyboard_control/share/keyboard_control/cmake/keyboard_controlConfig.cmake
[0.180s] -- Up-to-date: /home/fxck/work/install/keyboard_control/share/keyboard_control/cmake/keyboard_controlConfig-version.cmake
[0.180s] -- Up-to-date: /home/fxck/work/install/keyboard_control/share/keyboard_control/package.xml
[0.181s] Invoked command in '/home/fxck/work/build/keyboard_control' returned '0': CMAKE_PREFIX_PATH=${CMAKE_PREFIX_PATH}:/home/fxck/work/install/main_control:/home/fxck/work/install/gui:/opt/ros/humble /usr/bin/cmake --install /home/fxck/work/build/keyboard_control
