[0.139s] Invoking command in '/home/eating/work/build/timda_body_description': CMAKE_PREFIX_PATH=${CMAKE_PREFIX_PATH}:/home/eating/work/install/pallet_main:/home/eating/work/install/main_control:/home/eating/work/install/gui:/home/eating/work/install/docking_pkg:/opt/ros/humble /usr/bin/cmake /home/eating/work/src/timda_sim/timda_body_description -DCMAKE_INSTALL_PREFIX=/home/eating/work/install/timda_body_description
[0.298s] -- The C compiler identification is GNU 11.4.0
[0.420s] -- The CXX compiler identification is GNU 11.4.0
[0.430s] -- Detecting C compiler ABI info
[0.687s] -- Detecting C compiler ABI info - done
[0.702s] -- Check for working C compiler: /usr/bin/cc - skipped
[0.702s] -- Detecting C compile features
[0.703s] -- Detecting C compile features - done
[0.709s] -- Detecting CXX compiler ABI info
[0.869s] -- Detecting CXX compiler ABI info - done
[0.885s] -- Check for working CXX compiler: /usr/bin/c++ - skipped
[0.885s] -- Detecting CXX compile features
[0.886s] -- Detecting CXX compile features - done
[0.890s] -- Found ament_cmake: 1.3.11 (/opt/ros/humble/share/ament_cmake/cmake)
[1.258s] -- Found Python3: /usr/bin/python3 (found version "3.10.12") found components: Interpreter 
[1.489s] -- Found ament_lint_auto: 0.12.12 (/opt/ros/humble/share/ament_lint_auto/cmake)
[1.700s] -- Added test 'lint_cmake' to check CMake code style
[1.703s] -- Added test 'xmllint' to check XML markup files
[1.706s] -- Configuring done
[1.718s] -- Generating done
[1.721s] -- Build files have been written to: /home/eating/work/build/timda_body_description
[1.731s] Invoked command in '/home/eating/work/build/timda_body_description' returned '0': CMAKE_PREFIX_PATH=${CMAKE_PREFIX_PATH}:/home/eating/work/install/pallet_main:/home/eating/work/install/main_control:/home/eating/work/install/gui:/home/eating/work/install/docking_pkg:/opt/ros/humble /usr/bin/cmake /home/eating/work/src/timda_sim/timda_body_description -DCMAKE_INSTALL_PREFIX=/home/eating/work/install/timda_body_description
[1.731s] Invoking command in '/home/eating/work/build/timda_body_description': CMAKE_PREFIX_PATH=${CMAKE_PREFIX_PATH}:/home/eating/work/install/pallet_main:/home/eating/work/install/main_control:/home/eating/work/install/gui:/home/eating/work/install/docking_pkg:/opt/ros/humble /usr/bin/cmake --build /home/eating/work/build/timda_body_description -- -j8 -l8
[2.047s] Invoked command in '/home/eating/work/build/timda_body_description' returned '0': CMAKE_PREFIX_PATH=${CMAKE_PREFIX_PATH}:/home/eating/work/install/pallet_main:/home/eating/work/install/main_control:/home/eating/work/install/gui:/home/eating/work/install/docking_pkg:/opt/ros/humble /usr/bin/cmake --build /home/eating/work/build/timda_body_description -- -j8 -l8
[2.047s] Invoking command in '/home/eating/work/build/timda_body_description': CMAKE_PREFIX_PATH=${CMAKE_PREFIX_PATH}:/home/eating/work/install/pallet_main:/home/eating/work/install/main_control:/home/eating/work/install/gui:/home/eating/work/install/docking_pkg:/opt/ros/humble /usr/bin/cmake --install /home/eating/work/build/timda_body_description
[2.173s] -- Install configuration: ""
[2.174s] -- Installing: /home/eating/work/install/timda_body_description/share/timda_body_description/config
[2.175s] -- Installing: /home/eating/work/install/timda_body_description/share/timda_body_description/config/joint_names_timda_body.yaml
[2.175s] -- Installing: /home/eating/work/install/timda_body_description/share/timda_body_description/meshes
[2.175s] -- Installing: /home/eating/work/install/timda_body_description/share/timda_body_description/meshes/slide_left.STL
[2.186s] -- Installing: /home/eating/work/install/timda_body_description/share/timda_body_description/meshes/base_link.STL
[2.187s] -- Installing: /home/eating/work/install/timda_body_description/share/timda_body_description/meshes/slide_right.STL
[2.187s] -- Installing: /home/eating/work/install/timda_body_description/share/timda_body_description/urdf
[2.187s] -- Installing: /home/eating/work/install/timda_body_description/share/timda_body_description/urdf/timda_body.xacro
[2.187s] -- Installing: /home/eating/work/install/timda_body_description/share/timda_body_description/urdf/timda_body.gazebo.xacro
[2.187s] -- Installing: /home/eating/work/install/timda_body_description/share/ament_index/resource_index/package_run_dependencies/timda_body_description
[2.187s] -- Installing: /home/eating/work/install/timda_body_description/share/ament_index/resource_index/parent_prefix_path/timda_body_description
[2.187s] -- Installing: /home/eating/work/install/timda_body_description/share/timda_body_description/environment/ament_prefix_path.sh
[2.188s] -- Installing: /home/eating/work/install/timda_body_description/share/timda_body_description/environment/ament_prefix_path.dsv
[2.188s] -- Installing: /home/eating/work/install/timda_body_description/share/timda_body_description/environment/path.sh
[2.188s] -- Installing: /home/eating/work/install/timda_body_description/share/timda_body_description/environment/path.dsv
[2.188s] -- Installing: /home/eating/work/install/timda_body_description/share/timda_body_description/local_setup.bash
[2.188s] -- Installing: /home/eating/work/install/timda_body_description/share/timda_body_description/local_setup.sh
[2.188s] -- Installing: /home/eating/work/install/timda_body_description/share/timda_body_description/local_setup.zsh
[2.188s] -- Installing: /home/eating/work/install/timda_body_description/share/timda_body_description/local_setup.dsv
[2.188s] -- Installing: /home/eating/work/install/timda_body_description/share/timda_body_description/package.dsv
[2.188s] -- Installing: /home/eating/work/install/timda_body_description/share/ament_index/resource_index/packages/timda_body_description
[2.189s] -- Installing: /home/eating/work/install/timda_body_description/share/timda_body_description/cmake/timda_body_descriptionConfig.cmake
[2.189s] -- Installing: /home/eating/work/install/timda_body_description/share/timda_body_description/cmake/timda_body_descriptionConfig-version.cmake
[2.189s] -- Installing: /home/eating/work/install/timda_body_description/share/timda_body_description/package.xml
[2.279s] Invoked command in '/home/eating/work/build/timda_body_description' returned '0': CMAKE_PREFIX_PATH=${CMAKE_PREFIX_PATH}:/home/eating/work/install/pallet_main:/home/eating/work/install/main_control:/home/eating/work/install/gui:/home/eating/work/install/docking_pkg:/opt/ros/humble /usr/bin/cmake --install /home/eating/work/build/timda_body_description
