[0.042s] Invoking command in '/home/eating/work/build/gui_interface': CMAKE_PREFIX_PATH=${CMAKE_PREFIX_PATH}:/home/eating/work/install/pallet_main:/home/eating/work/install/main_control:/home/eating/work/install/gui:/home/eating/work/install/docking_pkg:/opt/ros/humble /usr/bin/cmake --build /home/eating/work/build/gui_interface -- -j8 -l8
[0.580s] [  9%] Built target gui_interface__rosidl_generator_c
[0.580s] [ 12%] Built target gui_interface__cpp
[0.581s] [ 12%] Built target ament_cmake_python_copy_gui_interface
[0.581s] [ 32%] Built target gui_interface__rosidl_typesupport_fastrtps_c
[0.581s] [ 32%] Built target gui_interface__rosidl_typesupport_c
[0.582s] [ 41%] Built target gui_interface__rosidl_typesupport_introspection_c
[0.582s] [ 51%] Built target gui_interface__rosidl_typesupport_cpp
[0.582s] [ 61%] Built target gui_interface__rosidl_typesupport_fastrtps_cpp
[0.583s] [ 70%] Built target gui_interface__rosidl_typesupport_introspection_cpp
[0.583s] [ 70%] Built target gui_interface
[0.583s] [ 74%] Built target gui_interface__py
[0.583s] [ 80%] Built target gui_interface__rosidl_generator_py
[0.583s] [ 87%] Built target gui_interface__rosidl_typesupport_fastrtps_c__pyext
[0.584s] [ 93%] Built target gui_interface__rosidl_typesupport_c__pyext
[0.584s] [100%] Built target gui_interface__rosidl_typesupport_introspection_c__pyext
[0.585s] running egg_info
[0.585s] writing gui_interface.egg-info/PKG-INFO
[0.585s] writing dependency_links to gui_interface.egg-info/dependency_links.txt
[0.585s] writing top-level names to gui_interface.egg-info/top_level.txt
[0.586s] reading manifest file 'gui_interface.egg-info/SOURCES.txt'
[0.586s] writing manifest file 'gui_interface.egg-info/SOURCES.txt'
[0.586s] [100%] Built target ament_cmake_python_build_gui_interface_egg
[0.592s] Invoked command in '/home/eating/work/build/gui_interface' returned '0': CMAKE_PREFIX_PATH=${CMAKE_PREFIX_PATH}:/home/eating/work/install/pallet_main:/home/eating/work/install/main_control:/home/eating/work/install/gui:/home/eating/work/install/docking_pkg:/opt/ros/humble /usr/bin/cmake --build /home/eating/work/build/gui_interface -- -j8 -l8
[0.605s] Invoking command in '/home/eating/work/build/gui_interface': CMAKE_PREFIX_PATH=${CMAKE_PREFIX_PATH}:/home/eating/work/install/pallet_main:/home/eating/work/install/main_control:/home/eating/work/install/gui:/home/eating/work/install/docking_pkg:/opt/ros/humble /usr/bin/cmake --install /home/eating/work/build/gui_interface
[0.615s] -- Install configuration: ""
[0.615s] -- Up-to-date: /home/eating/work/install/gui_interface/share/ament_index/resource_index/rosidl_interfaces/gui_interface
[0.615s] -- Up-to-date: /home/eating/work/install/gui_interface/include/gui_interface/gui_interface
[0.616s] -- Up-to-date: /home/eating/work/install/gui_interface/include/gui_interface/gui_interface/msg
[0.616s] -- Up-to-date: /home/eating/work/install/gui_interface/include/gui_interface/gui_interface/msg/rosidl_generator_c__visibility_control.h
[0.616s] -- Up-to-date: /home/eating/work/install/gui_interface/include/gui_interface/gui_interface/srv
[0.616s] -- Up-to-date: /home/eating/work/install/gui_interface/include/gui_interface/gui_interface/srv/detail
[0.617s] -- Up-to-date: /home/eating/work/install/gui_interface/include/gui_interface/gui_interface/srv/detail/taskcmd__struct.h
[0.617s] -- Up-to-date: /home/eating/work/install/gui_interface/include/gui_interface/gui_interface/srv/detail/taskcmd__type_support.h
[0.618s] -- Up-to-date: /home/eating/work/install/gui_interface/include/gui_interface/gui_interface/srv/detail/taskcmd__functions.h
[0.618s] -- Up-to-date: /home/eating/work/install/gui_interface/include/gui_interface/gui_interface/srv/detail/taskcmd__functions.c
[0.618s] -- Up-to-date: /home/eating/work/install/gui_interface/include/gui_interface/gui_interface/srv/taskcmd.h
[0.619s] -- Up-to-date: /home/eating/work/install/gui_interface/share/gui_interface/environment/library_path.sh
[0.619s] -- Up-to-date: /home/eating/work/install/gui_interface/share/gui_interface/environment/library_path.dsv
[0.619s] -- Up-to-date: /home/eating/work/install/gui_interface/lib/libgui_interface__rosidl_generator_c.so
[0.619s] -- Up-to-date: /home/eating/work/install/gui_interface/include/gui_interface/gui_interface
[0.619s] -- Up-to-date: /home/eating/work/install/gui_interface/include/gui_interface/gui_interface/msg
[0.620s] -- Up-to-date: /home/eating/work/install/gui_interface/include/gui_interface/gui_interface/msg/rosidl_typesupport_fastrtps_c__visibility_control.h
[0.620s] -- Up-to-date: /home/eating/work/install/gui_interface/include/gui_interface/gui_interface/srv
[0.620s] -- Up-to-date: /home/eating/work/install/gui_interface/include/gui_interface/gui_interface/srv/detail
[0.620s] -- Up-to-date: /home/eating/work/install/gui_interface/include/gui_interface/gui_interface/srv/detail/taskcmd__rosidl_typesupport_fastrtps_c.h
[0.620s] -- Up-to-date: /home/eating/work/install/gui_interface/lib/libgui_interface__rosidl_typesupport_fastrtps_c.so
[0.620s] -- Up-to-date: /home/eating/work/install/gui_interface/include/gui_interface/gui_interface
[0.620s] -- Up-to-date: /home/eating/work/install/gui_interface/include/gui_interface/gui_interface/msg
[0.620s] -- Up-to-date: /home/eating/work/install/gui_interface/include/gui_interface/gui_interface/msg/rosidl_generator_cpp__visibility_control.hpp
[0.620s] -- Up-to-date: /home/eating/work/install/gui_interface/include/gui_interface/gui_interface/srv
[0.621s] -- Up-to-date: /home/eating/work/install/gui_interface/include/gui_interface/gui_interface/srv/taskcmd.hpp
[0.621s] -- Up-to-date: /home/eating/work/install/gui_interface/include/gui_interface/gui_interface/srv/detail
[0.621s] -- Up-to-date: /home/eating/work/install/gui_interface/include/gui_interface/gui_interface/srv/detail/taskcmd__struct.hpp
[0.621s] -- Up-to-date: /home/eating/work/install/gui_interface/include/gui_interface/gui_interface/srv/detail/taskcmd__builder.hpp
[0.621s] -- Up-to-date: /home/eating/work/install/gui_interface/include/gui_interface/gui_interface/srv/detail/taskcmd__type_support.hpp
[0.621s] -- Up-to-date: /home/eating/work/install/gui_interface/include/gui_interface/gui_interface/srv/detail/taskcmd__traits.hpp
[0.621s] -- Up-to-date: /home/eating/work/install/gui_interface/include/gui_interface/gui_interface
[0.621s] -- Up-to-date: /home/eating/work/install/gui_interface/include/gui_interface/gui_interface/msg
[0.621s] -- Up-to-date: /home/eating/work/install/gui_interface/include/gui_interface/gui_interface/msg/rosidl_typesupport_fastrtps_cpp__visibility_control.h
[0.622s] -- Up-to-date: /home/eating/work/install/gui_interface/include/gui_interface/gui_interface/srv
[0.622s] -- Up-to-date: /home/eating/work/install/gui_interface/include/gui_interface/gui_interface/srv/detail
[0.622s] -- Up-to-date: /home/eating/work/install/gui_interface/include/gui_interface/gui_interface/srv/detail/dds_fastrtps
[0.622s] -- Up-to-date: /home/eating/work/install/gui_interface/include/gui_interface/gui_interface/srv/detail/taskcmd__rosidl_typesupport_fastrtps_cpp.hpp
[0.623s] -- Up-to-date: /home/eating/work/install/gui_interface/lib/libgui_interface__rosidl_typesupport_fastrtps_cpp.so
[0.623s] -- Up-to-date: /home/eating/work/install/gui_interface/include/gui_interface/gui_interface
[0.624s] -- Up-to-date: /home/eating/work/install/gui_interface/include/gui_interface/gui_interface/msg
[0.624s] -- Up-to-date: /home/eating/work/install/gui_interface/include/gui_interface/gui_interface/msg/rosidl_typesupport_introspection_c__visibility_control.h
[0.624s] -- Up-to-date: /home/eating/work/install/gui_interface/include/gui_interface/gui_interface/srv
[0.624s] -- Up-to-date: /home/eating/work/install/gui_interface/include/gui_interface/gui_interface/srv/detail
[0.625s] -- Up-to-date: /home/eating/work/install/gui_interface/include/gui_interface/gui_interface/srv/detail/taskcmd__type_support.c
[0.625s] -- Up-to-date: /home/eating/work/install/gui_interface/include/gui_interface/gui_interface/srv/detail/taskcmd__rosidl_typesupport_introspection_c.h
[0.625s] -- Up-to-date: /home/eating/work/install/gui_interface/lib/libgui_interface__rosidl_typesupport_introspection_c.so
[0.626s] -- Up-to-date: /home/eating/work/install/gui_interface/lib/libgui_interface__rosidl_typesupport_c.so
[0.626s] -- Up-to-date: /home/eating/work/install/gui_interface/include/gui_interface/gui_interface
[0.627s] -- Up-to-date: /home/eating/work/install/gui_interface/include/gui_interface/gui_interface/srv
[0.627s] -- Up-to-date: /home/eating/work/install/gui_interface/include/gui_interface/gui_interface/srv/detail
[0.627s] -- Up-to-date: /home/eating/work/install/gui_interface/include/gui_interface/gui_interface/srv/detail/taskcmd__rosidl_typesupport_introspection_cpp.hpp
[0.627s] -- Up-to-date: /home/eating/work/install/gui_interface/include/gui_interface/gui_interface/srv/detail/taskcmd__type_support.cpp
[0.628s] -- Up-to-date: /home/eating/work/install/gui_interface/lib/libgui_interface__rosidl_typesupport_introspection_cpp.so
[0.628s] -- Up-to-date: /home/eating/work/install/gui_interface/lib/libgui_interface__rosidl_typesupport_cpp.so
[0.629s] -- Up-to-date: /home/eating/work/install/gui_interface/share/gui_interface/environment/pythonpath.sh
[0.629s] -- Up-to-date: /home/eating/work/install/gui_interface/share/gui_interface/environment/pythonpath.dsv
[0.629s] -- Up-to-date: /home/eating/work/install/gui_interface/local/lib/python3.10/dist-packages/gui_interface-0.0.0-py3.10.egg-info
[0.630s] -- Installing: /home/eating/work/install/gui_interface/local/lib/python3.10/dist-packages/gui_interface-0.0.0-py3.10.egg-info/top_level.txt
[0.630s] -- Installing: /home/eating/work/install/gui_interface/local/lib/python3.10/dist-packages/gui_interface-0.0.0-py3.10.egg-info/SOURCES.txt
[0.630s] -- Installing: /home/eating/work/install/gui_interface/local/lib/python3.10/dist-packages/gui_interface-0.0.0-py3.10.egg-info/dependency_links.txt
[0.631s] -- Installing: /home/eating/work/install/gui_interface/local/lib/python3.10/dist-packages/gui_interface-0.0.0-py3.10.egg-info/PKG-INFO
[0.631s] -- Up-to-date: /home/eating/work/install/gui_interface/local/lib/python3.10/dist-packages/gui_interface
[0.631s] -- Up-to-date: /home/eating/work/install/gui_interface/local/lib/python3.10/dist-packages/gui_interface/__init__.py
[0.632s] -- Up-to-date: /home/eating/work/install/gui_interface/local/lib/python3.10/dist-packages/gui_interface/gui_interface_s__rosidl_typesupport_c.cpython-310-x86_64-linux-gnu.so
[0.632s] -- Up-to-date: /home/eating/work/install/gui_interface/local/lib/python3.10/dist-packages/gui_interface/_gui_interface_s.ep.rosidl_typesupport_fastrtps_c.c
[0.632s] -- Up-to-date: /home/eating/work/install/gui_interface/local/lib/python3.10/dist-packages/gui_interface/_gui_interface_s.ep.rosidl_typesupport_c.c
[0.632s] -- Up-to-date: /home/eating/work/install/gui_interface/local/lib/python3.10/dist-packages/gui_interface/gui_interface_s__rosidl_typesupport_introspection_c.cpython-310-x86_64-linux-gnu.so
[0.632s] -- Up-to-date: /home/eating/work/install/gui_interface/local/lib/python3.10/dist-packages/gui_interface/srv
[0.633s] -- Up-to-date: /home/eating/work/install/gui_interface/local/lib/python3.10/dist-packages/gui_interface/srv/__init__.py
[0.633s] -- Up-to-date: /home/eating/work/install/gui_interface/local/lib/python3.10/dist-packages/gui_interface/srv/_taskcmd.py
[0.633s] -- Up-to-date: /home/eating/work/install/gui_interface/local/lib/python3.10/dist-packages/gui_interface/srv/_taskcmd_s.c
[0.633s] -- Up-to-date: /home/eating/work/install/gui_interface/local/lib/python3.10/dist-packages/gui_interface/libgui_interface__rosidl_generator_py.so
[0.633s] -- Up-to-date: /home/eating/work/install/gui_interface/local/lib/python3.10/dist-packages/gui_interface/gui_interface_s__rosidl_typesupport_fastrtps_c.cpython-310-x86_64-linux-gnu.so
[0.634s] -- Up-to-date: /home/eating/work/install/gui_interface/local/lib/python3.10/dist-packages/gui_interface/_gui_interface_s.ep.rosidl_typesupport_introspection_c.c
[0.696s] Listing '/home/eating/work/install/gui_interface/local/lib/python3.10/dist-packages/gui_interface'...
[0.696s] Listing '/home/eating/work/install/gui_interface/local/lib/python3.10/dist-packages/gui_interface/srv'...
[0.714s] -- Up-to-date: /home/eating/work/install/gui_interface/local/lib/python3.10/dist-packages/gui_interface/gui_interface_s__rosidl_typesupport_fastrtps_c.cpython-310-x86_64-linux-gnu.so
[0.714s] -- Up-to-date: /home/eating/work/install/gui_interface/local/lib/python3.10/dist-packages/gui_interface/gui_interface_s__rosidl_typesupport_introspection_c.cpython-310-x86_64-linux-gnu.so
[0.715s] -- Up-to-date: /home/eating/work/install/gui_interface/local/lib/python3.10/dist-packages/gui_interface/gui_interface_s__rosidl_typesupport_c.cpython-310-x86_64-linux-gnu.so
[0.715s] -- Up-to-date: /home/eating/work/install/gui_interface/lib/libgui_interface__rosidl_generator_py.so
[0.716s] -- Up-to-date: /home/eating/work/install/gui_interface/share/gui_interface/srv/Taskcmd.idl
[0.716s] -- Up-to-date: /home/eating/work/install/gui_interface/share/gui_interface/srv/Taskcmd.srv
[0.716s] -- Up-to-date: /home/eating/work/install/gui_interface/share/gui_interface/srv/Taskcmd_Request.msg
[0.717s] -- Up-to-date: /home/eating/work/install/gui_interface/share/gui_interface/srv/Taskcmd_Response.msg
[0.717s] -- Up-to-date: /home/eating/work/install/gui_interface/share/ament_index/resource_index/package_run_dependencies/gui_interface
[0.717s] -- Up-to-date: /home/eating/work/install/gui_interface/share/ament_index/resource_index/parent_prefix_path/gui_interface
[0.718s] -- Up-to-date: /home/eating/work/install/gui_interface/share/gui_interface/environment/ament_prefix_path.sh
[0.718s] -- Up-to-date: /home/eating/work/install/gui_interface/share/gui_interface/environment/ament_prefix_path.dsv
[0.719s] -- Up-to-date: /home/eating/work/install/gui_interface/share/gui_interface/environment/path.sh
[0.720s] -- Up-to-date: /home/eating/work/install/gui_interface/share/gui_interface/environment/path.dsv
[0.720s] -- Up-to-date: /home/eating/work/install/gui_interface/share/gui_interface/local_setup.bash
[0.721s] -- Up-to-date: /home/eating/work/install/gui_interface/share/gui_interface/local_setup.sh
[0.721s] -- Up-to-date: /home/eating/work/install/gui_interface/share/gui_interface/local_setup.zsh
[0.722s] -- Up-to-date: /home/eating/work/install/gui_interface/share/gui_interface/local_setup.dsv
[0.722s] -- Installing: /home/eating/work/install/gui_interface/share/gui_interface/package.dsv
[0.722s] -- Up-to-date: /home/eating/work/install/gui_interface/share/ament_index/resource_index/packages/gui_interface
[0.722s] -- Up-to-date: /home/eating/work/install/gui_interface/share/gui_interface/cmake/export_gui_interface__rosidl_generator_cExport.cmake
[0.722s] -- Up-to-date: /home/eating/work/install/gui_interface/share/gui_interface/cmake/export_gui_interface__rosidl_generator_cExport-noconfig.cmake
[0.723s] -- Up-to-date: /home/eating/work/install/gui_interface/share/gui_interface/cmake/export_gui_interface__rosidl_typesupport_fastrtps_cExport.cmake
[0.723s] -- Up-to-date: /home/eating/work/install/gui_interface/share/gui_interface/cmake/export_gui_interface__rosidl_typesupport_fastrtps_cExport-noconfig.cmake
[0.723s] -- Up-to-date: /home/eating/work/install/gui_interface/share/gui_interface/cmake/export_gui_interface__rosidl_generator_cppExport.cmake
[0.723s] -- Up-to-date: /home/eating/work/install/gui_interface/share/gui_interface/cmake/export_gui_interface__rosidl_typesupport_fastrtps_cppExport.cmake
[0.724s] -- Up-to-date: /home/eating/work/install/gui_interface/share/gui_interface/cmake/export_gui_interface__rosidl_typesupport_fastrtps_cppExport-noconfig.cmake
[0.724s] -- Up-to-date: /home/eating/work/install/gui_interface/share/gui_interface/cmake/gui_interface__rosidl_typesupport_introspection_cExport.cmake
[0.724s] -- Up-to-date: /home/eating/work/install/gui_interface/share/gui_interface/cmake/gui_interface__rosidl_typesupport_introspection_cExport-noconfig.cmake
[0.725s] -- Up-to-date: /home/eating/work/install/gui_interface/share/gui_interface/cmake/gui_interface__rosidl_typesupport_cExport.cmake
[0.725s] -- Up-to-date: /home/eating/work/install/gui_interface/share/gui_interface/cmake/gui_interface__rosidl_typesupport_cExport-noconfig.cmake
[0.725s] -- Up-to-date: /home/eating/work/install/gui_interface/share/gui_interface/cmake/gui_interface__rosidl_typesupport_introspection_cppExport.cmake
[0.725s] -- Up-to-date: /home/eating/work/install/gui_interface/share/gui_interface/cmake/gui_interface__rosidl_typesupport_introspection_cppExport-noconfig.cmake
[0.726s] -- Up-to-date: /home/eating/work/install/gui_interface/share/gui_interface/cmake/gui_interface__rosidl_typesupport_cppExport.cmake
[0.726s] -- Up-to-date: /home/eating/work/install/gui_interface/share/gui_interface/cmake/gui_interface__rosidl_typesupport_cppExport-noconfig.cmake
[0.726s] -- Up-to-date: /home/eating/work/install/gui_interface/share/gui_interface/cmake/export_gui_interface__rosidl_generator_pyExport.cmake
[0.726s] -- Up-to-date: /home/eating/work/install/gui_interface/share/gui_interface/cmake/export_gui_interface__rosidl_generator_pyExport-noconfig.cmake
[0.726s] -- Up-to-date: /home/eating/work/install/gui_interface/share/gui_interface/cmake/rosidl_cmake-extras.cmake
[0.726s] -- Up-to-date: /home/eating/work/install/gui_interface/share/gui_interface/cmake/ament_cmake_export_dependencies-extras.cmake
[0.726s] -- Up-to-date: /home/eating/work/install/gui_interface/share/gui_interface/cmake/ament_cmake_export_include_directories-extras.cmake
[0.726s] -- Up-to-date: /home/eating/work/install/gui_interface/share/gui_interface/cmake/ament_cmake_export_libraries-extras.cmake
[0.726s] -- Up-to-date: /home/eating/work/install/gui_interface/share/gui_interface/cmake/ament_cmake_export_targets-extras.cmake
[0.726s] -- Up-to-date: /home/eating/work/install/gui_interface/share/gui_interface/cmake/rosidl_cmake_export_typesupport_targets-extras.cmake
[0.726s] -- Up-to-date: /home/eating/work/install/gui_interface/share/gui_interface/cmake/rosidl_cmake_export_typesupport_libraries-extras.cmake
[0.726s] -- Up-to-date: /home/eating/work/install/gui_interface/share/gui_interface/cmake/gui_interfaceConfig.cmake
[0.726s] -- Up-to-date: /home/eating/work/install/gui_interface/share/gui_interface/cmake/gui_interfaceConfig-version.cmake
[0.726s] -- Up-to-date: /home/eating/work/install/gui_interface/share/gui_interface/package.xml
[0.771s] Invoked command in '/home/eating/work/build/gui_interface' returned '0': CMAKE_PREFIX_PATH=${CMAKE_PREFIX_PATH}:/home/eating/work/install/pallet_main:/home/eating/work/install/main_control:/home/eating/work/install/gui:/home/eating/work/install/docking_pkg:/opt/ros/humble /usr/bin/cmake --install /home/eating/work/build/gui_interface
