[0.558s] Invoking command in '/home/eating/work/build/realsense2_description': CMAKE_PREFIX_PATH=/home/eating/work/install/realsense2_camera_msgs:/home/eating/work/install/timda_gazebo:/home/eating/work/install/timda_description:/home/eating/work/install/timda_bringup:/home/eating/work/install/timda_body_description:/home/eating/work/install/suction_description:/home/eating/work/install/robot_arm_description:/home/eating/work/install/realsense2_description:/home/eating/work/install/realsense2_camera:/home/eating/work/install/pallet_interfaces:/home/eating/work/install/mobile_description:/home/eating/work/install/mecanum:/home/eating/work/install/linear_move:/home/eating/work/install/keyboard_control:/home/eating/work/install/ira_laser_tools:/home/eating/work/install/interface:/home/eating/work/install/gui_interface:/home/eating/work/install/docking_interface:/home/eating/work/install/pallet_main:/home/eating/work/install/main_control:/home/eating/work/install/gui:/home/eating/work/install/docking_pkg:/opt/ros/humble LD_LIBRARY_PATH=/home/eating/work/install/realsense2_camera_msgs/lib:/home/eating/work/install/realsense2_camera/lib:/home/eating/work/install/pallet_interfaces/lib:/home/eating/work/install/interface/lib:/home/eating/work/install/gui_interface/lib:/home/eating/work/install/docking_interface/lib:/opt/ros/humble/opt/rviz_ogre_vendor/lib:/opt/ros/humble/lib/x86_64-linux-gnu:/opt/ros/humble/lib /usr/bin/cmake --build /home/eating/work/build/realsense2_description -- -j8 -l8
[0.600s] Invoked command in '/home/eating/work/build/realsense2_description' returned '0': CMAKE_PREFIX_PATH=/home/eating/work/install/realsense2_camera_msgs:/home/eating/work/install/timda_gazebo:/home/eating/work/install/timda_description:/home/eating/work/install/timda_bringup:/home/eating/work/install/timda_body_description:/home/eating/work/install/suction_description:/home/eating/work/install/robot_arm_description:/home/eating/work/install/realsense2_description:/home/eating/work/install/realsense2_camera:/home/eating/work/install/pallet_interfaces:/home/eating/work/install/mobile_description:/home/eating/work/install/mecanum:/home/eating/work/install/linear_move:/home/eating/work/install/keyboard_control:/home/eating/work/install/ira_laser_tools:/home/eating/work/install/interface:/home/eating/work/install/gui_interface:/home/eating/work/install/docking_interface:/home/eating/work/install/pallet_main:/home/eating/work/install/main_control:/home/eating/work/install/gui:/home/eating/work/install/docking_pkg:/opt/ros/humble LD_LIBRARY_PATH=/home/eating/work/install/realsense2_camera_msgs/lib:/home/eating/work/install/realsense2_camera/lib:/home/eating/work/install/pallet_interfaces/lib:/home/eating/work/install/interface/lib:/home/eating/work/install/gui_interface/lib:/home/eating/work/install/docking_interface/lib:/opt/ros/humble/opt/rviz_ogre_vendor/lib:/opt/ros/humble/lib/x86_64-linux-gnu:/opt/ros/humble/lib /usr/bin/cmake --build /home/eating/work/build/realsense2_description -- -j8 -l8
[0.601s] Invoking command in '/home/eating/work/build/realsense2_description': CMAKE_PREFIX_PATH=/home/eating/work/install/realsense2_camera_msgs:/home/eating/work/install/timda_gazebo:/home/eating/work/install/timda_description:/home/eating/work/install/timda_bringup:/home/eating/work/install/timda_body_description:/home/eating/work/install/suction_description:/home/eating/work/install/robot_arm_description:/home/eating/work/install/realsense2_description:/home/eating/work/install/realsense2_camera:/home/eating/work/install/pallet_interfaces:/home/eating/work/install/mobile_description:/home/eating/work/install/mecanum:/home/eating/work/install/linear_move:/home/eating/work/install/keyboard_control:/home/eating/work/install/ira_laser_tools:/home/eating/work/install/interface:/home/eating/work/install/gui_interface:/home/eating/work/install/docking_interface:/home/eating/work/install/pallet_main:/home/eating/work/install/main_control:/home/eating/work/install/gui:/home/eating/work/install/docking_pkg:/opt/ros/humble LD_LIBRARY_PATH=/home/eating/work/install/realsense2_camera_msgs/lib:/home/eating/work/install/realsense2_camera/lib:/home/eating/work/install/pallet_interfaces/lib:/home/eating/work/install/interface/lib:/home/eating/work/install/gui_interface/lib:/home/eating/work/install/docking_interface/lib:/opt/ros/humble/opt/rviz_ogre_vendor/lib:/opt/ros/humble/lib/x86_64-linux-gnu:/opt/ros/humble/lib /usr/bin/cmake --install /home/eating/work/build/realsense2_description
[0.613s] -- Install configuration: ""
[0.613s] -- Up-to-date: /home/eating/work/install/realsense2_description/share/realsense2_description/launch
[0.613s] -- Up-to-date: /home/eating/work/install/realsense2_description/share/realsense2_description/launch/launch_utils.py
[0.613s] -- Up-to-date: /home/eating/work/install/realsense2_description/share/realsense2_description/launch/view_model.launch.py
[0.614s] -- Up-to-date: /home/eating/work/install/realsense2_description/share/realsense2_description/meshes
[0.614s] -- Up-to-date: /home/eating/work/install/realsense2_description/share/realsense2_description/meshes/l515.dae
[0.614s] -- Up-to-date: /home/eating/work/install/realsense2_description/share/realsense2_description/meshes/plug_collision.stl
[0.614s] -- Up-to-date: /home/eating/work/install/realsense2_description/share/realsense2_description/meshes/d405.stl
[0.614s] -- Up-to-date: /home/eating/work/install/realsense2_description/share/realsense2_description/meshes/d455.stl
[0.614s] -- Up-to-date: /home/eating/work/install/realsense2_description/share/realsense2_description/meshes/d435.dae
[0.614s] -- Up-to-date: /home/eating/work/install/realsense2_description/share/realsense2_description/meshes/d415.stl
[0.615s] -- Up-to-date: /home/eating/work/install/realsense2_description/share/realsense2_description/meshes/plug.stl
[0.615s] -- Up-to-date: /home/eating/work/install/realsense2_description/share/realsense2_description/rviz
[0.615s] -- Up-to-date: /home/eating/work/install/realsense2_description/share/realsense2_description/rviz/urdf.rviz
[0.615s] -- Up-to-date: /home/eating/work/install/realsense2_description/share/realsense2_description/urdf
[0.615s] -- Up-to-date: /home/eating/work/install/realsense2_description/share/realsense2_description/urdf/test_d455_camera.urdf.xacro
[0.615s] -- Up-to-date: /home/eating/work/install/realsense2_description/share/realsense2_description/urdf/test_d435_camera.urdf.xacro
[0.615s] -- Up-to-date: /home/eating/work/install/realsense2_description/share/realsense2_description/urdf/test_d415_camera.urdf.xacro
[0.615s] -- Up-to-date: /home/eating/work/install/realsense2_description/share/realsense2_description/urdf/test_d435i_camera.urdf.xacro
[0.616s] -- Up-to-date: /home/eating/work/install/realsense2_description/share/realsense2_description/urdf/_usb_plug.urdf.xacro
[0.616s] -- Up-to-date: /home/eating/work/install/realsense2_description/share/realsense2_description/urdf/test_r430_camera.urdf.xacro
[0.616s] -- Up-to-date: /home/eating/work/install/realsense2_description/share/realsense2_description/urdf/_d405.urdf.xacro
[0.616s] -- Up-to-date: /home/eating/work/install/realsense2_description/share/realsense2_description/urdf/test_d405_camera.urdf.xacro
[0.616s] -- Up-to-date: /home/eating/work/install/realsense2_description/share/realsense2_description/urdf/_materials.urdf.xacro
[0.616s] -- Up-to-date: /home/eating/work/install/realsense2_description/share/realsense2_description/urdf/_d435i_imu_modules.urdf.xacro
[0.616s] -- Up-to-date: /home/eating/work/install/realsense2_description/share/realsense2_description/urdf/test_d435_multiple_cameras.urdf.xacro
[0.616s] -- Up-to-date: /home/eating/work/install/realsense2_description/share/realsense2_description/urdf/_d435i.urdf.xacro
[0.617s] -- Up-to-date: /home/eating/work/install/realsense2_description/share/realsense2_description/urdf/_d415.urdf.xacro
[0.617s] -- Up-to-date: /home/eating/work/install/realsense2_description/share/realsense2_description/urdf/test_r410_camera.urdf.xacro
[0.619s] -- Up-to-date: /home/eating/work/install/realsense2_description/share/realsense2_description/urdf/_d455.urdf.xacro
[0.619s] -- Up-to-date: /home/eating/work/install/realsense2_description/share/realsense2_description/urdf/_r430.urdf.xacro
[0.619s] -- Up-to-date: /home/eating/work/install/realsense2_description/share/realsense2_description/urdf/_r410.urdf.xacro
[0.619s] -- Up-to-date: /home/eating/work/install/realsense2_description/share/realsense2_description/urdf/_d435.urdf.xacro
[0.619s] -- Up-to-date: /home/eating/work/install/realsense2_description/share/ament_index/resource_index/package_run_dependencies/realsense2_description
[0.620s] -- Up-to-date: /home/eating/work/install/realsense2_description/share/ament_index/resource_index/parent_prefix_path/realsense2_description
[0.620s] -- Up-to-date: /home/eating/work/install/realsense2_description/share/realsense2_description/environment/ament_prefix_path.sh
[0.620s] -- Up-to-date: /home/eating/work/install/realsense2_description/share/realsense2_description/environment/ament_prefix_path.dsv
[0.620s] -- Up-to-date: /home/eating/work/install/realsense2_description/share/realsense2_description/environment/path.sh
[0.620s] -- Up-to-date: /home/eating/work/install/realsense2_description/share/realsense2_description/environment/path.dsv
[0.621s] -- Up-to-date: /home/eating/work/install/realsense2_description/share/realsense2_description/local_setup.bash
[0.621s] -- Up-to-date: /home/eating/work/install/realsense2_description/share/realsense2_description/local_setup.sh
[0.621s] -- Up-to-date: /home/eating/work/install/realsense2_description/share/realsense2_description/local_setup.zsh
[0.621s] -- Up-to-date: /home/eating/work/install/realsense2_description/share/realsense2_description/local_setup.dsv
[0.621s] -- Installing: /home/eating/work/install/realsense2_description/share/realsense2_description/package.dsv
[0.621s] -- Up-to-date: /home/eating/work/install/realsense2_description/share/ament_index/resource_index/packages/realsense2_description
[0.622s] -- Up-to-date: /home/eating/work/install/realsense2_description/share/realsense2_description/cmake/realsense2_descriptionConfig.cmake
[0.622s] -- Up-to-date: /home/eating/work/install/realsense2_description/share/realsense2_description/cmake/realsense2_descriptionConfig-version.cmake
[0.622s] -- Up-to-date: /home/eating/work/install/realsense2_description/share/realsense2_description/package.xml
[0.622s] Invoked command in '/home/eating/work/build/realsense2_description' returned '0': CMAKE_PREFIX_PATH=/home/eating/work/install/realsense2_camera_msgs:/home/eating/work/install/timda_gazebo:/home/eating/work/install/timda_description:/home/eating/work/install/timda_bringup:/home/eating/work/install/timda_body_description:/home/eating/work/install/suction_description:/home/eating/work/install/robot_arm_description:/home/eating/work/install/realsense2_description:/home/eating/work/install/realsense2_camera:/home/eating/work/install/pallet_interfaces:/home/eating/work/install/mobile_description:/home/eating/work/install/mecanum:/home/eating/work/install/linear_move:/home/eating/work/install/keyboard_control:/home/eating/work/install/ira_laser_tools:/home/eating/work/install/interface:/home/eating/work/install/gui_interface:/home/eating/work/install/docking_interface:/home/eating/work/install/pallet_main:/home/eating/work/install/main_control:/home/eating/work/install/gui:/home/eating/work/install/docking_pkg:/opt/ros/humble LD_LIBRARY_PATH=/home/eating/work/install/realsense2_camera_msgs/lib:/home/eating/work/install/realsense2_camera/lib:/home/eating/work/install/pallet_interfaces/lib:/home/eating/work/install/interface/lib:/home/eating/work/install/gui_interface/lib:/home/eating/work/install/docking_interface/lib:/opt/ros/humble/opt/rviz_ogre_vendor/lib:/opt/ros/humble/lib/x86_64-linux-gnu:/opt/ros/humble/lib /usr/bin/cmake --install /home/eating/work/build/realsense2_description
