[0.435s] Invoking command in '/home/eating/work/build/keyboard_control': CMAKE_PREFIX_PATH=${CMAKE_PREFIX_PATH}:/home/eating/work/install/pallet_main:/home/eating/work/install/main_control:/home/eating/work/install/gui:/home/eating/work/install/docking_pkg:/opt/ros/humble /usr/bin/cmake --build /home/eating/work/build/keyboard_control -- -j8 -l8
[0.506s] [100%] Built target main
[0.523s] Invoked command in '/home/eating/work/build/keyboard_control' returned '0': CMAKE_PREFIX_PATH=${CMAKE_PREFIX_PATH}:/home/eating/work/install/pallet_main:/home/eating/work/install/main_control:/home/eating/work/install/gui:/home/eating/work/install/docking_pkg:/opt/ros/humble /usr/bin/cmake --build /home/eating/work/build/keyboard_control -- -j8 -l8
[0.537s] Invoking command in '/home/eating/work/build/keyboard_control': CMAKE_PREFIX_PATH=${CMAKE_PREFIX_PATH}:/home/eating/work/install/pallet_main:/home/eating/work/install/main_control:/home/eating/work/install/gui:/home/eating/work/install/docking_pkg:/opt/ros/humble /usr/bin/cmake --install /home/eating/work/build/keyboard_control
[0.561s] -- Install configuration: ""
[0.562s] -- Up-to-date: /home/eating/work/install/keyboard_control/lib/keyboard_control/main
[0.562s] -- Up-to-date: /home/eating/work/install/keyboard_control/share/ament_index/resource_index/package_run_dependencies/keyboard_control
[0.563s] -- Up-to-date: /home/eating/work/install/keyboard_control/share/ament_index/resource_index/parent_prefix_path/keyboard_control
[0.563s] -- Up-to-date: /home/eating/work/install/keyboard_control/share/keyboard_control/environment/ament_prefix_path.sh
[0.563s] -- Up-to-date: /home/eating/work/install/keyboard_control/share/keyboard_control/environment/ament_prefix_path.dsv
[0.564s] -- Up-to-date: /home/eating/work/install/keyboard_control/share/keyboard_control/environment/path.sh
[0.564s] -- Up-to-date: /home/eating/work/install/keyboard_control/share/keyboard_control/environment/path.dsv
[0.564s] -- Up-to-date: /home/eating/work/install/keyboard_control/share/keyboard_control/local_setup.bash
[0.564s] -- Up-to-date: /home/eating/work/install/keyboard_control/share/keyboard_control/local_setup.sh
[0.564s] -- Up-to-date: /home/eating/work/install/keyboard_control/share/keyboard_control/local_setup.zsh
[0.564s] -- Up-to-date: /home/eating/work/install/keyboard_control/share/keyboard_control/local_setup.dsv
[0.564s] -- Installing: /home/eating/work/install/keyboard_control/share/keyboard_control/package.dsv
[0.564s] -- Up-to-date: /home/eating/work/install/keyboard_control/share/ament_index/resource_index/packages/keyboard_control
[0.565s] -- Up-to-date: /home/eating/work/install/keyboard_control/share/keyboard_control/cmake/keyboard_controlConfig.cmake
[0.565s] -- Up-to-date: /home/eating/work/install/keyboard_control/share/keyboard_control/cmake/keyboard_controlConfig-version.cmake
[0.565s] -- Up-to-date: /home/eating/work/install/keyboard_control/share/keyboard_control/package.xml
[0.567s] Invoked command in '/home/eating/work/build/keyboard_control' returned '0': CMAKE_PREFIX_PATH=${CMAKE_PREFIX_PATH}:/home/eating/work/install/pallet_main:/home/eating/work/install/main_control:/home/eating/work/install/gui:/home/eating/work/install/docking_pkg:/opt/ros/humble /usr/bin/cmake --install /home/eating/work/build/keyboard_control
