[0.023s] Invoking command in '/home/iclab/work/build/mecanum': CMAKE_PREFIX_PATH=/opt/ros/humble /usr/bin/cmake /home/iclab/work/src/mecanum -DCMAKE_INSTALL_PREFIX=/home/iclab/work/install/mecanum
[0.087s] -- The C compiler identification is GNU 11.4.0
[0.166s] -- The CXX compiler identification is GNU 11.4.0
[0.176s] -- Detecting C compiler ABI info
[0.269s] -- Detecting C compiler ABI info - done
[0.294s] -- Check for working C compiler: /usr/bin/cc - skipped
[0.295s] -- Detecting C compile features
[0.297s] -- Detecting C compile features - done
[0.305s] -- Detecting CXX compiler ABI info
[0.444s] -- Detecting CXX compiler ABI info - done
[0.456s] -- Check for working CXX compiler: /usr/bin/c++ - skipped
[0.457s] -- Detecting CXX compile features
[0.457s] -- Detecting CXX compile features - done
[0.462s] -- Found ament_cmake: 1.3.11 (/opt/ros/humble/share/ament_cmake/cmake)
[0.667s] -- Found Python3: /usr/bin/python3 (found version "3.10.12") found components: Interpreter 
[0.797s] -- Found rclcpp: 16.0.11 (/opt/ros/humble/share/rclcpp/cmake)
[0.845s] -- Found rosidl_generator_c: 3.1.6 (/opt/ros/humble/share/rosidl_generator_c/cmake)
[0.850s] -- Found rosidl_adapter: 3.1.6 (/opt/ros/humble/share/rosidl_adapter/cmake)
[0.860s] -- Found rosidl_generator_cpp: 3.1.6 (/opt/ros/humble/share/rosidl_generator_cpp/cmake)
[0.874s] -- Using all available rosidl_typesupport_c: rosidl_typesupport_fastrtps_c;rosidl_typesupport_introspection_c
[0.898s] -- Using all available rosidl_typesupport_cpp: rosidl_typesupport_fastrtps_cpp;rosidl_typesupport_introspection_cpp
[0.970s] -- Found rmw_implementation_cmake: 6.1.2 (/opt/ros/humble/share/rmw_implementation_cmake/cmake)
[0.973s] -- Found rmw_cyclonedds_cpp: 1.3.4 (/opt/ros/humble/share/rmw_cyclonedds_cpp/cmake)
[1.001s] -- Using RMW implementation 'rmw_cyclonedds_cpp' as default
[1.012s] -- Looking for pthread.h
[1.109s] -- Looking for pthread.h - found
[1.109s] -- Performing Test CMAKE_HAVE_LIBC_PTHREAD
[1.216s] -- Performing Test CMAKE_HAVE_LIBC_PTHREAD - Success
[1.217s] -- Found Threads: TRUE  
[1.281s] -- Found geometry_msgs: 4.2.4 (/opt/ros/humble/share/geometry_msgs/cmake)
[1.299s] -- Found tf2_ros: 0.25.12 (/opt/ros/humble/share/tf2_ros/cmake)
[1.435s] -- Found tf2_geometry_msgs: 0.25.12 (/opt/ros/humble/share/tf2_geometry_msgs/cmake)
[1.454s] -- Found eigen3_cmake_module: 0.1.1 (/opt/ros/humble/share/eigen3_cmake_module/cmake)
[1.455s] -- Found Eigen3: TRUE (found version "3.4.0") 
[1.456s] -- Ensuring Eigen3 include directory is part of orocos-kdl CMake target
[1.459s] -- Found nav_msgs: 4.2.4 (/opt/ros/humble/share/nav_msgs/cmake)
[1.485s] -- Found ament_lint_auto: 0.12.11 (/opt/ros/humble/share/ament_lint_auto/cmake)
[1.585s] -- Added test 'cppcheck' to perform static code analysis on C / C++ code
[1.585s] -- Configured cppcheck include dirs: /home/iclab/work/src/mecanum/include
[1.585s] -- Configured cppcheck exclude dirs and/or files: 
[1.588s] -- Added test 'lint_cmake' to check CMake code style
[1.596s] -- Added test 'uncrustify' to check C / C++ code style
[1.596s] -- Configured uncrustify additional arguments: 
[1.598s] -- Added test 'xmllint' to check XML markup files
[1.599s] -- Configuring done
[1.615s] -- Generating done
[1.620s] -- Build files have been written to: /home/iclab/work/build/mecanum
