[0.845s] Invoking command in '/home/eating/work/build/robot_arm_description': CMAKE_PREFIX_PATH=${CMAKE_PREFIX_PATH}:/home/eating/work/install/pallet_main:/home/eating/work/install/main_control:/home/eating/work/install/gui:/home/eating/work/install/docking_pkg:/opt/ros/humble /usr/bin/cmake /home/eating/work/src/timda_sim/robot_arm_description -DCMAKE_INSTALL_PREFIX=/home/eating/work/install/robot_arm_description
[2.590s] -- The C compiler identification is GNU 11.4.0
[2.590s] -- The CXX compiler identification is GNU 11.4.0
[2.590s] -- Detecting C compiler ABI info
[2.590s] -- Detecting C compiler ABI info - done
[2.590s] -- Check for working C compiler: /usr/bin/cc - skipped
[2.590s] -- Detecting C compile features
[2.590s] -- Detecting C compile features - done
[2.590s] -- Detecting CXX compiler ABI info
[2.591s] -- Detecting CXX compiler ABI info - done
[2.591s] -- Check for working CXX compiler: /usr/bin/c++ - skipped
[2.591s] -- Detecting CXX compile features
[2.591s] -- Detecting CXX compile features - done
[2.591s] -- Found ament_cmake: 1.3.11 (/opt/ros/humble/share/ament_cmake/cmake)
[2.591s] -- Found Python3: /usr/bin/python3 (found version "3.10.12") found components: Interpreter 
[2.591s] -- Found ament_lint_auto: 0.12.12 (/opt/ros/humble/share/ament_lint_auto/cmake)
[2.591s] -- Added test 'lint_cmake' to check CMake code style
[2.591s] -- Added test 'xmllint' to check XML markup files
[2.592s] -- Configuring done
[2.592s] -- Generating done
[2.592s] -- Build files have been written to: /home/eating/work/build/robot_arm_description
[2.600s] Invoked command in '/home/eating/work/build/robot_arm_description' returned '0': CMAKE_PREFIX_PATH=${CMAKE_PREFIX_PATH}:/home/eating/work/install/pallet_main:/home/eating/work/install/main_control:/home/eating/work/install/gui:/home/eating/work/install/docking_pkg:/opt/ros/humble /usr/bin/cmake /home/eating/work/src/timda_sim/robot_arm_description -DCMAKE_INSTALL_PREFIX=/home/eating/work/install/robot_arm_description
[2.600s] Invoking command in '/home/eating/work/build/robot_arm_description': CMAKE_PREFIX_PATH=${CMAKE_PREFIX_PATH}:/home/eating/work/install/pallet_main:/home/eating/work/install/main_control:/home/eating/work/install/gui:/home/eating/work/install/docking_pkg:/opt/ros/humble /usr/bin/cmake --build /home/eating/work/build/robot_arm_description -- -j8 -l8
[2.689s] Invoked command in '/home/eating/work/build/robot_arm_description' returned '0': CMAKE_PREFIX_PATH=${CMAKE_PREFIX_PATH}:/home/eating/work/install/pallet_main:/home/eating/work/install/main_control:/home/eating/work/install/gui:/home/eating/work/install/docking_pkg:/opt/ros/humble /usr/bin/cmake --build /home/eating/work/build/robot_arm_description -- -j8 -l8
[2.689s] Invoking command in '/home/eating/work/build/robot_arm_description': CMAKE_PREFIX_PATH=${CMAKE_PREFIX_PATH}:/home/eating/work/install/pallet_main:/home/eating/work/install/main_control:/home/eating/work/install/gui:/home/eating/work/install/docking_pkg:/opt/ros/humble /usr/bin/cmake --install /home/eating/work/build/robot_arm_description
[3.863s] -- Install configuration: ""
[3.863s] -- Installing: /home/eating/work/install/robot_arm_description/share/robot_arm_description/meshes
[3.863s] -- Installing: /home/eating/work/install/robot_arm_description/share/robot_arm_description/meshes/Link_4.STL
[3.863s] -- Installing: /home/eating/work/install/robot_arm_description/share/robot_arm_description/meshes/Link_6.STL
[3.863s] -- Installing: /home/eating/work/install/robot_arm_description/share/robot_arm_description/meshes/Link_7.STL
[3.863s] -- Installing: /home/eating/work/install/robot_arm_description/share/robot_arm_description/meshes/Link_2.STL
[3.864s] -- Installing: /home/eating/work/install/robot_arm_description/share/robot_arm_description/meshes/Base.STL
[3.864s] -- Installing: /home/eating/work/install/robot_arm_description/share/robot_arm_description/meshes/Link_1.STL
[3.864s] -- Installing: /home/eating/work/install/robot_arm_description/share/robot_arm_description/meshes/Link_8.STL
[3.864s] -- Installing: /home/eating/work/install/robot_arm_description/share/robot_arm_description/meshes/Link_3.STL
[3.864s] -- Installing: /home/eating/work/install/robot_arm_description/share/robot_arm_description/meshes/Link_5.STL
[3.864s] -- Installing: /home/eating/work/install/robot_arm_description/share/robot_arm_description/urdf
[3.864s] -- Installing: /home/eating/work/install/robot_arm_description/share/robot_arm_description/urdf/single_arm.gazebo.xacro
[3.864s] -- Installing: /home/eating/work/install/robot_arm_description/share/robot_arm_description/urdf/materials.xacro
[3.864s] -- Installing: /home/eating/work/install/robot_arm_description/share/robot_arm_description/urdf/single_arm.xacro
[3.864s] -- Installing: /home/eating/work/install/robot_arm_description/share/robot_arm_description/urdf/single_arm.transmission.xacro
[3.864s] -- Installing: /home/eating/work/install/robot_arm_description/share/ament_index/resource_index/package_run_dependencies/robot_arm_description
[3.865s] -- Installing: /home/eating/work/install/robot_arm_description/share/ament_index/resource_index/parent_prefix_path/robot_arm_description
[3.865s] -- Installing: /home/eating/work/install/robot_arm_description/share/robot_arm_description/environment/ament_prefix_path.sh
[3.865s] -- Installing: /home/eating/work/install/robot_arm_description/share/robot_arm_description/environment/ament_prefix_path.dsv
[3.865s] -- Installing: /home/eating/work/install/robot_arm_description/share/robot_arm_description/environment/path.sh
[3.865s] -- Installing: /home/eating/work/install/robot_arm_description/share/robot_arm_description/environment/path.dsv
[3.865s] -- Installing: /home/eating/work/install/robot_arm_description/share/robot_arm_description/local_setup.bash
[3.865s] -- Installing: /home/eating/work/install/robot_arm_description/share/robot_arm_description/local_setup.sh
[3.865s] -- Installing: /home/eating/work/install/robot_arm_description/share/robot_arm_description/local_setup.zsh
[3.865s] -- Installing: /home/eating/work/install/robot_arm_description/share/robot_arm_description/local_setup.dsv
[3.865s] -- Installing: /home/eating/work/install/robot_arm_description/share/robot_arm_description/package.dsv
[3.865s] -- Installing: /home/eating/work/install/robot_arm_description/share/ament_index/resource_index/packages/robot_arm_description
[3.866s] -- Installing: /home/eating/work/install/robot_arm_description/share/robot_arm_description/cmake/robot_arm_descriptionConfig.cmake
[3.866s] -- Installing: /home/eating/work/install/robot_arm_description/share/robot_arm_description/cmake/robot_arm_descriptionConfig-version.cmake
[3.866s] -- Installing: /home/eating/work/install/robot_arm_description/share/robot_arm_description/package.xml
[3.877s] Invoked command in '/home/eating/work/build/robot_arm_description' returned '0': CMAKE_PREFIX_PATH=${CMAKE_PREFIX_PATH}:/home/eating/work/install/pallet_main:/home/eating/work/install/main_control:/home/eating/work/install/gui:/home/eating/work/install/docking_pkg:/opt/ros/humble /usr/bin/cmake --install /home/eating/work/build/robot_arm_description
