[0.021s] Invoking command in '/home/eating/work/build/timda_description': CMAKE_PREFIX_PATH=${CMAKE_PREFIX_PATH}:/home/eating/work/install/pallet_main:/home/eating/work/install/main_control:/home/eating/work/install/gui:/home/eating/work/install/docking_pkg:/opt/ros/humble /usr/bin/cmake /home/eating/work/src/timda_sim/timda_description -DCMAKE_INSTALL_PREFIX=/home/eating/work/install/timda_description
[1.304s] -- The C compiler identification is GNU 11.4.0
[1.304s] -- The CXX compiler identification is GNU 11.4.0
[1.304s] -- Detecting C compiler ABI info
[1.304s] -- Detecting C compiler ABI info - done
[1.304s] -- Check for working C compiler: /usr/bin/cc - skipped
[1.304s] -- Detecting C compile features
[1.304s] -- Detecting C compile features - done
[1.304s] -- Detecting CXX compiler ABI info
[1.304s] -- Detecting CXX compiler ABI info - done
[1.305s] -- Check for working CXX compiler: /usr/bin/c++ - skipped
[1.305s] -- Detecting CXX compile features
[1.305s] -- Detecting CXX compile features - done
[1.305s] -- Found ament_cmake: 1.3.11 (/opt/ros/humble/share/ament_cmake/cmake)
[1.305s] -- Found Python3: /usr/bin/python3 (found version "3.10.12") found components: Interpreter 
[1.305s] -- Found ament_lint_auto: 0.12.12 (/opt/ros/humble/share/ament_lint_auto/cmake)
[1.305s] -- Added test 'lint_cmake' to check CMake code style
[1.305s] -- Added test 'xmllint' to check XML markup files
[1.305s] -- Configuring done
[1.305s] -- Generating done
[1.305s] -- Build files have been written to: /home/eating/work/build/timda_description
[1.307s] Invoked command in '/home/eating/work/build/timda_description' returned '0': CMAKE_PREFIX_PATH=${CMAKE_PREFIX_PATH}:/home/eating/work/install/pallet_main:/home/eating/work/install/main_control:/home/eating/work/install/gui:/home/eating/work/install/docking_pkg:/opt/ros/humble /usr/bin/cmake /home/eating/work/src/timda_sim/timda_description -DCMAKE_INSTALL_PREFIX=/home/eating/work/install/timda_description
[1.309s] Invoking command in '/home/eating/work/build/timda_description': CMAKE_PREFIX_PATH=${CMAKE_PREFIX_PATH}:/home/eating/work/install/pallet_main:/home/eating/work/install/main_control:/home/eating/work/install/gui:/home/eating/work/install/docking_pkg:/opt/ros/humble /usr/bin/cmake --build /home/eating/work/build/timda_description -- -j8 -l8
[1.415s] Invoked command in '/home/eating/work/build/timda_description' returned '0': CMAKE_PREFIX_PATH=${CMAKE_PREFIX_PATH}:/home/eating/work/install/pallet_main:/home/eating/work/install/main_control:/home/eating/work/install/gui:/home/eating/work/install/docking_pkg:/opt/ros/humble /usr/bin/cmake --build /home/eating/work/build/timda_description -- -j8 -l8
[1.415s] Invoking command in '/home/eating/work/build/timda_description': CMAKE_PREFIX_PATH=${CMAKE_PREFIX_PATH}:/home/eating/work/install/pallet_main:/home/eating/work/install/main_control:/home/eating/work/install/gui:/home/eating/work/install/docking_pkg:/opt/ros/humble /usr/bin/cmake --install /home/eating/work/build/timda_description
[1.432s] -- Install configuration: ""
[1.433s] -- Installing: /home/eating/work/install/timda_description/share/timda_description/urdf
[1.433s] -- Installing: /home/eating/work/install/timda_description/share/timda_description/urdf/timda_sim_odom.urdf.xacro
[1.433s] -- Installing: /home/eating/work/install/timda_description/share/timda_description/urdf/timda.gazebo.xacro
[1.434s] -- Installing: /home/eating/work/install/timda_description/share/timda_description/urdf/timda.urdf.xacro
[1.434s] -- Installing: /home/eating/work/install/timda_description/share/timda_description/urdf/timda_only_mobile.urdf.xacro
[1.434s] -- Installing: /home/eating/work/install/timda_description/share/ament_index/resource_index/package_run_dependencies/timda_description
[1.434s] -- Installing: /home/eating/work/install/timda_description/share/ament_index/resource_index/parent_prefix_path/timda_description
[1.434s] -- Installing: /home/eating/work/install/timda_description/share/timda_description/environment/ament_prefix_path.sh
[1.434s] -- Installing: /home/eating/work/install/timda_description/share/timda_description/environment/ament_prefix_path.dsv
[1.434s] -- Installing: /home/eating/work/install/timda_description/share/timda_description/environment/path.sh
[1.435s] -- Installing: /home/eating/work/install/timda_description/share/timda_description/environment/path.dsv
[1.435s] -- Installing: /home/eating/work/install/timda_description/share/timda_description/local_setup.bash
[1.435s] -- Installing: /home/eating/work/install/timda_description/share/timda_description/local_setup.sh
[1.435s] -- Installing: /home/eating/work/install/timda_description/share/timda_description/local_setup.zsh
[1.435s] -- Installing: /home/eating/work/install/timda_description/share/timda_description/local_setup.dsv
[1.435s] -- Installing: /home/eating/work/install/timda_description/share/timda_description/package.dsv
[1.435s] -- Installing: /home/eating/work/install/timda_description/share/ament_index/resource_index/packages/timda_description
[1.435s] -- Installing: /home/eating/work/install/timda_description/share/timda_description/cmake/timda_descriptionConfig.cmake
[1.435s] -- Installing: /home/eating/work/install/timda_description/share/timda_description/cmake/timda_descriptionConfig-version.cmake
[1.436s] -- Installing: /home/eating/work/install/timda_description/share/timda_description/package.xml
[1.498s] Invoked command in '/home/eating/work/build/timda_description' returned '0': CMAKE_PREFIX_PATH=${CMAKE_PREFIX_PATH}:/home/eating/work/install/pallet_main:/home/eating/work/install/main_control:/home/eating/work/install/gui:/home/eating/work/install/docking_pkg:/opt/ros/humble /usr/bin/cmake --install /home/eating/work/build/timda_description
