[0.120s] Invoking command in '/home/eating/work/build/suction_description': CMAKE_PREFIX_PATH=${CMAKE_PREFIX_PATH}:/home/eating/work/install/pallet_main:/home/eating/work/install/main_control:/home/eating/work/install/gui:/home/eating/work/install/docking_pkg:/opt/ros/humble /usr/bin/cmake /home/eating/work/src/timda_sim/suction_description -DCMAKE_INSTALL_PREFIX=/home/eating/work/install/suction_description
[0.313s] -- The C compiler identification is GNU 11.4.0
[0.429s] -- The CXX compiler identification is GNU 11.4.0
[0.450s] -- Detecting C compiler ABI info
[0.790s] -- Detecting C compiler ABI info - done
[0.819s] -- Check for working C compiler: /usr/bin/cc - skipped
[0.819s] -- Detecting C compile features
[0.820s] -- Detecting C compile features - done
[0.825s] -- Detecting CXX compiler ABI info
[1.144s] -- Detecting CXX compiler ABI info - done
[1.151s] -- Check for working CXX compiler: /usr/bin/c++ - skipped
[1.152s] -- Detecting CXX compile features
[1.153s] -- Detecting CXX compile features - done
[1.167s] -- Found ament_cmake: 1.3.11 (/opt/ros/humble/share/ament_cmake/cmake)
[1.532s] -- Found Python3: /usr/bin/python3 (found version "3.10.12") found components: Interpreter 
[1.769s] -- Found ament_lint_auto: 0.12.12 (/opt/ros/humble/share/ament_lint_auto/cmake)
[2.068s] -- Added test 'lint_cmake' to check CMake code style
[2.068s] -- Added test 'xmllint' to check XML markup files
[2.068s] -- Configuring done
[2.068s] -- Generating done
[2.071s] -- Build files have been written to: /home/eating/work/build/suction_description
[2.091s] Invoked command in '/home/eating/work/build/suction_description' returned '0': CMAKE_PREFIX_PATH=${CMAKE_PREFIX_PATH}:/home/eating/work/install/pallet_main:/home/eating/work/install/main_control:/home/eating/work/install/gui:/home/eating/work/install/docking_pkg:/opt/ros/humble /usr/bin/cmake /home/eating/work/src/timda_sim/suction_description -DCMAKE_INSTALL_PREFIX=/home/eating/work/install/suction_description
[2.092s] Invoking command in '/home/eating/work/build/suction_description': CMAKE_PREFIX_PATH=${CMAKE_PREFIX_PATH}:/home/eating/work/install/pallet_main:/home/eating/work/install/main_control:/home/eating/work/install/gui:/home/eating/work/install/docking_pkg:/opt/ros/humble /usr/bin/cmake --build /home/eating/work/build/suction_description -- -j8 -l8
[2.443s] Invoked command in '/home/eating/work/build/suction_description' returned '0': CMAKE_PREFIX_PATH=${CMAKE_PREFIX_PATH}:/home/eating/work/install/pallet_main:/home/eating/work/install/main_control:/home/eating/work/install/gui:/home/eating/work/install/docking_pkg:/opt/ros/humble /usr/bin/cmake --build /home/eating/work/build/suction_description -- -j8 -l8
[2.456s] Invoking command in '/home/eating/work/build/suction_description': CMAKE_PREFIX_PATH=${CMAKE_PREFIX_PATH}:/home/eating/work/install/pallet_main:/home/eating/work/install/main_control:/home/eating/work/install/gui:/home/eating/work/install/docking_pkg:/opt/ros/humble /usr/bin/cmake --install /home/eating/work/build/suction_description
[2.472s] -- Install configuration: ""
[2.472s] -- Installing: /home/eating/work/install/suction_description/share/suction_description/config
[2.473s] -- Installing: /home/eating/work/install/suction_description/share/suction_description/config/joint_names_suction_urdf.yaml
[2.473s] -- Installing: /home/eating/work/install/suction_description/share/suction_description/meshes
[2.473s] -- Installing: /home/eating/work/install/suction_description/share/suction_description/meshes/tool_link.STL
[2.473s] -- Installing: /home/eating/work/install/suction_description/share/suction_description/meshes/tool_end_Link.STL
[2.473s] -- Installing: /home/eating/work/install/suction_description/share/suction_description/urdf
[2.473s] -- Installing: /home/eating/work/install/suction_description/share/suction_description/urdf/suction_urdf.xacro
[2.473s] -- Installing: /home/eating/work/install/suction_description/share/suction_description/urdf/suction.gazebo.xacro
[2.473s] -- Installing: /home/eating/work/install/suction_description/share/suction_description/urdf/suction.transmission.xacro
[2.473s] -- Installing: /home/eating/work/install/suction_description/share/ament_index/resource_index/package_run_dependencies/suction_description
[2.480s] -- Installing: /home/eating/work/install/suction_description/share/ament_index/resource_index/parent_prefix_path/suction_description
[2.480s] -- Installing: /home/eating/work/install/suction_description/share/suction_description/environment/ament_prefix_path.sh
[2.480s] -- Installing: /home/eating/work/install/suction_description/share/suction_description/environment/ament_prefix_path.dsv
[2.480s] -- Installing: /home/eating/work/install/suction_description/share/suction_description/environment/path.sh
[2.480s] -- Installing: /home/eating/work/install/suction_description/share/suction_description/environment/path.dsv
[2.480s] -- Installing: /home/eating/work/install/suction_description/share/suction_description/local_setup.bash
[2.481s] -- Installing: /home/eating/work/install/suction_description/share/suction_description/local_setup.sh
[2.481s] -- Installing: /home/eating/work/install/suction_description/share/suction_description/local_setup.zsh
[2.481s] -- Installing: /home/eating/work/install/suction_description/share/suction_description/local_setup.dsv
[2.481s] -- Installing: /home/eating/work/install/suction_description/share/suction_description/package.dsv
[2.481s] -- Installing: /home/eating/work/install/suction_description/share/ament_index/resource_index/packages/suction_description
[2.481s] -- Installing: /home/eating/work/install/suction_description/share/suction_description/cmake/suction_descriptionConfig.cmake
[2.481s] -- Installing: /home/eating/work/install/suction_description/share/suction_description/cmake/suction_descriptionConfig-version.cmake
[2.482s] -- Installing: /home/eating/work/install/suction_description/share/suction_description/package.xml
[3.429s] Invoked command in '/home/eating/work/build/suction_description' returned '0': CMAKE_PREFIX_PATH=${CMAKE_PREFIX_PATH}:/home/eating/work/install/pallet_main:/home/eating/work/install/main_control:/home/eating/work/install/gui:/home/eating/work/install/docking_pkg:/opt/ros/humble /usr/bin/cmake --install /home/eating/work/build/suction_description
