[0.018s] Invoking command in '/home/iclab/work/build/keyboard_control': CMAKE_PREFIX_PATH=/opt/ros/humble /usr/bin/cmake /home/iclab/work/src/keyboard_control -DCMAKE_INSTALL_PREFIX=/home/iclab/work/install/keyboard_control
[0.091s] -- The C compiler identification is GNU 11.4.0
[0.179s] -- The CXX compiler identification is GNU 11.4.0
[0.188s] -- Detecting C compiler ABI info
[0.282s] -- Detecting C compiler ABI info - done
[0.306s] -- Check for working C compiler: /usr/bin/cc - skipped
[0.306s] -- Detecting C compile features
[0.307s] -- Detecting C compile features - done
[0.315s] -- Detecting CXX compiler ABI info
[0.443s] -- Detecting CXX compiler ABI info - done
[0.457s] -- Check for working CXX compiler: /usr/bin/c++ - skipped
[0.457s] -- Detecting CXX compile features
[0.458s] -- Detecting CXX compile features - done
[0.463s] -- Found ament_cmake: 1.3.11 (/opt/ros/humble/share/ament_cmake/cmake)
[0.665s] -- Found Python3: /usr/bin/python3 (found version "3.10.12") found components: Interpreter 
[0.785s] -- Found rclcpp: 16.0.11 (/opt/ros/humble/share/rclcpp/cmake)
[0.838s] -- Found rosidl_generator_c: 3.1.6 (/opt/ros/humble/share/rosidl_generator_c/cmake)
[0.844s] -- Found rosidl_adapter: 3.1.6 (/opt/ros/humble/share/rosidl_adapter/cmake)
[0.854s] -- Found rosidl_generator_cpp: 3.1.6 (/opt/ros/humble/share/rosidl_generator_cpp/cmake)
[0.869s] -- Using all available rosidl_typesupport_c: rosidl_typesupport_fastrtps_c;rosidl_typesupport_introspection_c
[0.894s] -- Using all available rosidl_typesupport_cpp: rosidl_typesupport_fastrtps_cpp;rosidl_typesupport_introspection_cpp
[0.963s] -- Found rmw_implementation_cmake: 6.1.2 (/opt/ros/humble/share/rmw_implementation_cmake/cmake)
[0.967s] -- Found rmw_cyclonedds_cpp: 1.3.4 (/opt/ros/humble/share/rmw_cyclonedds_cpp/cmake)
[0.995s] -- Using RMW implementation 'rmw_cyclonedds_cpp' as default
[1.007s] -- Looking for pthread.h
[1.107s] -- Looking for pthread.h - found
[1.108s] -- Performing Test CMAKE_HAVE_LIBC_PTHREAD
[1.205s] -- Performing Test CMAKE_HAVE_LIBC_PTHREAD - Success
[1.207s] -- Found Threads: TRUE  
[1.278s] -- Found geometry_msgs: 4.2.4 (/opt/ros/humble/share/geometry_msgs/cmake)
[1.295s] -- Found ament_lint_auto: 0.12.11 (/opt/ros/humble/share/ament_lint_auto/cmake)
[1.393s] -- Added test 'cppcheck' to perform static code analysis on C / C++ code
[1.393s] -- Configured cppcheck include dirs: /home/iclab/work/src/keyboard_control/include
[1.393s] -- Configured cppcheck exclude dirs and/or files: 
[1.395s] -- Added test 'lint_cmake' to check CMake code style
[1.396s] -- Added test 'uncrustify' to check C / C++ code style
[1.396s] -- Configured uncrustify additional arguments: 
[1.397s] -- Added test 'xmllint' to check XML markup files
[1.398s] -- Configuring done
[1.413s] -- Generating done
[1.419s] -- Build files have been written to: /home/iclab/work/build/keyboard_control
