running egg_info
writing ../../../build/pallet_main/pallet_main.egg-info/PKG-INFO
writing dependency_links to ../../../build/pallet_main/pallet_main.egg-info/dependency_links.txt
writing entry points to ../../../build/pallet_main/pallet_main.egg-info/entry_points.txt
writing requirements to ../../../build/pallet_main/pallet_main.egg-info/requires.txt
writing top-level names to ../../../build/pallet_main/pallet_main.egg-info/top_level.txt
reading manifest file '../../../build/pallet_main/pallet_main.egg-info/SOURCES.txt'
writing manifest file '../../../build/pallet_main/pallet_main.egg-info/SOURCES.txt'
running build
running build_py
running install
running install_lib
running install_data
running install_egg_info
removing '/home/eating/work/install/pallet_main/lib/python3.10/site-packages/pallet_main-0.0.0-py3.10.egg-info' (and everything under it)
Copying ../../../build/pallet_main/pallet_main.egg-info to /home/eating/work/install/pallet_main/lib/python3.10/site-packages/pallet_main-0.0.0-py3.10.egg-info
running install_scripts
Installing GetBox script to /home/eating/work/install/pallet_main/lib/pallet_main
Installing PalletMain script to /home/eating/work/install/pallet_main/lib/pallet_main
Installing handcamera script to /home/eating/work/install/pallet_main/lib/pallet_main
writing list of installed files to '/home/eating/work/build/pallet_main/install.log'
