[0.014s] Invoking command in '/home/fxck/work/build/linear_move': CMAKE_PREFIX_PATH=/opt/ros/humble /usr/bin/cmake /home/fxck/work/src/linear_move -DCMAKE_INSTALL_PREFIX=/home/fxck/work/install/linear_move
[0.182s] -- The C compiler identification is GNU 11.4.0
[0.288s] -- The CXX compiler identification is GNU 11.4.0
[0.298s] -- Detecting C compiler ABI info
[0.373s] -- Detecting C compiler ABI info - done
[0.382s] -- Check for working C compiler: /usr/bin/cc - skipped
[0.382s] -- Detecting C compile features
[0.383s] -- Detecting C compile features - done
[0.386s] -- Detecting CXX compiler ABI info
[0.461s] -- Detecting CXX compiler ABI info - done
[0.471s] -- Check for working CXX compiler: /usr/bin/c++ - skipped
[0.471s] -- Detecting CXX compile features
[0.472s] -- Detecting CXX compile features - done
[0.478s] -- Found ament_cmake: 1.3.11 (/opt/ros/humble/share/ament_cmake/cmake)
[0.621s] -- Found Python3: /usr/bin/python3 (found version "3.10.12") found components: Interpreter 
[0.725s] -- Found rclcpp: 16.0.11 (/opt/ros/humble/share/rclcpp/cmake)
[0.792s] -- Found rosidl_generator_c: 3.1.6 (/opt/ros/humble/share/rosidl_generator_c/cmake)
[0.799s] -- Found rosidl_adapter: 3.1.6 (/opt/ros/humble/share/rosidl_adapter/cmake)
[0.808s] -- Found rosidl_generator_cpp: 3.1.6 (/opt/ros/humble/share/rosidl_generator_cpp/cmake)
[0.820s] -- Using all available rosidl_typesupport_c: rosidl_typesupport_fastrtps_c;rosidl_typesupport_introspection_c
[0.836s] -- Using all available rosidl_typesupport_cpp: rosidl_typesupport_fastrtps_cpp;rosidl_typesupport_introspection_cpp
[0.881s] -- Found rmw_implementation_cmake: 6.1.2 (/opt/ros/humble/share/rmw_implementation_cmake/cmake)
[0.885s] -- Found rmw_cyclonedds_cpp: 1.3.4 (/opt/ros/humble/share/rmw_cyclonedds_cpp/cmake)
[0.915s] -- Using RMW implementation 'rmw_cyclonedds_cpp' as default
[0.929s] -- Looking for pthread.h
[1.007s] -- Looking for pthread.h - found
[1.007s] -- Performing Test CMAKE_HAVE_LIBC_PTHREAD
[1.077s] -- Performing Test CMAKE_HAVE_LIBC_PTHREAD - Success
[1.078s] -- Found Threads: TRUE  
[1.142s] -- Found ament_lint_auto: 0.12.11 (/opt/ros/humble/share/ament_lint_auto/cmake)
[1.215s] -- Added test 'cppcheck' to perform static code analysis on C / C++ code
[1.215s] -- Configured cppcheck include dirs: /home/fxck/work/src/linear_move/include
[1.215s] -- Configured cppcheck exclude dirs and/or files: 
[1.216s] -- Added test 'lint_cmake' to check CMake code style
[1.217s] -- Added test 'uncrustify' to check C / C++ code style
[1.217s] -- Configured uncrustify additional arguments: 
[1.218s] -- Added test 'xmllint' to check XML markup files
[1.220s] -- Configuring done
[1.232s] -- Generating done
[1.235s] -- Build files have been written to: /home/fxck/work/build/linear_move
[1.242s] Invoked command in '/home/fxck/work/build/linear_move' returned '0': CMAKE_PREFIX_PATH=/opt/ros/humble /usr/bin/cmake /home/fxck/work/src/linear_move -DCMAKE_INSTALL_PREFIX=/home/fxck/work/install/linear_move
[1.243s] Invoking command in '/home/fxck/work/build/linear_move': CMAKE_PREFIX_PATH=/opt/ros/humble /usr/bin/cmake --build /home/fxck/work/build/linear_move -- -j16 -l16
[1.292s] [ 50%] [32mBuilding CXX object CMakeFiles/slide.dir/src/slide.cpp.o[0m
[9.622s] [100%] [32m[1mLinking CXX executable slide[0m
[9.914s] [100%] Built target slide
[9.924s] Invoked command in '/home/fxck/work/build/linear_move' returned '0': CMAKE_PREFIX_PATH=/opt/ros/humble /usr/bin/cmake --build /home/fxck/work/build/linear_move -- -j16 -l16
[9.925s] Invoking command in '/home/fxck/work/build/linear_move': CMAKE_PREFIX_PATH=/opt/ros/humble /usr/bin/cmake --install /home/fxck/work/build/linear_move
[9.931s] -- Install configuration: ""
[9.932s] -- Installing: /home/fxck/work/install/linear_move/lib/linear_move/slide
[9.935s] -- Set runtime path of "/home/fxck/work/install/linear_move/lib/linear_move/slide" to ""
[9.935s] -- Installing: /home/fxck/work/install/linear_move/share/ament_index/resource_index/package_run_dependencies/linear_move
[9.935s] -- Installing: /home/fxck/work/install/linear_move/share/ament_index/resource_index/parent_prefix_path/linear_move
[9.936s] -- Installing: /home/fxck/work/install/linear_move/share/linear_move/environment/ament_prefix_path.sh
[9.936s] -- Installing: /home/fxck/work/install/linear_move/share/linear_move/environment/ament_prefix_path.dsv
[9.936s] -- Installing: /home/fxck/work/install/linear_move/share/linear_move/environment/path.sh
[9.936s] -- Installing: /home/fxck/work/install/linear_move/share/linear_move/environment/path.dsv
[9.936s] -- Installing: /home/fxck/work/install/linear_move/share/linear_move/local_setup.bash
[9.936s] -- Installing: /home/fxck/work/install/linear_move/share/linear_move/local_setup.sh
[9.937s] -- Installing: /home/fxck/work/install/linear_move/share/linear_move/local_setup.zsh
[9.937s] -- Installing: /home/fxck/work/install/linear_move/share/linear_move/local_setup.dsv
[9.937s] -- Installing: /home/fxck/work/install/linear_move/share/linear_move/package.dsv
[9.937s] -- Installing: /home/fxck/work/install/linear_move/share/ament_index/resource_index/packages/linear_move
[9.937s] -- Installing: /home/fxck/work/install/linear_move/share/linear_move/cmake/linear_moveConfig.cmake
[9.938s] -- Installing: /home/fxck/work/install/linear_move/share/linear_move/cmake/linear_moveConfig-version.cmake
[9.938s] -- Installing: /home/fxck/work/install/linear_move/share/linear_move/package.xml
[9.940s] Invoked command in '/home/fxck/work/build/linear_move' returned '0': CMAKE_PREFIX_PATH=/opt/ros/humble /usr/bin/cmake --install /home/fxck/work/build/linear_move
