[0.189s] Invoking command in '/home/eating/work/build/timda_gazebo': CMAKE_PREFIX_PATH=/opt/ros/humble /usr/bin/cmake /home/eating/work/src/timda_sim/timda_gazebo -DCMAKE_INSTALL_PREFIX=/home/eating/work/install/timda_gazebo
[0.392s] -- The C compiler identification is GNU 11.4.0
[0.610s] -- The CXX compiler identification is GNU 11.4.0
[0.626s] -- Detecting C compiler ABI info
[0.884s] -- Detecting C compiler ABI info - done
[0.903s] -- Check for working C compiler: /usr/bin/cc - skipped
[0.907s] -- Detecting C compile features
[0.907s] -- Detecting C compile features - done
[0.915s] -- Detecting CXX compiler ABI info
[1.039s] -- Detecting CXX compiler ABI info - done
[1.055s] -- Check for working CXX compiler: /usr/bin/c++ - skipped
[1.056s] -- Detecting CXX compile features
[1.057s] -- Detecting CXX compile features - done
[1.061s] -- Found ament_cmake: 1.3.11 (/opt/ros/humble/share/ament_cmake/cmake)
[1.297s] -- Found Python3: /usr/bin/python3 (found version "3.10.12") found components: Interpreter 
[1.465s] -- Found ament_lint_auto: 0.12.12 (/opt/ros/humble/share/ament_lint_auto/cmake)
[1.613s] -- Added test 'lint_cmake' to check CMake code style
[1.616s] -- Added test 'xmllint' to check XML markup files
[1.618s] -- Configuring done
[1.623s] -- Generating done
[1.626s] -- Build files have been written to: /home/eating/work/build/timda_gazebo
[1.633s] Invoked command in '/home/eating/work/build/timda_gazebo' returned '0': CMAKE_PREFIX_PATH=/opt/ros/humble /usr/bin/cmake /home/eating/work/src/timda_sim/timda_gazebo -DCMAKE_INSTALL_PREFIX=/home/eating/work/install/timda_gazebo
[1.634s] Invoking command in '/home/eating/work/build/timda_gazebo': CMAKE_PREFIX_PATH=/opt/ros/humble /usr/bin/cmake --build /home/eating/work/build/timda_gazebo -- -j8 -l8
[1.684s] Invoked command in '/home/eating/work/build/timda_gazebo' returned '0': CMAKE_PREFIX_PATH=/opt/ros/humble /usr/bin/cmake --build /home/eating/work/build/timda_gazebo -- -j8 -l8
[1.684s] Invoking command in '/home/eating/work/build/timda_gazebo': CMAKE_PREFIX_PATH=/opt/ros/humble /usr/bin/cmake --install /home/eating/work/build/timda_gazebo
[1.696s] -- Install configuration: ""
[1.696s] -- Installing: /home/eating/work/install/timda_gazebo/share/ament_index/resource_index/package_run_dependencies/timda_gazebo
[1.696s] -- Installing: /home/eating/work/install/timda_gazebo/share/ament_index/resource_index/parent_prefix_path/timda_gazebo
[1.696s] -- Installing: /home/eating/work/install/timda_gazebo/share/timda_gazebo/environment/ament_prefix_path.sh
[1.696s] -- Installing: /home/eating/work/install/timda_gazebo/share/timda_gazebo/environment/ament_prefix_path.dsv
[1.696s] -- Installing: /home/eating/work/install/timda_gazebo/share/timda_gazebo/environment/path.sh
[1.697s] -- Installing: /home/eating/work/install/timda_gazebo/share/timda_gazebo/environment/path.dsv
[1.697s] -- Installing: /home/eating/work/install/timda_gazebo/share/timda_gazebo/local_setup.bash
[1.697s] -- Installing: /home/eating/work/install/timda_gazebo/share/timda_gazebo/local_setup.sh
[1.697s] -- Installing: /home/eating/work/install/timda_gazebo/share/timda_gazebo/local_setup.zsh
[1.697s] -- Installing: /home/eating/work/install/timda_gazebo/share/timda_gazebo/local_setup.dsv
[1.697s] -- Installing: /home/eating/work/install/timda_gazebo/share/timda_gazebo/package.dsv
[1.698s] -- Installing: /home/eating/work/install/timda_gazebo/share/ament_index/resource_index/packages/timda_gazebo
[1.698s] -- Installing: /home/eating/work/install/timda_gazebo/share/timda_gazebo/cmake/timda_gazeboConfig.cmake
[1.698s] -- Installing: /home/eating/work/install/timda_gazebo/share/timda_gazebo/cmake/timda_gazeboConfig-version.cmake
[1.698s] -- Installing: /home/eating/work/install/timda_gazebo/share/timda_gazebo/package.xml
[1.707s] Invoked command in '/home/eating/work/build/timda_gazebo' returned '0': CMAKE_PREFIX_PATH=/opt/ros/humble /usr/bin/cmake --install /home/eating/work/build/timda_gazebo
