[0.029s] Invoking command in '/home/eating/work/build/pallet_interfaces': CMAKE_PREFIX_PATH=/opt/ros/humble /usr/bin/cmake /home/eating/work/src/pallet/pallet_interfaces -DCMAKE_INSTALL_PREFIX=/home/eating/work/install/pallet_interfaces
[0.126s] -- The C compiler identification is GNU 11.4.0
[0.194s] -- The CXX compiler identification is GNU 11.4.0
[0.203s] -- Detecting C compiler ABI info
[0.315s] -- Detecting C compiler ABI info - done
[0.328s] -- Check for working C compiler: /usr/bin/cc - skipped
[0.329s] -- Detecting C compile features
[0.329s] -- Detecting C compile features - done
[0.334s] -- Detecting CXX compiler ABI info
[0.443s] -- Detecting CXX compiler ABI info - done
[0.457s] -- Check for working CXX compiler: /usr/bin/c++ - skipped
[0.458s] -- Detecting CXX compile features
[0.459s] -- Detecting CXX compile features - done
[0.463s] -- Found ament_cmake: 1.3.11 (/opt/ros/humble/share/ament_cmake/cmake)
[0.669s] -- Found Python3: /usr/bin/python3 (found version "3.10.12") found components: Interpreter 
[0.810s] -- Found geometry_msgs: 4.8.0 (/opt/ros/humble/share/geometry_msgs/cmake)
[0.869s] -- Found rosidl_generator_c: 3.1.6 (/opt/ros/humble/share/rosidl_generator_c/cmake)
[0.877s] -- Found rosidl_adapter: 3.1.6 (/opt/ros/humble/share/rosidl_adapter/cmake)
[0.910s] -- Found rosidl_generator_cpp: 3.1.6 (/opt/ros/humble/share/rosidl_generator_cpp/cmake)
[0.930s] -- Using all available rosidl_typesupport_c: rosidl_typesupport_fastrtps_c;rosidl_typesupport_introspection_c
[0.957s] -- Using all available rosidl_typesupport_cpp: rosidl_typesupport_fastrtps_cpp;rosidl_typesupport_introspection_cpp
[1.026s] -- Found rosidl_default_generators: 1.2.0 (/opt/ros/humble/share/rosidl_default_generators/cmake)
[1.617s] -- Found ament_cmake_ros: 0.10.0 (/opt/ros/humble/share/ament_cmake_ros/cmake)
[2.335s] -- Using all available rosidl_typesupport_c: rosidl_typesupport_fastrtps_c;rosidl_typesupport_introspection_c
[2.531s] -- Using all available rosidl_typesupport_cpp: rosidl_typesupport_fastrtps_cpp;rosidl_typesupport_introspection_cpp
[2.567s] -- Found PythonInterp: /usr/bin/python3 (found suitable version "3.10.12", minimum required is "3.6") 
[2.570s] -- Found python_cmake_module: 0.10.0 (/opt/ros/humble/share/python_cmake_module/cmake)
[2.611s] -- Found PythonLibs: /usr/lib/x86_64-linux-gnu/libpython3.10.so (found suitable version "3.10.12", minimum required is "3.5") 
[2.611s] -- Using PYTHON_EXECUTABLE: /usr/bin/python3
[2.611s] -- Using PYTHON_INCLUDE_DIRS: /usr/include/python3.10
[2.611s] -- Using PYTHON_LIBRARIES: /usr/lib/x86_64-linux-gnu/libpython3.10.so
[2.646s] -- Found PythonExtra: .so  
[2.740s] -- Found ament_lint_auto: 0.12.12 (/opt/ros/humble/share/ament_lint_auto/cmake)
[2.763s] -- Added test 'lint_cmake' to check CMake code style
[2.763s] -- Added test 'xmllint' to check XML markup files
[2.766s] -- Configuring done
[2.803s] -- Generating done
[2.820s] -- Build files have been written to: /home/eating/work/build/pallet_interfaces
[2.845s] Invoked command in '/home/eating/work/build/pallet_interfaces' returned '0': CMAKE_PREFIX_PATH=/opt/ros/humble /usr/bin/cmake /home/eating/work/src/pallet/pallet_interfaces -DCMAKE_INSTALL_PREFIX=/home/eating/work/install/pallet_interfaces
[2.845s] Invoking command in '/home/eating/work/build/pallet_interfaces': CMAKE_PREFIX_PATH=/opt/ros/humble /usr/bin/cmake --build /home/eating/work/build/pallet_interfaces -- -j8 -l8
[2.906s] [  2%] [34m[1mGenerating C code for ROS interfaces[0m
[2.909s] [  5%] [34m[1mGenerating C++ code for ROS interfaces[0m
[2.934s] [  5%] Built target ament_cmake_python_copy_pallet_interfaces
[3.430s] running egg_info
[3.432s] creating pallet_interfaces.egg-info
[3.432s] writing pallet_interfaces.egg-info/PKG-INFO
[3.433s] writing dependency_links to pallet_interfaces.egg-info/dependency_links.txt
[3.433s] writing top-level names to pallet_interfaces.egg-info/top_level.txt
[3.434s] writing manifest file 'pallet_interfaces.egg-info/SOURCES.txt'
[3.438s] reading manifest file 'pallet_interfaces.egg-info/SOURCES.txt'
[3.439s] writing manifest file 'pallet_interfaces.egg-info/SOURCES.txt'
[3.531s] [  5%] Built target ament_cmake_python_build_pallet_interfaces_egg
[3.541s] [  5%] Built target pallet_interfaces__cpp
[3.556s] [  7%] [34m[1mGenerating C++ introspection for ROS interfaces[0m
[3.560s] [ 10%] [34m[1mGenerating C++ type support for eProsima Fast-RTPS[0m
[3.566s] [ 12%] [34m[1mGenerating C++ type support dispatch for ROS interfaces[0m
[3.594s] [ 15%] [32mBuilding C object CMakeFiles/pallet_interfaces__rosidl_generator_c.dir/rosidl_generator_c/pallet_interfaces/srv/detail/palletstate__functions.c.o[0m
[3.608s] [ 17%] [32mBuilding C object CMakeFiles/pallet_interfaces__rosidl_generator_c.dir/rosidl_generator_c/pallet_interfaces/msg/detail/boxinfo__functions.c.o[0m
[3.798s] [ 20%] [32m[1mLinking C shared library libpallet_interfaces__rosidl_generator_c.so[0m
[3.981s] [ 20%] Built target pallet_interfaces__rosidl_generator_c
[4.028s] [ 23%] [34m[1mGenerating C type support for eProsima Fast-RTPS[0m
[4.056s] [ 25%] [34m[1mGenerating C introspection for ROS interfaces[0m
[4.077s] [ 28%] [34m[1mGenerating C type support dispatch for ROS interfaces[0m
[4.289s] [ 30%] [32mBuilding CXX object CMakeFiles/pallet_interfaces__rosidl_typesupport_cpp.dir/rosidl_typesupport_cpp/pallet_interfaces/msg/boxinfo__type_support.cpp.o[0m
[4.336s] [ 33%] [32mBuilding CXX object CMakeFiles/pallet_interfaces__rosidl_typesupport_cpp.dir/rosidl_typesupport_cpp/pallet_interfaces/srv/palletstate__type_support.cpp.o[0m
[4.402s] [ 35%] [32mBuilding CXX object CMakeFiles/pallet_interfaces__rosidl_typesupport_introspection_cpp.dir/rosidl_typesupport_introspection_cpp/pallet_interfaces/msg/detail/boxinfo__type_support.cpp.o[0m
[4.404s] [ 38%] [32mBuilding CXX object CMakeFiles/pallet_interfaces__rosidl_typesupport_introspection_cpp.dir/rosidl_typesupport_introspection_cpp/pallet_interfaces/srv/detail/palletstate__type_support.cpp.o[0m
[4.588s] [ 41%] [32mBuilding CXX object CMakeFiles/pallet_interfaces__rosidl_typesupport_fastrtps_cpp.dir/rosidl_typesupport_fastrtps_cpp/pallet_interfaces/msg/detail/dds_fastrtps/boxinfo__type_support.cpp.o[0m
[4.697s] [ 43%] [32mBuilding C object CMakeFiles/pallet_interfaces__rosidl_typesupport_introspection_c.dir/rosidl_typesupport_introspection_c/pallet_interfaces/msg/detail/boxinfo__type_support.c.o[0m
[4.747s] [ 46%] [32mBuilding C object CMakeFiles/pallet_interfaces__rosidl_typesupport_introspection_c.dir/rosidl_typesupport_introspection_c/pallet_interfaces/srv/detail/palletstate__type_support.c.o[0m
[4.840s] [ 48%] [32m[1mLinking C shared library libpallet_interfaces__rosidl_typesupport_introspection_c.so[0m
[4.875s] [ 51%] [32mBuilding CXX object CMakeFiles/pallet_interfaces__rosidl_typesupport_c.dir/rosidl_typesupport_c/pallet_interfaces/msg/boxinfo__type_support.cpp.o[0m
[4.929s] [ 53%] [32mBuilding CXX object CMakeFiles/pallet_interfaces__rosidl_typesupport_c.dir/rosidl_typesupport_c/pallet_interfaces/srv/palletstate__type_support.cpp.o[0m
[4.984s] [ 53%] Built target pallet_interfaces__rosidl_typesupport_introspection_c
[5.004s] [ 56%] [32mBuilding CXX object CMakeFiles/pallet_interfaces__rosidl_typesupport_fastrtps_cpp.dir/rosidl_typesupport_fastrtps_cpp/pallet_interfaces/srv/detail/dds_fastrtps/palletstate__type_support.cpp.o[0m
[5.017s] [ 58%] [32m[1mLinking CXX shared library libpallet_interfaces__rosidl_typesupport_c.so[0m
[5.030s] [ 61%] [32mBuilding CXX object CMakeFiles/pallet_interfaces__rosidl_typesupport_fastrtps_c.dir/rosidl_typesupport_fastrtps_c/pallet_interfaces/msg/detail/boxinfo__type_support_c.cpp.o[0m
[5.056s] [ 64%] [32mBuilding CXX object CMakeFiles/pallet_interfaces__rosidl_typesupport_fastrtps_c.dir/rosidl_typesupport_fastrtps_c/pallet_interfaces/srv/detail/palletstate__type_support_c.cpp.o[0m
[5.204s] [ 64%] Built target pallet_interfaces__rosidl_typesupport_c
[5.247s] [ 66%] [32m[1mLinking CXX shared library libpallet_interfaces__rosidl_typesupport_cpp.so[0m
[5.380s] [ 69%] [32m[1mLinking CXX shared library libpallet_interfaces__rosidl_typesupport_introspection_cpp.so[0m
[5.417s] [ 69%] Built target pallet_interfaces__rosidl_typesupport_cpp
[5.467s] [ 69%] Built target pallet_interfaces__rosidl_typesupport_introspection_cpp
[5.812s] [ 71%] [32m[1mLinking CXX shared library libpallet_interfaces__rosidl_typesupport_fastrtps_cpp.so[0m
[5.841s] [ 74%] [32m[1mLinking CXX shared library libpallet_interfaces__rosidl_typesupport_fastrtps_c.so[0m
[5.982s] [ 74%] Built target pallet_interfaces__rosidl_typesupport_fastrtps_cpp
[6.047s] [ 74%] Built target pallet_interfaces__rosidl_typesupport_fastrtps_c
[6.072s] [ 74%] Built target pallet_interfaces
[6.097s] [ 76%] [34m[1mGenerating Python code for ROS interfaces[0m
[6.891s] [ 76%] Built target pallet_interfaces__py
[6.915s] [ 79%] [32mBuilding C object CMakeFiles/pallet_interfaces__rosidl_generator_py.dir/rosidl_generator_py/pallet_interfaces/msg/_boxinfo_s.c.o[0m
[6.923s] [ 82%] [32mBuilding C object CMakeFiles/pallet_interfaces__rosidl_generator_py.dir/rosidl_generator_py/pallet_interfaces/srv/_palletstate_s.c.o[0m
[7.090s] [ 84%] [32m[1mLinking C shared library rosidl_generator_py/pallet_interfaces/libpallet_interfaces__rosidl_generator_py.so[0m
[7.145s] [ 84%] Built target pallet_interfaces__rosidl_generator_py
[7.169s] [ 92%] [32mBuilding C object CMakeFiles/pallet_interfaces__rosidl_typesupport_fastrtps_c__pyext.dir/rosidl_generator_py/pallet_interfaces/_pallet_interfaces_s.ep.rosidl_typesupport_fastrtps_c.c.o[0m
[7.169s] [ 92%] [32mBuilding C object CMakeFiles/pallet_interfaces__rosidl_typesupport_c__pyext.dir/rosidl_generator_py/pallet_interfaces/_pallet_interfaces_s.ep.rosidl_typesupport_c.c.o[0m
[7.169s] [ 92%] [32mBuilding C object CMakeFiles/pallet_interfaces__rosidl_typesupport_introspection_c__pyext.dir/rosidl_generator_py/pallet_interfaces/_pallet_interfaces_s.ep.rosidl_typesupport_introspection_c.c.o[0m
[7.338s] [ 94%] [32m[1mLinking C shared library rosidl_generator_py/pallet_interfaces/pallet_interfaces_s__rosidl_typesupport_introspection_c.cpython-310-x86_64-linux-gnu.so[0m
[7.341s] [ 97%] [32m[1mLinking C shared library rosidl_generator_py/pallet_interfaces/pallet_interfaces_s__rosidl_typesupport_fastrtps_c.cpython-310-x86_64-linux-gnu.so[0m
[7.384s] [100%] [32m[1mLinking C shared library rosidl_generator_py/pallet_interfaces/pallet_interfaces_s__rosidl_typesupport_c.cpython-310-x86_64-linux-gnu.so[0m
[7.390s] [100%] Built target pallet_interfaces__rosidl_typesupport_introspection_c__pyext
[7.396s] [100%] Built target pallet_interfaces__rosidl_typesupport_fastrtps_c__pyext
[7.436s] [100%] Built target pallet_interfaces__rosidl_typesupport_c__pyext
[7.450s] Invoked command in '/home/eating/work/build/pallet_interfaces' returned '0': CMAKE_PREFIX_PATH=/opt/ros/humble /usr/bin/cmake --build /home/eating/work/build/pallet_interfaces -- -j8 -l8
[7.452s] Invoking command in '/home/eating/work/build/pallet_interfaces': CMAKE_PREFIX_PATH=/opt/ros/humble /usr/bin/cmake --install /home/eating/work/build/pallet_interfaces
[7.462s] -- Install configuration: ""
[7.463s] -- Installing: /home/eating/work/install/pallet_interfaces/share/ament_index/resource_index/rosidl_interfaces/pallet_interfaces
[7.463s] -- Installing: /home/eating/work/install/pallet_interfaces/include/pallet_interfaces/pallet_interfaces
[7.463s] -- Installing: /home/eating/work/install/pallet_interfaces/include/pallet_interfaces/pallet_interfaces/msg
[7.463s] -- Installing: /home/eating/work/install/pallet_interfaces/include/pallet_interfaces/pallet_interfaces/msg/rosidl_generator_c__visibility_control.h
[7.463s] -- Installing: /home/eating/work/install/pallet_interfaces/include/pallet_interfaces/pallet_interfaces/msg/detail
[7.463s] -- Installing: /home/eating/work/install/pallet_interfaces/include/pallet_interfaces/pallet_interfaces/msg/detail/boxinfo__functions.h
[7.464s] -- Installing: /home/eating/work/install/pallet_interfaces/include/pallet_interfaces/pallet_interfaces/msg/detail/boxinfo__struct.h
[7.464s] -- Installing: /home/eating/work/install/pallet_interfaces/include/pallet_interfaces/pallet_interfaces/msg/detail/boxinfo__functions.c
[7.464s] -- Installing: /home/eating/work/install/pallet_interfaces/include/pallet_interfaces/pallet_interfaces/msg/detail/boxinfo__type_support.h
[7.464s] -- Installing: /home/eating/work/install/pallet_interfaces/include/pallet_interfaces/pallet_interfaces/msg/boxinfo.h
[7.464s] -- Installing: /home/eating/work/install/pallet_interfaces/include/pallet_interfaces/pallet_interfaces/srv
[7.464s] -- Installing: /home/eating/work/install/pallet_interfaces/include/pallet_interfaces/pallet_interfaces/srv/detail
[7.464s] -- Installing: /home/eating/work/install/pallet_interfaces/include/pallet_interfaces/pallet_interfaces/srv/detail/palletstate__struct.h
[7.465s] -- Installing: /home/eating/work/install/pallet_interfaces/include/pallet_interfaces/pallet_interfaces/srv/detail/palletstate__functions.c
[7.465s] -- Installing: /home/eating/work/install/pallet_interfaces/include/pallet_interfaces/pallet_interfaces/srv/detail/palletstate__functions.h
[7.465s] -- Installing: /home/eating/work/install/pallet_interfaces/include/pallet_interfaces/pallet_interfaces/srv/detail/palletstate__type_support.h
[7.465s] -- Installing: /home/eating/work/install/pallet_interfaces/include/pallet_interfaces/pallet_interfaces/srv/palletstate.h
[7.465s] -- Installing: /home/eating/work/install/pallet_interfaces/share/pallet_interfaces/environment/library_path.sh
[7.465s] -- Installing: /home/eating/work/install/pallet_interfaces/share/pallet_interfaces/environment/library_path.dsv
[7.465s] -- Installing: /home/eating/work/install/pallet_interfaces/lib/libpallet_interfaces__rosidl_generator_c.so
[7.466s] -- Set runtime path of "/home/eating/work/install/pallet_interfaces/lib/libpallet_interfaces__rosidl_generator_c.so" to ""
[7.466s] -- Up-to-date: /home/eating/work/install/pallet_interfaces/include/pallet_interfaces/pallet_interfaces
[7.466s] -- Up-to-date: /home/eating/work/install/pallet_interfaces/include/pallet_interfaces/pallet_interfaces/msg
[7.466s] -- Up-to-date: /home/eating/work/install/pallet_interfaces/include/pallet_interfaces/pallet_interfaces/msg/detail
[7.467s] -- Installing: /home/eating/work/install/pallet_interfaces/include/pallet_interfaces/pallet_interfaces/msg/detail/boxinfo__rosidl_typesupport_fastrtps_c.h
[7.467s] -- Installing: /home/eating/work/install/pallet_interfaces/include/pallet_interfaces/pallet_interfaces/msg/rosidl_typesupport_fastrtps_c__visibility_control.h
[7.467s] -- Up-to-date: /home/eating/work/install/pallet_interfaces/include/pallet_interfaces/pallet_interfaces/srv
[7.467s] -- Up-to-date: /home/eating/work/install/pallet_interfaces/include/pallet_interfaces/pallet_interfaces/srv/detail
[7.467s] -- Installing: /home/eating/work/install/pallet_interfaces/include/pallet_interfaces/pallet_interfaces/srv/detail/palletstate__rosidl_typesupport_fastrtps_c.h
[7.467s] -- Installing: /home/eating/work/install/pallet_interfaces/lib/libpallet_interfaces__rosidl_typesupport_fastrtps_c.so
[7.467s] -- Set runtime path of "/home/eating/work/install/pallet_interfaces/lib/libpallet_interfaces__rosidl_typesupport_fastrtps_c.so" to ""
[7.468s] -- Up-to-date: /home/eating/work/install/pallet_interfaces/include/pallet_interfaces/pallet_interfaces
[7.468s] -- Up-to-date: /home/eating/work/install/pallet_interfaces/include/pallet_interfaces/pallet_interfaces/msg
[7.468s] -- Up-to-date: /home/eating/work/install/pallet_interfaces/include/pallet_interfaces/pallet_interfaces/msg/detail
[7.468s] -- Installing: /home/eating/work/install/pallet_interfaces/include/pallet_interfaces/pallet_interfaces/msg/detail/boxinfo__type_support.hpp
[7.468s] -- Installing: /home/eating/work/install/pallet_interfaces/include/pallet_interfaces/pallet_interfaces/msg/detail/boxinfo__builder.hpp
[7.468s] -- Installing: /home/eating/work/install/pallet_interfaces/include/pallet_interfaces/pallet_interfaces/msg/detail/boxinfo__struct.hpp
[7.468s] -- Installing: /home/eating/work/install/pallet_interfaces/include/pallet_interfaces/pallet_interfaces/msg/detail/boxinfo__traits.hpp
[7.469s] -- Installing: /home/eating/work/install/pallet_interfaces/include/pallet_interfaces/pallet_interfaces/msg/rosidl_generator_cpp__visibility_control.hpp
[7.469s] -- Installing: /home/eating/work/install/pallet_interfaces/include/pallet_interfaces/pallet_interfaces/msg/boxinfo.hpp
[7.469s] -- Up-to-date: /home/eating/work/install/pallet_interfaces/include/pallet_interfaces/pallet_interfaces/srv
[7.469s] -- Up-to-date: /home/eating/work/install/pallet_interfaces/include/pallet_interfaces/pallet_interfaces/srv/detail
[7.469s] -- Installing: /home/eating/work/install/pallet_interfaces/include/pallet_interfaces/pallet_interfaces/srv/detail/palletstate__builder.hpp
[7.469s] -- Installing: /home/eating/work/install/pallet_interfaces/include/pallet_interfaces/pallet_interfaces/srv/detail/palletstate__type_support.hpp
[7.469s] -- Installing: /home/eating/work/install/pallet_interfaces/include/pallet_interfaces/pallet_interfaces/srv/detail/palletstate__struct.hpp
[7.470s] -- Installing: /home/eating/work/install/pallet_interfaces/include/pallet_interfaces/pallet_interfaces/srv/detail/palletstate__traits.hpp
[7.470s] -- Installing: /home/eating/work/install/pallet_interfaces/include/pallet_interfaces/pallet_interfaces/srv/palletstate.hpp
[7.470s] -- Up-to-date: /home/eating/work/install/pallet_interfaces/include/pallet_interfaces/pallet_interfaces
[7.470s] -- Up-to-date: /home/eating/work/install/pallet_interfaces/include/pallet_interfaces/pallet_interfaces/msg
[7.470s] -- Up-to-date: /home/eating/work/install/pallet_interfaces/include/pallet_interfaces/pallet_interfaces/msg/detail
[7.470s] -- Installing: /home/eating/work/install/pallet_interfaces/include/pallet_interfaces/pallet_interfaces/msg/detail/boxinfo__rosidl_typesupport_fastrtps_cpp.hpp
[7.470s] -- Installing: /home/eating/work/install/pallet_interfaces/include/pallet_interfaces/pallet_interfaces/msg/detail/dds_fastrtps
[7.470s] -- Installing: /home/eating/work/install/pallet_interfaces/include/pallet_interfaces/pallet_interfaces/msg/rosidl_typesupport_fastrtps_cpp__visibility_control.h
[7.471s] -- Up-to-date: /home/eating/work/install/pallet_interfaces/include/pallet_interfaces/pallet_interfaces/srv
[7.471s] -- Up-to-date: /home/eating/work/install/pallet_interfaces/include/pallet_interfaces/pallet_interfaces/srv/detail
[7.471s] -- Installing: /home/eating/work/install/pallet_interfaces/include/pallet_interfaces/pallet_interfaces/srv/detail/palletstate__rosidl_typesupport_fastrtps_cpp.hpp
[7.471s] -- Installing: /home/eating/work/install/pallet_interfaces/include/pallet_interfaces/pallet_interfaces/srv/detail/dds_fastrtps
[7.471s] -- Installing: /home/eating/work/install/pallet_interfaces/lib/libpallet_interfaces__rosidl_typesupport_fastrtps_cpp.so
[7.471s] -- Set runtime path of "/home/eating/work/install/pallet_interfaces/lib/libpallet_interfaces__rosidl_typesupport_fastrtps_cpp.so" to ""
[7.472s] -- Up-to-date: /home/eating/work/install/pallet_interfaces/include/pallet_interfaces/pallet_interfaces
[7.472s] -- Up-to-date: /home/eating/work/install/pallet_interfaces/include/pallet_interfaces/pallet_interfaces/msg
[7.472s] -- Installing: /home/eating/work/install/pallet_interfaces/include/pallet_interfaces/pallet_interfaces/msg/rosidl_typesupport_introspection_c__visibility_control.h
[7.472s] -- Up-to-date: /home/eating/work/install/pallet_interfaces/include/pallet_interfaces/pallet_interfaces/msg/detail
[7.472s] -- Installing: /home/eating/work/install/pallet_interfaces/include/pallet_interfaces/pallet_interfaces/msg/detail/boxinfo__rosidl_typesupport_introspection_c.h
[7.472s] -- Installing: /home/eating/work/install/pallet_interfaces/include/pallet_interfaces/pallet_interfaces/msg/detail/boxinfo__type_support.c
[7.472s] -- Up-to-date: /home/eating/work/install/pallet_interfaces/include/pallet_interfaces/pallet_interfaces/srv
[7.472s] -- Up-to-date: /home/eating/work/install/pallet_interfaces/include/pallet_interfaces/pallet_interfaces/srv/detail
[7.473s] -- Installing: /home/eating/work/install/pallet_interfaces/include/pallet_interfaces/pallet_interfaces/srv/detail/palletstate__type_support.c
[7.473s] -- Installing: /home/eating/work/install/pallet_interfaces/include/pallet_interfaces/pallet_interfaces/srv/detail/palletstate__rosidl_typesupport_introspection_c.h
[7.473s] -- Installing: /home/eating/work/install/pallet_interfaces/lib/libpallet_interfaces__rosidl_typesupport_introspection_c.so
[7.473s] -- Set runtime path of "/home/eating/work/install/pallet_interfaces/lib/libpallet_interfaces__rosidl_typesupport_introspection_c.so" to ""
[7.473s] -- Installing: /home/eating/work/install/pallet_interfaces/lib/libpallet_interfaces__rosidl_typesupport_c.so
[7.473s] -- Set runtime path of "/home/eating/work/install/pallet_interfaces/lib/libpallet_interfaces__rosidl_typesupport_c.so" to ""
[7.473s] -- Up-to-date: /home/eating/work/install/pallet_interfaces/include/pallet_interfaces/pallet_interfaces
[7.474s] -- Up-to-date: /home/eating/work/install/pallet_interfaces/include/pallet_interfaces/pallet_interfaces/msg
[7.474s] -- Up-to-date: /home/eating/work/install/pallet_interfaces/include/pallet_interfaces/pallet_interfaces/msg/detail
[7.474s] -- Installing: /home/eating/work/install/pallet_interfaces/include/pallet_interfaces/pallet_interfaces/msg/detail/boxinfo__type_support.cpp
[7.474s] -- Installing: /home/eating/work/install/pallet_interfaces/include/pallet_interfaces/pallet_interfaces/msg/detail/boxinfo__rosidl_typesupport_introspection_cpp.hpp
[7.474s] -- Up-to-date: /home/eating/work/install/pallet_interfaces/include/pallet_interfaces/pallet_interfaces/srv
[7.474s] -- Up-to-date: /home/eating/work/install/pallet_interfaces/include/pallet_interfaces/pallet_interfaces/srv/detail
[7.474s] -- Installing: /home/eating/work/install/pallet_interfaces/include/pallet_interfaces/pallet_interfaces/srv/detail/palletstate__type_support.cpp
[7.474s] -- Installing: /home/eating/work/install/pallet_interfaces/include/pallet_interfaces/pallet_interfaces/srv/detail/palletstate__rosidl_typesupport_introspection_cpp.hpp
[7.475s] -- Installing: /home/eating/work/install/pallet_interfaces/lib/libpallet_interfaces__rosidl_typesupport_introspection_cpp.so
[7.475s] -- Set runtime path of "/home/eating/work/install/pallet_interfaces/lib/libpallet_interfaces__rosidl_typesupport_introspection_cpp.so" to ""
[7.475s] -- Installing: /home/eating/work/install/pallet_interfaces/lib/libpallet_interfaces__rosidl_typesupport_cpp.so
[7.475s] -- Set runtime path of "/home/eating/work/install/pallet_interfaces/lib/libpallet_interfaces__rosidl_typesupport_cpp.so" to ""
[7.475s] -- Installing: /home/eating/work/install/pallet_interfaces/share/pallet_interfaces/environment/pythonpath.sh
[7.475s] -- Installing: /home/eating/work/install/pallet_interfaces/share/pallet_interfaces/environment/pythonpath.dsv
[7.475s] -- Installing: /home/eating/work/install/pallet_interfaces/local/lib/python3.10/dist-packages/pallet_interfaces-0.0.0-py3.10.egg-info
[7.476s] -- Installing: /home/eating/work/install/pallet_interfaces/local/lib/python3.10/dist-packages/pallet_interfaces-0.0.0-py3.10.egg-info/top_level.txt
[7.476s] -- Installing: /home/eating/work/install/pallet_interfaces/local/lib/python3.10/dist-packages/pallet_interfaces-0.0.0-py3.10.egg-info/SOURCES.txt
[7.476s] -- Installing: /home/eating/work/install/pallet_interfaces/local/lib/python3.10/dist-packages/pallet_interfaces-0.0.0-py3.10.egg-info/dependency_links.txt
[7.476s] -- Installing: /home/eating/work/install/pallet_interfaces/local/lib/python3.10/dist-packages/pallet_interfaces-0.0.0-py3.10.egg-info/PKG-INFO
[7.476s] -- Installing: /home/eating/work/install/pallet_interfaces/local/lib/python3.10/dist-packages/pallet_interfaces
[7.476s] -- Installing: /home/eating/work/install/pallet_interfaces/local/lib/python3.10/dist-packages/pallet_interfaces/msg
[7.476s] -- Installing: /home/eating/work/install/pallet_interfaces/local/lib/python3.10/dist-packages/pallet_interfaces/msg/__init__.py
[7.477s] -- Installing: /home/eating/work/install/pallet_interfaces/local/lib/python3.10/dist-packages/pallet_interfaces/msg/_boxinfo.py
[7.477s] -- Installing: /home/eating/work/install/pallet_interfaces/local/lib/python3.10/dist-packages/pallet_interfaces/msg/_boxinfo_s.c
[7.477s] -- Installing: /home/eating/work/install/pallet_interfaces/local/lib/python3.10/dist-packages/pallet_interfaces/__init__.py
[7.477s] -- Installing: /home/eating/work/install/pallet_interfaces/local/lib/python3.10/dist-packages/pallet_interfaces/_pallet_interfaces_s.ep.rosidl_typesupport_c.c
[7.477s] -- Installing: /home/eating/work/install/pallet_interfaces/local/lib/python3.10/dist-packages/pallet_interfaces/libpallet_interfaces__rosidl_generator_py.so
[7.477s] -- Installing: /home/eating/work/install/pallet_interfaces/local/lib/python3.10/dist-packages/pallet_interfaces/pallet_interfaces_s__rosidl_typesupport_fastrtps_c.cpython-310-x86_64-linux-gnu.so
[7.478s] -- Installing: /home/eating/work/install/pallet_interfaces/local/lib/python3.10/dist-packages/pallet_interfaces/pallet_interfaces_s__rosidl_typesupport_introspection_c.cpython-310-x86_64-linux-gnu.so
[7.478s] -- Installing: /home/eating/work/install/pallet_interfaces/local/lib/python3.10/dist-packages/pallet_interfaces/srv
[7.478s] -- Installing: /home/eating/work/install/pallet_interfaces/local/lib/python3.10/dist-packages/pallet_interfaces/srv/__init__.py
[7.478s] -- Installing: /home/eating/work/install/pallet_interfaces/local/lib/python3.10/dist-packages/pallet_interfaces/srv/_palletstate_s.c
[7.478s] -- Installing: /home/eating/work/install/pallet_interfaces/local/lib/python3.10/dist-packages/pallet_interfaces/srv/_palletstate.py
[7.478s] -- Installing: /home/eating/work/install/pallet_interfaces/local/lib/python3.10/dist-packages/pallet_interfaces/_pallet_interfaces_s.ep.rosidl_typesupport_introspection_c.c
[7.479s] -- Installing: /home/eating/work/install/pallet_interfaces/local/lib/python3.10/dist-packages/pallet_interfaces/pallet_interfaces_s__rosidl_typesupport_c.cpython-310-x86_64-linux-gnu.so
[7.479s] -- Installing: /home/eating/work/install/pallet_interfaces/local/lib/python3.10/dist-packages/pallet_interfaces/_pallet_interfaces_s.ep.rosidl_typesupport_fastrtps_c.c
[7.532s] Listing '/home/eating/work/install/pallet_interfaces/local/lib/python3.10/dist-packages/pallet_interfaces'...
[7.532s] Compiling '/home/eating/work/install/pallet_interfaces/local/lib/python3.10/dist-packages/pallet_interfaces/__init__.py'...
[7.532s] Listing '/home/eating/work/install/pallet_interfaces/local/lib/python3.10/dist-packages/pallet_interfaces/msg'...
[7.532s] Compiling '/home/eating/work/install/pallet_interfaces/local/lib/python3.10/dist-packages/pallet_interfaces/msg/__init__.py'...
[7.532s] Compiling '/home/eating/work/install/pallet_interfaces/local/lib/python3.10/dist-packages/pallet_interfaces/msg/_boxinfo.py'...
[7.532s] Listing '/home/eating/work/install/pallet_interfaces/local/lib/python3.10/dist-packages/pallet_interfaces/srv'...
[7.532s] Compiling '/home/eating/work/install/pallet_interfaces/local/lib/python3.10/dist-packages/pallet_interfaces/srv/__init__.py'...
[7.533s] Compiling '/home/eating/work/install/pallet_interfaces/local/lib/python3.10/dist-packages/pallet_interfaces/srv/_palletstate.py'...
[7.540s] -- Installing: /home/eating/work/install/pallet_interfaces/local/lib/python3.10/dist-packages/pallet_interfaces/pallet_interfaces_s__rosidl_typesupport_fastrtps_c.cpython-310-x86_64-linux-gnu.so
[7.541s] -- Set runtime path of "/home/eating/work/install/pallet_interfaces/local/lib/python3.10/dist-packages/pallet_interfaces/pallet_interfaces_s__rosidl_typesupport_fastrtps_c.cpython-310-x86_64-linux-gnu.so" to ""
[7.541s] -- Installing: /home/eating/work/install/pallet_interfaces/local/lib/python3.10/dist-packages/pallet_interfaces/pallet_interfaces_s__rosidl_typesupport_introspection_c.cpython-310-x86_64-linux-gnu.so
[7.541s] -- Set runtime path of "/home/eating/work/install/pallet_interfaces/local/lib/python3.10/dist-packages/pallet_interfaces/pallet_interfaces_s__rosidl_typesupport_introspection_c.cpython-310-x86_64-linux-gnu.so" to ""
[7.542s] -- Installing: /home/eating/work/install/pallet_interfaces/local/lib/python3.10/dist-packages/pallet_interfaces/pallet_interfaces_s__rosidl_typesupport_c.cpython-310-x86_64-linux-gnu.so
[7.542s] -- Set runtime path of "/home/eating/work/install/pallet_interfaces/local/lib/python3.10/dist-packages/pallet_interfaces/pallet_interfaces_s__rosidl_typesupport_c.cpython-310-x86_64-linux-gnu.so" to ""
[7.542s] -- Installing: /home/eating/work/install/pallet_interfaces/lib/libpallet_interfaces__rosidl_generator_py.so
[7.543s] -- Set runtime path of "/home/eating/work/install/pallet_interfaces/lib/libpallet_interfaces__rosidl_generator_py.so" to ""
[7.543s] -- Installing: /home/eating/work/install/pallet_interfaces/share/pallet_interfaces/msg/Boxinfo.idl
[7.543s] -- Installing: /home/eating/work/install/pallet_interfaces/share/pallet_interfaces/srv/Palletstate.idl
[7.543s] -- Installing: /home/eating/work/install/pallet_interfaces/share/pallet_interfaces/msg/Boxinfo.msg
[7.544s] -- Installing: /home/eating/work/install/pallet_interfaces/share/pallet_interfaces/srv/Palletstate.srv
[7.544s] -- Installing: /home/eating/work/install/pallet_interfaces/share/pallet_interfaces/srv/Palletstate_Request.msg
[7.544s] -- Installing: /home/eating/work/install/pallet_interfaces/share/pallet_interfaces/srv/Palletstate_Response.msg
[7.544s] -- Installing: /home/eating/work/install/pallet_interfaces/share/ament_index/resource_index/package_run_dependencies/pallet_interfaces
[7.544s] -- Installing: /home/eating/work/install/pallet_interfaces/share/ament_index/resource_index/parent_prefix_path/pallet_interfaces
[7.544s] -- Installing: /home/eating/work/install/pallet_interfaces/share/pallet_interfaces/environment/ament_prefix_path.sh
[7.545s] -- Installing: /home/eating/work/install/pallet_interfaces/share/pallet_interfaces/environment/ament_prefix_path.dsv
[7.545s] -- Installing: /home/eating/work/install/pallet_interfaces/share/pallet_interfaces/environment/path.sh
[7.545s] -- Installing: /home/eating/work/install/pallet_interfaces/share/pallet_interfaces/environment/path.dsv
[7.545s] -- Installing: /home/eating/work/install/pallet_interfaces/share/pallet_interfaces/local_setup.bash
[7.545s] -- Installing: /home/eating/work/install/pallet_interfaces/share/pallet_interfaces/local_setup.sh
[7.546s] -- Installing: /home/eating/work/install/pallet_interfaces/share/pallet_interfaces/local_setup.zsh
[7.546s] -- Installing: /home/eating/work/install/pallet_interfaces/share/pallet_interfaces/local_setup.dsv
[7.546s] -- Installing: /home/eating/work/install/pallet_interfaces/share/pallet_interfaces/package.dsv
[7.546s] -- Installing: /home/eating/work/install/pallet_interfaces/share/ament_index/resource_index/packages/pallet_interfaces
[7.546s] -- Installing: /home/eating/work/install/pallet_interfaces/share/pallet_interfaces/cmake/export_pallet_interfaces__rosidl_generator_cExport.cmake
[7.547s] -- Installing: /home/eating/work/install/pallet_interfaces/share/pallet_interfaces/cmake/export_pallet_interfaces__rosidl_generator_cExport-noconfig.cmake
[7.547s] -- Installing: /home/eating/work/install/pallet_interfaces/share/pallet_interfaces/cmake/export_pallet_interfaces__rosidl_typesupport_fastrtps_cExport.cmake
[7.547s] -- Installing: /home/eating/work/install/pallet_interfaces/share/pallet_interfaces/cmake/export_pallet_interfaces__rosidl_typesupport_fastrtps_cExport-noconfig.cmake
[7.547s] -- Installing: /home/eating/work/install/pallet_interfaces/share/pallet_interfaces/cmake/export_pallet_interfaces__rosidl_generator_cppExport.cmake
[7.547s] -- Installing: /home/eating/work/install/pallet_interfaces/share/pallet_interfaces/cmake/export_pallet_interfaces__rosidl_typesupport_fastrtps_cppExport.cmake
[7.548s] -- Installing: /home/eating/work/install/pallet_interfaces/share/pallet_interfaces/cmake/export_pallet_interfaces__rosidl_typesupport_fastrtps_cppExport-noconfig.cmake
[7.548s] -- Installing: /home/eating/work/install/pallet_interfaces/share/pallet_interfaces/cmake/pallet_interfaces__rosidl_typesupport_introspection_cExport.cmake
[7.548s] -- Installing: /home/eating/work/install/pallet_interfaces/share/pallet_interfaces/cmake/pallet_interfaces__rosidl_typesupport_introspection_cExport-noconfig.cmake
[7.548s] -- Installing: /home/eating/work/install/pallet_interfaces/share/pallet_interfaces/cmake/pallet_interfaces__rosidl_typesupport_cExport.cmake
[7.548s] -- Installing: /home/eating/work/install/pallet_interfaces/share/pallet_interfaces/cmake/pallet_interfaces__rosidl_typesupport_cExport-noconfig.cmake
[7.549s] -- Installing: /home/eating/work/install/pallet_interfaces/share/pallet_interfaces/cmake/pallet_interfaces__rosidl_typesupport_introspection_cppExport.cmake
[7.549s] -- Installing: /home/eating/work/install/pallet_interfaces/share/pallet_interfaces/cmake/pallet_interfaces__rosidl_typesupport_introspection_cppExport-noconfig.cmake
[7.549s] -- Installing: /home/eating/work/install/pallet_interfaces/share/pallet_interfaces/cmake/pallet_interfaces__rosidl_typesupport_cppExport.cmake
[7.549s] -- Installing: /home/eating/work/install/pallet_interfaces/share/pallet_interfaces/cmake/pallet_interfaces__rosidl_typesupport_cppExport-noconfig.cmake
[7.550s] -- Installing: /home/eating/work/install/pallet_interfaces/share/pallet_interfaces/cmake/export_pallet_interfaces__rosidl_generator_pyExport.cmake
[7.550s] -- Installing: /home/eating/work/install/pallet_interfaces/share/pallet_interfaces/cmake/export_pallet_interfaces__rosidl_generator_pyExport-noconfig.cmake
[7.550s] -- Installing: /home/eating/work/install/pallet_interfaces/share/pallet_interfaces/cmake/rosidl_cmake-extras.cmake
[7.550s] -- Installing: /home/eating/work/install/pallet_interfaces/share/pallet_interfaces/cmake/ament_cmake_export_dependencies-extras.cmake
[7.550s] -- Installing: /home/eating/work/install/pallet_interfaces/share/pallet_interfaces/cmake/ament_cmake_export_include_directories-extras.cmake
[7.550s] -- Installing: /home/eating/work/install/pallet_interfaces/share/pallet_interfaces/cmake/ament_cmake_export_libraries-extras.cmake
[7.551s] -- Installing: /home/eating/work/install/pallet_interfaces/share/pallet_interfaces/cmake/ament_cmake_export_targets-extras.cmake
[7.551s] -- Installing: /home/eating/work/install/pallet_interfaces/share/pallet_interfaces/cmake/rosidl_cmake_export_typesupport_targets-extras.cmake
[7.551s] -- Installing: /home/eating/work/install/pallet_interfaces/share/pallet_interfaces/cmake/rosidl_cmake_export_typesupport_libraries-extras.cmake
[7.551s] -- Installing: /home/eating/work/install/pallet_interfaces/share/pallet_interfaces/cmake/pallet_interfacesConfig.cmake
[7.551s] -- Installing: /home/eating/work/install/pallet_interfaces/share/pallet_interfaces/cmake/pallet_interfacesConfig-version.cmake
[7.552s] -- Installing: /home/eating/work/install/pallet_interfaces/share/pallet_interfaces/package.xml
[7.555s] Invoked command in '/home/eating/work/build/pallet_interfaces' returned '0': CMAKE_PREFIX_PATH=/opt/ros/humble /usr/bin/cmake --install /home/eating/work/build/pallet_interfaces
