[0.070s] Invoking command in '/home/eating/work/build/timda_body_description': CMAKE_PREFIX_PATH=${CMAKE_PREFIX_PATH}:/home/eating/work/install/pallet_main:/home/eating/work/install/main_control:/home/eating/work/install/gui:/home/eating/work/install/docking_pkg:/opt/ros/humble /usr/bin/cmake /home/eating/work/src/timda_sim/timda_body_description -DCMAKE_INSTALL_PREFIX=/home/eating/work/install/timda_body_description
[0.174s] -- The C compiler identification is GNU 11.4.0
[0.267s] -- The CXX compiler identification is GNU 11.4.0
[0.277s] -- Detecting C compiler ABI info
[0.416s] -- Detecting C compiler ABI info - done
[0.430s] -- Check for working C compiler: /usr/bin/cc - skipped
[0.430s] -- Detecting C compile features
[0.431s] -- Detecting C compile features - done
[0.436s] -- Detecting CXX compiler ABI info
[0.587s] -- Detecting CXX compiler ABI info - done
[0.601s] -- Check for working CXX compiler: /usr/bin/c++ - skipped
[0.602s] -- Detecting CXX compile features
[0.603s] -- Detecting CXX compile features - done
[0.610s] -- Found ament_cmake: 1.3.11 (/opt/ros/humble/share/ament_cmake/cmake)
[0.946s] -- Found Python3: /usr/bin/python3 (found version "3.10.12") found components: Interpreter 
[1.136s] -- Found ament_lint_auto: 0.12.12 (/opt/ros/humble/share/ament_lint_auto/cmake)
[1.283s] -- Added test 'lint_cmake' to check CMake code style
[1.286s] -- Added test 'xmllint' to check XML markup files
[1.290s] -- Configuring done
[1.295s] -- Generating done
[1.299s] -- Build files have been written to: /home/eating/work/build/timda_body_description
[1.310s] Invoked command in '/home/eating/work/build/timda_body_description' returned '0': CMAKE_PREFIX_PATH=${CMAKE_PREFIX_PATH}:/home/eating/work/install/pallet_main:/home/eating/work/install/main_control:/home/eating/work/install/gui:/home/eating/work/install/docking_pkg:/opt/ros/humble /usr/bin/cmake /home/eating/work/src/timda_sim/timda_body_description -DCMAKE_INSTALL_PREFIX=/home/eating/work/install/timda_body_description
[1.310s] Invoking command in '/home/eating/work/build/timda_body_description': CMAKE_PREFIX_PATH=${CMAKE_PREFIX_PATH}:/home/eating/work/install/pallet_main:/home/eating/work/install/main_control:/home/eating/work/install/gui:/home/eating/work/install/docking_pkg:/opt/ros/humble /usr/bin/cmake --build /home/eating/work/build/timda_body_description -- -j8 -l8
[1.394s] Invoked command in '/home/eating/work/build/timda_body_description' returned '0': CMAKE_PREFIX_PATH=${CMAKE_PREFIX_PATH}:/home/eating/work/install/pallet_main:/home/eating/work/install/main_control:/home/eating/work/install/gui:/home/eating/work/install/docking_pkg:/opt/ros/humble /usr/bin/cmake --build /home/eating/work/build/timda_body_description -- -j8 -l8
[1.394s] Invoking command in '/home/eating/work/build/timda_body_description': CMAKE_PREFIX_PATH=${CMAKE_PREFIX_PATH}:/home/eating/work/install/pallet_main:/home/eating/work/install/main_control:/home/eating/work/install/gui:/home/eating/work/install/docking_pkg:/opt/ros/humble /usr/bin/cmake --install /home/eating/work/build/timda_body_description
[1.443s] -- Install configuration: ""
[1.444s] -- Installing: /home/eating/work/install/timda_body_description/share/timda_body_description/config
[1.444s] -- Installing: /home/eating/work/install/timda_body_description/share/timda_body_description/config/joint_names_timda_body.yaml
[1.444s] -- Installing: /home/eating/work/install/timda_body_description/share/timda_body_description/meshes
[1.444s] -- Installing: /home/eating/work/install/timda_body_description/share/timda_body_description/meshes/slide_left.STL
[1.444s] -- Installing: /home/eating/work/install/timda_body_description/share/timda_body_description/meshes/base_link.STL
[1.444s] -- Installing: /home/eating/work/install/timda_body_description/share/timda_body_description/meshes/slide_right.STL
[1.445s] -- Installing: /home/eating/work/install/timda_body_description/share/timda_body_description/urdf
[1.445s] -- Installing: /home/eating/work/install/timda_body_description/share/timda_body_description/urdf/timda_body.xacro
[1.446s] -- Installing: /home/eating/work/install/timda_body_description/share/timda_body_description/urdf/timda_body.gazebo.xacro
[1.446s] -- Installing: /home/eating/work/install/timda_body_description/share/ament_index/resource_index/package_run_dependencies/timda_body_description
[1.446s] -- Installing: /home/eating/work/install/timda_body_description/share/ament_index/resource_index/parent_prefix_path/timda_body_description
[1.446s] -- Installing: /home/eating/work/install/timda_body_description/share/timda_body_description/environment/ament_prefix_path.sh
[1.446s] -- Installing: /home/eating/work/install/timda_body_description/share/timda_body_description/environment/ament_prefix_path.dsv
[1.447s] -- Installing: /home/eating/work/install/timda_body_description/share/timda_body_description/environment/path.sh
[1.447s] -- Installing: /home/eating/work/install/timda_body_description/share/timda_body_description/environment/path.dsv
[1.448s] -- Installing: /home/eating/work/install/timda_body_description/share/timda_body_description/local_setup.bash
[1.448s] -- Installing: /home/eating/work/install/timda_body_description/share/timda_body_description/local_setup.sh
[1.448s] -- Installing: /home/eating/work/install/timda_body_description/share/timda_body_description/local_setup.zsh
[1.448s] -- Installing: /home/eating/work/install/timda_body_description/share/timda_body_description/local_setup.dsv
[1.448s] -- Installing: /home/eating/work/install/timda_body_description/share/timda_body_description/package.dsv
[1.448s] -- Installing: /home/eating/work/install/timda_body_description/share/ament_index/resource_index/packages/timda_body_description
[1.448s] -- Installing: /home/eating/work/install/timda_body_description/share/timda_body_description/cmake/timda_body_descriptionConfig.cmake
[1.448s] -- Installing: /home/eating/work/install/timda_body_description/share/timda_body_description/cmake/timda_body_descriptionConfig-version.cmake
[1.448s] -- Installing: /home/eating/work/install/timda_body_description/share/timda_body_description/package.xml
[1.459s] Invoked command in '/home/eating/work/build/timda_body_description' returned '0': CMAKE_PREFIX_PATH=${CMAKE_PREFIX_PATH}:/home/eating/work/install/pallet_main:/home/eating/work/install/main_control:/home/eating/work/install/gui:/home/eating/work/install/docking_pkg:/opt/ros/humble /usr/bin/cmake --install /home/eating/work/build/timda_body_description
