[0.016s] Invoking command in '/home/fxck/work/build/interface': CMAKE_PREFIX_PATH=${CMAKE_PREFIX_PATH}:/home/fxck/work/install/main_control:/home/fxck/work/install/gui:/opt/ros/humble /usr/bin/cmake /home/fxck/work/src/interface -DCMAKE_INSTALL_PREFIX=/home/fxck/work/install/interface
[0.104s] -- The C compiler identification is GNU 11.4.0
[0.157s] -- The CXX compiler identification is GNU 11.4.0
[0.165s] -- Detecting C compiler ABI info
[0.234s] -- Detecting C compiler ABI info - done
[0.240s] -- Check for working C compiler: /usr/bin/cc - skipped
[0.241s] -- Detecting C compile features
[0.241s] -- Detecting C compile features - done
[0.244s] -- Detecting CXX compiler ABI info
[0.322s] -- Detecting CXX compiler ABI info - done
[0.328s] -- Check for working CXX compiler: /usr/bin/c++ - skipped
[0.328s] -- Detecting CXX compile features
[0.329s] -- Detecting CXX compile features - done
[0.338s] -- Found ament_cmake: 1.3.11 (/opt/ros/humble/share/ament_cmake/cmake)
[0.472s] -- Found Python3: /usr/bin/python3 (found version "3.10.12") found components: Interpreter 
[0.576s] -- Found geometry_msgs: 4.2.4 (/opt/ros/humble/share/geometry_msgs/cmake)
[0.621s] -- Found rosidl_generator_c: 3.1.6 (/opt/ros/humble/share/rosidl_generator_c/cmake)
[0.628s] -- Found rosidl_adapter: 3.1.6 (/opt/ros/humble/share/rosidl_adapter/cmake)
[0.638s] -- Found rosidl_generator_cpp: 3.1.6 (/opt/ros/humble/share/rosidl_generator_cpp/cmake)
[0.654s] -- Using all available rosidl_typesupport_c: rosidl_typesupport_fastrtps_c;rosidl_typesupport_introspection_c
[0.673s] -- Using all available rosidl_typesupport_cpp: rosidl_typesupport_fastrtps_cpp;rosidl_typesupport_introspection_cpp
[0.717s] -- Found rosidl_default_generators: 1.2.0 (/opt/ros/humble/share/rosidl_default_generators/cmake)
[0.988s] -- Found ament_cmake_ros: 0.10.0 (/opt/ros/humble/share/ament_cmake_ros/cmake)
[1.368s] -- Using all available rosidl_typesupport_c: rosidl_typesupport_fastrtps_c;rosidl_typesupport_introspection_c
[1.528s] -- Using all available rosidl_typesupport_cpp: rosidl_typesupport_fastrtps_cpp;rosidl_typesupport_introspection_cpp
[1.549s] -- Found PythonInterp: /usr/bin/python3 (found suitable version "3.10.12", minimum required is "3.6") 
[1.552s] -- Found python_cmake_module: 0.10.0 (/opt/ros/humble/share/python_cmake_module/cmake)
[1.577s] -- Found PythonLibs: /usr/lib/x86_64-linux-gnu/libpython3.10.so (found suitable version "3.10.12", minimum required is "3.5") 
[1.577s] -- Using PYTHON_EXECUTABLE: /usr/bin/python3
[1.577s] -- Using PYTHON_INCLUDE_DIRS: /usr/include/python3.10
[1.577s] -- Using PYTHON_LIBRARIES: /usr/lib/x86_64-linux-gnu/libpython3.10.so
[1.597s] -- Found PythonExtra: .so  
[1.662s] -- Found ament_lint_auto: 0.12.11 (/opt/ros/humble/share/ament_lint_auto/cmake)
[1.689s] -- Added test 'lint_cmake' to check CMake code style
[1.690s] -- Added test 'xmllint' to check XML markup files
[1.695s] -- Configuring done
[1.741s] -- Generating done
[1.751s] -- Build files have been written to: /home/fxck/work/build/interface
[1.759s] Invoked command in '/home/fxck/work/build/interface' returned '0': CMAKE_PREFIX_PATH=${CMAKE_PREFIX_PATH}:/home/fxck/work/install/main_control:/home/fxck/work/install/gui:/opt/ros/humble /usr/bin/cmake /home/fxck/work/src/interface -DCMAKE_INSTALL_PREFIX=/home/fxck/work/install/interface
[1.761s] Invoking command in '/home/fxck/work/build/interface': CMAKE_PREFIX_PATH=${CMAKE_PREFIX_PATH}:/home/fxck/work/install/main_control:/home/fxck/work/install/gui:/opt/ros/humble /usr/bin/cmake --build /home/fxck/work/build/interface -- -j16 -l16
[1.805s] [  3%] [34m[1mGenerating C code for ROS interfaces[0m
[1.818s] [  6%] [34m[1mGenerating C++ code for ROS interfaces[0m
[1.825s] [  6%] Built target ament_cmake_python_copy_interface
[2.053s] [  9%] [32mBuilding C object CMakeFiles/interface__rosidl_generator_c.dir/rosidl_generator_c/interface/srv/detail/maincontroller__functions.c.o[0m
[2.107s] [  9%] Built target interface__cpp
[2.112s] [ 12%] [32m[1mLinking C shared library libinterface__rosidl_generator_c.so[0m
[2.121s] [ 22%] [34m[1mGenerating C++ introspection for ROS interfaces[0m
[2.122s] [ 22%] [34m[1mGenerating C++ type support for eProsima Fast-RTPS[0m
[2.122s] [ 22%] [34m[1mGenerating C++ type support dispatch for ROS interfaces[0m
[2.129s] running egg_info
[2.129s] creating interface.egg-info
[2.130s] writing interface.egg-info/PKG-INFO
[2.130s] writing dependency_links to interface.egg-info/dependency_links.txt
[2.130s] writing top-level names to interface.egg-info/top_level.txt
[2.130s] writing manifest file 'interface.egg-info/SOURCES.txt'
[2.132s] reading manifest file 'interface.egg-info/SOURCES.txt'
[2.133s] writing manifest file 'interface.egg-info/SOURCES.txt'
[2.164s] [ 22%] Built target interface__rosidl_generator_c
[2.171s] [ 22%] Built target ament_cmake_python_build_interface_egg
[2.181s] [ 29%] [34m[1mGenerating C introspection for ROS interfaces[0m
[2.181s] [ 29%] [34m[1mGenerating C type support for eProsima Fast-RTPS[0m
[2.184s] [ 32%] [34m[1mGenerating C type support dispatch for ROS interfaces[0m
[2.429s] [ 35%] [32mBuilding CXX object CMakeFiles/interface__rosidl_typesupport_cpp.dir/rosidl_typesupport_cpp/interface/srv/maincontroller__type_support.cpp.o[0m
[2.456s] [ 38%] [32mBuilding CXX object CMakeFiles/interface__rosidl_typesupport_introspection_cpp.dir/rosidl_typesupport_introspection_cpp/interface/srv/detail/maincontroller__type_support.cpp.o[0m
[2.481s] [ 41%] [32mBuilding CXX object CMakeFiles/interface__rosidl_typesupport_fastrtps_cpp.dir/rosidl_typesupport_fastrtps_cpp/interface/srv/detail/dds_fastrtps/maincontroller__type_support.cpp.o[0m
[2.496s] [ 45%] [32mBuilding CXX object CMakeFiles/interface__rosidl_typesupport_c.dir/rosidl_typesupport_c/interface/srv/maincontroller__type_support.cpp.o[0m
[2.533s] [ 48%] [32mBuilding C object CMakeFiles/interface__rosidl_typesupport_introspection_c.dir/rosidl_typesupport_introspection_c/interface/srv/detail/maincontroller__type_support.c.o[0m
[2.542s] [ 51%] [32m[1mLinking CXX shared library libinterface__rosidl_typesupport_c.so[0m
[2.558s] [ 54%] [32mBuilding CXX object CMakeFiles/interface__rosidl_typesupport_fastrtps_c.dir/rosidl_typesupport_fastrtps_c/interface/srv/detail/maincontroller__type_support_c.cpp.o[0m
[2.587s] [ 58%] [32m[1mLinking C shared library libinterface__rosidl_typesupport_introspection_c.so[0m
[2.600s] [ 58%] Built target interface__rosidl_typesupport_c
[2.632s] [ 58%] Built target interface__rosidl_typesupport_introspection_c
[2.739s] [ 61%] [32m[1mLinking CXX shared library libinterface__rosidl_typesupport_cpp.so[0m
[2.787s] [ 61%] Built target interface__rosidl_typesupport_cpp
[2.857s] [ 64%] [32m[1mLinking CXX shared library libinterface__rosidl_typesupport_introspection_cpp.so[0m
[2.886s] [ 67%] [32m[1mLinking CXX shared library libinterface__rosidl_typesupport_fastrtps_c.so[0m
[2.903s] [ 67%] Built target interface__rosidl_typesupport_introspection_cpp
[2.958s] [ 70%] [32m[1mLinking CXX shared library libinterface__rosidl_typesupport_fastrtps_cpp.so[0m
[2.966s] [ 70%] Built target interface__rosidl_typesupport_fastrtps_c
[3.030s] [ 70%] Built target interface__rosidl_typesupport_fastrtps_cpp
[3.051s] [ 70%] Built target interface
[3.074s] [ 74%] [34m[1mGenerating Python code for ROS interfaces[0m
[3.360s] [ 74%] Built target interface__py
[3.382s] [ 77%] [32mBuilding C object CMakeFiles/interface__rosidl_generator_py.dir/rosidl_generator_py/interface/srv/_maincontroller_s.c.o[0m
[3.484s] [ 80%] [32m[1mLinking C shared library rosidl_generator_py/interface/libinterface__rosidl_generator_py.so[0m
[3.526s] [ 80%] Built target interface__rosidl_generator_py
[3.550s] [ 83%] [32mBuilding C object CMakeFiles/interface__rosidl_typesupport_c__pyext.dir/rosidl_generator_py/interface/_interface_s.ep.rosidl_typesupport_c.c.o[0m
[3.551s] [ 87%] [32mBuilding C object CMakeFiles/interface__rosidl_typesupport_introspection_c__pyext.dir/rosidl_generator_py/interface/_interface_s.ep.rosidl_typesupport_introspection_c.c.o[0m
[3.555s] [ 90%] [32mBuilding C object CMakeFiles/interface__rosidl_typesupport_fastrtps_c__pyext.dir/rosidl_generator_py/interface/_interface_s.ep.rosidl_typesupport_fastrtps_c.c.o[0m
[3.686s] [ 93%] [32m[1mLinking C shared library rosidl_generator_py/interface/interface_s__rosidl_typesupport_introspection_c.cpython-310-x86_64-linux-gnu.so[0m
[3.686s] [ 96%] [32m[1mLinking C shared library rosidl_generator_py/interface/interface_s__rosidl_typesupport_c.cpython-310-x86_64-linux-gnu.so[0m
[3.687s] [100%] [32m[1mLinking C shared library rosidl_generator_py/interface/interface_s__rosidl_typesupport_fastrtps_c.cpython-310-x86_64-linux-gnu.so[0m
[3.731s] [100%] Built target interface__rosidl_typesupport_fastrtps_c__pyext
[3.731s] [100%] Built target interface__rosidl_typesupport_introspection_c__pyext
[3.731s] [100%] Built target interface__rosidl_typesupport_c__pyext
[3.744s] Invoked command in '/home/fxck/work/build/interface' returned '0': CMAKE_PREFIX_PATH=${CMAKE_PREFIX_PATH}:/home/fxck/work/install/main_control:/home/fxck/work/install/gui:/opt/ros/humble /usr/bin/cmake --build /home/fxck/work/build/interface -- -j16 -l16
[3.745s] Invoking command in '/home/fxck/work/build/interface': CMAKE_PREFIX_PATH=${CMAKE_PREFIX_PATH}:/home/fxck/work/install/main_control:/home/fxck/work/install/gui:/opt/ros/humble /usr/bin/cmake --install /home/fxck/work/build/interface
[3.753s] -- Install configuration: ""
[3.753s] -- Installing: /home/fxck/work/install/interface/share/ament_index/resource_index/rosidl_interfaces/interface
[3.753s] -- Installing: /home/fxck/work/install/interface/include/interface/interface
[3.754s] -- Installing: /home/fxck/work/install/interface/include/interface/interface/msg
[3.754s] -- Installing: /home/fxck/work/install/interface/include/interface/interface/msg/rosidl_generator_c__visibility_control.h
[3.754s] -- Installing: /home/fxck/work/install/interface/include/interface/interface/srv
[3.754s] -- Installing: /home/fxck/work/install/interface/include/interface/interface/srv/detail
[3.754s] -- Installing: /home/fxck/work/install/interface/include/interface/interface/srv/detail/maincontroller__functions.h
[3.754s] -- Installing: /home/fxck/work/install/interface/include/interface/interface/srv/detail/maincontroller__type_support.h
[3.755s] -- Installing: /home/fxck/work/install/interface/include/interface/interface/srv/detail/maincontroller__struct.h
[3.755s] -- Installing: /home/fxck/work/install/interface/include/interface/interface/srv/detail/maincontroller__functions.c
[3.755s] -- Installing: /home/fxck/work/install/interface/include/interface/interface/srv/maincontroller.h
[3.755s] -- Installing: /home/fxck/work/install/interface/share/interface/environment/library_path.sh
[3.755s] -- Installing: /home/fxck/work/install/interface/share/interface/environment/library_path.dsv
[3.755s] -- Installing: /home/fxck/work/install/interface/lib/libinterface__rosidl_generator_c.so
[3.756s] -- Set runtime path of "/home/fxck/work/install/interface/lib/libinterface__rosidl_generator_c.so" to ""
[3.756s] -- Up-to-date: /home/fxck/work/install/interface/include/interface/interface
[3.756s] -- Up-to-date: /home/fxck/work/install/interface/include/interface/interface/msg
[3.756s] -- Installing: /home/fxck/work/install/interface/include/interface/interface/msg/rosidl_typesupport_fastrtps_c__visibility_control.h
[3.756s] -- Up-to-date: /home/fxck/work/install/interface/include/interface/interface/srv
[3.756s] -- Up-to-date: /home/fxck/work/install/interface/include/interface/interface/srv/detail
[3.756s] -- Installing: /home/fxck/work/install/interface/include/interface/interface/srv/detail/maincontroller__rosidl_typesupport_fastrtps_c.h
[3.756s] -- Installing: /home/fxck/work/install/interface/lib/libinterface__rosidl_typesupport_fastrtps_c.so
[3.757s] -- Set runtime path of "/home/fxck/work/install/interface/lib/libinterface__rosidl_typesupport_fastrtps_c.so" to ""
[3.757s] -- Up-to-date: /home/fxck/work/install/interface/include/interface/interface
[3.757s] -- Up-to-date: /home/fxck/work/install/interface/include/interface/interface/msg
[3.757s] -- Installing: /home/fxck/work/install/interface/include/interface/interface/msg/rosidl_generator_cpp__visibility_control.hpp
[3.757s] -- Up-to-date: /home/fxck/work/install/interface/include/interface/interface/srv
[3.757s] -- Up-to-date: /home/fxck/work/install/interface/include/interface/interface/srv/detail
[3.757s] -- Installing: /home/fxck/work/install/interface/include/interface/interface/srv/detail/maincontroller__traits.hpp
[3.757s] -- Installing: /home/fxck/work/install/interface/include/interface/interface/srv/detail/maincontroller__type_support.hpp
[3.757s] -- Installing: /home/fxck/work/install/interface/include/interface/interface/srv/detail/maincontroller__builder.hpp
[3.758s] -- Installing: /home/fxck/work/install/interface/include/interface/interface/srv/detail/maincontroller__struct.hpp
[3.758s] -- Installing: /home/fxck/work/install/interface/include/interface/interface/srv/maincontroller.hpp
[3.758s] -- Up-to-date: /home/fxck/work/install/interface/include/interface/interface
[3.758s] -- Up-to-date: /home/fxck/work/install/interface/include/interface/interface/msg
[3.758s] -- Installing: /home/fxck/work/install/interface/include/interface/interface/msg/rosidl_typesupport_fastrtps_cpp__visibility_control.h
[3.758s] -- Up-to-date: /home/fxck/work/install/interface/include/interface/interface/srv
[3.758s] -- Up-to-date: /home/fxck/work/install/interface/include/interface/interface/srv/detail
[3.758s] -- Installing: /home/fxck/work/install/interface/include/interface/interface/srv/detail/maincontroller__rosidl_typesupport_fastrtps_cpp.hpp
[3.758s] -- Installing: /home/fxck/work/install/interface/include/interface/interface/srv/detail/dds_fastrtps
[3.758s] -- Installing: /home/fxck/work/install/interface/lib/libinterface__rosidl_typesupport_fastrtps_cpp.so
[3.759s] -- Set runtime path of "/home/fxck/work/install/interface/lib/libinterface__rosidl_typesupport_fastrtps_cpp.so" to ""
[3.759s] -- Up-to-date: /home/fxck/work/install/interface/include/interface/interface
[3.759s] -- Up-to-date: /home/fxck/work/install/interface/include/interface/interface/msg
[3.759s] -- Installing: /home/fxck/work/install/interface/include/interface/interface/msg/rosidl_typesupport_introspection_c__visibility_control.h
[3.759s] -- Up-to-date: /home/fxck/work/install/interface/include/interface/interface/srv
[3.759s] -- Up-to-date: /home/fxck/work/install/interface/include/interface/interface/srv/detail
[3.759s] -- Installing: /home/fxck/work/install/interface/include/interface/interface/srv/detail/maincontroller__rosidl_typesupport_introspection_c.h
[3.760s] -- Installing: /home/fxck/work/install/interface/include/interface/interface/srv/detail/maincontroller__type_support.c
[3.760s] -- Installing: /home/fxck/work/install/interface/lib/libinterface__rosidl_typesupport_introspection_c.so
[3.760s] -- Set runtime path of "/home/fxck/work/install/interface/lib/libinterface__rosidl_typesupport_introspection_c.so" to ""
[3.760s] -- Installing: /home/fxck/work/install/interface/lib/libinterface__rosidl_typesupport_c.so
[3.761s] -- Set runtime path of "/home/fxck/work/install/interface/lib/libinterface__rosidl_typesupport_c.so" to ""
[3.761s] -- Up-to-date: /home/fxck/work/install/interface/include/interface/interface
[3.761s] -- Up-to-date: /home/fxck/work/install/interface/include/interface/interface/srv
[3.761s] -- Up-to-date: /home/fxck/work/install/interface/include/interface/interface/srv/detail
[3.761s] -- Installing: /home/fxck/work/install/interface/include/interface/interface/srv/detail/maincontroller__type_support.cpp
[3.761s] -- Installing: /home/fxck/work/install/interface/include/interface/interface/srv/detail/maincontroller__rosidl_typesupport_introspection_cpp.hpp
[3.761s] -- Installing: /home/fxck/work/install/interface/lib/libinterface__rosidl_typesupport_introspection_cpp.so
[3.762s] -- Set runtime path of "/home/fxck/work/install/interface/lib/libinterface__rosidl_typesupport_introspection_cpp.so" to ""
[3.762s] -- Installing: /home/fxck/work/install/interface/lib/libinterface__rosidl_typesupport_cpp.so
[3.762s] -- Set runtime path of "/home/fxck/work/install/interface/lib/libinterface__rosidl_typesupport_cpp.so" to ""
[3.762s] -- Installing: /home/fxck/work/install/interface/share/interface/environment/pythonpath.sh
[3.763s] -- Installing: /home/fxck/work/install/interface/share/interface/environment/pythonpath.dsv
[3.763s] -- Installing: /home/fxck/work/install/interface/local/lib/python3.10/dist-packages/interface-0.0.0-py3.10.egg-info
[3.763s] -- Installing: /home/fxck/work/install/interface/local/lib/python3.10/dist-packages/interface-0.0.0-py3.10.egg-info/SOURCES.txt
[3.763s] -- Installing: /home/fxck/work/install/interface/local/lib/python3.10/dist-packages/interface-0.0.0-py3.10.egg-info/dependency_links.txt
[3.763s] -- Installing: /home/fxck/work/install/interface/local/lib/python3.10/dist-packages/interface-0.0.0-py3.10.egg-info/PKG-INFO
[3.763s] -- Installing: /home/fxck/work/install/interface/local/lib/python3.10/dist-packages/interface-0.0.0-py3.10.egg-info/top_level.txt
[3.764s] -- Installing: /home/fxck/work/install/interface/local/lib/python3.10/dist-packages/interface
[3.764s] -- Installing: /home/fxck/work/install/interface/local/lib/python3.10/dist-packages/interface/interface_s__rosidl_typesupport_c.cpython-310-x86_64-linux-gnu.so
[3.764s] -- Installing: /home/fxck/work/install/interface/local/lib/python3.10/dist-packages/interface/_interface_s.ep.rosidl_typesupport_introspection_c.c
[3.764s] -- Installing: /home/fxck/work/install/interface/local/lib/python3.10/dist-packages/interface/srv
[3.764s] -- Installing: /home/fxck/work/install/interface/local/lib/python3.10/dist-packages/interface/srv/_maincontroller_s.c
[3.765s] -- Installing: /home/fxck/work/install/interface/local/lib/python3.10/dist-packages/interface/srv/__init__.py
[3.765s] -- Installing: /home/fxck/work/install/interface/local/lib/python3.10/dist-packages/interface/srv/_maincontroller.py
[3.765s] -- Installing: /home/fxck/work/install/interface/local/lib/python3.10/dist-packages/interface/interface_s__rosidl_typesupport_fastrtps_c.cpython-310-x86_64-linux-gnu.so
[3.765s] -- Installing: /home/fxck/work/install/interface/local/lib/python3.10/dist-packages/interface/_interface_s.ep.rosidl_typesupport_c.c
[3.765s] -- Installing: /home/fxck/work/install/interface/local/lib/python3.10/dist-packages/interface/_interface_s.ep.rosidl_typesupport_fastrtps_c.c
[3.765s] -- Installing: /home/fxck/work/install/interface/local/lib/python3.10/dist-packages/interface/libinterface__rosidl_generator_py.so
[3.766s] -- Installing: /home/fxck/work/install/interface/local/lib/python3.10/dist-packages/interface/interface_s__rosidl_typesupport_introspection_c.cpython-310-x86_64-linux-gnu.so
[3.766s] -- Installing: /home/fxck/work/install/interface/local/lib/python3.10/dist-packages/interface/__init__.py
[3.796s] Listing '/home/fxck/work/install/interface/local/lib/python3.10/dist-packages/interface'...
[3.796s] Compiling '/home/fxck/work/install/interface/local/lib/python3.10/dist-packages/interface/__init__.py'...
[3.797s] Listing '/home/fxck/work/install/interface/local/lib/python3.10/dist-packages/interface/srv'...
[3.797s] Compiling '/home/fxck/work/install/interface/local/lib/python3.10/dist-packages/interface/srv/__init__.py'...
[3.797s] Compiling '/home/fxck/work/install/interface/local/lib/python3.10/dist-packages/interface/srv/_maincontroller.py'...
[3.800s] -- Installing: /home/fxck/work/install/interface/local/lib/python3.10/dist-packages/interface/interface_s__rosidl_typesupport_fastrtps_c.cpython-310-x86_64-linux-gnu.so
[3.801s] -- Set runtime path of "/home/fxck/work/install/interface/local/lib/python3.10/dist-packages/interface/interface_s__rosidl_typesupport_fastrtps_c.cpython-310-x86_64-linux-gnu.so" to ""
[3.801s] -- Installing: /home/fxck/work/install/interface/local/lib/python3.10/dist-packages/interface/interface_s__rosidl_typesupport_introspection_c.cpython-310-x86_64-linux-gnu.so
[3.801s] -- Set runtime path of "/home/fxck/work/install/interface/local/lib/python3.10/dist-packages/interface/interface_s__rosidl_typesupport_introspection_c.cpython-310-x86_64-linux-gnu.so" to ""
[3.801s] -- Installing: /home/fxck/work/install/interface/local/lib/python3.10/dist-packages/interface/interface_s__rosidl_typesupport_c.cpython-310-x86_64-linux-gnu.so
[3.802s] -- Set runtime path of "/home/fxck/work/install/interface/local/lib/python3.10/dist-packages/interface/interface_s__rosidl_typesupport_c.cpython-310-x86_64-linux-gnu.so" to ""
[3.802s] -- Installing: /home/fxck/work/install/interface/lib/libinterface__rosidl_generator_py.so
[3.802s] -- Set runtime path of "/home/fxck/work/install/interface/lib/libinterface__rosidl_generator_py.so" to ""
[3.802s] -- Installing: /home/fxck/work/install/interface/share/interface/srv/Maincontroller.idl
[3.802s] -- Installing: /home/fxck/work/install/interface/share/interface/srv/Maincontroller.srv
[3.803s] -- Installing: /home/fxck/work/install/interface/share/interface/srv/Maincontroller_Request.msg
[3.803s] -- Installing: /home/fxck/work/install/interface/share/interface/srv/Maincontroller_Response.msg
[3.803s] -- Installing: /home/fxck/work/install/interface/share/ament_index/resource_index/package_run_dependencies/interface
[3.803s] -- Installing: /home/fxck/work/install/interface/share/ament_index/resource_index/parent_prefix_path/interface
[3.803s] -- Installing: /home/fxck/work/install/interface/share/interface/environment/ament_prefix_path.sh
[3.804s] -- Installing: /home/fxck/work/install/interface/share/interface/environment/ament_prefix_path.dsv
[3.804s] -- Installing: /home/fxck/work/install/interface/share/interface/environment/path.sh
[3.804s] -- Installing: /home/fxck/work/install/interface/share/interface/environment/path.dsv
[3.804s] -- Installing: /home/fxck/work/install/interface/share/interface/local_setup.bash
[3.804s] -- Installing: /home/fxck/work/install/interface/share/interface/local_setup.sh
[3.804s] -- Installing: /home/fxck/work/install/interface/share/interface/local_setup.zsh
[3.804s] -- Installing: /home/fxck/work/install/interface/share/interface/local_setup.dsv
[3.805s] -- Installing: /home/fxck/work/install/interface/share/interface/package.dsv
[3.805s] -- Installing: /home/fxck/work/install/interface/share/ament_index/resource_index/packages/interface
[3.805s] -- Installing: /home/fxck/work/install/interface/share/interface/cmake/export_interface__rosidl_generator_cExport.cmake
[3.805s] -- Installing: /home/fxck/work/install/interface/share/interface/cmake/export_interface__rosidl_generator_cExport-noconfig.cmake
[3.805s] -- Installing: /home/fxck/work/install/interface/share/interface/cmake/export_interface__rosidl_typesupport_fastrtps_cExport.cmake
[3.806s] -- Installing: /home/fxck/work/install/interface/share/interface/cmake/export_interface__rosidl_typesupport_fastrtps_cExport-noconfig.cmake
[3.806s] -- Installing: /home/fxck/work/install/interface/share/interface/cmake/export_interface__rosidl_generator_cppExport.cmake
[3.806s] -- Installing: /home/fxck/work/install/interface/share/interface/cmake/export_interface__rosidl_typesupport_fastrtps_cppExport.cmake
[3.806s] -- Installing: /home/fxck/work/install/interface/share/interface/cmake/export_interface__rosidl_typesupport_fastrtps_cppExport-noconfig.cmake
[3.806s] -- Installing: /home/fxck/work/install/interface/share/interface/cmake/interface__rosidl_typesupport_introspection_cExport.cmake
[3.806s] -- Installing: /home/fxck/work/install/interface/share/interface/cmake/interface__rosidl_typesupport_introspection_cExport-noconfig.cmake
[3.807s] -- Installing: /home/fxck/work/install/interface/share/interface/cmake/interface__rosidl_typesupport_cExport.cmake
[3.807s] -- Installing: /home/fxck/work/install/interface/share/interface/cmake/interface__rosidl_typesupport_cExport-noconfig.cmake
[3.807s] -- Installing: /home/fxck/work/install/interface/share/interface/cmake/interface__rosidl_typesupport_introspection_cppExport.cmake
[3.807s] -- Installing: /home/fxck/work/install/interface/share/interface/cmake/interface__rosidl_typesupport_introspection_cppExport-noconfig.cmake
[3.807s] -- Installing: /home/fxck/work/install/interface/share/interface/cmake/interface__rosidl_typesupport_cppExport.cmake
[3.807s] -- Installing: /home/fxck/work/install/interface/share/interface/cmake/interface__rosidl_typesupport_cppExport-noconfig.cmake
[3.808s] -- Installing: /home/fxck/work/install/interface/share/interface/cmake/export_interface__rosidl_generator_pyExport.cmake
[3.808s] -- Installing: /home/fxck/work/install/interface/share/interface/cmake/export_interface__rosidl_generator_pyExport-noconfig.cmake
[3.808s] -- Installing: /home/fxck/work/install/interface/share/interface/cmake/rosidl_cmake-extras.cmake
[3.808s] -- Installing: /home/fxck/work/install/interface/share/interface/cmake/ament_cmake_export_dependencies-extras.cmake
[3.808s] -- Installing: /home/fxck/work/install/interface/share/interface/cmake/ament_cmake_export_include_directories-extras.cmake
[3.808s] -- Installing: /home/fxck/work/install/interface/share/interface/cmake/ament_cmake_export_libraries-extras.cmake
[3.809s] -- Installing: /home/fxck/work/install/interface/share/interface/cmake/ament_cmake_export_targets-extras.cmake
[3.809s] -- Installing: /home/fxck/work/install/interface/share/interface/cmake/rosidl_cmake_export_typesupport_targets-extras.cmake
[3.809s] -- Installing: /home/fxck/work/install/interface/share/interface/cmake/rosidl_cmake_export_typesupport_libraries-extras.cmake
[3.809s] -- Installing: /home/fxck/work/install/interface/share/interface/cmake/interfaceConfig.cmake
[3.809s] -- Installing: /home/fxck/work/install/interface/share/interface/cmake/interfaceConfig-version.cmake
[3.809s] -- Installing: /home/fxck/work/install/interface/share/interface/package.xml
[3.960s] Invoked command in '/home/fxck/work/build/interface' returned '0': CMAKE_PREFIX_PATH=${CMAKE_PREFIX_PATH}:/home/fxck/work/install/main_control:/home/fxck/work/install/gui:/opt/ros/humble /usr/bin/cmake --install /home/fxck/work/build/interface
