[0.862s] Invoking command in '/home/aa/work/src/pallet/pallet_main': PYTHONPATH=/home/aa/work/build/pallet_main/prefix_override:/usr/lib/python3/dist-packages/colcon_core/task/python/colcon_distutils_commands:/home/aa/work/install/pallet_main/lib/python3.10/site-packages:${PYTHONPATH} /usr/bin/python3 -W ignore:setup.py install is deprecated -W ignore:easy_install command is deprecated setup.py egg_info --egg-base ../../../build/pallet_main build --build-base /home/aa/work/build/pallet_main/build install --record /home/aa/work/build/pallet_main/install.log --single-version-externally-managed install_data
[1.099s] running egg_info
[1.099s] creating ../../../build/pallet_main/pallet_main.egg-info
[1.099s] writing ../../../build/pallet_main/pallet_main.egg-info/PKG-INFO
[1.100s] writing dependency_links to ../../../build/pallet_main/pallet_main.egg-info/dependency_links.txt
[1.100s] writing entry points to ../../../build/pallet_main/pallet_main.egg-info/entry_points.txt
[1.100s] writing requirements to ../../../build/pallet_main/pallet_main.egg-info/requires.txt
[1.100s] writing top-level names to ../../../build/pallet_main/pallet_main.egg-info/top_level.txt
[1.100s] writing manifest file '../../../build/pallet_main/pallet_main.egg-info/SOURCES.txt'
[1.101s] reading manifest file '../../../build/pallet_main/pallet_main.egg-info/SOURCES.txt'
[1.102s] writing manifest file '../../../build/pallet_main/pallet_main.egg-info/SOURCES.txt'
[1.102s] running build
[1.102s] running build_py
[1.102s] creating /home/aa/work/build/pallet_main/build
[1.102s] creating /home/aa/work/build/pallet_main/build/lib
[1.102s] creating /home/aa/work/build/pallet_main/build/lib/pallet_main
[1.102s] copying pallet_main/GetBox.py -> /home/aa/work/build/pallet_main/build/lib/pallet_main
[1.102s] copying pallet_main/Getbox_python.py -> /home/aa/work/build/pallet_main/build/lib/pallet_main
[1.102s] copying pallet_main/handcamera.py -> /home/aa/work/build/pallet_main/build/lib/pallet_main
[1.102s] copying pallet_main/PalletMain.py -> /home/aa/work/build/pallet_main/build/lib/pallet_main
[1.102s] copying pallet_main/__init__.py -> /home/aa/work/build/pallet_main/build/lib/pallet_main
[1.102s] running install
[1.103s] running install_lib
[1.103s] creating /home/aa/work/install/pallet_main/lib/python3.10/site-packages/pallet_main
[1.103s] copying /home/aa/work/build/pallet_main/build/lib/pallet_main/GetBox.py -> /home/aa/work/install/pallet_main/lib/python3.10/site-packages/pallet_main
[1.103s] copying /home/aa/work/build/pallet_main/build/lib/pallet_main/Getbox_python.py -> /home/aa/work/install/pallet_main/lib/python3.10/site-packages/pallet_main
[1.103s] copying /home/aa/work/build/pallet_main/build/lib/pallet_main/handcamera.py -> /home/aa/work/install/pallet_main/lib/python3.10/site-packages/pallet_main
[1.103s] copying /home/aa/work/build/pallet_main/build/lib/pallet_main/PalletMain.py -> /home/aa/work/install/pallet_main/lib/python3.10/site-packages/pallet_main
[1.104s] copying /home/aa/work/build/pallet_main/build/lib/pallet_main/__init__.py -> /home/aa/work/install/pallet_main/lib/python3.10/site-packages/pallet_main
[1.104s] byte-compiling /home/aa/work/install/pallet_main/lib/python3.10/site-packages/pallet_main/GetBox.py to GetBox.cpython-310.pyc
[1.104s] byte-compiling /home/aa/work/install/pallet_main/lib/python3.10/site-packages/pallet_main/Getbox_python.py to Getbox_python.cpython-310.pyc
[1.105s] byte-compiling /home/aa/work/install/pallet_main/lib/python3.10/site-packages/pallet_main/handcamera.py to handcamera.cpython-310.pyc
[1.105s] byte-compiling /home/aa/work/install/pallet_main/lib/python3.10/site-packages/pallet_main/PalletMain.py to PalletMain.cpython-310.pyc
[1.106s] byte-compiling /home/aa/work/install/pallet_main/lib/python3.10/site-packages/pallet_main/__init__.py to __init__.cpython-310.pyc
[1.106s] running install_data
[1.106s] creating /home/aa/work/install/pallet_main/share/ament_index
[1.106s] creating /home/aa/work/install/pallet_main/share/ament_index/resource_index
[1.106s] creating /home/aa/work/install/pallet_main/share/ament_index/resource_index/packages
[1.106s] copying resource/pallet_main -> /home/aa/work/install/pallet_main/share/ament_index/resource_index/packages
[1.106s] copying package.xml -> /home/aa/work/install/pallet_main/share/pallet_main
[1.106s] running install_egg_info
[1.108s] Copying ../../../build/pallet_main/pallet_main.egg-info to /home/aa/work/install/pallet_main/lib/python3.10/site-packages/pallet_main-0.0.0-py3.10.egg-info
[1.108s] running install_scripts
[1.125s] Installing GetBox script to /home/aa/work/install/pallet_main/lib/pallet_main
[1.125s] Installing PalletMain script to /home/aa/work/install/pallet_main/lib/pallet_main
[1.125s] Installing handcamera script to /home/aa/work/install/pallet_main/lib/pallet_main
[1.125s] writing list of installed files to '/home/aa/work/build/pallet_main/install.log'
[1.151s] Invoked command in '/home/aa/work/src/pallet/pallet_main' returned '0': PYTHONPATH=/home/aa/work/build/pallet_main/prefix_override:/usr/lib/python3/dist-packages/colcon_core/task/python/colcon_distutils_commands:/home/aa/work/install/pallet_main/lib/python3.10/site-packages:${PYTHONPATH} /usr/bin/python3 -W ignore:setup.py install is deprecated -W ignore:easy_install command is deprecated setup.py egg_info --egg-base ../../../build/pallet_main build --build-base /home/aa/work/build/pallet_main/build install --record /home/aa/work/build/pallet_main/install.log --single-version-externally-managed install_data
