[0.274s] Invoking command in '/home/eating/work/build/linear_move': CMAKE_PREFIX_PATH=/opt/ros/humble /usr/bin/cmake /home/eating/work/src/linear_move -DCMAKE_INSTALL_PREFIX=/home/eating/work/install/linear_move
[0.344s] -- The C compiler identification is GNU 11.4.0
[0.422s] -- The CXX compiler identification is GNU 11.4.0
[0.431s] -- Detecting C compiler ABI info
[0.516s] -- Detecting C compiler ABI info - done
[0.529s] -- Check for working C compiler: /usr/bin/cc - skipped
[0.530s] -- Detecting C compile features
[0.531s] -- Detecting C compile features - done
[0.537s] -- Detecting CXX compiler ABI info
[0.640s] -- Detecting CXX compiler ABI info - done
[0.655s] -- Check for working CXX compiler: /usr/bin/c++ - skipped
[0.656s] -- Detecting CXX compile features
[0.656s] -- Detecting CXX compile features - done
[0.662s] -- Found ament_cmake: 1.3.11 (/opt/ros/humble/share/ament_cmake/cmake)
[0.888s] -- Found Python3: /usr/bin/python3 (found version "3.10.12") found components: Interpreter 
[1.009s] -- Found rclcpp: 16.0.12 (/opt/ros/humble/share/rclcpp/cmake)
[1.071s] -- Found rosidl_generator_c: 3.1.6 (/opt/ros/humble/share/rosidl_generator_c/cmake)
[1.078s] -- Found rosidl_adapter: 3.1.6 (/opt/ros/humble/share/rosidl_adapter/cmake)
[1.091s] -- Found rosidl_generator_cpp: 3.1.6 (/opt/ros/humble/share/rosidl_generator_cpp/cmake)
[1.111s] -- Using all available rosidl_typesupport_c: rosidl_typesupport_fastrtps_c;rosidl_typesupport_introspection_c
[1.138s] -- Using all available rosidl_typesupport_cpp: rosidl_typesupport_fastrtps_cpp;rosidl_typesupport_introspection_cpp
[1.221s] -- Found rmw_implementation_cmake: 6.1.2 (/opt/ros/humble/share/rmw_implementation_cmake/cmake)
[1.227s] -- Found rmw_cyclonedds_cpp: 1.3.4 (/opt/ros/humble/share/rmw_cyclonedds_cpp/cmake)
[1.276s] -- Using RMW implementation 'rmw_cyclonedds_cpp' as default
[1.293s] -- Looking for pthread.h
[1.402s] -- Looking for pthread.h - found
[1.402s] -- Performing Test CMAKE_HAVE_LIBC_PTHREAD
[1.496s] -- Performing Test CMAKE_HAVE_LIBC_PTHREAD - Success
[1.497s] -- Found Threads: TRUE  
[1.587s] -- Found ament_lint_auto: 0.12.12 (/opt/ros/humble/share/ament_lint_auto/cmake)
[1.697s] -- Added test 'cppcheck' to perform static code analysis on C / C++ code
[1.697s] -- Configured cppcheck include dirs: /home/eating/work/src/linear_move/include
[1.697s] -- Configured cppcheck exclude dirs and/or files: 
[1.699s] -- Added test 'lint_cmake' to check CMake code style
[1.700s] -- Added test 'uncrustify' to check C / C++ code style
[1.700s] -- Configured uncrustify additional arguments: 
[1.701s] -- Added test 'xmllint' to check XML markup files
[1.703s] -- Configuring done
[1.721s] -- Generating done
[1.725s] -- Build files have been written to: /home/eating/work/build/linear_move
[1.744s] Invoked command in '/home/eating/work/build/linear_move' returned '0': CMAKE_PREFIX_PATH=/opt/ros/humble /usr/bin/cmake /home/eating/work/src/linear_move -DCMAKE_INSTALL_PREFIX=/home/eating/work/install/linear_move
[1.744s] Invoking command in '/home/eating/work/build/linear_move': CMAKE_PREFIX_PATH=/opt/ros/humble /usr/bin/cmake --build /home/eating/work/build/linear_move -- -j8 -l8
[1.798s] [ 50%] [32mBuilding CXX object CMakeFiles/slide.dir/src/slide.cpp.o[0m
[19.555s] [100%] [32m[1mLinking CXX executable slide[0m
[19.925s] [100%] Built target slide
[19.935s] Invoked command in '/home/eating/work/build/linear_move' returned '0': CMAKE_PREFIX_PATH=/opt/ros/humble /usr/bin/cmake --build /home/eating/work/build/linear_move -- -j8 -l8
[19.936s] Invoking command in '/home/eating/work/build/linear_move': CMAKE_PREFIX_PATH=/opt/ros/humble /usr/bin/cmake --install /home/eating/work/build/linear_move
[19.942s] -- Install configuration: ""
[19.943s] -- Installing: /home/eating/work/install/linear_move/lib/linear_move/slide
[19.946s] -- Set runtime path of "/home/eating/work/install/linear_move/lib/linear_move/slide" to ""
[19.946s] -- Installing: /home/eating/work/install/linear_move/share/ament_index/resource_index/package_run_dependencies/linear_move
[19.946s] -- Installing: /home/eating/work/install/linear_move/share/ament_index/resource_index/parent_prefix_path/linear_move
[19.946s] -- Installing: /home/eating/work/install/linear_move/share/linear_move/environment/ament_prefix_path.sh
[19.946s] -- Installing: /home/eating/work/install/linear_move/share/linear_move/environment/ament_prefix_path.dsv
[19.946s] -- Installing: /home/eating/work/install/linear_move/share/linear_move/environment/path.sh
[19.947s] -- Installing: /home/eating/work/install/linear_move/share/linear_move/environment/path.dsv
[19.947s] -- Installing: /home/eating/work/install/linear_move/share/linear_move/local_setup.bash
[19.947s] -- Installing: /home/eating/work/install/linear_move/share/linear_move/local_setup.sh
[19.947s] -- Installing: /home/eating/work/install/linear_move/share/linear_move/local_setup.zsh
[19.948s] -- Installing: /home/eating/work/install/linear_move/share/linear_move/local_setup.dsv
[19.948s] -- Installing: /home/eating/work/install/linear_move/share/linear_move/package.dsv
[19.948s] -- Installing: /home/eating/work/install/linear_move/share/ament_index/resource_index/packages/linear_move
[19.949s] -- Installing: /home/eating/work/install/linear_move/share/linear_move/cmake/linear_moveConfig.cmake
[19.949s] -- Installing: /home/eating/work/install/linear_move/share/linear_move/cmake/linear_moveConfig-version.cmake
[19.949s] -- Installing: /home/eating/work/install/linear_move/share/linear_move/package.xml
[19.951s] Invoked command in '/home/eating/work/build/linear_move' returned '0': CMAKE_PREFIX_PATH=/opt/ros/humble /usr/bin/cmake --install /home/eating/work/build/linear_move
