[0.424s] Invoking command in '/home/eating/work/build/keyboard_control': CMAKE_PREFIX_PATH=${CMAKE_PREFIX_PATH}:/home/eating/work/install/pallet_main:/home/eating/work/install/main_control:/home/eating/work/install/gui:/home/eating/work/install/docking_pkg:/opt/ros/humble /usr/bin/cmake --build /home/eating/work/build/keyboard_control -- -j8 -l8
[0.525s] [100%] Built target main
[0.540s] Invoked command in '/home/eating/work/build/keyboard_control' returned '0': CMAKE_PREFIX_PATH=${CMAKE_PREFIX_PATH}:/home/eating/work/install/pallet_main:/home/eating/work/install/main_control:/home/eating/work/install/gui:/home/eating/work/install/docking_pkg:/opt/ros/humble /usr/bin/cmake --build /home/eating/work/build/keyboard_control -- -j8 -l8
[0.541s] Invoking command in '/home/eating/work/build/keyboard_control': CMAKE_PREFIX_PATH=${CMAKE_PREFIX_PATH}:/home/eating/work/install/pallet_main:/home/eating/work/install/main_control:/home/eating/work/install/gui:/home/eating/work/install/docking_pkg:/opt/ros/humble /usr/bin/cmake --install /home/eating/work/build/keyboard_control
[0.553s] -- Install configuration: ""
[0.554s] -- Up-to-date: /home/eating/work/install/keyboard_control/lib/keyboard_control/main
[0.554s] -- Up-to-date: /home/eating/work/install/keyboard_control/share/ament_index/resource_index/package_run_dependencies/keyboard_control
[0.555s] -- Up-to-date: /home/eating/work/install/keyboard_control/share/ament_index/resource_index/parent_prefix_path/keyboard_control
[0.555s] -- Up-to-date: /home/eating/work/install/keyboard_control/share/keyboard_control/environment/ament_prefix_path.sh
[0.555s] -- Up-to-date: /home/eating/work/install/keyboard_control/share/keyboard_control/environment/ament_prefix_path.dsv
[0.555s] -- Up-to-date: /home/eating/work/install/keyboard_control/share/keyboard_control/environment/path.sh
[0.556s] -- Up-to-date: /home/eating/work/install/keyboard_control/share/keyboard_control/environment/path.dsv
[0.556s] -- Up-to-date: /home/eating/work/install/keyboard_control/share/keyboard_control/local_setup.bash
[0.556s] -- Up-to-date: /home/eating/work/install/keyboard_control/share/keyboard_control/local_setup.sh
[0.557s] -- Up-to-date: /home/eating/work/install/keyboard_control/share/keyboard_control/local_setup.zsh
[0.557s] -- Up-to-date: /home/eating/work/install/keyboard_control/share/keyboard_control/local_setup.dsv
[0.557s] -- Installing: /home/eating/work/install/keyboard_control/share/keyboard_control/package.dsv
[0.558s] -- Up-to-date: /home/eating/work/install/keyboard_control/share/ament_index/resource_index/packages/keyboard_control
[0.558s] -- Up-to-date: /home/eating/work/install/keyboard_control/share/keyboard_control/cmake/keyboard_controlConfig.cmake
[0.558s] -- Up-to-date: /home/eating/work/install/keyboard_control/share/keyboard_control/cmake/keyboard_controlConfig-version.cmake
[0.558s] -- Up-to-date: /home/eating/work/install/keyboard_control/share/keyboard_control/package.xml
[0.598s] Invoked command in '/home/eating/work/build/keyboard_control' returned '0': CMAKE_PREFIX_PATH=${CMAKE_PREFIX_PATH}:/home/eating/work/install/pallet_main:/home/eating/work/install/main_control:/home/eating/work/install/gui:/home/eating/work/install/docking_pkg:/opt/ros/humble /usr/bin/cmake --install /home/eating/work/build/keyboard_control
