[  3%] Built target gui_interface__cpp
[ 12%] Built target gui_interface__rosidl_generator_c
[ 12%] Built target ament_cmake_python_copy_gui_interface
[ 22%] Built target gui_interface__rosidl_typesupport_cpp
[ 32%] Built target gui_interface__rosidl_typesupport_fastrtps_cpp
[ 41%] Built target gui_interface__rosidl_typesupport_introspection_cpp
[ 51%] Built target gui_interface__rosidl_typesupport_fastrtps_c
[ 61%] Built target gui_interface__rosidl_typesupport_introspection_c
[ 70%] Built target gui_interface__rosidl_typesupport_c
[ 70%] Built target gui_interface
[ 74%] Built target gui_interface__py
[ 80%] Built target gui_interface__rosidl_generator_py
[ 87%] Built target gui_interface__rosidl_typesupport_c__pyext
[ 93%] Built target gui_interface__rosidl_typesupport_introspection_c__pyext
[100%] Built target gui_interface__rosidl_typesupport_fastrtps_c__pyext
running egg_info
writing gui_interface.egg-info/PKG-INFO
writing dependency_links to gui_interface.egg-info/dependency_links.txt
writing top-level names to gui_interface.egg-info/top_level.txt
reading manifest file 'gui_interface.egg-info/SOURCES.txt'
writing manifest file 'gui_interface.egg-info/SOURCES.txt'
[100%] Built target ament_cmake_python_build_gui_interface_egg
-- Install configuration: ""
-- Up-to-date: /home/eating/work/install/gui_interface/share/ament_index/resource_index/rosidl_interfaces/gui_interface
-- Up-to-date: /home/eating/work/install/gui_interface/include/gui_interface/gui_interface
-- Up-to-date: /home/eating/work/install/gui_interface/include/gui_interface/gui_interface/msg
-- Up-to-date: /home/eating/work/install/gui_interface/include/gui_interface/gui_interface/msg/rosidl_generator_c__visibility_control.h
-- Up-to-date: /home/eating/work/install/gui_interface/include/gui_interface/gui_interface/srv
-- Up-to-date: /home/eating/work/install/gui_interface/include/gui_interface/gui_interface/srv/detail
-- Up-to-date: /home/eating/work/install/gui_interface/include/gui_interface/gui_interface/srv/detail/taskcmd__struct.h
-- Up-to-date: /home/eating/work/install/gui_interface/include/gui_interface/gui_interface/srv/detail/taskcmd__type_support.h
-- Up-to-date: /home/eating/work/install/gui_interface/include/gui_interface/gui_interface/srv/detail/taskcmd__functions.h
-- Up-to-date: /home/eating/work/install/gui_interface/include/gui_interface/gui_interface/srv/detail/taskcmd__functions.c
-- Up-to-date: /home/eating/work/install/gui_interface/include/gui_interface/gui_interface/srv/taskcmd.h
-- Up-to-date: /home/eating/work/install/gui_interface/share/gui_interface/environment/library_path.sh
-- Up-to-date: /home/eating/work/install/gui_interface/share/gui_interface/environment/library_path.dsv
-- Up-to-date: /home/eating/work/install/gui_interface/lib/libgui_interface__rosidl_generator_c.so
-- Up-to-date: /home/eating/work/install/gui_interface/include/gui_interface/gui_interface
-- Up-to-date: /home/eating/work/install/gui_interface/include/gui_interface/gui_interface/msg
-- Up-to-date: /home/eating/work/install/gui_interface/include/gui_interface/gui_interface/msg/rosidl_typesupport_fastrtps_c__visibility_control.h
-- Up-to-date: /home/eating/work/install/gui_interface/include/gui_interface/gui_interface/srv
-- Up-to-date: /home/eating/work/install/gui_interface/include/gui_interface/gui_interface/srv/detail
-- Up-to-date: /home/eating/work/install/gui_interface/include/gui_interface/gui_interface/srv/detail/taskcmd__rosidl_typesupport_fastrtps_c.h
-- Up-to-date: /home/eating/work/install/gui_interface/lib/libgui_interface__rosidl_typesupport_fastrtps_c.so
-- Up-to-date: /home/eating/work/install/gui_interface/include/gui_interface/gui_interface
-- Up-to-date: /home/eating/work/install/gui_interface/include/gui_interface/gui_interface/msg
-- Up-to-date: /home/eating/work/install/gui_interface/include/gui_interface/gui_interface/msg/rosidl_generator_cpp__visibility_control.hpp
-- Up-to-date: /home/eating/work/install/gui_interface/include/gui_interface/gui_interface/srv
-- Up-to-date: /home/eating/work/install/gui_interface/include/gui_interface/gui_interface/srv/taskcmd.hpp
-- Up-to-date: /home/eating/work/install/gui_interface/include/gui_interface/gui_interface/srv/detail
-- Up-to-date: /home/eating/work/install/gui_interface/include/gui_interface/gui_interface/srv/detail/taskcmd__struct.hpp
-- Up-to-date: /home/eating/work/install/gui_interface/include/gui_interface/gui_interface/srv/detail/taskcmd__builder.hpp
-- Up-to-date: /home/eating/work/install/gui_interface/include/gui_interface/gui_interface/srv/detail/taskcmd__type_support.hpp
-- Up-to-date: /home/eating/work/install/gui_interface/include/gui_interface/gui_interface/srv/detail/taskcmd__traits.hpp
-- Up-to-date: /home/eating/work/install/gui_interface/include/gui_interface/gui_interface
-- Up-to-date: /home/eating/work/install/gui_interface/include/gui_interface/gui_interface/msg
-- Up-to-date: /home/eating/work/install/gui_interface/include/gui_interface/gui_interface/msg/rosidl_typesupport_fastrtps_cpp__visibility_control.h
-- Up-to-date: /home/eating/work/install/gui_interface/include/gui_interface/gui_interface/srv
-- Up-to-date: /home/eating/work/install/gui_interface/include/gui_interface/gui_interface/srv/detail
-- Up-to-date: /home/eating/work/install/gui_interface/include/gui_interface/gui_interface/srv/detail/dds_fastrtps
-- Up-to-date: /home/eating/work/install/gui_interface/include/gui_interface/gui_interface/srv/detail/taskcmd__rosidl_typesupport_fastrtps_cpp.hpp
-- Up-to-date: /home/eating/work/install/gui_interface/lib/libgui_interface__rosidl_typesupport_fastrtps_cpp.so
-- Up-to-date: /home/eating/work/install/gui_interface/include/gui_interface/gui_interface
-- Up-to-date: /home/eating/work/install/gui_interface/include/gui_interface/gui_interface/msg
-- Up-to-date: /home/eating/work/install/gui_interface/include/gui_interface/gui_interface/msg/rosidl_typesupport_introspection_c__visibility_control.h
-- Up-to-date: /home/eating/work/install/gui_interface/include/gui_interface/gui_interface/srv
-- Up-to-date: /home/eating/work/install/gui_interface/include/gui_interface/gui_interface/srv/detail
-- Up-to-date: /home/eating/work/install/gui_interface/include/gui_interface/gui_interface/srv/detail/taskcmd__type_support.c
-- Up-to-date: /home/eating/work/install/gui_interface/include/gui_interface/gui_interface/srv/detail/taskcmd__rosidl_typesupport_introspection_c.h
-- Up-to-date: /home/eating/work/install/gui_interface/lib/libgui_interface__rosidl_typesupport_introspection_c.so
-- Up-to-date: /home/eating/work/install/gui_interface/lib/libgui_interface__rosidl_typesupport_c.so
-- Up-to-date: /home/eating/work/install/gui_interface/include/gui_interface/gui_interface
-- Up-to-date: /home/eating/work/install/gui_interface/include/gui_interface/gui_interface/srv
-- Up-to-date: /home/eating/work/install/gui_interface/include/gui_interface/gui_interface/srv/detail
-- Up-to-date: /home/eating/work/install/gui_interface/include/gui_interface/gui_interface/srv/detail/taskcmd__rosidl_typesupport_introspection_cpp.hpp
-- Up-to-date: /home/eating/work/install/gui_interface/include/gui_interface/gui_interface/srv/detail/taskcmd__type_support.cpp
-- Up-to-date: /home/eating/work/install/gui_interface/lib/libgui_interface__rosidl_typesupport_introspection_cpp.so
-- Up-to-date: /home/eating/work/install/gui_interface/lib/libgui_interface__rosidl_typesupport_cpp.so
-- Up-to-date: /home/eating/work/install/gui_interface/share/gui_interface/environment/pythonpath.sh
-- Up-to-date: /home/eating/work/install/gui_interface/share/gui_interface/environment/pythonpath.dsv
-- Up-to-date: /home/eating/work/install/gui_interface/local/lib/python3.10/dist-packages/gui_interface-0.0.0-py3.10.egg-info
-- Installing: /home/eating/work/install/gui_interface/local/lib/python3.10/dist-packages/gui_interface-0.0.0-py3.10.egg-info/top_level.txt
-- Installing: /home/eating/work/install/gui_interface/local/lib/python3.10/dist-packages/gui_interface-0.0.0-py3.10.egg-info/SOURCES.txt
-- Installing: /home/eating/work/install/gui_interface/local/lib/python3.10/dist-packages/gui_interface-0.0.0-py3.10.egg-info/dependency_links.txt
-- Installing: /home/eating/work/install/gui_interface/local/lib/python3.10/dist-packages/gui_interface-0.0.0-py3.10.egg-info/PKG-INFO
-- Up-to-date: /home/eating/work/install/gui_interface/local/lib/python3.10/dist-packages/gui_interface
-- Up-to-date: /home/eating/work/install/gui_interface/local/lib/python3.10/dist-packages/gui_interface/__init__.py
-- Up-to-date: /home/eating/work/install/gui_interface/local/lib/python3.10/dist-packages/gui_interface/gui_interface_s__rosidl_typesupport_c.cpython-310-x86_64-linux-gnu.so
-- Up-to-date: /home/eating/work/install/gui_interface/local/lib/python3.10/dist-packages/gui_interface/_gui_interface_s.ep.rosidl_typesupport_fastrtps_c.c
-- Up-to-date: /home/eating/work/install/gui_interface/local/lib/python3.10/dist-packages/gui_interface/_gui_interface_s.ep.rosidl_typesupport_c.c
-- Up-to-date: /home/eating/work/install/gui_interface/local/lib/python3.10/dist-packages/gui_interface/gui_interface_s__rosidl_typesupport_introspection_c.cpython-310-x86_64-linux-gnu.so
-- Up-to-date: /home/eating/work/install/gui_interface/local/lib/python3.10/dist-packages/gui_interface/srv
-- Up-to-date: /home/eating/work/install/gui_interface/local/lib/python3.10/dist-packages/gui_interface/srv/__init__.py
-- Up-to-date: /home/eating/work/install/gui_interface/local/lib/python3.10/dist-packages/gui_interface/srv/_taskcmd.py
-- Up-to-date: /home/eating/work/install/gui_interface/local/lib/python3.10/dist-packages/gui_interface/srv/_taskcmd_s.c
-- Up-to-date: /home/eating/work/install/gui_interface/local/lib/python3.10/dist-packages/gui_interface/libgui_interface__rosidl_generator_py.so
-- Up-to-date: /home/eating/work/install/gui_interface/local/lib/python3.10/dist-packages/gui_interface/gui_interface_s__rosidl_typesupport_fastrtps_c.cpython-310-x86_64-linux-gnu.so
-- Up-to-date: /home/eating/work/install/gui_interface/local/lib/python3.10/dist-packages/gui_interface/_gui_interface_s.ep.rosidl_typesupport_introspection_c.c
Listing '/home/eating/work/install/gui_interface/local/lib/python3.10/dist-packages/gui_interface'...
Listing '/home/eating/work/install/gui_interface/local/lib/python3.10/dist-packages/gui_interface/srv'...
-- Up-to-date: /home/eating/work/install/gui_interface/local/lib/python3.10/dist-packages/gui_interface/gui_interface_s__rosidl_typesupport_fastrtps_c.cpython-310-x86_64-linux-gnu.so
-- Up-to-date: /home/eating/work/install/gui_interface/local/lib/python3.10/dist-packages/gui_interface/gui_interface_s__rosidl_typesupport_introspection_c.cpython-310-x86_64-linux-gnu.so
-- Up-to-date: /home/eating/work/install/gui_interface/local/lib/python3.10/dist-packages/gui_interface/gui_interface_s__rosidl_typesupport_c.cpython-310-x86_64-linux-gnu.so
-- Up-to-date: /home/eating/work/install/gui_interface/lib/libgui_interface__rosidl_generator_py.so
-- Up-to-date: /home/eating/work/install/gui_interface/share/gui_interface/srv/Taskcmd.idl
-- Up-to-date: /home/eating/work/install/gui_interface/share/gui_interface/srv/Taskcmd.srv
-- Up-to-date: /home/eating/work/install/gui_interface/share/gui_interface/srv/Taskcmd_Request.msg
-- Up-to-date: /home/eating/work/install/gui_interface/share/gui_interface/srv/Taskcmd_Response.msg
-- Up-to-date: /home/eating/work/install/gui_interface/share/ament_index/resource_index/package_run_dependencies/gui_interface
-- Up-to-date: /home/eating/work/install/gui_interface/share/ament_index/resource_index/parent_prefix_path/gui_interface
-- Up-to-date: /home/eating/work/install/gui_interface/share/gui_interface/environment/ament_prefix_path.sh
-- Up-to-date: /home/eating/work/install/gui_interface/share/gui_interface/environment/ament_prefix_path.dsv
-- Up-to-date: /home/eating/work/install/gui_interface/share/gui_interface/environment/path.sh
-- Up-to-date: /home/eating/work/install/gui_interface/share/gui_interface/environment/path.dsv
-- Up-to-date: /home/eating/work/install/gui_interface/share/gui_interface/local_setup.bash
-- Up-to-date: /home/eating/work/install/gui_interface/share/gui_interface/local_setup.sh
-- Up-to-date: /home/eating/work/install/gui_interface/share/gui_interface/local_setup.zsh
-- Up-to-date: /home/eating/work/install/gui_interface/share/gui_interface/local_setup.dsv
-- Installing: /home/eating/work/install/gui_interface/share/gui_interface/package.dsv
-- Up-to-date: /home/eating/work/install/gui_interface/share/ament_index/resource_index/packages/gui_interface
-- Up-to-date: /home/eating/work/install/gui_interface/share/gui_interface/cmake/export_gui_interface__rosidl_generator_cExport.cmake
-- Up-to-date: /home/eating/work/install/gui_interface/share/gui_interface/cmake/export_gui_interface__rosidl_generator_cExport-noconfig.cmake
-- Up-to-date: /home/eating/work/install/gui_interface/share/gui_interface/cmake/export_gui_interface__rosidl_typesupport_fastrtps_cExport.cmake
-- Up-to-date: /home/eating/work/install/gui_interface/share/gui_interface/cmake/export_gui_interface__rosidl_typesupport_fastrtps_cExport-noconfig.cmake
-- Up-to-date: /home/eating/work/install/gui_interface/share/gui_interface/cmake/export_gui_interface__rosidl_generator_cppExport.cmake
-- Up-to-date: /home/eating/work/install/gui_interface/share/gui_interface/cmake/export_gui_interface__rosidl_typesupport_fastrtps_cppExport.cmake
-- Up-to-date: /home/eating/work/install/gui_interface/share/gui_interface/cmake/export_gui_interface__rosidl_typesupport_fastrtps_cppExport-noconfig.cmake
-- Up-to-date: /home/eating/work/install/gui_interface/share/gui_interface/cmake/gui_interface__rosidl_typesupport_introspection_cExport.cmake
-- Up-to-date: /home/eating/work/install/gui_interface/share/gui_interface/cmake/gui_interface__rosidl_typesupport_introspection_cExport-noconfig.cmake
-- Up-to-date: /home/eating/work/install/gui_interface/share/gui_interface/cmake/gui_interface__rosidl_typesupport_cExport.cmake
-- Up-to-date: /home/eating/work/install/gui_interface/share/gui_interface/cmake/gui_interface__rosidl_typesupport_cExport-noconfig.cmake
-- Up-to-date: /home/eating/work/install/gui_interface/share/gui_interface/cmake/gui_interface__rosidl_typesupport_introspection_cppExport.cmake
-- Up-to-date: /home/eating/work/install/gui_interface/share/gui_interface/cmake/gui_interface__rosidl_typesupport_introspection_cppExport-noconfig.cmake
-- Up-to-date: /home/eating/work/install/gui_interface/share/gui_interface/cmake/gui_interface__rosidl_typesupport_cppExport.cmake
-- Up-to-date: /home/eating/work/install/gui_interface/share/gui_interface/cmake/gui_interface__rosidl_typesupport_cppExport-noconfig.cmake
-- Up-to-date: /home/eating/work/install/gui_interface/share/gui_interface/cmake/export_gui_interface__rosidl_generator_pyExport.cmake
-- Up-to-date: /home/eating/work/install/gui_interface/share/gui_interface/cmake/export_gui_interface__rosidl_generator_pyExport-noconfig.cmake
-- Up-to-date: /home/eating/work/install/gui_interface/share/gui_interface/cmake/rosidl_cmake-extras.cmake
-- Up-to-date: /home/eating/work/install/gui_interface/share/gui_interface/cmake/ament_cmake_export_dependencies-extras.cmake
-- Up-to-date: /home/eating/work/install/gui_interface/share/gui_interface/cmake/ament_cmake_export_include_directories-extras.cmake
-- Up-to-date: /home/eating/work/install/gui_interface/share/gui_interface/cmake/ament_cmake_export_libraries-extras.cmake
-- Up-to-date: /home/eating/work/install/gui_interface/share/gui_interface/cmake/ament_cmake_export_targets-extras.cmake
-- Up-to-date: /home/eating/work/install/gui_interface/share/gui_interface/cmake/rosidl_cmake_export_typesupport_targets-extras.cmake
-- Up-to-date: /home/eating/work/install/gui_interface/share/gui_interface/cmake/rosidl_cmake_export_typesupport_libraries-extras.cmake
-- Up-to-date: /home/eating/work/install/gui_interface/share/gui_interface/cmake/gui_interfaceConfig.cmake
-- Up-to-date: /home/eating/work/install/gui_interface/share/gui_interface/cmake/gui_interfaceConfig-version.cmake
-- Up-to-date: /home/eating/work/install/gui_interface/share/gui_interface/package.xml
