[0.032s] Invoking command in '/home/eating/work/build/timda_body_description': CMAKE_PREFIX_PATH=${CMAKE_PREFIX_PATH}:/home/eating/work/install/pallet_main:/home/eating/work/install/main_control:/home/eating/work/install/gui:/home/eating/work/install/docking_pkg:/opt/ros/humble /usr/bin/cmake /home/eating/work/src/timda_sim/timda_body_description -DCMAKE_INSTALL_PREFIX=/home/eating/work/install/timda_body_description
[0.127s] -- The C compiler identification is GNU 11.4.0
[0.225s] -- The CXX compiler identification is GNU 11.4.0
[0.236s] -- Detecting C compiler ABI info
[0.352s] -- Detecting C compiler ABI info - done
[0.355s] -- Check for working C compiler: /usr/bin/cc - skipped
[0.355s] -- Detecting C compile features
[0.355s] -- Detecting C compile features - done
[0.357s] -- Detecting CXX compiler ABI info
[0.539s] -- Detecting CXX compiler ABI info - done
[0.550s] -- Check for working CXX compiler: /usr/bin/c++ - skipped
[0.550s] -- Detecting CXX compile features
[0.551s] -- Detecting CXX compile features - done
[0.564s] -- Found ament_cmake: 1.3.11 (/opt/ros/humble/share/ament_cmake/cmake)
[1.060s] -- Found Python3: /usr/bin/python3 (found version "3.10.12") found components: Interpreter 
[1.300s] -- Found ament_lint_auto: 0.12.12 (/opt/ros/humble/share/ament_lint_auto/cmake)
[1.510s] -- Added test 'lint_cmake' to check CMake code style
[1.511s] -- Added test 'xmllint' to check XML markup files
[1.514s] -- Configuring done
[1.519s] -- Generating done
[1.527s] -- Build files have been written to: /home/eating/work/build/timda_body_description
[1.540s] Invoked command in '/home/eating/work/build/timda_body_description' returned '0': CMAKE_PREFIX_PATH=${CMAKE_PREFIX_PATH}:/home/eating/work/install/pallet_main:/home/eating/work/install/main_control:/home/eating/work/install/gui:/home/eating/work/install/docking_pkg:/opt/ros/humble /usr/bin/cmake /home/eating/work/src/timda_sim/timda_body_description -DCMAKE_INSTALL_PREFIX=/home/eating/work/install/timda_body_description
[1.541s] Invoking command in '/home/eating/work/build/timda_body_description': CMAKE_PREFIX_PATH=${CMAKE_PREFIX_PATH}:/home/eating/work/install/pallet_main:/home/eating/work/install/main_control:/home/eating/work/install/gui:/home/eating/work/install/docking_pkg:/opt/ros/humble /usr/bin/cmake --build /home/eating/work/build/timda_body_description -- -j8 -l8
[1.831s] Invoked command in '/home/eating/work/build/timda_body_description' returned '0': CMAKE_PREFIX_PATH=${CMAKE_PREFIX_PATH}:/home/eating/work/install/pallet_main:/home/eating/work/install/main_control:/home/eating/work/install/gui:/home/eating/work/install/docking_pkg:/opt/ros/humble /usr/bin/cmake --build /home/eating/work/build/timda_body_description -- -j8 -l8
[1.832s] Invoking command in '/home/eating/work/build/timda_body_description': CMAKE_PREFIX_PATH=${CMAKE_PREFIX_PATH}:/home/eating/work/install/pallet_main:/home/eating/work/install/main_control:/home/eating/work/install/gui:/home/eating/work/install/docking_pkg:/opt/ros/humble /usr/bin/cmake --install /home/eating/work/build/timda_body_description
[1.940s] -- Install configuration: ""
[1.940s] -- Installing: /home/eating/work/install/timda_body_description/share/timda_body_description/config
[1.940s] -- Installing: /home/eating/work/install/timda_body_description/share/timda_body_description/config/joint_names_timda_body.yaml
[1.940s] -- Installing: /home/eating/work/install/timda_body_description/share/timda_body_description/meshes
[1.940s] -- Installing: /home/eating/work/install/timda_body_description/share/timda_body_description/meshes/slide_left.STL
[1.941s] -- Installing: /home/eating/work/install/timda_body_description/share/timda_body_description/meshes/base_link.STL
[1.941s] -- Installing: /home/eating/work/install/timda_body_description/share/timda_body_description/meshes/slide_right.STL
[1.941s] -- Installing: /home/eating/work/install/timda_body_description/share/timda_body_description/urdf
[1.941s] -- Installing: /home/eating/work/install/timda_body_description/share/timda_body_description/urdf/timda_body.xacro
[1.941s] -- Installing: /home/eating/work/install/timda_body_description/share/timda_body_description/urdf/timda_body.gazebo.xacro
[1.941s] -- Installing: /home/eating/work/install/timda_body_description/share/ament_index/resource_index/package_run_dependencies/timda_body_description
[1.941s] -- Installing: /home/eating/work/install/timda_body_description/share/ament_index/resource_index/parent_prefix_path/timda_body_description
[1.941s] -- Installing: /home/eating/work/install/timda_body_description/share/timda_body_description/environment/ament_prefix_path.sh
[1.941s] -- Installing: /home/eating/work/install/timda_body_description/share/timda_body_description/environment/ament_prefix_path.dsv
[1.942s] -- Installing: /home/eating/work/install/timda_body_description/share/timda_body_description/environment/path.sh
[1.942s] -- Installing: /home/eating/work/install/timda_body_description/share/timda_body_description/environment/path.dsv
[1.942s] -- Installing: /home/eating/work/install/timda_body_description/share/timda_body_description/local_setup.bash
[1.942s] -- Installing: /home/eating/work/install/timda_body_description/share/timda_body_description/local_setup.sh
[1.942s] -- Installing: /home/eating/work/install/timda_body_description/share/timda_body_description/local_setup.zsh
[1.942s] -- Installing: /home/eating/work/install/timda_body_description/share/timda_body_description/local_setup.dsv
[1.942s] -- Installing: /home/eating/work/install/timda_body_description/share/timda_body_description/package.dsv
[1.942s] -- Installing: /home/eating/work/install/timda_body_description/share/ament_index/resource_index/packages/timda_body_description
[1.942s] -- Installing: /home/eating/work/install/timda_body_description/share/timda_body_description/cmake/timda_body_descriptionConfig.cmake
[1.942s] -- Installing: /home/eating/work/install/timda_body_description/share/timda_body_description/cmake/timda_body_descriptionConfig-version.cmake
[1.942s] -- Installing: /home/eating/work/install/timda_body_description/share/timda_body_description/package.xml
[1.979s] Invoked command in '/home/eating/work/build/timda_body_description' returned '0': CMAKE_PREFIX_PATH=${CMAKE_PREFIX_PATH}:/home/eating/work/install/pallet_main:/home/eating/work/install/main_control:/home/eating/work/install/gui:/home/eating/work/install/docking_pkg:/opt/ros/humble /usr/bin/cmake --install /home/eating/work/build/timda_body_description
