[0.673s] Invoking command in '/home/fxck/work/src/main_control/main_control': CMAKE_PREFIX_PATH=/home/fxck/work/install/interface:/home/fxck/work/install/gui_interface:/home/fxck/work/install/mecanum:/home/fxck/work/install/linear_move:/home/fxck/work/install/keyboard_control PYTHONPATH=/home/fxck/work/build/main_control/prefix_override:/usr/lib/python3/dist-packages/colcon_core/task/python/colcon_distutils_commands:/home/fxck/work/install/main_control/lib/python3.10/site-packages:${PYTHONPATH} /usr/bin/python3 -W ignore:setup.py install is deprecated -W ignore:easy_install command is deprecated setup.py egg_info --egg-base ../../../build/main_control build --build-base /home/fxck/work/build/main_control/build install --record /home/fxck/work/build/main_control/install.log --single-version-externally-managed install_data
[0.861s] running egg_info
[0.861s] writing ../../../build/main_control/main_control.egg-info/PKG-INFO
[0.862s] writing dependency_links to ../../../build/main_control/main_control.egg-info/dependency_links.txt
[0.862s] writing entry points to ../../../build/main_control/main_control.egg-info/entry_points.txt
[0.862s] writing requirements to ../../../build/main_control/main_control.egg-info/requires.txt
[0.862s] writing top-level names to ../../../build/main_control/main_control.egg-info/top_level.txt
[0.863s] reading manifest file '../../../build/main_control/main_control.egg-info/SOURCES.txt'
[0.864s] writing manifest file '../../../build/main_control/main_control.egg-info/SOURCES.txt'
[0.864s] running build
[0.864s] running build_py
[0.864s] copying main_control/main.py -> /home/fxck/work/build/main_control/build/lib/main_control
[0.864s] running install
[0.864s] running install_lib
[0.865s] copying /home/fxck/work/build/main_control/build/lib/main_control/main.py -> /home/fxck/work/install/main_control/lib/python3.10/site-packages/main_control
[0.865s] byte-compiling /home/fxck/work/install/main_control/lib/python3.10/site-packages/main_control/main.py to main.cpython-310.pyc
[0.866s] running install_data
[0.866s] running install_egg_info
[0.867s] removing '/home/fxck/work/install/main_control/lib/python3.10/site-packages/main_control-0.0.0-py3.10.egg-info' (and everything under it)
[0.867s] Copying ../../../build/main_control/main_control.egg-info to /home/fxck/work/install/main_control/lib/python3.10/site-packages/main_control-0.0.0-py3.10.egg-info
[0.868s] running install_scripts
[0.883s] Installing main script to /home/fxck/work/install/main_control/lib/main_control
[0.883s] writing list of installed files to '/home/fxck/work/build/main_control/install.log'
[0.902s] Invoked command in '/home/fxck/work/src/main_control/main_control' returned '0': CMAKE_PREFIX_PATH=/home/fxck/work/install/interface:/home/fxck/work/install/gui_interface:/home/fxck/work/install/mecanum:/home/fxck/work/install/linear_move:/home/fxck/work/install/keyboard_control PYTHONPATH=/home/fxck/work/build/main_control/prefix_override:/usr/lib/python3/dist-packages/colcon_core/task/python/colcon_distutils_commands:/home/fxck/work/install/main_control/lib/python3.10/site-packages:${PYTHONPATH} /usr/bin/python3 -W ignore:setup.py install is deprecated -W ignore:easy_install command is deprecated setup.py egg_info --egg-base ../../../build/main_control build --build-base /home/fxck/work/build/main_control/build install --record /home/fxck/work/build/main_control/install.log --single-version-externally-managed install_data
