[ 25%] [32mBuilding CXX object CMakeFiles/mobile_node.dir/src/mobile_node.cpp.o[0m
[ 50%] [32mBuilding CXX object CMakeFiles/mobile_node.dir/src/TimdaModbus.cpp.o[0m
[ 75%] [32mBuilding CXX object CMakeFiles/mobile_node.dir/src/Mecanum.cpp.o[0m
[100%] [32m[1mLinking CXX executable mobile_node[0m
[100%] Built target mobile_node
-- Install configuration: ""
-- Installing: /home/iclab/work/install/mecanum/include/mecanum
-- Installing: /home/iclab/work/install/mecanum/include/mecanum/TimdaModbus.h
-- Installing: /home/iclab/work/install/mecanum/include/mecanum/Mecanum.h
-- Installing: /home/iclab/work/install/mecanum/lib/mecanum/mobile_node
-- Set runtime path of "/home/iclab/work/install/mecanum/lib/mecanum/mobile_node" to ""
-- Installing: /home/iclab/work/install/mecanum/share/ament_index/resource_index/package_run_dependencies/mecanum
-- Installing: /home/iclab/work/install/mecanum/share/ament_index/resource_index/parent_prefix_path/mecanum
-- Installing: /home/iclab/work/install/mecanum/share/mecanum/environment/ament_prefix_path.sh
-- Installing: /home/iclab/work/install/mecanum/share/mecanum/environment/ament_prefix_path.dsv
-- Installing: /home/iclab/work/install/mecanum/share/mecanum/environment/path.sh
-- Installing: /home/iclab/work/install/mecanum/share/mecanum/environment/path.dsv
-- Installing: /home/iclab/work/install/mecanum/share/mecanum/local_setup.bash
-- Installing: /home/iclab/work/install/mecanum/share/mecanum/local_setup.sh
-- Installing: /home/iclab/work/install/mecanum/share/mecanum/local_setup.zsh
-- Installing: /home/iclab/work/install/mecanum/share/mecanum/local_setup.dsv
-- Installing: /home/iclab/work/install/mecanum/share/mecanum/package.dsv
-- Installing: /home/iclab/work/install/mecanum/share/ament_index/resource_index/packages/mecanum
-- Installing: /home/iclab/work/install/mecanum/share/mecanum/cmake/mecanumConfig.cmake
-- Installing: /home/iclab/work/install/mecanum/share/mecanum/cmake/mecanumConfig-version.cmake
-- Installing: /home/iclab/work/install/mecanum/share/mecanum/package.xml
