-- Install configuration: ""
-- Up-to-date: /home/eating/work/install/robot_arm_description/share/robot_arm_description/meshes
-- Up-to-date: /home/eating/work/install/robot_arm_description/share/robot_arm_description/meshes/Link_4.STL
-- Up-to-date: /home/eating/work/install/robot_arm_description/share/robot_arm_description/meshes/Link_6.STL
-- Up-to-date: /home/eating/work/install/robot_arm_description/share/robot_arm_description/meshes/Link_7.STL
-- Up-to-date: /home/eating/work/install/robot_arm_description/share/robot_arm_description/meshes/Link_2.STL
-- Up-to-date: /home/eating/work/install/robot_arm_description/share/robot_arm_description/meshes/Base.STL
-- Up-to-date: /home/eating/work/install/robot_arm_description/share/robot_arm_description/meshes/Link_1.STL
-- Up-to-date: /home/eating/work/install/robot_arm_description/share/robot_arm_description/meshes/Link_8.STL
-- Up-to-date: /home/eating/work/install/robot_arm_description/share/robot_arm_description/meshes/Link_3.STL
-- Up-to-date: /home/eating/work/install/robot_arm_description/share/robot_arm_description/meshes/Link_5.STL
-- Up-to-date: /home/eating/work/install/robot_arm_description/share/robot_arm_description/urdf
-- Up-to-date: /home/eating/work/install/robot_arm_description/share/robot_arm_description/urdf/single_arm.gazebo.xacro
-- Up-to-date: /home/eating/work/install/robot_arm_description/share/robot_arm_description/urdf/materials.xacro
-- Up-to-date: /home/eating/work/install/robot_arm_description/share/robot_arm_description/urdf/single_arm.xacro
-- Up-to-date: /home/eating/work/install/robot_arm_description/share/robot_arm_description/urdf/single_arm.transmission.xacro
-- Up-to-date: /home/eating/work/install/robot_arm_description/share/ament_index/resource_index/package_run_dependencies/robot_arm_description
-- Up-to-date: /home/eating/work/install/robot_arm_description/share/ament_index/resource_index/parent_prefix_path/robot_arm_description
-- Up-to-date: /home/eating/work/install/robot_arm_description/share/robot_arm_description/environment/ament_prefix_path.sh
-- Up-to-date: /home/eating/work/install/robot_arm_description/share/robot_arm_description/environment/ament_prefix_path.dsv
-- Up-to-date: /home/eating/work/install/robot_arm_description/share/robot_arm_description/environment/path.sh
-- Up-to-date: /home/eating/work/install/robot_arm_description/share/robot_arm_description/environment/path.dsv
-- Up-to-date: /home/eating/work/install/robot_arm_description/share/robot_arm_description/local_setup.bash
-- Up-to-date: /home/eating/work/install/robot_arm_description/share/robot_arm_description/local_setup.sh
-- Up-to-date: /home/eating/work/install/robot_arm_description/share/robot_arm_description/local_setup.zsh
-- Up-to-date: /home/eating/work/install/robot_arm_description/share/robot_arm_description/local_setup.dsv
-- Up-to-date: /home/eating/work/install/robot_arm_description/share/robot_arm_description/package.dsv
-- Up-to-date: /home/eating/work/install/robot_arm_description/share/ament_index/resource_index/packages/robot_arm_description
-- Up-to-date: /home/eating/work/install/robot_arm_description/share/robot_arm_description/cmake/robot_arm_descriptionConfig.cmake
-- Up-to-date: /home/eating/work/install/robot_arm_description/share/robot_arm_description/cmake/robot_arm_descriptionConfig-version.cmake
-- Up-to-date: /home/eating/work/install/robot_arm_description/share/robot_arm_description/package.xml
