[0.237s] Invoking command in '/home/aa/work/build/mecanum': CMAKE_PREFIX_PATH=/opt/ros/humble /usr/local/bin/cmake /home/aa/work/src/mecanum -DCMAKE_INSTALL_PREFIX=/home/aa/work/install/mecanum
[0.324s] [0mCMake Deprecation Warning at CMakeLists.txt:1 (cmake_minimum_required):
[0.324s]   Compatibility with CMake < 3.10 will be removed from a future version of
[0.324s]   CMake.
[0.324s] 
[0.324s]   Update the VERSION argument <min> value.  Or, use the <min>...<max> syntax
[0.324s]   to tell CMake that the project requires at least <min> but has been updated
[0.324s]   to work with policies introduced by <max> or earlier.
[0.324s] 
[0.324s] [0m
[0.400s] -- The C compiler identification is GNU 11.4.0
[0.480s] -- The CXX compiler identification is GNU 11.4.0
[0.490s] -- Detecting C compiler ABI info
[0.545s] -- Detecting C compiler ABI info - done
[0.559s] -- Check for working C compiler: /usr/bin/cc - skipped
[0.559s] -- Detecting C compile features
[0.560s] -- Detecting C compile features - done
[0.572s] -- Detecting CXX compiler ABI info
[0.632s] -- Detecting CXX compiler ABI info - done
[0.657s] -- Check for working CXX compiler: /usr/bin/c++ - skipped
[0.658s] -- Detecting CXX compile features
[0.659s] -- Detecting CXX compile features - done
[0.669s] -- Found ament_cmake: 1.3.11 (/opt/ros/humble/share/ament_cmake/cmake)
[0.797s] -- Found Python3: /usr/bin/python3 (found version "3.10.12") found components: Interpreter
[0.945s] -- Found rclcpp: 16.0.12 (/opt/ros/humble/share/rclcpp/cmake)
[1.022s] -- Found rosidl_generator_c: 3.1.6 (/opt/ros/humble/share/rosidl_generator_c/cmake)
[1.031s] -- Found rosidl_adapter: 3.1.6 (/opt/ros/humble/share/rosidl_adapter/cmake)
[1.044s] -- Found rosidl_generator_cpp: 3.1.6 (/opt/ros/humble/share/rosidl_generator_cpp/cmake)
[1.063s] -- Using all available rosidl_typesupport_c: rosidl_typesupport_fastrtps_c;rosidl_typesupport_introspection_c
[1.089s] -- Using all available rosidl_typesupport_cpp: rosidl_typesupport_fastrtps_cpp;rosidl_typesupport_introspection_cpp
[1.166s] -- Found rmw_implementation_cmake: 6.1.2 (/opt/ros/humble/share/rmw_implementation_cmake/cmake)
[1.171s] -- Found rmw_cyclonedds_cpp: 1.3.4 (/opt/ros/humble/share/rmw_cyclonedds_cpp/cmake)
[1.207s] -- Using RMW implementation 'rmw_cyclonedds_cpp' as default
[1.229s] -- Performing Test CMAKE_HAVE_LIBC_PTHREAD
[1.280s] -- Performing Test CMAKE_HAVE_LIBC_PTHREAD - Success
[1.281s] -- Found Threads: TRUE
[1.363s] -- Found geometry_msgs: 4.8.0 (/opt/ros/humble/share/geometry_msgs/cmake)
[1.382s] -- Found tf2_ros: 0.25.12 (/opt/ros/humble/share/tf2_ros/cmake)
[1.576s] -- Found tf2_geometry_msgs: 0.25.12 (/opt/ros/humble/share/tf2_geometry_msgs/cmake)
[1.613s] -- Found eigen3_cmake_module: 0.1.1 (/opt/ros/humble/share/eigen3_cmake_module/cmake)
[1.614s] -- Found Eigen3: TRUE (found version "3.4.0")
[1.615s] -- Ensuring Eigen3 include directory is part of orocos-kdl CMake target
[1.621s] -- Found nav_msgs: 4.8.0 (/opt/ros/humble/share/nav_msgs/cmake)
[1.650s] -- Found ament_lint_auto: 0.12.12 (/opt/ros/humble/share/ament_lint_auto/cmake)
[1.735s] -- Added test 'cppcheck' to perform static code analysis on C / C++ code
[1.735s] -- Configured cppcheck include dirs: /home/aa/work/src/mecanum/include
[1.735s] -- Configured cppcheck exclude dirs and/or files: 
[1.737s] -- Added test 'lint_cmake' to check CMake code style
[1.741s] -- Added test 'uncrustify' to check C / C++ code style
[1.741s] -- Configured uncrustify additional arguments: 
[1.742s] -- Added test 'xmllint' to check XML markup files
[1.743s] -- Configuring done (1.4s)
[1.759s] -- Generating done (0.0s)
[1.763s] -- Build files have been written to: /home/aa/work/build/mecanum
[1.774s] Invoked command in '/home/aa/work/build/mecanum' returned '0': CMAKE_PREFIX_PATH=/opt/ros/humble /usr/local/bin/cmake /home/aa/work/src/mecanum -DCMAKE_INSTALL_PREFIX=/home/aa/work/install/mecanum
[1.775s] Invoking command in '/home/aa/work/build/mecanum': CMAKE_PREFIX_PATH=/opt/ros/humble /usr/local/bin/cmake --build /home/aa/work/build/mecanum -- -j12 -l12
[1.860s] [ 25%] [32mBuilding CXX object CMakeFiles/mobile_node.dir/src/mobile_node.cpp.o[0m
[1.861s] [ 50%] [32mBuilding CXX object CMakeFiles/mobile_node.dir/src/TimdaModbus.cpp.o[0m
[1.861s] [ 75%] [32mBuilding CXX object CMakeFiles/mobile_node.dir/src/Mecanum.cpp.o[0m
[10.541s] [100%] [32m[1mLinking CXX executable mobile_node[0m
[10.973s] [100%] Built target mobile_node
[10.985s] Invoked command in '/home/aa/work/build/mecanum' returned '0': CMAKE_PREFIX_PATH=/opt/ros/humble /usr/local/bin/cmake --build /home/aa/work/build/mecanum -- -j12 -l12
[10.986s] Invoking command in '/home/aa/work/build/mecanum': CMAKE_PREFIX_PATH=/opt/ros/humble /usr/local/bin/cmake --install /home/aa/work/build/mecanum
[11.048s] -- Install configuration: ""
[11.048s] -- Installing: /home/aa/work/install/mecanum/include/mecanum
[11.048s] -- Installing: /home/aa/work/install/mecanum/include/mecanum/Mecanum.h
[11.048s] -- Installing: /home/aa/work/install/mecanum/include/mecanum/TimdaModbus.h
[11.048s] -- Installing: /home/aa/work/install/mecanum/lib/mecanum/mobile_node
[11.051s] -- Set non-toolchain portion of runtime path of "/home/aa/work/install/mecanum/lib/mecanum/mobile_node" to ""
[11.051s] -- Installing: /home/aa/work/install/mecanum/share/ament_index/resource_index/package_run_dependencies/mecanum
[11.051s] -- Installing: /home/aa/work/install/mecanum/share/ament_index/resource_index/parent_prefix_path/mecanum
[11.051s] -- Installing: /home/aa/work/install/mecanum/share/mecanum/environment/ament_prefix_path.sh
[11.051s] -- Installing: /home/aa/work/install/mecanum/share/mecanum/environment/ament_prefix_path.dsv
[11.052s] -- Installing: /home/aa/work/install/mecanum/share/mecanum/environment/path.sh
[11.052s] -- Installing: /home/aa/work/install/mecanum/share/mecanum/environment/path.dsv
[11.052s] -- Installing: /home/aa/work/install/mecanum/share/mecanum/local_setup.bash
[11.052s] -- Installing: /home/aa/work/install/mecanum/share/mecanum/local_setup.sh
[11.052s] -- Installing: /home/aa/work/install/mecanum/share/mecanum/local_setup.zsh
[11.052s] -- Installing: /home/aa/work/install/mecanum/share/mecanum/local_setup.dsv
[11.052s] -- Installing: /home/aa/work/install/mecanum/share/mecanum/package.dsv
[11.052s] -- Installing: /home/aa/work/install/mecanum/share/ament_index/resource_index/packages/mecanum
[11.052s] -- Installing: /home/aa/work/install/mecanum/share/mecanum/cmake/mecanumConfig.cmake
[11.052s] -- Installing: /home/aa/work/install/mecanum/share/mecanum/cmake/mecanumConfig-version.cmake
[11.052s] -- Installing: /home/aa/work/install/mecanum/share/mecanum/package.xml
[11.054s] Invoked command in '/home/aa/work/build/mecanum' returned '0': CMAKE_PREFIX_PATH=/opt/ros/humble /usr/local/bin/cmake --install /home/aa/work/build/mecanum
