[0.034s] Invoking command in '/home/eating/work/build/gui_interface': CMAKE_PREFIX_PATH=${CMAKE_PREFIX_PATH}:/home/eating/work/install/pallet_main:/home/eating/work/install/main_control:/home/eating/work/install/gui:/home/eating/work/install/docking_pkg:/opt/ros/humble /usr/bin/cmake /home/eating/work/src/gui/gui_interface -DCMAKE_INSTALL_PREFIX=/home/eating/work/install/gui_interface
[0.373s] -- The C compiler identification is GNU 11.4.0
[0.373s] -- The CXX compiler identification is GNU 11.4.0
[0.373s] -- Detecting C compiler ABI info
[0.374s] -- Detecting C compiler ABI info - done
[0.374s] -- Check for working C compiler: /usr/bin/cc - skipped
[0.374s] -- Detecting C compile features
[0.374s] -- Detecting C compile features - done
[0.374s] -- Detecting CXX compiler ABI info
[0.374s] -- Detecting CXX compiler ABI info - done
[0.374s] -- Check for working CXX compiler: /usr/bin/c++ - skipped
[0.374s] -- Detecting CXX compile features
[0.374s] -- Detecting CXX compile features - done
[0.374s] -- Found ament_cmake: 1.3.11 (/opt/ros/humble/share/ament_cmake/cmake)
[0.553s] -- Found Python3: /usr/bin/python3 (found version "3.10.12") found components: Interpreter 
[0.703s] -- Found geometry_msgs: 4.9.0 (/opt/ros/humble/share/geometry_msgs/cmake)
[0.761s] -- Found rosidl_generator_c: 3.1.6 (/opt/ros/humble/share/rosidl_generator_c/cmake)
[0.769s] -- Found rosidl_adapter: 3.1.6 (/opt/ros/humble/share/rosidl_adapter/cmake)
[0.783s] -- Found rosidl_generator_cpp: 3.1.6 (/opt/ros/humble/share/rosidl_generator_cpp/cmake)
[0.807s] -- Using all available rosidl_typesupport_c: rosidl_typesupport_fastrtps_c;rosidl_typesupport_introspection_c
[0.838s] -- Using all available rosidl_typesupport_cpp: rosidl_typesupport_fastrtps_cpp;rosidl_typesupport_introspection_cpp
[0.900s] -- Found rosidl_default_generators: 1.2.0 (/opt/ros/humble/share/rosidl_default_generators/cmake)
[1.405s] -- Found ament_cmake_ros: 0.10.0 (/opt/ros/humble/share/ament_cmake_ros/cmake)
[2.090s] -- Using all available rosidl_typesupport_c: rosidl_typesupport_fastrtps_c;rosidl_typesupport_introspection_c
[2.382s] -- Using all available rosidl_typesupport_cpp: rosidl_typesupport_fastrtps_cpp;rosidl_typesupport_introspection_cpp
[2.418s] -- Found PythonInterp: /usr/bin/python3 (found suitable version "3.10.12", minimum required is "3.6") 
[2.421s] -- Found python_cmake_module: 0.10.0 (/opt/ros/humble/share/python_cmake_module/cmake)
[2.464s] -- Found PythonLibs: /usr/lib/x86_64-linux-gnu/libpython3.10.so (found suitable version "3.10.12", minimum required is "3.5") 
[2.465s] -- Using PYTHON_EXECUTABLE: /usr/bin/python3
[2.465s] -- Using PYTHON_INCLUDE_DIRS: /usr/include/python3.10
[2.465s] -- Using PYTHON_LIBRARIES: /usr/lib/x86_64-linux-gnu/libpython3.10.so
[2.528s] -- Found PythonExtra: .so  
[2.673s] -- Found ament_lint_auto: 0.12.12 (/opt/ros/humble/share/ament_lint_auto/cmake)
[2.708s] -- Added test 'lint_cmake' to check CMake code style
[2.710s] -- Added test 'xmllint' to check XML markup files
[2.715s] -- Configuring done
[2.797s] -- Generating done
[2.831s] -- Build files have been written to: /home/eating/work/build/gui_interface
[2.858s] Invoked command in '/home/eating/work/build/gui_interface' returned '0': CMAKE_PREFIX_PATH=${CMAKE_PREFIX_PATH}:/home/eating/work/install/pallet_main:/home/eating/work/install/main_control:/home/eating/work/install/gui:/home/eating/work/install/docking_pkg:/opt/ros/humble /usr/bin/cmake /home/eating/work/src/gui/gui_interface -DCMAKE_INSTALL_PREFIX=/home/eating/work/install/gui_interface
[2.859s] Invoking command in '/home/eating/work/build/gui_interface': CMAKE_PREFIX_PATH=${CMAKE_PREFIX_PATH}:/home/eating/work/install/pallet_main:/home/eating/work/install/main_control:/home/eating/work/install/gui:/home/eating/work/install/docking_pkg:/opt/ros/humble /usr/bin/cmake --build /home/eating/work/build/gui_interface -- -j8 -l8
[3.489s] [  3%] [34m[1mGenerating C code for ROS interfaces[0m
[3.489s] [  3%] Built target ament_cmake_python_copy_gui_interface
[3.489s] [  6%] [34m[1mGenerating C++ code for ROS interfaces[0m
[3.753s] [  9%] [32mBuilding C object CMakeFiles/gui_interface__rosidl_generator_c.dir/rosidl_generator_c/gui_interface/srv/detail/taskcmd__functions.c.o[0m
[3.796s] [  9%] Built target gui_interface__cpp
[3.847s] [ 12%] [34m[1mGenerating C++ type support dispatch for ROS interfaces[0m
[3.860s] [ 16%] [34m[1mGenerating C++ type support for eProsima Fast-RTPS[0m
[3.876s] [ 19%] [34m[1mGenerating C++ introspection for ROS interfaces[0m
[3.914s] running egg_info
[3.915s] creating gui_interface.egg-info
[3.916s] writing gui_interface.egg-info/PKG-INFO
[3.916s] writing dependency_links to gui_interface.egg-info/dependency_links.txt
[3.917s] writing top-level names to gui_interface.egg-info/top_level.txt
[3.917s] writing manifest file 'gui_interface.egg-info/SOURCES.txt'
[3.921s] reading manifest file 'gui_interface.egg-info/SOURCES.txt'
[3.922s] writing manifest file 'gui_interface.egg-info/SOURCES.txt'
[3.976s] [ 22%] [32m[1mLinking C shared library libgui_interface__rosidl_generator_c.so[0m
[4.048s] [ 22%] Built target ament_cmake_python_build_gui_interface_egg
[4.145s] [ 22%] Built target gui_interface__rosidl_generator_c
[4.200s] [ 25%] [34m[1mGenerating C type support for eProsima Fast-RTPS[0m
[4.215s] [ 29%] [34m[1mGenerating C introspection for ROS interfaces[0m
[4.246s] [ 32%] [34m[1mGenerating C type support dispatch for ROS interfaces[0m
[4.973s] [ 35%] [32mBuilding CXX object CMakeFiles/gui_interface__rosidl_typesupport_fastrtps_cpp.dir/rosidl_typesupport_fastrtps_cpp/gui_interface/srv/detail/dds_fastrtps/taskcmd__type_support.cpp.o[0m
[5.064s] [ 38%] [32mBuilding CXX object CMakeFiles/gui_interface__rosidl_typesupport_introspection_cpp.dir/rosidl_typesupport_introspection_cpp/gui_interface/srv/detail/taskcmd__type_support.cpp.o[0m
[5.070s] [ 41%] [32mBuilding CXX object CMakeFiles/gui_interface__rosidl_typesupport_cpp.dir/rosidl_typesupport_cpp/gui_interface/srv/taskcmd__type_support.cpp.o[0m
[5.396s] [ 45%] [32mBuilding C object CMakeFiles/gui_interface__rosidl_typesupport_introspection_c.dir/rosidl_typesupport_introspection_c/gui_interface/srv/detail/taskcmd__type_support.c.o[0m
[5.399s] [ 48%] [32mBuilding CXX object CMakeFiles/gui_interface__rosidl_typesupport_c.dir/rosidl_typesupport_c/gui_interface/srv/taskcmd__type_support.cpp.o[0m
[5.549s] [ 51%] [32m[1mLinking CXX shared library libgui_interface__rosidl_typesupport_c.so[0m
[5.576s] [ 54%] [32m[1mLinking C shared library libgui_interface__rosidl_typesupport_introspection_c.so[0m
[5.726s] [ 54%] Built target gui_interface__rosidl_typesupport_c
[5.766s] [ 54%] Built target gui_interface__rosidl_typesupport_introspection_c
[5.776s] [ 58%] [32mBuilding CXX object CMakeFiles/gui_interface__rosidl_typesupport_fastrtps_c.dir/rosidl_typesupport_fastrtps_c/gui_interface/srv/detail/taskcmd__type_support_c.cpp.o[0m
[6.052s] [ 61%] [32m[1mLinking CXX shared library libgui_interface__rosidl_typesupport_introspection_cpp.so[0m
[6.073s] [ 64%] [32m[1mLinking CXX shared library libgui_interface__rosidl_typesupport_cpp.so[0m
[6.271s] [ 67%] [32m[1mLinking CXX shared library libgui_interface__rosidl_typesupport_fastrtps_cpp.so[0m
[6.272s] [ 67%] Built target gui_interface__rosidl_typesupport_cpp
[6.460s] [ 67%] Built target gui_interface__rosidl_typesupport_introspection_cpp
[6.488s] [ 67%] Built target gui_interface__rosidl_typesupport_fastrtps_cpp
[6.911s] [ 70%] [32m[1mLinking CXX shared library libgui_interface__rosidl_typesupport_fastrtps_c.so[0m
[7.233s] [ 70%] Built target gui_interface__rosidl_typesupport_fastrtps_c
[7.274s] [ 70%] Built target gui_interface
[7.348s] [ 74%] [34m[1mGenerating Python code for ROS interfaces[0m
[8.460s] [ 74%] Built target gui_interface__py
[8.583s] [ 77%] [32mBuilding C object CMakeFiles/gui_interface__rosidl_generator_py.dir/rosidl_generator_py/gui_interface/srv/_taskcmd_s.c.o[0m
[9.004s] [ 80%] [32m[1mLinking C shared library rosidl_generator_py/gui_interface/libgui_interface__rosidl_generator_py.so[0m
[9.202s] [ 80%] Built target gui_interface__rosidl_generator_py
[9.321s] [ 83%] [32mBuilding C object CMakeFiles/gui_interface__rosidl_typesupport_introspection_c__pyext.dir/rosidl_generator_py/gui_interface/_gui_interface_s.ep.rosidl_typesupport_introspection_c.c.o[0m
[9.334s] [ 87%] [32mBuilding C object CMakeFiles/gui_interface__rosidl_typesupport_c__pyext.dir/rosidl_generator_py/gui_interface/_gui_interface_s.ep.rosidl_typesupport_c.c.o[0m
[9.376s] [ 90%] [32mBuilding C object CMakeFiles/gui_interface__rosidl_typesupport_fastrtps_c__pyext.dir/rosidl_generator_py/gui_interface/_gui_interface_s.ep.rosidl_typesupport_fastrtps_c.c.o[0m
[9.737s] [ 93%] [32m[1mLinking C shared library rosidl_generator_py/gui_interface/gui_interface_s__rosidl_typesupport_c.cpython-310-x86_64-linux-gnu.so[0m
[9.743s] [ 96%] [32m[1mLinking C shared library rosidl_generator_py/gui_interface/gui_interface_s__rosidl_typesupport_introspection_c.cpython-310-x86_64-linux-gnu.so[0m
[9.806s] [100%] [32m[1mLinking C shared library rosidl_generator_py/gui_interface/gui_interface_s__rosidl_typesupport_fastrtps_c.cpython-310-x86_64-linux-gnu.so[0m
[9.924s] [100%] Built target gui_interface__rosidl_typesupport_c__pyext
[9.999s] [100%] Built target gui_interface__rosidl_typesupport_fastrtps_c__pyext
[10.008s] [100%] Built target gui_interface__rosidl_typesupport_introspection_c__pyext
[10.109s] Invoked command in '/home/eating/work/build/gui_interface' returned '0': CMAKE_PREFIX_PATH=${CMAKE_PREFIX_PATH}:/home/eating/work/install/pallet_main:/home/eating/work/install/main_control:/home/eating/work/install/gui:/home/eating/work/install/docking_pkg:/opt/ros/humble /usr/bin/cmake --build /home/eating/work/build/gui_interface -- -j8 -l8
[10.109s] Invoking command in '/home/eating/work/build/gui_interface': CMAKE_PREFIX_PATH=${CMAKE_PREFIX_PATH}:/home/eating/work/install/pallet_main:/home/eating/work/install/main_control:/home/eating/work/install/gui:/home/eating/work/install/docking_pkg:/opt/ros/humble /usr/bin/cmake --install /home/eating/work/build/gui_interface
[10.546s] -- Install configuration: ""
[10.546s] -- Installing: /home/eating/work/install/gui_interface/share/ament_index/resource_index/rosidl_interfaces/gui_interface
[10.547s] -- Installing: /home/eating/work/install/gui_interface/include/gui_interface/gui_interface
[10.547s] -- Installing: /home/eating/work/install/gui_interface/include/gui_interface/gui_interface/msg
[10.547s] -- Installing: /home/eating/work/install/gui_interface/include/gui_interface/gui_interface/msg/rosidl_generator_c__visibility_control.h
[10.547s] -- Installing: /home/eating/work/install/gui_interface/include/gui_interface/gui_interface/srv
[10.547s] -- Installing: /home/eating/work/install/gui_interface/include/gui_interface/gui_interface/srv/detail
[10.547s] -- Installing: /home/eating/work/install/gui_interface/include/gui_interface/gui_interface/srv/detail/taskcmd__struct.h
[10.547s] -- Installing: /home/eating/work/install/gui_interface/include/gui_interface/gui_interface/srv/detail/taskcmd__type_support.h
[10.547s] -- Installing: /home/eating/work/install/gui_interface/include/gui_interface/gui_interface/srv/detail/taskcmd__functions.h
[10.548s] -- Installing: /home/eating/work/install/gui_interface/include/gui_interface/gui_interface/srv/detail/taskcmd__functions.c
[10.548s] -- Installing: /home/eating/work/install/gui_interface/include/gui_interface/gui_interface/srv/taskcmd.h
[10.548s] -- Installing: /home/eating/work/install/gui_interface/share/gui_interface/environment/library_path.sh
[10.548s] -- Installing: /home/eating/work/install/gui_interface/share/gui_interface/environment/library_path.dsv
[10.548s] -- Installing: /home/eating/work/install/gui_interface/lib/libgui_interface__rosidl_generator_c.so
[10.548s] -- Set runtime path of "/home/eating/work/install/gui_interface/lib/libgui_interface__rosidl_generator_c.so" to ""
[10.548s] -- Up-to-date: /home/eating/work/install/gui_interface/include/gui_interface/gui_interface
[10.548s] -- Up-to-date: /home/eating/work/install/gui_interface/include/gui_interface/gui_interface/msg
[10.549s] -- Installing: /home/eating/work/install/gui_interface/include/gui_interface/gui_interface/msg/rosidl_typesupport_fastrtps_c__visibility_control.h
[10.549s] -- Up-to-date: /home/eating/work/install/gui_interface/include/gui_interface/gui_interface/srv
[10.549s] -- Up-to-date: /home/eating/work/install/gui_interface/include/gui_interface/gui_interface/srv/detail
[10.549s] -- Installing: /home/eating/work/install/gui_interface/include/gui_interface/gui_interface/srv/detail/taskcmd__rosidl_typesupport_fastrtps_c.h
[10.549s] -- Installing: /home/eating/work/install/gui_interface/lib/libgui_interface__rosidl_typesupport_fastrtps_c.so
[10.549s] -- Set runtime path of "/home/eating/work/install/gui_interface/lib/libgui_interface__rosidl_typesupport_fastrtps_c.so" to ""
[10.549s] -- Up-to-date: /home/eating/work/install/gui_interface/include/gui_interface/gui_interface
[10.549s] -- Up-to-date: /home/eating/work/install/gui_interface/include/gui_interface/gui_interface/msg
[10.549s] -- Installing: /home/eating/work/install/gui_interface/include/gui_interface/gui_interface/msg/rosidl_generator_cpp__visibility_control.hpp
[10.550s] -- Up-to-date: /home/eating/work/install/gui_interface/include/gui_interface/gui_interface/srv
[10.550s] -- Installing: /home/eating/work/install/gui_interface/include/gui_interface/gui_interface/srv/taskcmd.hpp
[10.550s] -- Up-to-date: /home/eating/work/install/gui_interface/include/gui_interface/gui_interface/srv/detail
[10.550s] -- Installing: /home/eating/work/install/gui_interface/include/gui_interface/gui_interface/srv/detail/taskcmd__struct.hpp
[10.550s] -- Installing: /home/eating/work/install/gui_interface/include/gui_interface/gui_interface/srv/detail/taskcmd__builder.hpp
[10.550s] -- Installing: /home/eating/work/install/gui_interface/include/gui_interface/gui_interface/srv/detail/taskcmd__type_support.hpp
[10.550s] -- Installing: /home/eating/work/install/gui_interface/include/gui_interface/gui_interface/srv/detail/taskcmd__traits.hpp
[10.551s] -- Up-to-date: /home/eating/work/install/gui_interface/include/gui_interface/gui_interface
[10.551s] -- Up-to-date: /home/eating/work/install/gui_interface/include/gui_interface/gui_interface/msg
[10.551s] -- Installing: /home/eating/work/install/gui_interface/include/gui_interface/gui_interface/msg/rosidl_typesupport_fastrtps_cpp__visibility_control.h
[10.551s] -- Up-to-date: /home/eating/work/install/gui_interface/include/gui_interface/gui_interface/srv
[10.551s] -- Up-to-date: /home/eating/work/install/gui_interface/include/gui_interface/gui_interface/srv/detail
[10.551s] -- Installing: /home/eating/work/install/gui_interface/include/gui_interface/gui_interface/srv/detail/dds_fastrtps
[10.551s] -- Installing: /home/eating/work/install/gui_interface/include/gui_interface/gui_interface/srv/detail/taskcmd__rosidl_typesupport_fastrtps_cpp.hpp
[10.551s] -- Installing: /home/eating/work/install/gui_interface/lib/libgui_interface__rosidl_typesupport_fastrtps_cpp.so
[10.552s] -- Set runtime path of "/home/eating/work/install/gui_interface/lib/libgui_interface__rosidl_typesupport_fastrtps_cpp.so" to ""
[10.552s] -- Up-to-date: /home/eating/work/install/gui_interface/include/gui_interface/gui_interface
[10.552s] -- Up-to-date: /home/eating/work/install/gui_interface/include/gui_interface/gui_interface/msg
[10.552s] -- Installing: /home/eating/work/install/gui_interface/include/gui_interface/gui_interface/msg/rosidl_typesupport_introspection_c__visibility_control.h
[10.552s] -- Up-to-date: /home/eating/work/install/gui_interface/include/gui_interface/gui_interface/srv
[10.553s] -- Up-to-date: /home/eating/work/install/gui_interface/include/gui_interface/gui_interface/srv/detail
[10.553s] -- Installing: /home/eating/work/install/gui_interface/include/gui_interface/gui_interface/srv/detail/taskcmd__type_support.c
[10.553s] -- Installing: /home/eating/work/install/gui_interface/include/gui_interface/gui_interface/srv/detail/taskcmd__rosidl_typesupport_introspection_c.h
[10.553s] -- Installing: /home/eating/work/install/gui_interface/lib/libgui_interface__rosidl_typesupport_introspection_c.so
[10.553s] -- Set runtime path of "/home/eating/work/install/gui_interface/lib/libgui_interface__rosidl_typesupport_introspection_c.so" to ""
[10.553s] -- Installing: /home/eating/work/install/gui_interface/lib/libgui_interface__rosidl_typesupport_c.so
[10.553s] -- Set runtime path of "/home/eating/work/install/gui_interface/lib/libgui_interface__rosidl_typesupport_c.so" to ""
[10.554s] -- Up-to-date: /home/eating/work/install/gui_interface/include/gui_interface/gui_interface
[10.554s] -- Up-to-date: /home/eating/work/install/gui_interface/include/gui_interface/gui_interface/srv
[10.554s] -- Up-to-date: /home/eating/work/install/gui_interface/include/gui_interface/gui_interface/srv/detail
[10.554s] -- Installing: /home/eating/work/install/gui_interface/include/gui_interface/gui_interface/srv/detail/taskcmd__rosidl_typesupport_introspection_cpp.hpp
[10.554s] -- Installing: /home/eating/work/install/gui_interface/include/gui_interface/gui_interface/srv/detail/taskcmd__type_support.cpp
[10.554s] -- Installing: /home/eating/work/install/gui_interface/lib/libgui_interface__rosidl_typesupport_introspection_cpp.so
[10.554s] -- Set runtime path of "/home/eating/work/install/gui_interface/lib/libgui_interface__rosidl_typesupport_introspection_cpp.so" to ""
[10.554s] -- Installing: /home/eating/work/install/gui_interface/lib/libgui_interface__rosidl_typesupport_cpp.so
[10.554s] -- Set runtime path of "/home/eating/work/install/gui_interface/lib/libgui_interface__rosidl_typesupport_cpp.so" to ""
[10.565s] -- Installing: /home/eating/work/install/gui_interface/share/gui_interface/environment/pythonpath.sh
[10.566s] -- Installing: /home/eating/work/install/gui_interface/share/gui_interface/environment/pythonpath.dsv
[10.566s] -- Installing: /home/eating/work/install/gui_interface/local/lib/python3.10/dist-packages/gui_interface-0.0.0-py3.10.egg-info
[10.568s] -- Installing: /home/eating/work/install/gui_interface/local/lib/python3.10/dist-packages/gui_interface-0.0.0-py3.10.egg-info/top_level.txt
[10.569s] -- Installing: /home/eating/work/install/gui_interface/local/lib/python3.10/dist-packages/gui_interface-0.0.0-py3.10.egg-info/SOURCES.txt
[10.569s] -- Installing: /home/eating/work/install/gui_interface/local/lib/python3.10/dist-packages/gui_interface-0.0.0-py3.10.egg-info/dependency_links.txt
[10.569s] -- Installing: /home/eating/work/install/gui_interface/local/lib/python3.10/dist-packages/gui_interface-0.0.0-py3.10.egg-info/PKG-INFO
[10.570s] -- Installing: /home/eating/work/install/gui_interface/local/lib/python3.10/dist-packages/gui_interface
[10.570s] -- Installing: /home/eating/work/install/gui_interface/local/lib/python3.10/dist-packages/gui_interface/__init__.py
[10.570s] -- Installing: /home/eating/work/install/gui_interface/local/lib/python3.10/dist-packages/gui_interface/gui_interface_s__rosidl_typesupport_c.cpython-310-x86_64-linux-gnu.so
[10.570s] -- Installing: /home/eating/work/install/gui_interface/local/lib/python3.10/dist-packages/gui_interface/_gui_interface_s.ep.rosidl_typesupport_fastrtps_c.c
[10.570s] -- Installing: /home/eating/work/install/gui_interface/local/lib/python3.10/dist-packages/gui_interface/_gui_interface_s.ep.rosidl_typesupport_c.c
[10.581s] -- Installing: /home/eating/work/install/gui_interface/local/lib/python3.10/dist-packages/gui_interface/gui_interface_s__rosidl_typesupport_introspection_c.cpython-310-x86_64-linux-gnu.so
[10.581s] -- Installing: /home/eating/work/install/gui_interface/local/lib/python3.10/dist-packages/gui_interface/srv
[10.581s] -- Installing: /home/eating/work/install/gui_interface/local/lib/python3.10/dist-packages/gui_interface/srv/__init__.py
[10.581s] -- Installing: /home/eating/work/install/gui_interface/local/lib/python3.10/dist-packages/gui_interface/srv/_taskcmd.py
[10.581s] -- Installing: /home/eating/work/install/gui_interface/local/lib/python3.10/dist-packages/gui_interface/srv/_taskcmd_s.c
[10.581s] -- Installing: /home/eating/work/install/gui_interface/local/lib/python3.10/dist-packages/gui_interface/libgui_interface__rosidl_generator_py.so
[10.581s] -- Installing: /home/eating/work/install/gui_interface/local/lib/python3.10/dist-packages/gui_interface/gui_interface_s__rosidl_typesupport_fastrtps_c.cpython-310-x86_64-linux-gnu.so
[10.582s] -- Installing: /home/eating/work/install/gui_interface/local/lib/python3.10/dist-packages/gui_interface/_gui_interface_s.ep.rosidl_typesupport_introspection_c.c
[10.582s] Listing '/home/eating/work/install/gui_interface/local/lib/python3.10/dist-packages/gui_interface'...
[10.582s] Compiling '/home/eating/work/install/gui_interface/local/lib/python3.10/dist-packages/gui_interface/__init__.py'...
[10.582s] Listing '/home/eating/work/install/gui_interface/local/lib/python3.10/dist-packages/gui_interface/srv'...
[10.582s] Compiling '/home/eating/work/install/gui_interface/local/lib/python3.10/dist-packages/gui_interface/srv/__init__.py'...
[10.582s] Compiling '/home/eating/work/install/gui_interface/local/lib/python3.10/dist-packages/gui_interface/srv/_taskcmd.py'...
[10.582s] -- Installing: /home/eating/work/install/gui_interface/local/lib/python3.10/dist-packages/gui_interface/gui_interface_s__rosidl_typesupport_fastrtps_c.cpython-310-x86_64-linux-gnu.so
[10.582s] -- Set runtime path of "/home/eating/work/install/gui_interface/local/lib/python3.10/dist-packages/gui_interface/gui_interface_s__rosidl_typesupport_fastrtps_c.cpython-310-x86_64-linux-gnu.so" to ""
[10.582s] -- Installing: /home/eating/work/install/gui_interface/local/lib/python3.10/dist-packages/gui_interface/gui_interface_s__rosidl_typesupport_introspection_c.cpython-310-x86_64-linux-gnu.so
[10.583s] -- Set runtime path of "/home/eating/work/install/gui_interface/local/lib/python3.10/dist-packages/gui_interface/gui_interface_s__rosidl_typesupport_introspection_c.cpython-310-x86_64-linux-gnu.so" to ""
[10.583s] -- Installing: /home/eating/work/install/gui_interface/local/lib/python3.10/dist-packages/gui_interface/gui_interface_s__rosidl_typesupport_c.cpython-310-x86_64-linux-gnu.so
[10.583s] -- Set runtime path of "/home/eating/work/install/gui_interface/local/lib/python3.10/dist-packages/gui_interface/gui_interface_s__rosidl_typesupport_c.cpython-310-x86_64-linux-gnu.so" to ""
[10.583s] -- Installing: /home/eating/work/install/gui_interface/lib/libgui_interface__rosidl_generator_py.so
[10.583s] -- Set runtime path of "/home/eating/work/install/gui_interface/lib/libgui_interface__rosidl_generator_py.so" to ""
[10.583s] -- Installing: /home/eating/work/install/gui_interface/share/gui_interface/srv/Taskcmd.idl
[10.583s] -- Installing: /home/eating/work/install/gui_interface/share/gui_interface/srv/Taskcmd.srv
[10.583s] -- Installing: /home/eating/work/install/gui_interface/share/gui_interface/srv/Taskcmd_Request.msg
[10.583s] -- Installing: /home/eating/work/install/gui_interface/share/gui_interface/srv/Taskcmd_Response.msg
[10.583s] -- Installing: /home/eating/work/install/gui_interface/share/ament_index/resource_index/package_run_dependencies/gui_interface
[10.583s] -- Installing: /home/eating/work/install/gui_interface/share/ament_index/resource_index/parent_prefix_path/gui_interface
[10.584s] -- Installing: /home/eating/work/install/gui_interface/share/gui_interface/environment/ament_prefix_path.sh
[10.584s] -- Installing: /home/eating/work/install/gui_interface/share/gui_interface/environment/ament_prefix_path.dsv
[10.584s] -- Installing: /home/eating/work/install/gui_interface/share/gui_interface/environment/path.sh
[10.584s] -- Installing: /home/eating/work/install/gui_interface/share/gui_interface/environment/path.dsv
[10.584s] -- Installing: /home/eating/work/install/gui_interface/share/gui_interface/local_setup.bash
[10.584s] -- Installing: /home/eating/work/install/gui_interface/share/gui_interface/local_setup.sh
[10.584s] -- Installing: /home/eating/work/install/gui_interface/share/gui_interface/local_setup.zsh
[10.584s] -- Installing: /home/eating/work/install/gui_interface/share/gui_interface/local_setup.dsv
[10.584s] -- Installing: /home/eating/work/install/gui_interface/share/gui_interface/package.dsv
[10.584s] -- Installing: /home/eating/work/install/gui_interface/share/ament_index/resource_index/packages/gui_interface
[10.584s] -- Installing: /home/eating/work/install/gui_interface/share/gui_interface/cmake/export_gui_interface__rosidl_generator_cExport.cmake
[10.585s] -- Installing: /home/eating/work/install/gui_interface/share/gui_interface/cmake/export_gui_interface__rosidl_generator_cExport-noconfig.cmake
[10.585s] -- Installing: /home/eating/work/install/gui_interface/share/gui_interface/cmake/export_gui_interface__rosidl_typesupport_fastrtps_cExport.cmake
[10.585s] -- Installing: /home/eating/work/install/gui_interface/share/gui_interface/cmake/export_gui_interface__rosidl_typesupport_fastrtps_cExport-noconfig.cmake
[10.585s] -- Installing: /home/eating/work/install/gui_interface/share/gui_interface/cmake/export_gui_interface__rosidl_generator_cppExport.cmake
[10.585s] -- Installing: /home/eating/work/install/gui_interface/share/gui_interface/cmake/export_gui_interface__rosidl_typesupport_fastrtps_cppExport.cmake
[10.585s] -- Installing: /home/eating/work/install/gui_interface/share/gui_interface/cmake/export_gui_interface__rosidl_typesupport_fastrtps_cppExport-noconfig.cmake
[10.585s] -- Installing: /home/eating/work/install/gui_interface/share/gui_interface/cmake/gui_interface__rosidl_typesupport_introspection_cExport.cmake
[10.585s] -- Installing: /home/eating/work/install/gui_interface/share/gui_interface/cmake/gui_interface__rosidl_typesupport_introspection_cExport-noconfig.cmake
[10.585s] -- Installing: /home/eating/work/install/gui_interface/share/gui_interface/cmake/gui_interface__rosidl_typesupport_cExport.cmake
[10.586s] -- Installing: /home/eating/work/install/gui_interface/share/gui_interface/cmake/gui_interface__rosidl_typesupport_cExport-noconfig.cmake
[10.586s] -- Installing: /home/eating/work/install/gui_interface/share/gui_interface/cmake/gui_interface__rosidl_typesupport_introspection_cppExport.cmake
[10.586s] -- Installing: /home/eating/work/install/gui_interface/share/gui_interface/cmake/gui_interface__rosidl_typesupport_introspection_cppExport-noconfig.cmake
[10.586s] -- Installing: /home/eating/work/install/gui_interface/share/gui_interface/cmake/gui_interface__rosidl_typesupport_cppExport.cmake
[10.586s] -- Installing: /home/eating/work/install/gui_interface/share/gui_interface/cmake/gui_interface__rosidl_typesupport_cppExport-noconfig.cmake
[10.586s] -- Installing: /home/eating/work/install/gui_interface/share/gui_interface/cmake/export_gui_interface__rosidl_generator_pyExport.cmake
[10.586s] -- Installing: /home/eating/work/install/gui_interface/share/gui_interface/cmake/export_gui_interface__rosidl_generator_pyExport-noconfig.cmake
[10.586s] -- Installing: /home/eating/work/install/gui_interface/share/gui_interface/cmake/rosidl_cmake-extras.cmake
[10.586s] -- Installing: /home/eating/work/install/gui_interface/share/gui_interface/cmake/ament_cmake_export_dependencies-extras.cmake
[10.587s] -- Installing: /home/eating/work/install/gui_interface/share/gui_interface/cmake/ament_cmake_export_include_directories-extras.cmake
[10.587s] -- Installing: /home/eating/work/install/gui_interface/share/gui_interface/cmake/ament_cmake_export_libraries-extras.cmake
[10.587s] -- Installing: /home/eating/work/install/gui_interface/share/gui_interface/cmake/ament_cmake_export_targets-extras.cmake
[10.587s] -- Installing: /home/eating/work/install/gui_interface/share/gui_interface/cmake/rosidl_cmake_export_typesupport_targets-extras.cmake
[10.587s] -- Installing: /home/eating/work/install/gui_interface/share/gui_interface/cmake/rosidl_cmake_export_typesupport_libraries-extras.cmake
[10.587s] -- Installing: /home/eating/work/install/gui_interface/share/gui_interface/cmake/gui_interfaceConfig.cmake
[10.587s] -- Installing: /home/eating/work/install/gui_interface/share/gui_interface/cmake/gui_interfaceConfig-version.cmake
[10.587s] -- Installing: /home/eating/work/install/gui_interface/share/gui_interface/package.xml
[10.619s] Invoked command in '/home/eating/work/build/gui_interface' returned '0': CMAKE_PREFIX_PATH=${CMAKE_PREFIX_PATH}:/home/eating/work/install/pallet_main:/home/eating/work/install/main_control:/home/eating/work/install/gui:/home/eating/work/install/docking_pkg:/opt/ros/humble /usr/bin/cmake --install /home/eating/work/build/gui_interface
