[0.037s] Invoking command in '/home/eating/work/build/interface': CMAKE_PREFIX_PATH=${CMAKE_PREFIX_PATH}:/home/eating/work/install/pallet_main:/home/eating/work/install/main_control:/home/eating/work/install/gui:/home/eating/work/install/docking_pkg:/opt/ros/humble /usr/bin/cmake --build /home/eating/work/build/interface -- -j8 -l8
[0.474s] [  3%] Built target interface__cpp
[0.474s] [ 12%] Built target interface__rosidl_generator_c
[0.474s] [ 12%] Built target ament_cmake_python_copy_interface
[0.474s] [ 22%] Built target interface__rosidl_typesupport_cpp
[0.475s] [ 32%] Built target interface__rosidl_typesupport_fastrtps_cpp
[0.475s] [ 41%] Built target interface__rosidl_typesupport_introspection_c
[0.475s] [ 51%] Built target interface__rosidl_typesupport_c
[0.475s] [ 61%] Built target interface__rosidl_typesupport_introspection_cpp
[0.475s] [ 70%] Built target interface__rosidl_typesupport_fastrtps_c
[0.475s] [ 70%] Built target interface
[0.475s] [ 74%] Built target interface__py
[0.475s] [ 80%] Built target interface__rosidl_generator_py
[0.475s] [ 87%] Built target interface__rosidl_typesupport_fastrtps_c__pyext
[0.476s] [ 93%] Built target interface__rosidl_typesupport_introspection_c__pyext
[0.476s] [100%] Built target interface__rosidl_typesupport_c__pyext
[0.485s] running egg_info
[0.486s] writing interface.egg-info/PKG-INFO
[0.486s] writing dependency_links to interface.egg-info/dependency_links.txt
[0.486s] writing top-level names to interface.egg-info/top_level.txt
[0.490s] reading manifest file 'interface.egg-info/SOURCES.txt'
[0.491s] writing manifest file 'interface.egg-info/SOURCES.txt'
[0.542s] [100%] Built target ament_cmake_python_build_interface_egg
[0.564s] Invoked command in '/home/eating/work/build/interface' returned '0': CMAKE_PREFIX_PATH=${CMAKE_PREFIX_PATH}:/home/eating/work/install/pallet_main:/home/eating/work/install/main_control:/home/eating/work/install/gui:/home/eating/work/install/docking_pkg:/opt/ros/humble /usr/bin/cmake --build /home/eating/work/build/interface -- -j8 -l8
[0.575s] Invoking command in '/home/eating/work/build/interface': CMAKE_PREFIX_PATH=${CMAKE_PREFIX_PATH}:/home/eating/work/install/pallet_main:/home/eating/work/install/main_control:/home/eating/work/install/gui:/home/eating/work/install/docking_pkg:/opt/ros/humble /usr/bin/cmake --install /home/eating/work/build/interface
[0.586s] -- Install configuration: ""
[0.590s] -- Up-to-date: /home/eating/work/install/interface/share/ament_index/resource_index/rosidl_interfaces/interface
[0.601s] -- Up-to-date: /home/eating/work/install/interface/include/interface/interface
[0.602s] -- Up-to-date: /home/eating/work/install/interface/include/interface/interface/msg
[0.602s] -- Up-to-date: /home/eating/work/install/interface/include/interface/interface/msg/rosidl_generator_c__visibility_control.h
[0.602s] -- Up-to-date: /home/eating/work/install/interface/include/interface/interface/srv
[0.603s] -- Up-to-date: /home/eating/work/install/interface/include/interface/interface/srv/detail
[0.603s] -- Up-to-date: /home/eating/work/install/interface/include/interface/interface/srv/detail/maincontroller__struct.h
[0.603s] -- Up-to-date: /home/eating/work/install/interface/include/interface/interface/srv/detail/maincontroller__functions.c
[0.603s] -- Up-to-date: /home/eating/work/install/interface/include/interface/interface/srv/detail/maincontroller__functions.h
[0.604s] -- Up-to-date: /home/eating/work/install/interface/include/interface/interface/srv/detail/maincontroller__type_support.h
[0.604s] -- Up-to-date: /home/eating/work/install/interface/include/interface/interface/srv/maincontroller.h
[0.604s] -- Up-to-date: /home/eating/work/install/interface/share/interface/environment/library_path.sh
[0.604s] -- Up-to-date: /home/eating/work/install/interface/share/interface/environment/library_path.dsv
[0.604s] -- Up-to-date: /home/eating/work/install/interface/lib/libinterface__rosidl_generator_c.so
[0.604s] -- Up-to-date: /home/eating/work/install/interface/include/interface/interface
[0.605s] -- Up-to-date: /home/eating/work/install/interface/include/interface/interface/msg
[0.605s] -- Up-to-date: /home/eating/work/install/interface/include/interface/interface/msg/rosidl_typesupport_fastrtps_c__visibility_control.h
[0.605s] -- Up-to-date: /home/eating/work/install/interface/include/interface/interface/srv
[0.605s] -- Up-to-date: /home/eating/work/install/interface/include/interface/interface/srv/detail
[0.605s] -- Up-to-date: /home/eating/work/install/interface/include/interface/interface/srv/detail/maincontroller__rosidl_typesupport_fastrtps_c.h
[0.606s] -- Up-to-date: /home/eating/work/install/interface/lib/libinterface__rosidl_typesupport_fastrtps_c.so
[0.606s] -- Up-to-date: /home/eating/work/install/interface/include/interface/interface
[0.606s] -- Up-to-date: /home/eating/work/install/interface/include/interface/interface/msg
[0.606s] -- Up-to-date: /home/eating/work/install/interface/include/interface/interface/msg/rosidl_generator_cpp__visibility_control.hpp
[0.606s] -- Up-to-date: /home/eating/work/install/interface/include/interface/interface/srv
[0.606s] -- Up-to-date: /home/eating/work/install/interface/include/interface/interface/srv/maincontroller.hpp
[0.607s] -- Up-to-date: /home/eating/work/install/interface/include/interface/interface/srv/detail
[0.607s] -- Up-to-date: /home/eating/work/install/interface/include/interface/interface/srv/detail/maincontroller__builder.hpp
[0.607s] -- Up-to-date: /home/eating/work/install/interface/include/interface/interface/srv/detail/maincontroller__traits.hpp
[0.607s] -- Up-to-date: /home/eating/work/install/interface/include/interface/interface/srv/detail/maincontroller__type_support.hpp
[0.607s] -- Up-to-date: /home/eating/work/install/interface/include/interface/interface/srv/detail/maincontroller__struct.hpp
[0.607s] -- Up-to-date: /home/eating/work/install/interface/include/interface/interface
[0.608s] -- Up-to-date: /home/eating/work/install/interface/include/interface/interface/msg
[0.608s] -- Up-to-date: /home/eating/work/install/interface/include/interface/interface/msg/rosidl_typesupport_fastrtps_cpp__visibility_control.h
[0.608s] -- Up-to-date: /home/eating/work/install/interface/include/interface/interface/srv
[0.608s] -- Up-to-date: /home/eating/work/install/interface/include/interface/interface/srv/detail
[0.609s] -- Up-to-date: /home/eating/work/install/interface/include/interface/interface/srv/detail/dds_fastrtps
[0.610s] -- Up-to-date: /home/eating/work/install/interface/include/interface/interface/srv/detail/maincontroller__rosidl_typesupport_fastrtps_cpp.hpp
[0.610s] -- Up-to-date: /home/eating/work/install/interface/lib/libinterface__rosidl_typesupport_fastrtps_cpp.so
[0.610s] -- Up-to-date: /home/eating/work/install/interface/include/interface/interface
[0.610s] -- Up-to-date: /home/eating/work/install/interface/include/interface/interface/msg
[0.610s] -- Up-to-date: /home/eating/work/install/interface/include/interface/interface/msg/rosidl_typesupport_introspection_c__visibility_control.h
[0.611s] -- Up-to-date: /home/eating/work/install/interface/include/interface/interface/srv
[0.611s] -- Up-to-date: /home/eating/work/install/interface/include/interface/interface/srv/detail
[0.611s] -- Up-to-date: /home/eating/work/install/interface/include/interface/interface/srv/detail/maincontroller__type_support.c
[0.611s] -- Up-to-date: /home/eating/work/install/interface/include/interface/interface/srv/detail/maincontroller__rosidl_typesupport_introspection_c.h
[0.611s] -- Up-to-date: /home/eating/work/install/interface/lib/libinterface__rosidl_typesupport_introspection_c.so
[0.612s] -- Up-to-date: /home/eating/work/install/interface/lib/libinterface__rosidl_typesupport_c.so
[0.612s] -- Up-to-date: /home/eating/work/install/interface/include/interface/interface
[0.612s] -- Up-to-date: /home/eating/work/install/interface/include/interface/interface/srv
[0.612s] -- Up-to-date: /home/eating/work/install/interface/include/interface/interface/srv/detail
[0.613s] -- Up-to-date: /home/eating/work/install/interface/include/interface/interface/srv/detail/maincontroller__type_support.cpp
[0.613s] -- Up-to-date: /home/eating/work/install/interface/include/interface/interface/srv/detail/maincontroller__rosidl_typesupport_introspection_cpp.hpp
[0.613s] -- Up-to-date: /home/eating/work/install/interface/lib/libinterface__rosidl_typesupport_introspection_cpp.so
[0.613s] -- Up-to-date: /home/eating/work/install/interface/lib/libinterface__rosidl_typesupport_cpp.so
[0.614s] -- Up-to-date: /home/eating/work/install/interface/share/interface/environment/pythonpath.sh
[0.615s] -- Up-to-date: /home/eating/work/install/interface/share/interface/environment/pythonpath.dsv
[0.615s] -- Up-to-date: /home/eating/work/install/interface/local/lib/python3.10/dist-packages/interface-0.0.0-py3.10.egg-info
[0.617s] -- Installing: /home/eating/work/install/interface/local/lib/python3.10/dist-packages/interface-0.0.0-py3.10.egg-info/top_level.txt
[0.618s] -- Installing: /home/eating/work/install/interface/local/lib/python3.10/dist-packages/interface-0.0.0-py3.10.egg-info/SOURCES.txt
[0.618s] -- Installing: /home/eating/work/install/interface/local/lib/python3.10/dist-packages/interface-0.0.0-py3.10.egg-info/dependency_links.txt
[0.618s] -- Installing: /home/eating/work/install/interface/local/lib/python3.10/dist-packages/interface-0.0.0-py3.10.egg-info/PKG-INFO
[0.619s] -- Up-to-date: /home/eating/work/install/interface/local/lib/python3.10/dist-packages/interface
[0.620s] -- Up-to-date: /home/eating/work/install/interface/local/lib/python3.10/dist-packages/interface/interface_s__rosidl_typesupport_fastrtps_c.cpython-310-x86_64-linux-gnu.so
[0.620s] -- Up-to-date: /home/eating/work/install/interface/local/lib/python3.10/dist-packages/interface/libinterface__rosidl_generator_py.so
[0.620s] -- Up-to-date: /home/eating/work/install/interface/local/lib/python3.10/dist-packages/interface/__init__.py
[0.621s] -- Up-to-date: /home/eating/work/install/interface/local/lib/python3.10/dist-packages/interface/_interface_s.ep.rosidl_typesupport_fastrtps_c.c
[0.621s] -- Up-to-date: /home/eating/work/install/interface/local/lib/python3.10/dist-packages/interface/_interface_s.ep.rosidl_typesupport_c.c
[0.621s] -- Up-to-date: /home/eating/work/install/interface/local/lib/python3.10/dist-packages/interface/srv
[0.622s] -- Up-to-date: /home/eating/work/install/interface/local/lib/python3.10/dist-packages/interface/srv/__init__.py
[0.622s] -- Up-to-date: /home/eating/work/install/interface/local/lib/python3.10/dist-packages/interface/srv/_maincontroller.py
[0.623s] -- Up-to-date: /home/eating/work/install/interface/local/lib/python3.10/dist-packages/interface/srv/_maincontroller_s.c
[0.623s] -- Up-to-date: /home/eating/work/install/interface/local/lib/python3.10/dist-packages/interface/_interface_s.ep.rosidl_typesupport_introspection_c.c
[0.626s] -- Up-to-date: /home/eating/work/install/interface/local/lib/python3.10/dist-packages/interface/interface_s__rosidl_typesupport_introspection_c.cpython-310-x86_64-linux-gnu.so
[0.626s] -- Up-to-date: /home/eating/work/install/interface/local/lib/python3.10/dist-packages/interface/interface_s__rosidl_typesupport_c.cpython-310-x86_64-linux-gnu.so
[0.667s] Listing '/home/eating/work/install/interface/local/lib/python3.10/dist-packages/interface'...
[0.667s] Listing '/home/eating/work/install/interface/local/lib/python3.10/dist-packages/interface/srv'...
[0.667s] -- Up-to-date: /home/eating/work/install/interface/local/lib/python3.10/dist-packages/interface/interface_s__rosidl_typesupport_fastrtps_c.cpython-310-x86_64-linux-gnu.so
[0.667s] -- Up-to-date: /home/eating/work/install/interface/local/lib/python3.10/dist-packages/interface/interface_s__rosidl_typesupport_introspection_c.cpython-310-x86_64-linux-gnu.so
[0.667s] -- Up-to-date: /home/eating/work/install/interface/local/lib/python3.10/dist-packages/interface/interface_s__rosidl_typesupport_c.cpython-310-x86_64-linux-gnu.so
[0.668s] -- Up-to-date: /home/eating/work/install/interface/lib/libinterface__rosidl_generator_py.so
[0.668s] -- Up-to-date: /home/eating/work/install/interface/share/interface/srv/Maincontroller.idl
[0.668s] -- Up-to-date: /home/eating/work/install/interface/share/interface/srv/Maincontroller.srv
[0.668s] -- Up-to-date: /home/eating/work/install/interface/share/interface/srv/Maincontroller_Request.msg
[0.668s] -- Up-to-date: /home/eating/work/install/interface/share/interface/srv/Maincontroller_Response.msg
[0.668s] -- Up-to-date: /home/eating/work/install/interface/share/ament_index/resource_index/package_run_dependencies/interface
[0.669s] -- Up-to-date: /home/eating/work/install/interface/share/ament_index/resource_index/parent_prefix_path/interface
[0.669s] -- Up-to-date: /home/eating/work/install/interface/share/interface/environment/ament_prefix_path.sh
[0.669s] -- Up-to-date: /home/eating/work/install/interface/share/interface/environment/ament_prefix_path.dsv
[0.669s] -- Up-to-date: /home/eating/work/install/interface/share/interface/environment/path.sh
[0.669s] -- Up-to-date: /home/eating/work/install/interface/share/interface/environment/path.dsv
[0.669s] -- Up-to-date: /home/eating/work/install/interface/share/interface/local_setup.bash
[0.669s] -- Up-to-date: /home/eating/work/install/interface/share/interface/local_setup.sh
[0.669s] -- Up-to-date: /home/eating/work/install/interface/share/interface/local_setup.zsh
[0.670s] -- Up-to-date: /home/eating/work/install/interface/share/interface/local_setup.dsv
[0.670s] -- Installing: /home/eating/work/install/interface/share/interface/package.dsv
[0.670s] -- Up-to-date: /home/eating/work/install/interface/share/ament_index/resource_index/packages/interface
[0.670s] -- Up-to-date: /home/eating/work/install/interface/share/interface/cmake/export_interface__rosidl_generator_cExport.cmake
[0.671s] -- Up-to-date: /home/eating/work/install/interface/share/interface/cmake/export_interface__rosidl_generator_cExport-noconfig.cmake
[0.671s] -- Up-to-date: /home/eating/work/install/interface/share/interface/cmake/export_interface__rosidl_typesupport_fastrtps_cExport.cmake
[0.671s] -- Up-to-date: /home/eating/work/install/interface/share/interface/cmake/export_interface__rosidl_typesupport_fastrtps_cExport-noconfig.cmake
[0.671s] -- Up-to-date: /home/eating/work/install/interface/share/interface/cmake/export_interface__rosidl_generator_cppExport.cmake
[0.671s] -- Up-to-date: /home/eating/work/install/interface/share/interface/cmake/export_interface__rosidl_typesupport_fastrtps_cppExport.cmake
[0.671s] -- Up-to-date: /home/eating/work/install/interface/share/interface/cmake/export_interface__rosidl_typesupport_fastrtps_cppExport-noconfig.cmake
[0.671s] -- Up-to-date: /home/eating/work/install/interface/share/interface/cmake/interface__rosidl_typesupport_introspection_cExport.cmake
[0.671s] -- Up-to-date: /home/eating/work/install/interface/share/interface/cmake/interface__rosidl_typesupport_introspection_cExport-noconfig.cmake
[0.671s] -- Up-to-date: /home/eating/work/install/interface/share/interface/cmake/interface__rosidl_typesupport_cExport.cmake
[0.671s] -- Up-to-date: /home/eating/work/install/interface/share/interface/cmake/interface__rosidl_typesupport_cExport-noconfig.cmake
[0.672s] -- Up-to-date: /home/eating/work/install/interface/share/interface/cmake/interface__rosidl_typesupport_introspection_cppExport.cmake
[0.672s] -- Up-to-date: /home/eating/work/install/interface/share/interface/cmake/interface__rosidl_typesupport_introspection_cppExport-noconfig.cmake
[0.672s] -- Up-to-date: /home/eating/work/install/interface/share/interface/cmake/interface__rosidl_typesupport_cppExport.cmake
[0.672s] -- Up-to-date: /home/eating/work/install/interface/share/interface/cmake/interface__rosidl_typesupport_cppExport-noconfig.cmake
[0.672s] -- Up-to-date: /home/eating/work/install/interface/share/interface/cmake/export_interface__rosidl_generator_pyExport.cmake
[0.672s] -- Up-to-date: /home/eating/work/install/interface/share/interface/cmake/export_interface__rosidl_generator_pyExport-noconfig.cmake
[0.672s] -- Up-to-date: /home/eating/work/install/interface/share/interface/cmake/rosidl_cmake-extras.cmake
[0.672s] -- Up-to-date: /home/eating/work/install/interface/share/interface/cmake/ament_cmake_export_dependencies-extras.cmake
[0.673s] -- Up-to-date: /home/eating/work/install/interface/share/interface/cmake/ament_cmake_export_include_directories-extras.cmake
[0.673s] -- Up-to-date: /home/eating/work/install/interface/share/interface/cmake/ament_cmake_export_libraries-extras.cmake
[0.673s] -- Up-to-date: /home/eating/work/install/interface/share/interface/cmake/ament_cmake_export_targets-extras.cmake
[0.673s] -- Up-to-date: /home/eating/work/install/interface/share/interface/cmake/rosidl_cmake_export_typesupport_targets-extras.cmake
[0.673s] -- Up-to-date: /home/eating/work/install/interface/share/interface/cmake/rosidl_cmake_export_typesupport_libraries-extras.cmake
[0.674s] -- Up-to-date: /home/eating/work/install/interface/share/interface/cmake/interfaceConfig.cmake
[0.674s] -- Up-to-date: /home/eating/work/install/interface/share/interface/cmake/interfaceConfig-version.cmake
[0.674s] -- Up-to-date: /home/eating/work/install/interface/share/interface/package.xml
[0.731s] Invoked command in '/home/eating/work/build/interface' returned '0': CMAKE_PREFIX_PATH=${CMAKE_PREFIX_PATH}:/home/eating/work/install/pallet_main:/home/eating/work/install/main_control:/home/eating/work/install/gui:/home/eating/work/install/docking_pkg:/opt/ros/humble /usr/bin/cmake --install /home/eating/work/build/interface
