[0.442s] Invoking command in '/home/eating/work/build/mecanum': CMAKE_PREFIX_PATH=${CMAKE_PREFIX_PATH}:/home/eating/work/install/pallet_main:/home/eating/work/install/main_control:/home/eating/work/install/gui:/home/eating/work/install/docking_pkg:/opt/ros/humble /usr/bin/cmake --build /home/eating/work/build/mecanum -- -j8 -l8
[0.537s] [100%] Built target mobile_node
[0.559s] Invoked command in '/home/eating/work/build/mecanum' returned '0': CMAKE_PREFIX_PATH=${CMAKE_PREFIX_PATH}:/home/eating/work/install/pallet_main:/home/eating/work/install/main_control:/home/eating/work/install/gui:/home/eating/work/install/docking_pkg:/opt/ros/humble /usr/bin/cmake --build /home/eating/work/build/mecanum -- -j8 -l8
[0.560s] Invoking command in '/home/eating/work/build/mecanum': CMAKE_PREFIX_PATH=${CMAKE_PREFIX_PATH}:/home/eating/work/install/pallet_main:/home/eating/work/install/main_control:/home/eating/work/install/gui:/home/eating/work/install/docking_pkg:/opt/ros/humble /usr/bin/cmake --install /home/eating/work/build/mecanum
[0.579s] -- Install configuration: ""
[0.579s] -- Up-to-date: /home/eating/work/install/mecanum/include/mecanum
[0.579s] -- Up-to-date: /home/eating/work/install/mecanum/include/mecanum/TimdaModbus.h
[0.579s] -- Up-to-date: /home/eating/work/install/mecanum/include/mecanum/Mecanum.h
[0.580s] -- Up-to-date: /home/eating/work/install/mecanum/lib/mecanum/mobile_node
[0.581s] -- Up-to-date: /home/eating/work/install/mecanum/share/ament_index/resource_index/package_run_dependencies/mecanum
[0.581s] -- Up-to-date: /home/eating/work/install/mecanum/share/ament_index/resource_index/parent_prefix_path/mecanum
[0.581s] -- Up-to-date: /home/eating/work/install/mecanum/share/mecanum/environment/ament_prefix_path.sh
[0.581s] -- Up-to-date: /home/eating/work/install/mecanum/share/mecanum/environment/ament_prefix_path.dsv
[0.581s] -- Up-to-date: /home/eating/work/install/mecanum/share/mecanum/environment/path.sh
[0.581s] -- Up-to-date: /home/eating/work/install/mecanum/share/mecanum/environment/path.dsv
[0.581s] -- Up-to-date: /home/eating/work/install/mecanum/share/mecanum/local_setup.bash
[0.581s] -- Up-to-date: /home/eating/work/install/mecanum/share/mecanum/local_setup.sh
[0.581s] -- Up-to-date: /home/eating/work/install/mecanum/share/mecanum/local_setup.zsh
[0.581s] -- Up-to-date: /home/eating/work/install/mecanum/share/mecanum/local_setup.dsv
[0.581s] -- Installing: /home/eating/work/install/mecanum/share/mecanum/package.dsv
[0.581s] -- Up-to-date: /home/eating/work/install/mecanum/share/ament_index/resource_index/packages/mecanum
[0.581s] -- Up-to-date: /home/eating/work/install/mecanum/share/mecanum/cmake/mecanumConfig.cmake
[0.581s] -- Up-to-date: /home/eating/work/install/mecanum/share/mecanum/cmake/mecanumConfig-version.cmake
[0.581s] -- Up-to-date: /home/eating/work/install/mecanum/share/mecanum/package.xml
[0.629s] Invoked command in '/home/eating/work/build/mecanum' returned '0': CMAKE_PREFIX_PATH=${CMAKE_PREFIX_PATH}:/home/eating/work/install/pallet_main:/home/eating/work/install/main_control:/home/eating/work/install/gui:/home/eating/work/install/docking_pkg:/opt/ros/humble /usr/bin/cmake --install /home/eating/work/build/mecanum
