[0.932s] Invoking command in '/home/eating/work/src/docking/docking_pkg': PYTHONPATH=/home/eating/work/build/docking_pkg/prefix_override:/usr/lib/python3/dist-packages/colcon_core/task/python/colcon_distutils_commands:/home/eating/work/install/docking_pkg/lib/python3.10/site-packages:${PYTHONPATH} /usr/bin/python3 -W ignore:setup.py install is deprecated -W ignore:easy_install command is deprecated setup.py egg_info --egg-base ../../../build/docking_pkg build --build-base /home/eating/work/build/docking_pkg/build install --record /home/eating/work/build/docking_pkg/install.log --single-version-externally-managed install_data
[1.847s] running egg_info
[1.847s] creating ../../../build/docking_pkg/docking_pkg.egg-info
[1.847s] writing ../../../build/docking_pkg/docking_pkg.egg-info/PKG-INFO
[1.848s] writing dependency_links to ../../../build/docking_pkg/docking_pkg.egg-info/dependency_links.txt
[1.848s] writing entry points to ../../../build/docking_pkg/docking_pkg.egg-info/entry_points.txt
[1.849s] writing requirements to ../../../build/docking_pkg/docking_pkg.egg-info/requires.txt
[1.850s] writing top-level names to ../../../build/docking_pkg/docking_pkg.egg-info/top_level.txt
[1.850s] writing manifest file '../../../build/docking_pkg/docking_pkg.egg-info/SOURCES.txt'
[1.850s] reading manifest file '../../../build/docking_pkg/docking_pkg.egg-info/SOURCES.txt'
[1.850s] writing manifest file '../../../build/docking_pkg/docking_pkg.egg-info/SOURCES.txt'
[1.855s] running build
[1.855s] running build_py
[1.855s] creating /home/eating/work/build/docking_pkg/build
[1.855s] creating /home/eating/work/build/docking_pkg/build/lib
[1.855s] creating /home/eating/work/build/docking_pkg/build/lib/docking_pkg
[1.855s] copying docking_pkg/pid_mecanum_node.py -> /home/eating/work/build/docking_pkg/build/lib/docking_pkg
[1.855s] copying docking_pkg/docking_status_server.py -> /home/eating/work/build/docking_pkg/build/lib/docking_pkg
[1.856s] copying docking_pkg/ransac.py -> /home/eating/work/build/docking_pkg/build/lib/docking_pkg
[1.856s] copying docking_pkg/YoloDepthProcessor.py -> /home/eating/work/build/docking_pkg/build/lib/docking_pkg
[1.856s] copying docking_pkg/__init__.py -> /home/eating/work/build/docking_pkg/build/lib/docking_pkg
[1.856s] copying docking_pkg/yolo_subscriber.py -> /home/eating/work/build/docking_pkg/build/lib/docking_pkg
[1.856s] copying docking_pkg/dockingcamera.py -> /home/eating/work/build/docking_pkg/build/lib/docking_pkg
[1.856s] copying docking_pkg/camera.py -> /home/eating/work/build/docking_pkg/build/lib/docking_pkg
[1.856s] running install
[1.856s] running install_lib
[1.856s] creating /home/eating/work/install/docking_pkg/lib/python3.10/site-packages/docking_pkg
[1.856s] copying /home/eating/work/build/docking_pkg/build/lib/docking_pkg/pid_mecanum_node.py -> /home/eating/work/install/docking_pkg/lib/python3.10/site-packages/docking_pkg
[1.857s] copying /home/eating/work/build/docking_pkg/build/lib/docking_pkg/docking_status_server.py -> /home/eating/work/install/docking_pkg/lib/python3.10/site-packages/docking_pkg
[1.857s] copying /home/eating/work/build/docking_pkg/build/lib/docking_pkg/ransac.py -> /home/eating/work/install/docking_pkg/lib/python3.10/site-packages/docking_pkg
[1.857s] copying /home/eating/work/build/docking_pkg/build/lib/docking_pkg/YoloDepthProcessor.py -> /home/eating/work/install/docking_pkg/lib/python3.10/site-packages/docking_pkg
[1.857s] copying /home/eating/work/build/docking_pkg/build/lib/docking_pkg/__init__.py -> /home/eating/work/install/docking_pkg/lib/python3.10/site-packages/docking_pkg
[1.857s] copying /home/eating/work/build/docking_pkg/build/lib/docking_pkg/yolo_subscriber.py -> /home/eating/work/install/docking_pkg/lib/python3.10/site-packages/docking_pkg
[1.857s] copying /home/eating/work/build/docking_pkg/build/lib/docking_pkg/dockingcamera.py -> /home/eating/work/install/docking_pkg/lib/python3.10/site-packages/docking_pkg
[1.857s] copying /home/eating/work/build/docking_pkg/build/lib/docking_pkg/camera.py -> /home/eating/work/install/docking_pkg/lib/python3.10/site-packages/docking_pkg
[1.857s] byte-compiling /home/eating/work/install/docking_pkg/lib/python3.10/site-packages/docking_pkg/pid_mecanum_node.py to pid_mecanum_node.cpython-310.pyc
[1.857s] byte-compiling /home/eating/work/install/docking_pkg/lib/python3.10/site-packages/docking_pkg/docking_status_server.py to docking_status_server.cpython-310.pyc
[1.857s] byte-compiling /home/eating/work/install/docking_pkg/lib/python3.10/site-packages/docking_pkg/ransac.py to ransac.cpython-310.pyc
[1.857s] byte-compiling /home/eating/work/install/docking_pkg/lib/python3.10/site-packages/docking_pkg/YoloDepthProcessor.py to YoloDepthProcessor.cpython-310.pyc
[1.858s] byte-compiling /home/eating/work/install/docking_pkg/lib/python3.10/site-packages/docking_pkg/__init__.py to __init__.cpython-310.pyc
[1.858s] byte-compiling /home/eating/work/install/docking_pkg/lib/python3.10/site-packages/docking_pkg/yolo_subscriber.py to yolo_subscriber.cpython-310.pyc
[1.858s] byte-compiling /home/eating/work/install/docking_pkg/lib/python3.10/site-packages/docking_pkg/dockingcamera.py to dockingcamera.cpython-310.pyc
[1.858s] byte-compiling /home/eating/work/install/docking_pkg/lib/python3.10/site-packages/docking_pkg/camera.py to camera.cpython-310.pyc
[1.858s] running install_data
[1.859s] creating /home/eating/work/install/docking_pkg/share/ament_index
[1.859s] creating /home/eating/work/install/docking_pkg/share/ament_index/resource_index
[1.859s] creating /home/eating/work/install/docking_pkg/share/ament_index/resource_index/packages
[1.859s] copying resource/docking_pkg -> /home/eating/work/install/docking_pkg/share/ament_index/resource_index/packages
[1.859s] copying package.xml -> /home/eating/work/install/docking_pkg/share/docking_pkg
[1.859s] running install_egg_info
[1.859s] Copying ../../../build/docking_pkg/docking_pkg.egg-info to /home/eating/work/install/docking_pkg/lib/python3.10/site-packages/docking_pkg-0.0.0-py3.10.egg-info
[1.859s] running install_scripts
[1.859s] Installing YoloDepthProcessor script to /home/eating/work/install/docking_pkg/lib/docking_pkg
[1.859s] Installing docking_status_server script to /home/eating/work/install/docking_pkg/lib/docking_pkg
[1.859s] Installing dockingcamera script to /home/eating/work/install/docking_pkg/lib/docking_pkg
[1.860s] Installing pid_mecanum_node script to /home/eating/work/install/docking_pkg/lib/docking_pkg
[1.860s] Installing ransac script to /home/eating/work/install/docking_pkg/lib/docking_pkg
[1.860s] Installing yolo_subscriber script to /home/eating/work/install/docking_pkg/lib/docking_pkg
[1.860s] writing list of installed files to '/home/eating/work/build/docking_pkg/install.log'
[1.860s] Invoked command in '/home/eating/work/src/docking/docking_pkg' returned '0': PYTHONPATH=/home/eating/work/build/docking_pkg/prefix_override:/usr/lib/python3/dist-packages/colcon_core/task/python/colcon_distutils_commands:/home/eating/work/install/docking_pkg/lib/python3.10/site-packages:${PYTHONPATH} /usr/bin/python3 -W ignore:setup.py install is deprecated -W ignore:easy_install command is deprecated setup.py egg_info --egg-base ../../../build/docking_pkg build --build-base /home/eating/work/build/docking_pkg/build install --record /home/eating/work/build/docking_pkg/install.log --single-version-externally-managed install_data
