[0.049s] Invoking command in '/home/fxck/work/build/gui_interface': CMAKE_PREFIX_PATH=/opt/ros/humble /usr/bin/cmake /home/fxck/work/src/gui/gui_interface -DCMAKE_INSTALL_PREFIX=/home/fxck/work/install/gui_interface
[1.042s] -- The C compiler identification is GNU 11.4.0
[1.043s] -- The CXX compiler identification is GNU 11.4.0
[1.043s] -- Detecting C compiler ABI info
[1.043s] -- Detecting C compiler ABI info - done
[1.043s] -- Check for working C compiler: /usr/bin/cc - skipped
[1.043s] -- Detecting C compile features
[1.043s] -- Detecting C compile features - done
[1.044s] -- Detecting CXX compiler ABI info
[1.044s] -- Detecting CXX compiler ABI info - done
[1.044s] -- Check for working CXX compiler: /usr/bin/c++ - skipped
[1.044s] -- Detecting CXX compile features
[1.044s] -- Detecting CXX compile features - done
[1.044s] -- Found ament_cmake: 1.3.11 (/opt/ros/humble/share/ament_cmake/cmake)
[1.044s] -- Found Python3: /usr/bin/python3 (found version "3.10.12") found components: Interpreter 
[1.045s] -- Found geometry_msgs: 4.8.0 (/opt/ros/humble/share/geometry_msgs/cmake)
[1.045s] -- Found rosidl_generator_c: 3.1.6 (/opt/ros/humble/share/rosidl_generator_c/cmake)
[1.045s] -- Found rosidl_adapter: 3.1.6 (/opt/ros/humble/share/rosidl_adapter/cmake)
[1.045s] -- Found rosidl_generator_cpp: 3.1.6 (/opt/ros/humble/share/rosidl_generator_cpp/cmake)
[1.045s] -- Using all available rosidl_typesupport_c: rosidl_typesupport_fastrtps_c;rosidl_typesupport_introspection_c
[1.064s] -- Using all available rosidl_typesupport_cpp: rosidl_typesupport_fastrtps_cpp;rosidl_typesupport_introspection_cpp
[1.114s] -- Found rosidl_default_generators: 1.2.0 (/opt/ros/humble/share/rosidl_default_generators/cmake)
[1.501s] -- Found ament_cmake_ros: 0.10.0 (/opt/ros/humble/share/ament_cmake_ros/cmake)
[1.999s] -- Using all available rosidl_typesupport_c: rosidl_typesupport_fastrtps_c;rosidl_typesupport_introspection_c
[2.193s] -- Using all available rosidl_typesupport_cpp: rosidl_typesupport_fastrtps_cpp;rosidl_typesupport_introspection_cpp
[2.220s] -- Found PythonInterp: /usr/bin/python3 (found suitable version "3.10.12", minimum required is "3.6") 
[2.223s] -- Found python_cmake_module: 0.10.0 (/opt/ros/humble/share/python_cmake_module/cmake)
[2.254s] -- Found PythonLibs: /usr/lib/x86_64-linux-gnu/libpython3.10.so (found suitable version "3.10.12", minimum required is "3.5") 
[2.254s] -- Using PYTHON_EXECUTABLE: /usr/bin/python3
[2.254s] -- Using PYTHON_INCLUDE_DIRS: /usr/include/python3.10
[2.254s] -- Using PYTHON_LIBRARIES: /usr/lib/x86_64-linux-gnu/libpython3.10.so
[2.284s] -- Found PythonExtra: .so  
[2.369s] -- Found ament_lint_auto: 0.12.12 (/opt/ros/humble/share/ament_lint_auto/cmake)
[2.402s] -- Added test 'lint_cmake' to check CMake code style
[2.403s] -- Added test 'xmllint' to check XML markup files
[2.408s] -- Configuring done
[2.469s] -- Generating done
[2.491s] -- Build files have been written to: /home/fxck/work/build/gui_interface
[2.517s] Invoked command in '/home/fxck/work/build/gui_interface' returned '0': CMAKE_PREFIX_PATH=/opt/ros/humble /usr/bin/cmake /home/fxck/work/src/gui/gui_interface -DCMAKE_INSTALL_PREFIX=/home/fxck/work/install/gui_interface
[2.518s] Invoking command in '/home/fxck/work/build/gui_interface': CMAKE_PREFIX_PATH=/opt/ros/humble /usr/bin/cmake --build /home/fxck/work/build/gui_interface -- -j16 -l16
[2.639s] [  3%] [34m[1mGenerating C code for ROS interfaces[0m
[2.640s] [  6%] [34m[1mGenerating C++ code for ROS interfaces[0m
[2.640s] [  6%] Built target ament_cmake_python_copy_gui_interface
[3.032s] [  9%] [32mBuilding C object CMakeFiles/gui_interface__rosidl_generator_c.dir/rosidl_generator_c/gui_interface/srv/detail/taskcmd__functions.c.o[0m
[3.046s] running egg_info
[3.046s] creating gui_interface.egg-info
[3.046s] writing gui_interface.egg-info/PKG-INFO
[3.046s] writing dependency_links to gui_interface.egg-info/dependency_links.txt
[3.046s] writing top-level names to gui_interface.egg-info/top_level.txt
[3.047s] writing manifest file 'gui_interface.egg-info/SOURCES.txt'
[3.049s] reading manifest file 'gui_interface.egg-info/SOURCES.txt'
[3.050s] writing manifest file 'gui_interface.egg-info/SOURCES.txt'
[3.070s] [  9%] Built target gui_interface__cpp
[3.101s] [ 12%] [34m[1mGenerating C++ type support dispatch for ROS interfaces[0m
[3.104s] [ 19%] [34m[1mGenerating C++ introspection for ROS interfaces[0m
[3.105s] [ 19%] [34m[1mGenerating C++ type support for eProsima Fast-RTPS[0m
[3.113s] [ 19%] Built target ament_cmake_python_build_gui_interface_egg
[3.172s] [ 22%] [32m[1mLinking C shared library libgui_interface__rosidl_generator_c.so[0m
[3.287s] [ 22%] Built target gui_interface__rosidl_generator_c
[3.338s] [ 25%] [34m[1mGenerating C introspection for ROS interfaces[0m
[3.338s] [ 29%] [34m[1mGenerating C type support dispatch for ROS interfaces[0m
[3.338s] [ 32%] [34m[1mGenerating C type support for eProsima Fast-RTPS[0m
[3.633s] [ 35%] [32mBuilding CXX object CMakeFiles/gui_interface__rosidl_typesupport_cpp.dir/rosidl_typesupport_cpp/gui_interface/srv/taskcmd__type_support.cpp.o[0m
[3.740s] [ 38%] [32mBuilding CXX object CMakeFiles/gui_interface__rosidl_typesupport_introspection_cpp.dir/rosidl_typesupport_introspection_cpp/gui_interface/srv/detail/taskcmd__type_support.cpp.o[0m
[3.773s] [ 41%] [32mBuilding CXX object CMakeFiles/gui_interface__rosidl_typesupport_c.dir/rosidl_typesupport_c/gui_interface/srv/taskcmd__type_support.cpp.o[0m
[3.787s] [ 45%] [32mBuilding CXX object CMakeFiles/gui_interface__rosidl_typesupport_fastrtps_cpp.dir/rosidl_typesupport_fastrtps_cpp/gui_interface/srv/detail/dds_fastrtps/taskcmd__type_support.cpp.o[0m
[3.878s] [ 48%] [32m[1mLinking CXX shared library libgui_interface__rosidl_typesupport_c.so[0m
[3.977s] [ 51%] [32mBuilding C object CMakeFiles/gui_interface__rosidl_typesupport_introspection_c.dir/rosidl_typesupport_introspection_c/gui_interface/srv/detail/taskcmd__type_support.c.o[0m
[4.003s] [ 51%] Built target gui_interface__rosidl_typesupport_c
[4.095s] [ 54%] [32m[1mLinking C shared library libgui_interface__rosidl_typesupport_introspection_c.so[0m
[4.153s] [ 58%] [32mBuilding CXX object CMakeFiles/gui_interface__rosidl_typesupport_fastrtps_c.dir/rosidl_typesupport_fastrtps_c/gui_interface/srv/detail/taskcmd__type_support_c.cpp.o[0m
[4.190s] [ 58%] Built target gui_interface__rosidl_typesupport_introspection_c
[4.199s] [ 61%] [32m[1mLinking CXX shared library libgui_interface__rosidl_typesupport_cpp.so[0m
[4.316s] [ 61%] Built target gui_interface__rosidl_typesupport_cpp
[4.551s] [ 64%] [32m[1mLinking CXX shared library libgui_interface__rosidl_typesupport_fastrtps_cpp.so[0m
[4.568s] [ 67%] [32m[1mLinking CXX shared library libgui_interface__rosidl_typesupport_introspection_cpp.so[0m
[4.694s] [ 67%] Built target gui_interface__rosidl_typesupport_introspection_cpp
[4.730s] [ 67%] Built target gui_interface__rosidl_typesupport_fastrtps_cpp
[4.738s] [ 70%] [32m[1mLinking CXX shared library libgui_interface__rosidl_typesupport_fastrtps_c.so[0m
[4.864s] [ 70%] Built target gui_interface__rosidl_typesupport_fastrtps_c
[4.889s] [ 70%] Built target gui_interface
[4.915s] [ 74%] [34m[1mGenerating Python code for ROS interfaces[0m
[5.222s] [ 74%] Built target gui_interface__py
[5.245s] [ 77%] [32mBuilding C object CMakeFiles/gui_interface__rosidl_generator_py.dir/rosidl_generator_py/gui_interface/srv/_taskcmd_s.c.o[0m
[5.353s] [ 80%] [32m[1mLinking C shared library rosidl_generator_py/gui_interface/libgui_interface__rosidl_generator_py.so[0m
[5.400s] [ 80%] Built target gui_interface__rosidl_generator_py
[5.435s] [ 87%] [32mBuilding C object CMakeFiles/gui_interface__rosidl_typesupport_fastrtps_c__pyext.dir/rosidl_generator_py/gui_interface/_gui_interface_s.ep.rosidl_typesupport_fastrtps_c.c.o[0m
[5.435s] [ 87%] [32mBuilding C object CMakeFiles/gui_interface__rosidl_typesupport_c__pyext.dir/rosidl_generator_py/gui_interface/_gui_interface_s.ep.rosidl_typesupport_c.c.o[0m
[5.435s] [ 90%] [32mBuilding C object CMakeFiles/gui_interface__rosidl_typesupport_introspection_c__pyext.dir/rosidl_generator_py/gui_interface/_gui_interface_s.ep.rosidl_typesupport_introspection_c.c.o[0m
[5.587s] [ 96%] [32m[1mLinking C shared library rosidl_generator_py/gui_interface/gui_interface_s__rosidl_typesupport_introspection_c.cpython-310-x86_64-linux-gnu.so[0m
[5.588s] [ 96%] [32m[1mLinking C shared library rosidl_generator_py/gui_interface/gui_interface_s__rosidl_typesupport_fastrtps_c.cpython-310-x86_64-linux-gnu.so[0m
[5.590s] [100%] [32m[1mLinking C shared library rosidl_generator_py/gui_interface/gui_interface_s__rosidl_typesupport_c.cpython-310-x86_64-linux-gnu.so[0m
[5.637s] [100%] Built target gui_interface__rosidl_typesupport_c__pyext
[5.637s] [100%] Built target gui_interface__rosidl_typesupport_fastrtps_c__pyext
[5.637s] [100%] Built target gui_interface__rosidl_typesupport_introspection_c__pyext
[5.652s] Invoked command in '/home/fxck/work/build/gui_interface' returned '0': CMAKE_PREFIX_PATH=/opt/ros/humble /usr/bin/cmake --build /home/fxck/work/build/gui_interface -- -j16 -l16
[5.653s] Invoking command in '/home/fxck/work/build/gui_interface': CMAKE_PREFIX_PATH=/opt/ros/humble /usr/bin/cmake --install /home/fxck/work/build/gui_interface
[5.662s] -- Install configuration: ""
[5.663s] -- Installing: /home/fxck/work/install/gui_interface/share/ament_index/resource_index/rosidl_interfaces/gui_interface
[5.664s] -- Installing: /home/fxck/work/install/gui_interface/include/gui_interface/gui_interface
[5.664s] -- Installing: /home/fxck/work/install/gui_interface/include/gui_interface/gui_interface/msg
[5.664s] -- Installing: /home/fxck/work/install/gui_interface/include/gui_interface/gui_interface/msg/rosidl_generator_c__visibility_control.h
[5.664s] -- Installing: /home/fxck/work/install/gui_interface/include/gui_interface/gui_interface/srv
[5.664s] -- Installing: /home/fxck/work/install/gui_interface/include/gui_interface/gui_interface/srv/taskcmd.h
[5.664s] -- Installing: /home/fxck/work/install/gui_interface/include/gui_interface/gui_interface/srv/detail
[5.665s] -- Installing: /home/fxck/work/install/gui_interface/include/gui_interface/gui_interface/srv/detail/taskcmd__struct.h
[5.665s] -- Installing: /home/fxck/work/install/gui_interface/include/gui_interface/gui_interface/srv/detail/taskcmd__functions.h
[5.665s] -- Installing: /home/fxck/work/install/gui_interface/include/gui_interface/gui_interface/srv/detail/taskcmd__type_support.h
[5.665s] -- Installing: /home/fxck/work/install/gui_interface/include/gui_interface/gui_interface/srv/detail/taskcmd__functions.c
[5.665s] -- Installing: /home/fxck/work/install/gui_interface/share/gui_interface/environment/library_path.sh
[5.665s] -- Installing: /home/fxck/work/install/gui_interface/share/gui_interface/environment/library_path.dsv
[5.665s] -- Installing: /home/fxck/work/install/gui_interface/lib/libgui_interface__rosidl_generator_c.so
[5.666s] -- Set runtime path of "/home/fxck/work/install/gui_interface/lib/libgui_interface__rosidl_generator_c.so" to ""
[5.666s] -- Up-to-date: /home/fxck/work/install/gui_interface/include/gui_interface/gui_interface
[5.666s] -- Up-to-date: /home/fxck/work/install/gui_interface/include/gui_interface/gui_interface/msg
[5.666s] -- Installing: /home/fxck/work/install/gui_interface/include/gui_interface/gui_interface/msg/rosidl_typesupport_fastrtps_c__visibility_control.h
[5.666s] -- Up-to-date: /home/fxck/work/install/gui_interface/include/gui_interface/gui_interface/srv
[5.666s] -- Up-to-date: /home/fxck/work/install/gui_interface/include/gui_interface/gui_interface/srv/detail
[5.667s] -- Installing: /home/fxck/work/install/gui_interface/include/gui_interface/gui_interface/srv/detail/taskcmd__rosidl_typesupport_fastrtps_c.h
[5.667s] -- Installing: /home/fxck/work/install/gui_interface/lib/libgui_interface__rosidl_typesupport_fastrtps_c.so
[5.667s] -- Set runtime path of "/home/fxck/work/install/gui_interface/lib/libgui_interface__rosidl_typesupport_fastrtps_c.so" to ""
[5.667s] -- Up-to-date: /home/fxck/work/install/gui_interface/include/gui_interface/gui_interface
[5.667s] -- Up-to-date: /home/fxck/work/install/gui_interface/include/gui_interface/gui_interface/msg
[5.667s] -- Installing: /home/fxck/work/install/gui_interface/include/gui_interface/gui_interface/msg/rosidl_generator_cpp__visibility_control.hpp
[5.667s] -- Up-to-date: /home/fxck/work/install/gui_interface/include/gui_interface/gui_interface/srv
[5.668s] -- Installing: /home/fxck/work/install/gui_interface/include/gui_interface/gui_interface/srv/taskcmd.hpp
[5.668s] -- Up-to-date: /home/fxck/work/install/gui_interface/include/gui_interface/gui_interface/srv/detail
[5.668s] -- Installing: /home/fxck/work/install/gui_interface/include/gui_interface/gui_interface/srv/detail/taskcmd__builder.hpp
[5.668s] -- Installing: /home/fxck/work/install/gui_interface/include/gui_interface/gui_interface/srv/detail/taskcmd__struct.hpp
[5.668s] -- Installing: /home/fxck/work/install/gui_interface/include/gui_interface/gui_interface/srv/detail/taskcmd__type_support.hpp
[5.668s] -- Installing: /home/fxck/work/install/gui_interface/include/gui_interface/gui_interface/srv/detail/taskcmd__traits.hpp
[5.668s] -- Up-to-date: /home/fxck/work/install/gui_interface/include/gui_interface/gui_interface
[5.669s] -- Up-to-date: /home/fxck/work/install/gui_interface/include/gui_interface/gui_interface/msg
[5.669s] -- Installing: /home/fxck/work/install/gui_interface/include/gui_interface/gui_interface/msg/rosidl_typesupport_fastrtps_cpp__visibility_control.h
[5.669s] -- Up-to-date: /home/fxck/work/install/gui_interface/include/gui_interface/gui_interface/srv
[5.669s] -- Up-to-date: /home/fxck/work/install/gui_interface/include/gui_interface/gui_interface/srv/detail
[5.669s] -- Installing: /home/fxck/work/install/gui_interface/include/gui_interface/gui_interface/srv/detail/dds_fastrtps
[5.669s] -- Installing: /home/fxck/work/install/gui_interface/include/gui_interface/gui_interface/srv/detail/taskcmd__rosidl_typesupport_fastrtps_cpp.hpp
[5.669s] -- Installing: /home/fxck/work/install/gui_interface/lib/libgui_interface__rosidl_typesupport_fastrtps_cpp.so
[5.670s] -- Set runtime path of "/home/fxck/work/install/gui_interface/lib/libgui_interface__rosidl_typesupport_fastrtps_cpp.so" to ""
[5.670s] -- Up-to-date: /home/fxck/work/install/gui_interface/include/gui_interface/gui_interface
[5.670s] -- Up-to-date: /home/fxck/work/install/gui_interface/include/gui_interface/gui_interface/msg
[5.670s] -- Installing: /home/fxck/work/install/gui_interface/include/gui_interface/gui_interface/msg/rosidl_typesupport_introspection_c__visibility_control.h
[5.670s] -- Up-to-date: /home/fxck/work/install/gui_interface/include/gui_interface/gui_interface/srv
[5.670s] -- Up-to-date: /home/fxck/work/install/gui_interface/include/gui_interface/gui_interface/srv/detail
[5.670s] -- Installing: /home/fxck/work/install/gui_interface/include/gui_interface/gui_interface/srv/detail/taskcmd__type_support.c
[5.671s] -- Installing: /home/fxck/work/install/gui_interface/include/gui_interface/gui_interface/srv/detail/taskcmd__rosidl_typesupport_introspection_c.h
[5.671s] -- Installing: /home/fxck/work/install/gui_interface/lib/libgui_interface__rosidl_typesupport_introspection_c.so
[5.671s] -- Set runtime path of "/home/fxck/work/install/gui_interface/lib/libgui_interface__rosidl_typesupport_introspection_c.so" to ""
[5.671s] -- Installing: /home/fxck/work/install/gui_interface/lib/libgui_interface__rosidl_typesupport_c.so
[5.672s] -- Set runtime path of "/home/fxck/work/install/gui_interface/lib/libgui_interface__rosidl_typesupport_c.so" to ""
[5.672s] -- Up-to-date: /home/fxck/work/install/gui_interface/include/gui_interface/gui_interface
[5.672s] -- Up-to-date: /home/fxck/work/install/gui_interface/include/gui_interface/gui_interface/srv
[5.672s] -- Up-to-date: /home/fxck/work/install/gui_interface/include/gui_interface/gui_interface/srv/detail
[5.672s] -- Installing: /home/fxck/work/install/gui_interface/include/gui_interface/gui_interface/srv/detail/taskcmd__type_support.cpp
[5.672s] -- Installing: /home/fxck/work/install/gui_interface/include/gui_interface/gui_interface/srv/detail/taskcmd__rosidl_typesupport_introspection_cpp.hpp
[5.672s] -- Installing: /home/fxck/work/install/gui_interface/lib/libgui_interface__rosidl_typesupport_introspection_cpp.so
[5.673s] -- Set runtime path of "/home/fxck/work/install/gui_interface/lib/libgui_interface__rosidl_typesupport_introspection_cpp.so" to ""
[5.673s] -- Installing: /home/fxck/work/install/gui_interface/lib/libgui_interface__rosidl_typesupport_cpp.so
[5.673s] -- Set runtime path of "/home/fxck/work/install/gui_interface/lib/libgui_interface__rosidl_typesupport_cpp.so" to ""
[5.673s] -- Installing: /home/fxck/work/install/gui_interface/share/gui_interface/environment/pythonpath.sh
[5.674s] -- Installing: /home/fxck/work/install/gui_interface/share/gui_interface/environment/pythonpath.dsv
[5.674s] -- Installing: /home/fxck/work/install/gui_interface/local/lib/python3.10/dist-packages/gui_interface-0.0.0-py3.10.egg-info
[5.674s] -- Installing: /home/fxck/work/install/gui_interface/local/lib/python3.10/dist-packages/gui_interface-0.0.0-py3.10.egg-info/SOURCES.txt
[5.674s] -- Installing: /home/fxck/work/install/gui_interface/local/lib/python3.10/dist-packages/gui_interface-0.0.0-py3.10.egg-info/dependency_links.txt
[5.674s] -- Installing: /home/fxck/work/install/gui_interface/local/lib/python3.10/dist-packages/gui_interface-0.0.0-py3.10.egg-info/PKG-INFO
[5.675s] -- Installing: /home/fxck/work/install/gui_interface/local/lib/python3.10/dist-packages/gui_interface-0.0.0-py3.10.egg-info/top_level.txt
[5.675s] -- Installing: /home/fxck/work/install/gui_interface/local/lib/python3.10/dist-packages/gui_interface
[5.675s] -- Installing: /home/fxck/work/install/gui_interface/local/lib/python3.10/dist-packages/gui_interface/srv
[5.675s] -- Installing: /home/fxck/work/install/gui_interface/local/lib/python3.10/dist-packages/gui_interface/srv/_taskcmd_s.c
[5.675s] -- Installing: /home/fxck/work/install/gui_interface/local/lib/python3.10/dist-packages/gui_interface/srv/_taskcmd.py
[5.675s] -- Installing: /home/fxck/work/install/gui_interface/local/lib/python3.10/dist-packages/gui_interface/srv/__init__.py
[5.675s] -- Installing: /home/fxck/work/install/gui_interface/local/lib/python3.10/dist-packages/gui_interface/_gui_interface_s.ep.rosidl_typesupport_fastrtps_c.c
[5.676s] -- Installing: /home/fxck/work/install/gui_interface/local/lib/python3.10/dist-packages/gui_interface/gui_interface_s__rosidl_typesupport_fastrtps_c.cpython-310-x86_64-linux-gnu.so
[5.676s] -- Installing: /home/fxck/work/install/gui_interface/local/lib/python3.10/dist-packages/gui_interface/libgui_interface__rosidl_generator_py.so
[5.676s] -- Installing: /home/fxck/work/install/gui_interface/local/lib/python3.10/dist-packages/gui_interface/gui_interface_s__rosidl_typesupport_c.cpython-310-x86_64-linux-gnu.so
[5.676s] -- Installing: /home/fxck/work/install/gui_interface/local/lib/python3.10/dist-packages/gui_interface/_gui_interface_s.ep.rosidl_typesupport_c.c
[5.676s] -- Installing: /home/fxck/work/install/gui_interface/local/lib/python3.10/dist-packages/gui_interface/_gui_interface_s.ep.rosidl_typesupport_introspection_c.c
[5.677s] -- Installing: /home/fxck/work/install/gui_interface/local/lib/python3.10/dist-packages/gui_interface/__init__.py
[5.677s] -- Installing: /home/fxck/work/install/gui_interface/local/lib/python3.10/dist-packages/gui_interface/gui_interface_s__rosidl_typesupport_introspection_c.cpython-310-x86_64-linux-gnu.so
[5.711s] Listing '/home/fxck/work/install/gui_interface/local/lib/python3.10/dist-packages/gui_interface'...
[5.711s] Compiling '/home/fxck/work/install/gui_interface/local/lib/python3.10/dist-packages/gui_interface/__init__.py'...
[5.711s] Listing '/home/fxck/work/install/gui_interface/local/lib/python3.10/dist-packages/gui_interface/srv'...
[5.711s] Compiling '/home/fxck/work/install/gui_interface/local/lib/python3.10/dist-packages/gui_interface/srv/__init__.py'...
[5.711s] Compiling '/home/fxck/work/install/gui_interface/local/lib/python3.10/dist-packages/gui_interface/srv/_taskcmd.py'...
[5.716s] -- Installing: /home/fxck/work/install/gui_interface/local/lib/python3.10/dist-packages/gui_interface/gui_interface_s__rosidl_typesupport_fastrtps_c.cpython-310-x86_64-linux-gnu.so
[5.717s] -- Set runtime path of "/home/fxck/work/install/gui_interface/local/lib/python3.10/dist-packages/gui_interface/gui_interface_s__rosidl_typesupport_fastrtps_c.cpython-310-x86_64-linux-gnu.so" to ""
[5.717s] -- Installing: /home/fxck/work/install/gui_interface/local/lib/python3.10/dist-packages/gui_interface/gui_interface_s__rosidl_typesupport_introspection_c.cpython-310-x86_64-linux-gnu.so
[5.717s] -- Set runtime path of "/home/fxck/work/install/gui_interface/local/lib/python3.10/dist-packages/gui_interface/gui_interface_s__rosidl_typesupport_introspection_c.cpython-310-x86_64-linux-gnu.so" to ""
[5.717s] -- Installing: /home/fxck/work/install/gui_interface/local/lib/python3.10/dist-packages/gui_interface/gui_interface_s__rosidl_typesupport_c.cpython-310-x86_64-linux-gnu.so
[5.718s] -- Set runtime path of "/home/fxck/work/install/gui_interface/local/lib/python3.10/dist-packages/gui_interface/gui_interface_s__rosidl_typesupport_c.cpython-310-x86_64-linux-gnu.so" to ""
[5.718s] -- Installing: /home/fxck/work/install/gui_interface/lib/libgui_interface__rosidl_generator_py.so
[5.719s] -- Set runtime path of "/home/fxck/work/install/gui_interface/lib/libgui_interface__rosidl_generator_py.so" to ""
[5.719s] -- Installing: /home/fxck/work/install/gui_interface/share/gui_interface/srv/Taskcmd.idl
[5.719s] -- Installing: /home/fxck/work/install/gui_interface/share/gui_interface/srv/Taskcmd.srv
[5.719s] -- Installing: /home/fxck/work/install/gui_interface/share/gui_interface/srv/Taskcmd_Request.msg
[5.719s] -- Installing: /home/fxck/work/install/gui_interface/share/gui_interface/srv/Taskcmd_Response.msg
[5.720s] -- Installing: /home/fxck/work/install/gui_interface/share/ament_index/resource_index/package_run_dependencies/gui_interface
[5.720s] -- Installing: /home/fxck/work/install/gui_interface/share/ament_index/resource_index/parent_prefix_path/gui_interface
[5.720s] -- Installing: /home/fxck/work/install/gui_interface/share/gui_interface/environment/ament_prefix_path.sh
[5.720s] -- Installing: /home/fxck/work/install/gui_interface/share/gui_interface/environment/ament_prefix_path.dsv
[5.721s] -- Installing: /home/fxck/work/install/gui_interface/share/gui_interface/environment/path.sh
[5.721s] -- Installing: /home/fxck/work/install/gui_interface/share/gui_interface/environment/path.dsv
[5.721s] -- Installing: /home/fxck/work/install/gui_interface/share/gui_interface/local_setup.bash
[5.721s] -- Installing: /home/fxck/work/install/gui_interface/share/gui_interface/local_setup.sh
[5.722s] -- Installing: /home/fxck/work/install/gui_interface/share/gui_interface/local_setup.zsh
[5.722s] -- Installing: /home/fxck/work/install/gui_interface/share/gui_interface/local_setup.dsv
[5.722s] -- Installing: /home/fxck/work/install/gui_interface/share/gui_interface/package.dsv
[5.722s] -- Installing: /home/fxck/work/install/gui_interface/share/ament_index/resource_index/packages/gui_interface
[5.723s] -- Installing: /home/fxck/work/install/gui_interface/share/gui_interface/cmake/export_gui_interface__rosidl_generator_cExport.cmake
[5.723s] -- Installing: /home/fxck/work/install/gui_interface/share/gui_interface/cmake/export_gui_interface__rosidl_generator_cExport-noconfig.cmake
[5.723s] -- Installing: /home/fxck/work/install/gui_interface/share/gui_interface/cmake/export_gui_interface__rosidl_typesupport_fastrtps_cExport.cmake
[5.723s] -- Installing: /home/fxck/work/install/gui_interface/share/gui_interface/cmake/export_gui_interface__rosidl_typesupport_fastrtps_cExport-noconfig.cmake
[5.723s] -- Installing: /home/fxck/work/install/gui_interface/share/gui_interface/cmake/export_gui_interface__rosidl_generator_cppExport.cmake
[5.724s] -- Installing: /home/fxck/work/install/gui_interface/share/gui_interface/cmake/export_gui_interface__rosidl_typesupport_fastrtps_cppExport.cmake
[5.724s] -- Installing: /home/fxck/work/install/gui_interface/share/gui_interface/cmake/export_gui_interface__rosidl_typesupport_fastrtps_cppExport-noconfig.cmake
[5.724s] -- Installing: /home/fxck/work/install/gui_interface/share/gui_interface/cmake/gui_interface__rosidl_typesupport_introspection_cExport.cmake
[5.724s] -- Installing: /home/fxck/work/install/gui_interface/share/gui_interface/cmake/gui_interface__rosidl_typesupport_introspection_cExport-noconfig.cmake
[5.725s] -- Installing: /home/fxck/work/install/gui_interface/share/gui_interface/cmake/gui_interface__rosidl_typesupport_cExport.cmake
[5.725s] -- Installing: /home/fxck/work/install/gui_interface/share/gui_interface/cmake/gui_interface__rosidl_typesupport_cExport-noconfig.cmake
[5.725s] -- Installing: /home/fxck/work/install/gui_interface/share/gui_interface/cmake/gui_interface__rosidl_typesupport_introspection_cppExport.cmake
[5.726s] -- Installing: /home/fxck/work/install/gui_interface/share/gui_interface/cmake/gui_interface__rosidl_typesupport_introspection_cppExport-noconfig.cmake
[5.726s] -- Installing: /home/fxck/work/install/gui_interface/share/gui_interface/cmake/gui_interface__rosidl_typesupport_cppExport.cmake
[5.727s] -- Installing: /home/fxck/work/install/gui_interface/share/gui_interface/cmake/gui_interface__rosidl_typesupport_cppExport-noconfig.cmake
[5.727s] -- Installing: /home/fxck/work/install/gui_interface/share/gui_interface/cmake/export_gui_interface__rosidl_generator_pyExport.cmake
[5.727s] -- Installing: /home/fxck/work/install/gui_interface/share/gui_interface/cmake/export_gui_interface__rosidl_generator_pyExport-noconfig.cmake
[5.727s] -- Installing: /home/fxck/work/install/gui_interface/share/gui_interface/cmake/rosidl_cmake-extras.cmake
[5.727s] -- Installing: /home/fxck/work/install/gui_interface/share/gui_interface/cmake/ament_cmake_export_dependencies-extras.cmake
[5.727s] -- Installing: /home/fxck/work/install/gui_interface/share/gui_interface/cmake/ament_cmake_export_include_directories-extras.cmake
[5.727s] -- Installing: /home/fxck/work/install/gui_interface/share/gui_interface/cmake/ament_cmake_export_libraries-extras.cmake
[5.728s] -- Installing: /home/fxck/work/install/gui_interface/share/gui_interface/cmake/ament_cmake_export_targets-extras.cmake
[5.728s] -- Installing: /home/fxck/work/install/gui_interface/share/gui_interface/cmake/rosidl_cmake_export_typesupport_targets-extras.cmake
[5.728s] -- Installing: /home/fxck/work/install/gui_interface/share/gui_interface/cmake/rosidl_cmake_export_typesupport_libraries-extras.cmake
[5.728s] -- Installing: /home/fxck/work/install/gui_interface/share/gui_interface/cmake/gui_interfaceConfig.cmake
[5.729s] -- Installing: /home/fxck/work/install/gui_interface/share/gui_interface/cmake/gui_interfaceConfig-version.cmake
[5.729s] -- Installing: /home/fxck/work/install/gui_interface/share/gui_interface/package.xml
[5.748s] Invoked command in '/home/fxck/work/build/gui_interface' returned '0': CMAKE_PREFIX_PATH=/opt/ros/humble /usr/bin/cmake --install /home/fxck/work/build/gui_interface
