[0.342s] Invoking command in '/home/eating/work/build/timda_bringup': CMAKE_PREFIX_PATH=${CMAKE_PREFIX_PATH}:/home/eating/work/install/pallet_main:/home/eating/work/install/main_control:/home/eating/work/install/gui:/home/eating/work/install/docking_pkg:/opt/ros/humble /usr/bin/cmake --build /home/eating/work/build/timda_bringup -- -j8 -l8
[0.411s] Invoked command in '/home/eating/work/build/timda_bringup' returned '0': CMAKE_PREFIX_PATH=${CMAKE_PREFIX_PATH}:/home/eating/work/install/pallet_main:/home/eating/work/install/main_control:/home/eating/work/install/gui:/home/eating/work/install/docking_pkg:/opt/ros/humble /usr/bin/cmake --build /home/eating/work/build/timda_bringup -- -j8 -l8
[0.412s] Invoking command in '/home/eating/work/build/timda_bringup': CMAKE_PREFIX_PATH=${CMAKE_PREFIX_PATH}:/home/eating/work/install/pallet_main:/home/eating/work/install/main_control:/home/eating/work/install/gui:/home/eating/work/install/docking_pkg:/opt/ros/humble /usr/bin/cmake --install /home/eating/work/build/timda_bringup
[0.417s] -- Install configuration: ""
[0.417s] -- Up-to-date: /home/eating/work/install/timda_bringup/share/timda_bringup//launch
[0.417s] -- Up-to-date: /home/eating/work/install/timda_bringup/share/timda_bringup//launch/urg_lidar.launch
[0.417s] -- Up-to-date: /home/eating/work/install/timda_bringup/share/ament_index/resource_index/package_run_dependencies/timda_bringup
[0.417s] -- Up-to-date: /home/eating/work/install/timda_bringup/share/ament_index/resource_index/parent_prefix_path/timda_bringup
[0.417s] -- Up-to-date: /home/eating/work/install/timda_bringup/share/timda_bringup/environment/ament_prefix_path.sh
[0.417s] -- Up-to-date: /home/eating/work/install/timda_bringup/share/timda_bringup/environment/ament_prefix_path.dsv
[0.417s] -- Up-to-date: /home/eating/work/install/timda_bringup/share/timda_bringup/environment/path.sh
[0.418s] -- Up-to-date: /home/eating/work/install/timda_bringup/share/timda_bringup/environment/path.dsv
[0.418s] -- Up-to-date: /home/eating/work/install/timda_bringup/share/timda_bringup/local_setup.bash
[0.418s] -- Up-to-date: /home/eating/work/install/timda_bringup/share/timda_bringup/local_setup.sh
[0.418s] -- Up-to-date: /home/eating/work/install/timda_bringup/share/timda_bringup/local_setup.zsh
[0.418s] -- Up-to-date: /home/eating/work/install/timda_bringup/share/timda_bringup/local_setup.dsv
[0.418s] -- Installing: /home/eating/work/install/timda_bringup/share/timda_bringup/package.dsv
[0.418s] -- Up-to-date: /home/eating/work/install/timda_bringup/share/ament_index/resource_index/packages/timda_bringup
[0.418s] -- Up-to-date: /home/eating/work/install/timda_bringup/share/timda_bringup/cmake/timda_bringupConfig.cmake
[0.418s] -- Up-to-date: /home/eating/work/install/timda_bringup/share/timda_bringup/cmake/timda_bringupConfig-version.cmake
[0.418s] -- Up-to-date: /home/eating/work/install/timda_bringup/share/timda_bringup/package.xml
[0.467s] Invoked command in '/home/eating/work/build/timda_bringup' returned '0': CMAKE_PREFIX_PATH=${CMAKE_PREFIX_PATH}:/home/eating/work/install/pallet_main:/home/eating/work/install/main_control:/home/eating/work/install/gui:/home/eating/work/install/docking_pkg:/opt/ros/humble /usr/bin/cmake --install /home/eating/work/build/timda_bringup
