[0.014s] Invoking command in '/home/fxck/work/build/mecanum': CMAKE_PREFIX_PATH=/opt/ros/humble /usr/bin/cmake /home/fxck/work/src/mecanum -DCMAKE_INSTALL_PREFIX=/home/fxck/work/install/mecanum
[0.180s] -- The C compiler identification is GNU 11.4.0
[0.286s] -- The CXX compiler identification is GNU 11.4.0
[0.296s] -- Detecting C compiler ABI info
[0.370s] -- Detecting C compiler ABI info - done
[0.376s] -- Check for working C compiler: /usr/bin/cc - skipped
[0.376s] -- Detecting C compile features
[0.377s] -- Detecting C compile features - done
[0.380s] -- Detecting CXX compiler ABI info
[0.459s] -- Detecting CXX compiler ABI info - done
[0.468s] -- Check for working CXX compiler: /usr/bin/c++ - skipped
[0.469s] -- Detecting CXX compile features
[0.469s] -- Detecting CXX compile features - done
[0.476s] -- Found ament_cmake: 1.3.11 (/opt/ros/humble/share/ament_cmake/cmake)
[0.605s] -- Found Python3: /usr/bin/python3 (found version "3.10.12") found components: Interpreter 
[0.711s] -- Found rclcpp: 16.0.11 (/opt/ros/humble/share/rclcpp/cmake)
[0.763s] -- Found rosidl_generator_c: 3.1.6 (/opt/ros/humble/share/rosidl_generator_c/cmake)
[0.770s] -- Found rosidl_adapter: 3.1.6 (/opt/ros/humble/share/rosidl_adapter/cmake)
[0.782s] -- Found rosidl_generator_cpp: 3.1.6 (/opt/ros/humble/share/rosidl_generator_cpp/cmake)
[0.800s] -- Using all available rosidl_typesupport_c: rosidl_typesupport_fastrtps_c;rosidl_typesupport_introspection_c
[0.821s] -- Using all available rosidl_typesupport_cpp: rosidl_typesupport_fastrtps_cpp;rosidl_typesupport_introspection_cpp
[0.879s] -- Found rmw_implementation_cmake: 6.1.2 (/opt/ros/humble/share/rmw_implementation_cmake/cmake)
[0.883s] -- Found rmw_cyclonedds_cpp: 1.3.4 (/opt/ros/humble/share/rmw_cyclonedds_cpp/cmake)
[0.913s] -- Using RMW implementation 'rmw_cyclonedds_cpp' as default
[0.927s] -- Looking for pthread.h
[1.005s] -- Looking for pthread.h - found
[1.005s] -- Performing Test CMAKE_HAVE_LIBC_PTHREAD
[1.074s] -- Performing Test CMAKE_HAVE_LIBC_PTHREAD - Success
[1.075s] -- Found Threads: TRUE  
[1.147s] -- Found geometry_msgs: 4.2.4 (/opt/ros/humble/share/geometry_msgs/cmake)
[1.162s] -- Found tf2_ros: 0.25.12 (/opt/ros/humble/share/tf2_ros/cmake)
[1.287s] -- Found tf2_geometry_msgs: 0.25.12 (/opt/ros/humble/share/tf2_geometry_msgs/cmake)
[1.308s] -- Found eigen3_cmake_module: 0.1.1 (/opt/ros/humble/share/eigen3_cmake_module/cmake)
[1.310s] -- Found Eigen3: TRUE (found version "3.4.0") 
[1.310s] -- Ensuring Eigen3 include directory is part of orocos-kdl CMake target
[1.313s] -- Found nav_msgs: 4.2.4 (/opt/ros/humble/share/nav_msgs/cmake)
[1.335s] -- Found ament_lint_auto: 0.12.11 (/opt/ros/humble/share/ament_lint_auto/cmake)
[1.409s] -- Added test 'cppcheck' to perform static code analysis on C / C++ code
[1.409s] -- Configured cppcheck include dirs: /home/fxck/work/src/mecanum/include
[1.410s] -- Configured cppcheck exclude dirs and/or files: 
[1.413s] -- Added test 'lint_cmake' to check CMake code style
[1.421s] -- Added test 'uncrustify' to check C / C++ code style
[1.421s] -- Configured uncrustify additional arguments: 
[1.422s] -- Added test 'xmllint' to check XML markup files
[1.424s] -- Configuring done
[1.440s] -- Generating done
[1.444s] -- Build files have been written to: /home/fxck/work/build/mecanum
[1.452s] Invoked command in '/home/fxck/work/build/mecanum' returned '0': CMAKE_PREFIX_PATH=/opt/ros/humble /usr/bin/cmake /home/fxck/work/src/mecanum -DCMAKE_INSTALL_PREFIX=/home/fxck/work/install/mecanum
[1.453s] Invoking command in '/home/fxck/work/build/mecanum': CMAKE_PREFIX_PATH=/opt/ros/humble /usr/bin/cmake --build /home/fxck/work/build/mecanum -- -j16 -l16
[1.505s] [ 25%] [32mBuilding CXX object CMakeFiles/mobile_node.dir/src/mobile_node.cpp.o[0m
[1.505s] [ 50%] [32mBuilding CXX object CMakeFiles/mobile_node.dir/src/Mecanum.cpp.o[0m
[1.506s] [ 75%] [32mBuilding CXX object CMakeFiles/mobile_node.dir/src/TimdaModbus.cpp.o[0m
[9.151s] [100%] [32m[1mLinking CXX executable mobile_node[0m
[9.551s] [100%] Built target mobile_node
[9.562s] Invoked command in '/home/fxck/work/build/mecanum' returned '0': CMAKE_PREFIX_PATH=/opt/ros/humble /usr/bin/cmake --build /home/fxck/work/build/mecanum -- -j16 -l16
[9.563s] Invoking command in '/home/fxck/work/build/mecanum': CMAKE_PREFIX_PATH=/opt/ros/humble /usr/bin/cmake --install /home/fxck/work/build/mecanum
[9.570s] -- Install configuration: ""
[9.570s] -- Installing: /home/fxck/work/install/mecanum/include/mecanum
[9.570s] -- Installing: /home/fxck/work/install/mecanum/include/mecanum/Mecanum.h
[9.571s] -- Installing: /home/fxck/work/install/mecanum/include/mecanum/TimdaModbus.h
[9.571s] -- Installing: /home/fxck/work/install/mecanum/lib/mecanum/mobile_node
[9.575s] -- Set runtime path of "/home/fxck/work/install/mecanum/lib/mecanum/mobile_node" to ""
[9.575s] -- Installing: /home/fxck/work/install/mecanum/share/ament_index/resource_index/package_run_dependencies/mecanum
[9.575s] -- Installing: /home/fxck/work/install/mecanum/share/ament_index/resource_index/parent_prefix_path/mecanum
[9.576s] -- Installing: /home/fxck/work/install/mecanum/share/mecanum/environment/ament_prefix_path.sh
[9.576s] -- Installing: /home/fxck/work/install/mecanum/share/mecanum/environment/ament_prefix_path.dsv
[9.576s] -- Installing: /home/fxck/work/install/mecanum/share/mecanum/environment/path.sh
[9.576s] -- Installing: /home/fxck/work/install/mecanum/share/mecanum/environment/path.dsv
[9.576s] -- Installing: /home/fxck/work/install/mecanum/share/mecanum/local_setup.bash
[9.576s] -- Installing: /home/fxck/work/install/mecanum/share/mecanum/local_setup.sh
[9.577s] -- Installing: /home/fxck/work/install/mecanum/share/mecanum/local_setup.zsh
[9.577s] -- Installing: /home/fxck/work/install/mecanum/share/mecanum/local_setup.dsv
[9.577s] -- Installing: /home/fxck/work/install/mecanum/share/mecanum/package.dsv
[9.577s] -- Installing: /home/fxck/work/install/mecanum/share/ament_index/resource_index/packages/mecanum
[9.577s] -- Installing: /home/fxck/work/install/mecanum/share/mecanum/cmake/mecanumConfig.cmake
[9.577s] -- Installing: /home/fxck/work/install/mecanum/share/mecanum/cmake/mecanumConfig-version.cmake
[9.578s] -- Installing: /home/fxck/work/install/mecanum/share/mecanum/package.xml
[9.580s] Invoked command in '/home/fxck/work/build/mecanum' returned '0': CMAKE_PREFIX_PATH=/opt/ros/humble /usr/bin/cmake --install /home/fxck/work/build/mecanum
