[0.364s] Invoking command in '/home/eating/work/build/realsense2_description': CMAKE_PREFIX_PATH=/home/eating/work/install/realsense2_camera_msgs:/home/eating/work/install/timda_gazebo:/home/eating/work/install/timda_description:/home/eating/work/install/timda_bringup:/home/eating/work/install/timda_body_description:/home/eating/work/install/suction_description:/home/eating/work/install/robot_arm_description:/home/eating/work/install/realsense2_description:/home/eating/work/install/realsense2_camera:/home/eating/work/install/pallet_interfaces:/home/eating/work/install/mobile_description:/home/eating/work/install/mecanum:/home/eating/work/install/linear_move:/home/eating/work/install/keyboard_control:/home/eating/work/install/ira_laser_tools:/home/eating/work/install/interface:/home/eating/work/install/gui_interface:/home/eating/work/install/pallet_main:/home/eating/work/install/main_control:/home/eating/work/install/gui:/home/eating/work/install/docking_pkg:/opt/ros/humble LD_LIBRARY_PATH=/home/eating/work/install/realsense2_camera_msgs/lib:/home/eating/work/install/realsense2_camera/lib:/home/eating/work/install/pallet_interfaces/lib:/home/eating/work/install/interface/lib:/home/eating/work/install/gui_interface/lib:/opt/ros/humble/opt/rviz_ogre_vendor/lib:/opt/ros/humble/lib/x86_64-linux-gnu:/opt/ros/humble/lib /usr/bin/cmake /home/eating/work/src/docking/realsense-ros/realsense2_description -DCMAKE_INSTALL_PREFIX=/home/eating/work/install/realsense2_description
[0.476s] -- The C compiler identification is GNU 11.4.0
[0.569s] -- The CXX compiler identification is GNU 11.4.0
[0.580s] -- Detecting C compiler ABI info
[0.680s] -- Detecting C compiler ABI info - done
[0.696s] -- Check for working C compiler: /usr/bin/cc - skipped
[0.696s] -- Detecting C compile features
[0.697s] -- Detecting C compile features - done
[0.703s] -- Detecting CXX compiler ABI info
[0.826s] -- Detecting CXX compiler ABI info - done
[0.843s] -- Check for working CXX compiler: /usr/bin/c++ - skipped
[0.843s] -- Detecting CXX compile features
[0.844s] -- Detecting CXX compile features - done
[0.852s] -- Found ament_cmake: 1.3.11 (/opt/ros/humble/share/ament_cmake/cmake)
[1.140s] -- Found Python3: /usr/bin/python3 (found version "3.10.12") found components: Interpreter 
[1.458s] -- Configuring done
[1.462s] -- Generating done
[1.465s] -- Build files have been written to: /home/eating/work/build/realsense2_description
[1.479s] Invoked command in '/home/eating/work/build/realsense2_description' returned '0': CMAKE_PREFIX_PATH=/home/eating/work/install/realsense2_camera_msgs:/home/eating/work/install/timda_gazebo:/home/eating/work/install/timda_description:/home/eating/work/install/timda_bringup:/home/eating/work/install/timda_body_description:/home/eating/work/install/suction_description:/home/eating/work/install/robot_arm_description:/home/eating/work/install/realsense2_description:/home/eating/work/install/realsense2_camera:/home/eating/work/install/pallet_interfaces:/home/eating/work/install/mobile_description:/home/eating/work/install/mecanum:/home/eating/work/install/linear_move:/home/eating/work/install/keyboard_control:/home/eating/work/install/ira_laser_tools:/home/eating/work/install/interface:/home/eating/work/install/gui_interface:/home/eating/work/install/pallet_main:/home/eating/work/install/main_control:/home/eating/work/install/gui:/home/eating/work/install/docking_pkg:/opt/ros/humble LD_LIBRARY_PATH=/home/eating/work/install/realsense2_camera_msgs/lib:/home/eating/work/install/realsense2_camera/lib:/home/eating/work/install/pallet_interfaces/lib:/home/eating/work/install/interface/lib:/home/eating/work/install/gui_interface/lib:/opt/ros/humble/opt/rviz_ogre_vendor/lib:/opt/ros/humble/lib/x86_64-linux-gnu:/opt/ros/humble/lib /usr/bin/cmake /home/eating/work/src/docking/realsense-ros/realsense2_description -DCMAKE_INSTALL_PREFIX=/home/eating/work/install/realsense2_description
[1.497s] Invoking command in '/home/eating/work/build/realsense2_description': CMAKE_PREFIX_PATH=/home/eating/work/install/realsense2_camera_msgs:/home/eating/work/install/timda_gazebo:/home/eating/work/install/timda_description:/home/eating/work/install/timda_bringup:/home/eating/work/install/timda_body_description:/home/eating/work/install/suction_description:/home/eating/work/install/robot_arm_description:/home/eating/work/install/realsense2_description:/home/eating/work/install/realsense2_camera:/home/eating/work/install/pallet_interfaces:/home/eating/work/install/mobile_description:/home/eating/work/install/mecanum:/home/eating/work/install/linear_move:/home/eating/work/install/keyboard_control:/home/eating/work/install/ira_laser_tools:/home/eating/work/install/interface:/home/eating/work/install/gui_interface:/home/eating/work/install/pallet_main:/home/eating/work/install/main_control:/home/eating/work/install/gui:/home/eating/work/install/docking_pkg:/opt/ros/humble LD_LIBRARY_PATH=/home/eating/work/install/realsense2_camera_msgs/lib:/home/eating/work/install/realsense2_camera/lib:/home/eating/work/install/pallet_interfaces/lib:/home/eating/work/install/interface/lib:/home/eating/work/install/gui_interface/lib:/opt/ros/humble/opt/rviz_ogre_vendor/lib:/opt/ros/humble/lib/x86_64-linux-gnu:/opt/ros/humble/lib /usr/bin/cmake --build /home/eating/work/build/realsense2_description -- -j8 -l8
[1.695s] Invoked command in '/home/eating/work/build/realsense2_description' returned '0': CMAKE_PREFIX_PATH=/home/eating/work/install/realsense2_camera_msgs:/home/eating/work/install/timda_gazebo:/home/eating/work/install/timda_description:/home/eating/work/install/timda_bringup:/home/eating/work/install/timda_body_description:/home/eating/work/install/suction_description:/home/eating/work/install/robot_arm_description:/home/eating/work/install/realsense2_description:/home/eating/work/install/realsense2_camera:/home/eating/work/install/pallet_interfaces:/home/eating/work/install/mobile_description:/home/eating/work/install/mecanum:/home/eating/work/install/linear_move:/home/eating/work/install/keyboard_control:/home/eating/work/install/ira_laser_tools:/home/eating/work/install/interface:/home/eating/work/install/gui_interface:/home/eating/work/install/pallet_main:/home/eating/work/install/main_control:/home/eating/work/install/gui:/home/eating/work/install/docking_pkg:/opt/ros/humble LD_LIBRARY_PATH=/home/eating/work/install/realsense2_camera_msgs/lib:/home/eating/work/install/realsense2_camera/lib:/home/eating/work/install/pallet_interfaces/lib:/home/eating/work/install/interface/lib:/home/eating/work/install/gui_interface/lib:/opt/ros/humble/opt/rviz_ogre_vendor/lib:/opt/ros/humble/lib/x86_64-linux-gnu:/opt/ros/humble/lib /usr/bin/cmake --build /home/eating/work/build/realsense2_description -- -j8 -l8
[1.696s] Invoking command in '/home/eating/work/build/realsense2_description': CMAKE_PREFIX_PATH=/home/eating/work/install/realsense2_camera_msgs:/home/eating/work/install/timda_gazebo:/home/eating/work/install/timda_description:/home/eating/work/install/timda_bringup:/home/eating/work/install/timda_body_description:/home/eating/work/install/suction_description:/home/eating/work/install/robot_arm_description:/home/eating/work/install/realsense2_description:/home/eating/work/install/realsense2_camera:/home/eating/work/install/pallet_interfaces:/home/eating/work/install/mobile_description:/home/eating/work/install/mecanum:/home/eating/work/install/linear_move:/home/eating/work/install/keyboard_control:/home/eating/work/install/ira_laser_tools:/home/eating/work/install/interface:/home/eating/work/install/gui_interface:/home/eating/work/install/pallet_main:/home/eating/work/install/main_control:/home/eating/work/install/gui:/home/eating/work/install/docking_pkg:/opt/ros/humble LD_LIBRARY_PATH=/home/eating/work/install/realsense2_camera_msgs/lib:/home/eating/work/install/realsense2_camera/lib:/home/eating/work/install/pallet_interfaces/lib:/home/eating/work/install/interface/lib:/home/eating/work/install/gui_interface/lib:/opt/ros/humble/opt/rviz_ogre_vendor/lib:/opt/ros/humble/lib/x86_64-linux-gnu:/opt/ros/humble/lib /usr/bin/cmake --install /home/eating/work/build/realsense2_description
[1.720s] -- Install configuration: ""
[1.720s] -- Installing: /home/eating/work/install/realsense2_description/share/realsense2_description/launch
[1.720s] -- Installing: /home/eating/work/install/realsense2_description/share/realsense2_description/launch/launch_utils.py
[1.721s] -- Installing: /home/eating/work/install/realsense2_description/share/realsense2_description/launch/view_model.launch.py
[1.721s] -- Installing: /home/eating/work/install/realsense2_description/share/realsense2_description/meshes
[1.721s] -- Installing: /home/eating/work/install/realsense2_description/share/realsense2_description/meshes/l515.dae
[1.764s] -- Installing: /home/eating/work/install/realsense2_description/share/realsense2_description/meshes/plug_collision.stl
[1.765s] -- Installing: /home/eating/work/install/realsense2_description/share/realsense2_description/meshes/d405.stl
[1.766s] -- Installing: /home/eating/work/install/realsense2_description/share/realsense2_description/meshes/d455.stl
[1.769s] -- Installing: /home/eating/work/install/realsense2_description/share/realsense2_description/meshes/d435.dae
[1.789s] -- Installing: /home/eating/work/install/realsense2_description/share/realsense2_description/meshes/d415.stl
[1.815s] -- Installing: /home/eating/work/install/realsense2_description/share/realsense2_description/meshes/plug.stl
[1.816s] -- Installing: /home/eating/work/install/realsense2_description/share/realsense2_description/rviz
[1.816s] -- Installing: /home/eating/work/install/realsense2_description/share/realsense2_description/rviz/urdf.rviz
[1.816s] -- Installing: /home/eating/work/install/realsense2_description/share/realsense2_description/urdf
[1.816s] -- Installing: /home/eating/work/install/realsense2_description/share/realsense2_description/urdf/test_d455_camera.urdf.xacro
[1.817s] -- Installing: /home/eating/work/install/realsense2_description/share/realsense2_description/urdf/test_d435_camera.urdf.xacro
[1.817s] -- Installing: /home/eating/work/install/realsense2_description/share/realsense2_description/urdf/test_d415_camera.urdf.xacro
[1.817s] -- Installing: /home/eating/work/install/realsense2_description/share/realsense2_description/urdf/test_d435i_camera.urdf.xacro
[1.817s] -- Installing: /home/eating/work/install/realsense2_description/share/realsense2_description/urdf/_usb_plug.urdf.xacro
[1.818s] -- Installing: /home/eating/work/install/realsense2_description/share/realsense2_description/urdf/test_r430_camera.urdf.xacro
[1.818s] -- Installing: /home/eating/work/install/realsense2_description/share/realsense2_description/urdf/_d405.urdf.xacro
[1.818s] -- Installing: /home/eating/work/install/realsense2_description/share/realsense2_description/urdf/test_d405_camera.urdf.xacro
[1.818s] -- Installing: /home/eating/work/install/realsense2_description/share/realsense2_description/urdf/_materials.urdf.xacro
[1.818s] -- Installing: /home/eating/work/install/realsense2_description/share/realsense2_description/urdf/_d435i_imu_modules.urdf.xacro
[1.818s] -- Installing: /home/eating/work/install/realsense2_description/share/realsense2_description/urdf/test_d435_multiple_cameras.urdf.xacro
[1.819s] -- Installing: /home/eating/work/install/realsense2_description/share/realsense2_description/urdf/_d435i.urdf.xacro
[1.819s] -- Installing: /home/eating/work/install/realsense2_description/share/realsense2_description/urdf/_d415.urdf.xacro
[1.819s] -- Installing: /home/eating/work/install/realsense2_description/share/realsense2_description/urdf/test_r410_camera.urdf.xacro
[1.819s] -- Installing: /home/eating/work/install/realsense2_description/share/realsense2_description/urdf/_d455.urdf.xacro
[1.819s] -- Installing: /home/eating/work/install/realsense2_description/share/realsense2_description/urdf/_r430.urdf.xacro
[1.820s] -- Installing: /home/eating/work/install/realsense2_description/share/realsense2_description/urdf/_r410.urdf.xacro
[1.820s] -- Installing: /home/eating/work/install/realsense2_description/share/realsense2_description/urdf/_d435.urdf.xacro
[1.820s] -- Installing: /home/eating/work/install/realsense2_description/share/ament_index/resource_index/package_run_dependencies/realsense2_description
[1.821s] -- Installing: /home/eating/work/install/realsense2_description/share/ament_index/resource_index/parent_prefix_path/realsense2_description
[1.821s] -- Installing: /home/eating/work/install/realsense2_description/share/realsense2_description/environment/ament_prefix_path.sh
[1.821s] -- Installing: /home/eating/work/install/realsense2_description/share/realsense2_description/environment/ament_prefix_path.dsv
[1.821s] -- Installing: /home/eating/work/install/realsense2_description/share/realsense2_description/environment/path.sh
[1.821s] -- Installing: /home/eating/work/install/realsense2_description/share/realsense2_description/environment/path.dsv
[1.821s] -- Installing: /home/eating/work/install/realsense2_description/share/realsense2_description/local_setup.bash
[1.822s] -- Installing: /home/eating/work/install/realsense2_description/share/realsense2_description/local_setup.sh
[1.823s] -- Installing: /home/eating/work/install/realsense2_description/share/realsense2_description/local_setup.zsh
[1.823s] -- Installing: /home/eating/work/install/realsense2_description/share/realsense2_description/local_setup.dsv
[1.824s] -- Installing: /home/eating/work/install/realsense2_description/share/realsense2_description/package.dsv
[1.824s] -- Installing: /home/eating/work/install/realsense2_description/share/ament_index/resource_index/packages/realsense2_description
[1.824s] -- Installing: /home/eating/work/install/realsense2_description/share/realsense2_description/cmake/realsense2_descriptionConfig.cmake
[1.824s] -- Installing: /home/eating/work/install/realsense2_description/share/realsense2_description/cmake/realsense2_descriptionConfig-version.cmake
[1.824s] -- Installing: /home/eating/work/install/realsense2_description/share/realsense2_description/package.xml
[1.827s] Invoked command in '/home/eating/work/build/realsense2_description' returned '0': CMAKE_PREFIX_PATH=/home/eating/work/install/realsense2_camera_msgs:/home/eating/work/install/timda_gazebo:/home/eating/work/install/timda_description:/home/eating/work/install/timda_bringup:/home/eating/work/install/timda_body_description:/home/eating/work/install/suction_description:/home/eating/work/install/robot_arm_description:/home/eating/work/install/realsense2_description:/home/eating/work/install/realsense2_camera:/home/eating/work/install/pallet_interfaces:/home/eating/work/install/mobile_description:/home/eating/work/install/mecanum:/home/eating/work/install/linear_move:/home/eating/work/install/keyboard_control:/home/eating/work/install/ira_laser_tools:/home/eating/work/install/interface:/home/eating/work/install/gui_interface:/home/eating/work/install/pallet_main:/home/eating/work/install/main_control:/home/eating/work/install/gui:/home/eating/work/install/docking_pkg:/opt/ros/humble LD_LIBRARY_PATH=/home/eating/work/install/realsense2_camera_msgs/lib:/home/eating/work/install/realsense2_camera/lib:/home/eating/work/install/pallet_interfaces/lib:/home/eating/work/install/interface/lib:/home/eating/work/install/gui_interface/lib:/opt/ros/humble/opt/rviz_ogre_vendor/lib:/opt/ros/humble/lib/x86_64-linux-gnu:/opt/ros/humble/lib /usr/bin/cmake --install /home/eating/work/build/realsense2_description
