[0.025s] Invoking command in '/home/iclab/work/build/linear_move': CMAKE_PREFIX_PATH=${CMAKE_PREFIX_PATH}:/opt/ros/humble /usr/bin/cmake --build /home/iclab/work/build/linear_move -- -j8 -l8
[0.073s] [35m[1mConsolidate compiler generated dependencies of target slide[0m
[0.114s] [100%] Built target slide
[0.136s] Invoked command in '/home/iclab/work/build/linear_move' returned '0': CMAKE_PREFIX_PATH=${CMAKE_PREFIX_PATH}:/opt/ros/humble /usr/bin/cmake --build /home/iclab/work/build/linear_move -- -j8 -l8
[0.138s] Invoking command in '/home/iclab/work/build/linear_move': CMAKE_PREFIX_PATH=${CMAKE_PREFIX_PATH}:/opt/ros/humble /usr/bin/cmake --install /home/iclab/work/build/linear_move
[0.149s] -- Install configuration: ""
[0.149s] -- Up-to-date: /home/iclab/work/install/linear_move/lib/linear_move/slide
[0.150s] -- Up-to-date: /home/iclab/work/install/linear_move/share/ament_index/resource_index/package_run_dependencies/linear_move
[0.150s] -- Up-to-date: /home/iclab/work/install/linear_move/share/ament_index/resource_index/parent_prefix_path/linear_move
[0.151s] -- Up-to-date: /home/iclab/work/install/linear_move/share/linear_move/environment/ament_prefix_path.sh
[0.151s] -- Up-to-date: /home/iclab/work/install/linear_move/share/linear_move/environment/ament_prefix_path.dsv
[0.151s] -- Up-to-date: /home/iclab/work/install/linear_move/share/linear_move/environment/path.sh
[0.151s] -- Up-to-date: /home/iclab/work/install/linear_move/share/linear_move/environment/path.dsv
[0.152s] -- Up-to-date: /home/iclab/work/install/linear_move/share/linear_move/local_setup.bash
[0.152s] -- Up-to-date: /home/iclab/work/install/linear_move/share/linear_move/local_setup.sh
[0.152s] -- Up-to-date: /home/iclab/work/install/linear_move/share/linear_move/local_setup.zsh
[0.152s] -- Up-to-date: /home/iclab/work/install/linear_move/share/linear_move/local_setup.dsv
[0.152s] -- Installing: /home/iclab/work/install/linear_move/share/linear_move/package.dsv
[0.153s] -- Up-to-date: /home/iclab/work/install/linear_move/share/ament_index/resource_index/packages/linear_move
[0.153s] -- Up-to-date: /home/iclab/work/install/linear_move/share/linear_move/cmake/linear_moveConfig.cmake
[0.153s] -- Up-to-date: /home/iclab/work/install/linear_move/share/linear_move/cmake/linear_moveConfig-version.cmake
[0.153s] -- Up-to-date: /home/iclab/work/install/linear_move/share/linear_move/package.xml
[0.176s] Invoked command in '/home/iclab/work/build/linear_move' returned '0': CMAKE_PREFIX_PATH=${CMAKE_PREFIX_PATH}:/opt/ros/humble /usr/bin/cmake --install /home/iclab/work/build/linear_move
