[0.019s] Invoking command in '/home/iclab/work/build/linear_move': CMAKE_PREFIX_PATH=/opt/ros/humble /usr/bin/cmake /home/iclab/work/src/linear_move -DCMAKE_INSTALL_PREFIX=/home/iclab/work/install/linear_move
[0.090s] -- The C compiler identification is GNU 11.4.0
[0.186s] -- The CXX compiler identification is GNU 11.4.0
[0.198s] -- Detecting C compiler ABI info
[0.299s] -- Detecting C compiler ABI info - done
[0.329s] -- Check for working C compiler: /usr/bin/cc - skipped
[0.330s] -- Detecting C compile features
[0.331s] -- Detecting C compile features - done
[0.337s] -- Detecting CXX compiler ABI info
[0.472s] -- Detecting CXX compiler ABI info - done
[0.491s] -- Check for working CXX compiler: /usr/bin/c++ - skipped
[0.492s] -- Detecting CXX compile features
[0.493s] -- Detecting CXX compile features - done
[0.499s] -- Found ament_cmake: 1.3.11 (/opt/ros/humble/share/ament_cmake/cmake)
[0.701s] -- Found Python3: /usr/bin/python3 (found version "3.10.12") found components: Interpreter 
[0.830s] -- Found rclcpp: 16.0.11 (/opt/ros/humble/share/rclcpp/cmake)
[0.876s] -- Found rosidl_generator_c: 3.1.6 (/opt/ros/humble/share/rosidl_generator_c/cmake)
[0.882s] -- Found rosidl_adapter: 3.1.6 (/opt/ros/humble/share/rosidl_adapter/cmake)
[0.892s] -- Found rosidl_generator_cpp: 3.1.6 (/opt/ros/humble/share/rosidl_generator_cpp/cmake)
[0.911s] -- Using all available rosidl_typesupport_c: rosidl_typesupport_fastrtps_c;rosidl_typesupport_introspection_c
[0.938s] -- Using all available rosidl_typesupport_cpp: rosidl_typesupport_fastrtps_cpp;rosidl_typesupport_introspection_cpp
[1.004s] -- Found rmw_implementation_cmake: 6.1.2 (/opt/ros/humble/share/rmw_implementation_cmake/cmake)
[1.008s] -- Found rmw_cyclonedds_cpp: 1.3.4 (/opt/ros/humble/share/rmw_cyclonedds_cpp/cmake)
[1.043s] -- Using RMW implementation 'rmw_cyclonedds_cpp' as default
[1.056s] -- Looking for pthread.h
[1.151s] -- Looking for pthread.h - found
[1.152s] -- Performing Test CMAKE_HAVE_LIBC_PTHREAD
[1.246s] -- Performing Test CMAKE_HAVE_LIBC_PTHREAD - Success
[1.247s] -- Found Threads: TRUE  
[1.309s] -- Found ament_lint_auto: 0.12.11 (/opt/ros/humble/share/ament_lint_auto/cmake)
[1.414s] -- Added test 'cppcheck' to perform static code analysis on C / C++ code
[1.415s] -- Configured cppcheck include dirs: /home/iclab/work/src/linear_move/include
[1.415s] -- Configured cppcheck exclude dirs and/or files: 
[1.415s] -- Added test 'lint_cmake' to check CMake code style
[1.417s] -- Added test 'uncrustify' to check C / C++ code style
[1.417s] -- Configured uncrustify additional arguments: 
[1.418s] -- Added test 'xmllint' to check XML markup files
[1.420s] -- Configuring done
[1.433s] -- Generating done
[1.437s] -- Build files have been written to: /home/iclab/work/build/linear_move
