[0.014s] Invoking command in '/home/fxck/work/build/linear_move': CMAKE_PREFIX_PATH=${CMAKE_PREFIX_PATH}:/home/fxck/work/install/main_control:/home/fxck/work/install/gui:/opt/ros/humble /usr/bin/cmake /home/fxck/work/src/linear_move -DCMAKE_INSTALL_PREFIX=/home/fxck/work/install/linear_move
[0.098s] -- The C compiler identification is GNU 11.4.0
[0.151s] -- The CXX compiler identification is GNU 11.4.0
[0.159s] -- Detecting C compiler ABI info
[0.228s] -- Detecting C compiler ABI info - done
[0.234s] -- Check for working C compiler: /usr/bin/cc - skipped
[0.235s] -- Detecting C compile features
[0.235s] -- Detecting C compile features - done
[0.237s] -- Detecting CXX compiler ABI info
[0.318s] -- Detecting CXX compiler ABI info - done
[0.324s] -- Check for working CXX compiler: /usr/bin/c++ - skipped
[0.325s] -- Detecting CXX compile features
[0.325s] -- Detecting CXX compile features - done
[0.332s] -- Found ament_cmake: 1.3.11 (/opt/ros/humble/share/ament_cmake/cmake)
[0.467s] -- Found Python3: /usr/bin/python3 (found version "3.10.12") found components: Interpreter 
[0.562s] -- Found rclcpp: 16.0.11 (/opt/ros/humble/share/rclcpp/cmake)
[0.615s] -- Found rosidl_generator_c: 3.1.6 (/opt/ros/humble/share/rosidl_generator_c/cmake)
[0.621s] -- Found rosidl_adapter: 3.1.6 (/opt/ros/humble/share/rosidl_adapter/cmake)
[0.632s] -- Found rosidl_generator_cpp: 3.1.6 (/opt/ros/humble/share/rosidl_generator_cpp/cmake)
[0.648s] -- Using all available rosidl_typesupport_c: rosidl_typesupport_fastrtps_c;rosidl_typesupport_introspection_c
[0.669s] -- Using all available rosidl_typesupport_cpp: rosidl_typesupport_fastrtps_cpp;rosidl_typesupport_introspection_cpp
[0.720s] -- Found rmw_implementation_cmake: 6.1.2 (/opt/ros/humble/share/rmw_implementation_cmake/cmake)
[0.723s] -- Found rmw_cyclonedds_cpp: 1.3.4 (/opt/ros/humble/share/rmw_cyclonedds_cpp/cmake)
[0.747s] -- Using RMW implementation 'rmw_cyclonedds_cpp' as default
[0.759s] -- Looking for pthread.h
[0.829s] -- Looking for pthread.h - found
[0.829s] -- Performing Test CMAKE_HAVE_LIBC_PTHREAD
[0.905s] -- Performing Test CMAKE_HAVE_LIBC_PTHREAD - Success
[0.906s] -- Found Threads: TRUE  
[0.960s] -- Found ament_lint_auto: 0.12.11 (/opt/ros/humble/share/ament_lint_auto/cmake)
[1.032s] -- Added test 'cppcheck' to perform static code analysis on C / C++ code
[1.032s] -- Configured cppcheck include dirs: /home/fxck/work/src/linear_move/include
[1.033s] -- Configured cppcheck exclude dirs and/or files: 
[1.033s] -- Added test 'lint_cmake' to check CMake code style
[1.035s] -- Added test 'uncrustify' to check C / C++ code style
[1.035s] -- Configured uncrustify additional arguments: 
[1.035s] -- Added test 'xmllint' to check XML markup files
[1.037s] -- Configuring done
[1.047s] -- Generating done
[1.050s] -- Build files have been written to: /home/fxck/work/build/linear_move
[1.057s] Invoked command in '/home/fxck/work/build/linear_move' returned '0': CMAKE_PREFIX_PATH=${CMAKE_PREFIX_PATH}:/home/fxck/work/install/main_control:/home/fxck/work/install/gui:/opt/ros/humble /usr/bin/cmake /home/fxck/work/src/linear_move -DCMAKE_INSTALL_PREFIX=/home/fxck/work/install/linear_move
[1.059s] Invoking command in '/home/fxck/work/build/linear_move': CMAKE_PREFIX_PATH=${CMAKE_PREFIX_PATH}:/home/fxck/work/install/main_control:/home/fxck/work/install/gui:/opt/ros/humble /usr/bin/cmake --build /home/fxck/work/build/linear_move -- -j16 -l16
[1.106s] [ 50%] [32mBuilding CXX object CMakeFiles/slide.dir/src/slide.cpp.o[0m
[9.318s] [100%] [32m[1mLinking CXX executable slide[0m
[9.623s] [100%] Built target slide
[9.635s] Invoked command in '/home/fxck/work/build/linear_move' returned '0': CMAKE_PREFIX_PATH=${CMAKE_PREFIX_PATH}:/home/fxck/work/install/main_control:/home/fxck/work/install/gui:/opt/ros/humble /usr/bin/cmake --build /home/fxck/work/build/linear_move -- -j16 -l16
[9.636s] Invoking command in '/home/fxck/work/build/linear_move': CMAKE_PREFIX_PATH=${CMAKE_PREFIX_PATH}:/home/fxck/work/install/main_control:/home/fxck/work/install/gui:/opt/ros/humble /usr/bin/cmake --install /home/fxck/work/build/linear_move
[9.643s] -- Install configuration: ""
[9.643s] -- Installing: /home/fxck/work/install/linear_move/lib/linear_move/slide
[9.647s] -- Set runtime path of "/home/fxck/work/install/linear_move/lib/linear_move/slide" to ""
[9.647s] -- Installing: /home/fxck/work/install/linear_move/share/ament_index/resource_index/package_run_dependencies/linear_move
[9.647s] -- Installing: /home/fxck/work/install/linear_move/share/ament_index/resource_index/parent_prefix_path/linear_move
[9.648s] -- Installing: /home/fxck/work/install/linear_move/share/linear_move/environment/ament_prefix_path.sh
[9.648s] -- Installing: /home/fxck/work/install/linear_move/share/linear_move/environment/ament_prefix_path.dsv
[9.648s] -- Installing: /home/fxck/work/install/linear_move/share/linear_move/environment/path.sh
[9.648s] -- Installing: /home/fxck/work/install/linear_move/share/linear_move/environment/path.dsv
[9.648s] -- Installing: /home/fxck/work/install/linear_move/share/linear_move/local_setup.bash
[9.648s] -- Installing: /home/fxck/work/install/linear_move/share/linear_move/local_setup.sh
[9.649s] -- Installing: /home/fxck/work/install/linear_move/share/linear_move/local_setup.zsh
[9.649s] -- Installing: /home/fxck/work/install/linear_move/share/linear_move/local_setup.dsv
[9.649s] -- Installing: /home/fxck/work/install/linear_move/share/linear_move/package.dsv
[9.649s] -- Installing: /home/fxck/work/install/linear_move/share/ament_index/resource_index/packages/linear_move
[9.649s] -- Installing: /home/fxck/work/install/linear_move/share/linear_move/cmake/linear_moveConfig.cmake
[9.649s] -- Installing: /home/fxck/work/install/linear_move/share/linear_move/cmake/linear_moveConfig-version.cmake
[9.650s] -- Installing: /home/fxck/work/install/linear_move/share/linear_move/package.xml
[9.652s] Invoked command in '/home/fxck/work/build/linear_move' returned '0': CMAKE_PREFIX_PATH=${CMAKE_PREFIX_PATH}:/home/fxck/work/install/main_control:/home/fxck/work/install/gui:/opt/ros/humble /usr/bin/cmake --install /home/fxck/work/build/linear_move
