[0.040s] Invoking command in '/home/eating/work/build/timda_description': CMAKE_PREFIX_PATH=${CMAKE_PREFIX_PATH}:/home/eating/work/install/pallet_main:/home/eating/work/install/main_control:/home/eating/work/install/gui:/home/eating/work/install/docking_pkg:/opt/ros/humble /usr/bin/cmake /home/eating/work/src/timda_sim/timda_description -DCMAKE_INSTALL_PREFIX=/home/eating/work/install/timda_description
[0.239s] -- The C compiler identification is GNU 11.4.0
[0.453s] -- The CXX compiler identification is GNU 11.4.0
[0.470s] -- Detecting C compiler ABI info
[0.755s] -- Detecting C compiler ABI info - done
[0.776s] -- Check for working C compiler: /usr/bin/cc - skipped
[0.777s] -- Detecting C compile features
[0.778s] -- Detecting C compile features - done
[0.791s] -- Detecting CXX compiler ABI info
[1.181s] -- Detecting CXX compiler ABI info - done
[1.195s] -- Check for working CXX compiler: /usr/bin/c++ - skipped
[1.195s] -- Detecting CXX compile features
[1.196s] -- Detecting CXX compile features - done
[1.216s] -- Found ament_cmake: 1.3.11 (/opt/ros/humble/share/ament_cmake/cmake)
[1.881s] -- Found Python3: /usr/bin/python3 (found version "3.10.12") found components: Interpreter 
[2.255s] -- Found ament_lint_auto: 0.12.12 (/opt/ros/humble/share/ament_lint_auto/cmake)
[2.536s] -- Added test 'lint_cmake' to check CMake code style
[2.539s] -- Added test 'xmllint' to check XML markup files
[2.548s] -- Configuring done
[2.553s] -- Generating done
[2.555s] -- Build files have been written to: /home/eating/work/build/timda_description
[2.577s] Invoked command in '/home/eating/work/build/timda_description' returned '0': CMAKE_PREFIX_PATH=${CMAKE_PREFIX_PATH}:/home/eating/work/install/pallet_main:/home/eating/work/install/main_control:/home/eating/work/install/gui:/home/eating/work/install/docking_pkg:/opt/ros/humble /usr/bin/cmake /home/eating/work/src/timda_sim/timda_description -DCMAKE_INSTALL_PREFIX=/home/eating/work/install/timda_description
[2.577s] Invoking command in '/home/eating/work/build/timda_description': CMAKE_PREFIX_PATH=${CMAKE_PREFIX_PATH}:/home/eating/work/install/pallet_main:/home/eating/work/install/main_control:/home/eating/work/install/gui:/home/eating/work/install/docking_pkg:/opt/ros/humble /usr/bin/cmake --build /home/eating/work/build/timda_description -- -j8 -l8
[2.733s] Invoked command in '/home/eating/work/build/timda_description' returned '0': CMAKE_PREFIX_PATH=${CMAKE_PREFIX_PATH}:/home/eating/work/install/pallet_main:/home/eating/work/install/main_control:/home/eating/work/install/gui:/home/eating/work/install/docking_pkg:/opt/ros/humble /usr/bin/cmake --build /home/eating/work/build/timda_description -- -j8 -l8
[2.744s] Invoking command in '/home/eating/work/build/timda_description': CMAKE_PREFIX_PATH=${CMAKE_PREFIX_PATH}:/home/eating/work/install/pallet_main:/home/eating/work/install/main_control:/home/eating/work/install/gui:/home/eating/work/install/docking_pkg:/opt/ros/humble /usr/bin/cmake --install /home/eating/work/build/timda_description
[2.765s] -- Install configuration: ""
[2.766s] -- Installing: /home/eating/work/install/timda_description/share/timda_description/urdf
[2.766s] -- Installing: /home/eating/work/install/timda_description/share/timda_description/urdf/timda_sim_odom.urdf.xacro
[2.766s] -- Installing: /home/eating/work/install/timda_description/share/timda_description/urdf/timda.gazebo.xacro
[2.766s] -- Installing: /home/eating/work/install/timda_description/share/timda_description/urdf/timda.urdf.xacro
[2.766s] -- Installing: /home/eating/work/install/timda_description/share/timda_description/urdf/timda_only_mobile.urdf.xacro
[2.766s] -- Installing: /home/eating/work/install/timda_description/share/ament_index/resource_index/package_run_dependencies/timda_description
[2.766s] -- Installing: /home/eating/work/install/timda_description/share/ament_index/resource_index/parent_prefix_path/timda_description
[2.766s] -- Installing: /home/eating/work/install/timda_description/share/timda_description/environment/ament_prefix_path.sh
[2.767s] -- Installing: /home/eating/work/install/timda_description/share/timda_description/environment/ament_prefix_path.dsv
[2.767s] -- Installing: /home/eating/work/install/timda_description/share/timda_description/environment/path.sh
[2.767s] -- Installing: /home/eating/work/install/timda_description/share/timda_description/environment/path.dsv
[2.767s] -- Installing: /home/eating/work/install/timda_description/share/timda_description/local_setup.bash
[2.767s] -- Installing: /home/eating/work/install/timda_description/share/timda_description/local_setup.sh
[2.767s] -- Installing: /home/eating/work/install/timda_description/share/timda_description/local_setup.zsh
[2.767s] -- Installing: /home/eating/work/install/timda_description/share/timda_description/local_setup.dsv
[2.767s] -- Installing: /home/eating/work/install/timda_description/share/timda_description/package.dsv
[2.767s] -- Installing: /home/eating/work/install/timda_description/share/ament_index/resource_index/packages/timda_description
[2.768s] -- Installing: /home/eating/work/install/timda_description/share/timda_description/cmake/timda_descriptionConfig.cmake
[2.768s] -- Installing: /home/eating/work/install/timda_description/share/timda_description/cmake/timda_descriptionConfig-version.cmake
[2.768s] -- Installing: /home/eating/work/install/timda_description/share/timda_description/package.xml
[2.825s] Invoked command in '/home/eating/work/build/timda_description' returned '0': CMAKE_PREFIX_PATH=${CMAKE_PREFIX_PATH}:/home/eating/work/install/pallet_main:/home/eating/work/install/main_control:/home/eating/work/install/gui:/home/eating/work/install/docking_pkg:/opt/ros/humble /usr/bin/cmake --install /home/eating/work/build/timda_description
