[0.462s] Invoking command in '/home/fxck/work/build/mobile_description': CMAKE_PREFIX_PATH=/opt/ros/humble /usr/bin/cmake /home/fxck/work/src/timda_sim/mobile_description -DCMAKE_INSTALL_PREFIX=/home/fxck/work/install/mobile_description
[1.033s] -- The C compiler identification is GNU 11.4.0
[1.033s] -- The CXX compiler identification is GNU 11.4.0
[1.033s] -- Detecting C compiler ABI info
[1.033s] -- Detecting C compiler ABI info - done
[1.033s] -- Check for working C compiler: /usr/bin/cc - skipped
[1.033s] -- Detecting C compile features
[1.033s] -- Detecting C compile features - done
[1.033s] -- Detecting CXX compiler ABI info
[1.033s] -- Detecting CXX compiler ABI info - done
[1.034s] -- Check for working CXX compiler: /usr/bin/c++ - skipped
[1.034s] -- Detecting CXX compile features
[1.034s] -- Detecting CXX compile features - done
[1.034s] -- Found ament_cmake: 1.3.11 (/opt/ros/humble/share/ament_cmake/cmake)
[1.034s] -- Found Python3: /usr/bin/python3 (found version "3.10.12") found components: Interpreter 
[1.049s] -- Found ament_lint_auto: 0.12.12 (/opt/ros/humble/share/ament_lint_auto/cmake)
[1.160s] -- Added test 'lint_cmake' to check CMake code style
[1.165s] -- Added test 'xmllint' to check XML markup files
[1.169s] -- Configuring done
[1.176s] -- Generating done
[1.179s] -- Build files have been written to: /home/fxck/work/build/mobile_description
[1.187s] Invoked command in '/home/fxck/work/build/mobile_description' returned '0': CMAKE_PREFIX_PATH=/opt/ros/humble /usr/bin/cmake /home/fxck/work/src/timda_sim/mobile_description -DCMAKE_INSTALL_PREFIX=/home/fxck/work/install/mobile_description
[1.187s] Invoking command in '/home/fxck/work/build/mobile_description': CMAKE_PREFIX_PATH=/opt/ros/humble /usr/bin/cmake --build /home/fxck/work/build/mobile_description -- -j16 -l16
[1.816s] Invoked command in '/home/fxck/work/build/mobile_description' returned '0': CMAKE_PREFIX_PATH=/opt/ros/humble /usr/bin/cmake --build /home/fxck/work/build/mobile_description -- -j16 -l16
[1.832s] Invoking command in '/home/fxck/work/build/mobile_description': CMAKE_PREFIX_PATH=/opt/ros/humble /usr/bin/cmake --install /home/fxck/work/build/mobile_description
[1.843s] -- Install configuration: ""
[1.843s] -- Installing: /home/fxck/work/install/mobile_description/share/mobile_description/meshes
[1.843s] -- Installing: /home/fxck/work/install/mobile_description/share/mobile_description/meshes/base_link.STL
[1.874s] -- Installing: /home/fxck/work/install/mobile_description/share/mobile_description/urdf
[1.875s] -- Installing: /home/fxck/work/install/mobile_description/share/mobile_description/urdf/timda_mobile_platform.urdf.xacro
[1.875s] -- Installing: /home/fxck/work/install/mobile_description/share/mobile_description/urdf/timda_mobile_platform.csv
[1.875s] -- Installing: /home/fxck/work/install/mobile_description/share/mobile_description/urdf/timda_mobile_platform_sim_odom.urdf.xacro
[1.875s] -- Installing: /home/fxck/work/install/mobile_description/share/mobile_description/urdf/timda_mobile_platform.gazebo.xacro
[1.875s] -- Installing: /home/fxck/work/install/mobile_description/share/mobile_description/urdf/timda_mobile_platform.urdf
[1.875s] -- Installing: /home/fxck/work/install/mobile_description/share/ament_index/resource_index/package_run_dependencies/mobile_description
[1.875s] -- Installing: /home/fxck/work/install/mobile_description/share/ament_index/resource_index/parent_prefix_path/mobile_description
[1.875s] -- Installing: /home/fxck/work/install/mobile_description/share/mobile_description/environment/ament_prefix_path.sh
[1.875s] -- Installing: /home/fxck/work/install/mobile_description/share/mobile_description/environment/ament_prefix_path.dsv
[1.875s] -- Installing: /home/fxck/work/install/mobile_description/share/mobile_description/environment/path.sh
[1.875s] -- Installing: /home/fxck/work/install/mobile_description/share/mobile_description/environment/path.dsv
[1.875s] -- Installing: /home/fxck/work/install/mobile_description/share/mobile_description/local_setup.bash
[1.875s] -- Installing: /home/fxck/work/install/mobile_description/share/mobile_description/local_setup.sh
[1.876s] -- Installing: /home/fxck/work/install/mobile_description/share/mobile_description/local_setup.zsh
[1.876s] -- Installing: /home/fxck/work/install/mobile_description/share/mobile_description/local_setup.dsv
[1.876s] -- Installing: /home/fxck/work/install/mobile_description/share/mobile_description/package.dsv
[1.876s] -- Installing: /home/fxck/work/install/mobile_description/share/ament_index/resource_index/packages/mobile_description
[1.878s] -- Installing: /home/fxck/work/install/mobile_description/share/mobile_description/cmake/mobile_descriptionConfig.cmake
[1.878s] -- Installing: /home/fxck/work/install/mobile_description/share/mobile_description/cmake/mobile_descriptionConfig-version.cmake
[1.878s] -- Installing: /home/fxck/work/install/mobile_description/share/mobile_description/package.xml
[1.910s] Invoked command in '/home/fxck/work/build/mobile_description' returned '0': CMAKE_PREFIX_PATH=/opt/ros/humble /usr/bin/cmake --install /home/fxck/work/build/mobile_description
