[0.060s] Invoking command in '/home/eating/work/build/pallet_interfaces': CMAKE_PREFIX_PATH=${CMAKE_PREFIX_PATH}:/home/eating/work/install/pallet_main:/home/eating/work/install/main_control:/home/eating/work/install/gui:/home/eating/work/install/docking_pkg:/opt/ros/humble /usr/bin/cmake /home/eating/work/src/pallet/pallet_interfaces -DCMAKE_INSTALL_PREFIX=/home/eating/work/install/pallet_interfaces
[0.273s] -- The C compiler identification is GNU 11.4.0
[0.513s] -- The CXX compiler identification is GNU 11.4.0
[0.535s] -- Detecting C compiler ABI info
[0.873s] -- Detecting C compiler ABI info - done
[0.902s] -- Check for working C compiler: /usr/bin/cc - skipped
[0.903s] -- Detecting C compile features
[0.904s] -- Detecting C compile features - done
[0.910s] -- Detecting CXX compiler ABI info
[1.128s] -- Detecting CXX compiler ABI info - done
[1.142s] -- Check for working CXX compiler: /usr/bin/c++ - skipped
[1.142s] -- Detecting CXX compile features
[1.145s] -- Detecting CXX compile features - done
[1.149s] -- Found ament_cmake: 1.3.11 (/opt/ros/humble/share/ament_cmake/cmake)
[1.452s] -- Found Python3: /usr/bin/python3 (found version "3.10.12") found components: Interpreter 
[1.645s] -- Found geometry_msgs: 4.9.0 (/opt/ros/humble/share/geometry_msgs/cmake)
[1.716s] -- Found rosidl_generator_c: 3.1.6 (/opt/ros/humble/share/rosidl_generator_c/cmake)
[1.728s] -- Found rosidl_adapter: 3.1.6 (/opt/ros/humble/share/rosidl_adapter/cmake)
[1.744s] -- Found rosidl_generator_cpp: 3.1.6 (/opt/ros/humble/share/rosidl_generator_cpp/cmake)
[1.767s] -- Using all available rosidl_typesupport_c: rosidl_typesupport_fastrtps_c;rosidl_typesupport_introspection_c
[1.799s] -- Using all available rosidl_typesupport_cpp: rosidl_typesupport_fastrtps_cpp;rosidl_typesupport_introspection_cpp
[1.873s] -- Found rosidl_default_generators: 1.2.0 (/opt/ros/humble/share/rosidl_default_generators/cmake)
[2.489s] -- Found ament_cmake_ros: 0.10.0 (/opt/ros/humble/share/ament_cmake_ros/cmake)
[3.247s] -- Using all available rosidl_typesupport_c: rosidl_typesupport_fastrtps_c;rosidl_typesupport_introspection_c
[3.617s] -- Using all available rosidl_typesupport_cpp: rosidl_typesupport_fastrtps_cpp;rosidl_typesupport_introspection_cpp
[3.662s] -- Found PythonInterp: /usr/bin/python3 (found suitable version "3.10.12", minimum required is "3.6") 
[3.666s] -- Found python_cmake_module: 0.10.0 (/opt/ros/humble/share/python_cmake_module/cmake)
[3.717s] -- Found PythonLibs: /usr/lib/x86_64-linux-gnu/libpython3.10.so (found suitable version "3.10.12", minimum required is "3.5") 
[3.717s] -- Using PYTHON_EXECUTABLE: /usr/bin/python3
[3.717s] -- Using PYTHON_INCLUDE_DIRS: /usr/include/python3.10
[3.717s] -- Using PYTHON_LIBRARIES: /usr/lib/x86_64-linux-gnu/libpython3.10.so
[3.757s] -- Found PythonExtra: .so  
[3.899s] -- Found ament_lint_auto: 0.12.12 (/opt/ros/humble/share/ament_lint_auto/cmake)
[3.938s] -- Added test 'lint_cmake' to check CMake code style
[3.940s] -- Added test 'xmllint' to check XML markup files
[3.946s] -- Configuring done
[4.042s] -- Generating done
[4.066s] -- Build files have been written to: /home/eating/work/build/pallet_interfaces
[4.085s] Invoked command in '/home/eating/work/build/pallet_interfaces' returned '0': CMAKE_PREFIX_PATH=${CMAKE_PREFIX_PATH}:/home/eating/work/install/pallet_main:/home/eating/work/install/main_control:/home/eating/work/install/gui:/home/eating/work/install/docking_pkg:/opt/ros/humble /usr/bin/cmake /home/eating/work/src/pallet/pallet_interfaces -DCMAKE_INSTALL_PREFIX=/home/eating/work/install/pallet_interfaces
[4.085s] Invoking command in '/home/eating/work/build/pallet_interfaces': CMAKE_PREFIX_PATH=${CMAKE_PREFIX_PATH}:/home/eating/work/install/pallet_main:/home/eating/work/install/main_control:/home/eating/work/install/gui:/home/eating/work/install/docking_pkg:/opt/ros/humble /usr/bin/cmake --build /home/eating/work/build/pallet_interfaces -- -j8 -l8
[4.207s] [  2%] [34m[1mGenerating C++ code for ROS interfaces[0m
[4.207s] [  5%] [34m[1mGenerating C code for ROS interfaces[0m
[4.299s] [  5%] Built target ament_cmake_python_copy_pallet_interfaces
[4.830s] running egg_info
[4.831s] creating pallet_interfaces.egg-info
[4.832s] writing pallet_interfaces.egg-info/PKG-INFO
[4.832s] writing dependency_links to pallet_interfaces.egg-info/dependency_links.txt
[4.832s] writing top-level names to pallet_interfaces.egg-info/top_level.txt
[4.833s] writing manifest file 'pallet_interfaces.egg-info/SOURCES.txt'
[4.837s] reading manifest file 'pallet_interfaces.egg-info/SOURCES.txt'
[4.845s] writing manifest file 'pallet_interfaces.egg-info/SOURCES.txt'
[4.910s] [  7%] [32mBuilding C object CMakeFiles/pallet_interfaces__rosidl_generator_c.dir/rosidl_generator_c/pallet_interfaces/srv/detail/palletstate__functions.c.o[0m
[4.921s] [ 10%] [32mBuilding C object CMakeFiles/pallet_interfaces__rosidl_generator_c.dir/rosidl_generator_c/pallet_interfaces/msg/detail/boxinfo__functions.c.o[0m
[4.938s] [ 10%] Built target ament_cmake_python_build_pallet_interfaces_egg
[5.009s] [ 12%] [32m[1mLinking C shared library libpallet_interfaces__rosidl_generator_c.so[0m
[5.011s] [ 12%] Built target pallet_interfaces__cpp
[5.046s] [ 15%] [34m[1mGenerating C++ type support dispatch for ROS interfaces[0m
[5.049s] [ 17%] [34m[1mGenerating C++ introspection for ROS interfaces[0m
[5.055s] [ 20%] [34m[1mGenerating C++ type support for eProsima Fast-RTPS[0m
[5.155s] [ 20%] Built target pallet_interfaces__rosidl_generator_c
[5.209s] [ 23%] [34m[1mGenerating C type support for eProsima Fast-RTPS[0m
[5.213s] [ 25%] [34m[1mGenerating C introspection for ROS interfaces[0m
[5.240s] [ 28%] [34m[1mGenerating C type support dispatch for ROS interfaces[0m
[5.677s] [ 30%] [32mBuilding CXX object CMakeFiles/pallet_interfaces__rosidl_typesupport_cpp.dir/rosidl_typesupport_cpp/pallet_interfaces/msg/boxinfo__type_support.cpp.o[0m
[5.723s] [ 33%] [32mBuilding CXX object CMakeFiles/pallet_interfaces__rosidl_typesupport_cpp.dir/rosidl_typesupport_cpp/pallet_interfaces/srv/palletstate__type_support.cpp.o[0m
[5.805s] [ 35%] [32mBuilding CXX object CMakeFiles/pallet_interfaces__rosidl_typesupport_introspection_cpp.dir/rosidl_typesupport_introspection_cpp/pallet_interfaces/srv/detail/palletstate__type_support.cpp.o[0m
[5.813s] [ 38%] [32mBuilding CXX object CMakeFiles/pallet_interfaces__rosidl_typesupport_introspection_cpp.dir/rosidl_typesupport_introspection_cpp/pallet_interfaces/msg/detail/boxinfo__type_support.cpp.o[0m
[6.020s] [ 41%] [32mBuilding C object CMakeFiles/pallet_interfaces__rosidl_typesupport_introspection_c.dir/rosidl_typesupport_introspection_c/pallet_interfaces/msg/detail/boxinfo__type_support.c.o[0m
[6.151s] [ 43%] [32mBuilding CXX object CMakeFiles/pallet_interfaces__rosidl_typesupport_fastrtps_cpp.dir/rosidl_typesupport_fastrtps_cpp/pallet_interfaces/msg/detail/dds_fastrtps/boxinfo__type_support.cpp.o[0m
[6.209s] [ 46%] [32mBuilding C object CMakeFiles/pallet_interfaces__rosidl_typesupport_introspection_c.dir/rosidl_typesupport_introspection_c/pallet_interfaces/srv/detail/palletstate__type_support.c.o[0m
[6.271s] [ 48%] [32mBuilding CXX object CMakeFiles/pallet_interfaces__rosidl_typesupport_fastrtps_c.dir/rosidl_typesupport_fastrtps_c/pallet_interfaces/msg/detail/boxinfo__type_support_c.cpp.o[0m
[6.302s] [ 51%] [32mBuilding CXX object CMakeFiles/pallet_interfaces__rosidl_typesupport_c.dir/rosidl_typesupport_c/pallet_interfaces/msg/boxinfo__type_support.cpp.o[0m
[6.326s] [ 53%] [32mBuilding CXX object CMakeFiles/pallet_interfaces__rosidl_typesupport_c.dir/rosidl_typesupport_c/pallet_interfaces/srv/palletstate__type_support.cpp.o[0m
[6.361s] [ 56%] [32m[1mLinking C shared library libpallet_interfaces__rosidl_typesupport_introspection_c.so[0m
[6.440s] [ 58%] [32mBuilding CXX object CMakeFiles/pallet_interfaces__rosidl_typesupport_fastrtps_c.dir/rosidl_typesupport_fastrtps_c/pallet_interfaces/srv/detail/palletstate__type_support_c.cpp.o[0m
[6.505s] [ 58%] Built target pallet_interfaces__rosidl_typesupport_introspection_c
[6.545s] [ 61%] [32m[1mLinking CXX shared library libpallet_interfaces__rosidl_typesupport_c.so[0m
[6.569s] [ 64%] [32mBuilding CXX object CMakeFiles/pallet_interfaces__rosidl_typesupport_fastrtps_cpp.dir/rosidl_typesupport_fastrtps_cpp/pallet_interfaces/srv/detail/dds_fastrtps/palletstate__type_support.cpp.o[0m
[6.644s] [ 66%] [32m[1mLinking CXX shared library libpallet_interfaces__rosidl_typesupport_cpp.so[0m
[6.726s] [ 66%] Built target pallet_interfaces__rosidl_typesupport_c
[6.854s] [ 66%] Built target pallet_interfaces__rosidl_typesupport_cpp
[7.011s] [ 69%] [32m[1mLinking CXX shared library libpallet_interfaces__rosidl_typesupport_introspection_cpp.so[0m
[7.069s] [ 69%] Built target pallet_interfaces__rosidl_typesupport_introspection_cpp
[7.409s] [ 71%] [32m[1mLinking CXX shared library libpallet_interfaces__rosidl_typesupport_fastrtps_c.so[0m
[7.498s] [ 74%] [32m[1mLinking CXX shared library libpallet_interfaces__rosidl_typesupport_fastrtps_cpp.so[0m
[7.535s] [ 74%] Built target pallet_interfaces__rosidl_typesupport_fastrtps_c
[7.602s] [ 74%] Built target pallet_interfaces__rosidl_typesupport_fastrtps_cpp
[7.622s] [ 74%] Built target pallet_interfaces
[7.643s] [ 76%] [34m[1mGenerating Python code for ROS interfaces[0m
[8.454s] [ 76%] Built target pallet_interfaces__py
[8.485s] [ 79%] [32mBuilding C object CMakeFiles/pallet_interfaces__rosidl_generator_py.dir/rosidl_generator_py/pallet_interfaces/srv/_palletstate_s.c.o[0m
[8.497s] [ 82%] [32mBuilding C object CMakeFiles/pallet_interfaces__rosidl_generator_py.dir/rosidl_generator_py/pallet_interfaces/msg/_boxinfo_s.c.o[0m
[8.717s] [ 84%] [32m[1mLinking C shared library rosidl_generator_py/pallet_interfaces/libpallet_interfaces__rosidl_generator_py.so[0m
[8.782s] [ 84%] Built target pallet_interfaces__rosidl_generator_py
[8.843s] [ 87%] [32mBuilding C object CMakeFiles/pallet_interfaces__rosidl_typesupport_fastrtps_c__pyext.dir/rosidl_generator_py/pallet_interfaces/_pallet_interfaces_s.ep.rosidl_typesupport_fastrtps_c.c.o[0m
[8.856s] [ 89%] [32mBuilding C object CMakeFiles/pallet_interfaces__rosidl_typesupport_introspection_c__pyext.dir/rosidl_generator_py/pallet_interfaces/_pallet_interfaces_s.ep.rosidl_typesupport_introspection_c.c.o[0m
[8.906s] [ 92%] [32mBuilding C object CMakeFiles/pallet_interfaces__rosidl_typesupport_c__pyext.dir/rosidl_generator_py/pallet_interfaces/_pallet_interfaces_s.ep.rosidl_typesupport_c.c.o[0m
[9.071s] [ 94%] [32m[1mLinking C shared library rosidl_generator_py/pallet_interfaces/pallet_interfaces_s__rosidl_typesupport_fastrtps_c.cpython-310-x86_64-linux-gnu.so[0m
[9.100s] [ 97%] [32m[1mLinking C shared library rosidl_generator_py/pallet_interfaces/pallet_interfaces_s__rosidl_typesupport_introspection_c.cpython-310-x86_64-linux-gnu.so[0m
[9.140s] [ 97%] Built target pallet_interfaces__rosidl_typesupport_fastrtps_c__pyext
[9.173s] [100%] [32m[1mLinking C shared library rosidl_generator_py/pallet_interfaces/pallet_interfaces_s__rosidl_typesupport_c.cpython-310-x86_64-linux-gnu.so[0m
[9.193s] [100%] Built target pallet_interfaces__rosidl_typesupport_introspection_c__pyext
[9.225s] [100%] Built target pallet_interfaces__rosidl_typesupport_c__pyext
[9.253s] Invoked command in '/home/eating/work/build/pallet_interfaces' returned '0': CMAKE_PREFIX_PATH=${CMAKE_PREFIX_PATH}:/home/eating/work/install/pallet_main:/home/eating/work/install/main_control:/home/eating/work/install/gui:/home/eating/work/install/docking_pkg:/opt/ros/humble /usr/bin/cmake --build /home/eating/work/build/pallet_interfaces -- -j8 -l8
[9.254s] Invoking command in '/home/eating/work/build/pallet_interfaces': CMAKE_PREFIX_PATH=${CMAKE_PREFIX_PATH}:/home/eating/work/install/pallet_main:/home/eating/work/install/main_control:/home/eating/work/install/gui:/home/eating/work/install/docking_pkg:/opt/ros/humble /usr/bin/cmake --install /home/eating/work/build/pallet_interfaces
[9.263s] -- Install configuration: ""
[9.264s] -- Installing: /home/eating/work/install/pallet_interfaces/share/ament_index/resource_index/rosidl_interfaces/pallet_interfaces
[9.264s] -- Installing: /home/eating/work/install/pallet_interfaces/include/pallet_interfaces/pallet_interfaces
[9.264s] -- Installing: /home/eating/work/install/pallet_interfaces/include/pallet_interfaces/pallet_interfaces/msg
[9.264s] -- Installing: /home/eating/work/install/pallet_interfaces/include/pallet_interfaces/pallet_interfaces/msg/rosidl_generator_c__visibility_control.h
[9.264s] -- Installing: /home/eating/work/install/pallet_interfaces/include/pallet_interfaces/pallet_interfaces/msg/detail
[9.264s] -- Installing: /home/eating/work/install/pallet_interfaces/include/pallet_interfaces/pallet_interfaces/msg/detail/boxinfo__functions.h
[9.265s] -- Installing: /home/eating/work/install/pallet_interfaces/include/pallet_interfaces/pallet_interfaces/msg/detail/boxinfo__struct.h
[9.265s] -- Installing: /home/eating/work/install/pallet_interfaces/include/pallet_interfaces/pallet_interfaces/msg/detail/boxinfo__functions.c
[9.265s] -- Installing: /home/eating/work/install/pallet_interfaces/include/pallet_interfaces/pallet_interfaces/msg/detail/boxinfo__type_support.h
[9.265s] -- Installing: /home/eating/work/install/pallet_interfaces/include/pallet_interfaces/pallet_interfaces/msg/boxinfo.h
[9.265s] -- Installing: /home/eating/work/install/pallet_interfaces/include/pallet_interfaces/pallet_interfaces/srv
[9.265s] -- Installing: /home/eating/work/install/pallet_interfaces/include/pallet_interfaces/pallet_interfaces/srv/detail
[9.266s] -- Installing: /home/eating/work/install/pallet_interfaces/include/pallet_interfaces/pallet_interfaces/srv/detail/palletstate__struct.h
[9.266s] -- Installing: /home/eating/work/install/pallet_interfaces/include/pallet_interfaces/pallet_interfaces/srv/detail/palletstate__functions.c
[9.266s] -- Installing: /home/eating/work/install/pallet_interfaces/include/pallet_interfaces/pallet_interfaces/srv/detail/palletstate__functions.h
[9.266s] -- Installing: /home/eating/work/install/pallet_interfaces/include/pallet_interfaces/pallet_interfaces/srv/detail/palletstate__type_support.h
[9.266s] -- Installing: /home/eating/work/install/pallet_interfaces/include/pallet_interfaces/pallet_interfaces/srv/palletstate.h
[9.266s] -- Installing: /home/eating/work/install/pallet_interfaces/share/pallet_interfaces/environment/library_path.sh
[9.267s] -- Installing: /home/eating/work/install/pallet_interfaces/share/pallet_interfaces/environment/library_path.dsv
[9.267s] -- Installing: /home/eating/work/install/pallet_interfaces/lib/libpallet_interfaces__rosidl_generator_c.so
[9.267s] -- Set runtime path of "/home/eating/work/install/pallet_interfaces/lib/libpallet_interfaces__rosidl_generator_c.so" to ""
[9.267s] -- Up-to-date: /home/eating/work/install/pallet_interfaces/include/pallet_interfaces/pallet_interfaces
[9.267s] -- Up-to-date: /home/eating/work/install/pallet_interfaces/include/pallet_interfaces/pallet_interfaces/msg
[9.268s] -- Up-to-date: /home/eating/work/install/pallet_interfaces/include/pallet_interfaces/pallet_interfaces/msg/detail
[9.268s] -- Installing: /home/eating/work/install/pallet_interfaces/include/pallet_interfaces/pallet_interfaces/msg/detail/boxinfo__rosidl_typesupport_fastrtps_c.h
[9.268s] -- Installing: /home/eating/work/install/pallet_interfaces/include/pallet_interfaces/pallet_interfaces/msg/rosidl_typesupport_fastrtps_c__visibility_control.h
[9.268s] -- Up-to-date: /home/eating/work/install/pallet_interfaces/include/pallet_interfaces/pallet_interfaces/srv
[9.268s] -- Up-to-date: /home/eating/work/install/pallet_interfaces/include/pallet_interfaces/pallet_interfaces/srv/detail
[9.268s] -- Installing: /home/eating/work/install/pallet_interfaces/include/pallet_interfaces/pallet_interfaces/srv/detail/palletstate__rosidl_typesupport_fastrtps_c.h
[9.268s] -- Installing: /home/eating/work/install/pallet_interfaces/lib/libpallet_interfaces__rosidl_typesupport_fastrtps_c.so
[9.268s] -- Set runtime path of "/home/eating/work/install/pallet_interfaces/lib/libpallet_interfaces__rosidl_typesupport_fastrtps_c.so" to ""
[9.269s] -- Up-to-date: /home/eating/work/install/pallet_interfaces/include/pallet_interfaces/pallet_interfaces
[9.269s] -- Up-to-date: /home/eating/work/install/pallet_interfaces/include/pallet_interfaces/pallet_interfaces/msg
[9.269s] -- Up-to-date: /home/eating/work/install/pallet_interfaces/include/pallet_interfaces/pallet_interfaces/msg/detail
[9.269s] -- Installing: /home/eating/work/install/pallet_interfaces/include/pallet_interfaces/pallet_interfaces/msg/detail/boxinfo__type_support.hpp
[9.269s] -- Installing: /home/eating/work/install/pallet_interfaces/include/pallet_interfaces/pallet_interfaces/msg/detail/boxinfo__builder.hpp
[9.269s] -- Installing: /home/eating/work/install/pallet_interfaces/include/pallet_interfaces/pallet_interfaces/msg/detail/boxinfo__struct.hpp
[9.269s] -- Installing: /home/eating/work/install/pallet_interfaces/include/pallet_interfaces/pallet_interfaces/msg/detail/boxinfo__traits.hpp
[9.269s] -- Installing: /home/eating/work/install/pallet_interfaces/include/pallet_interfaces/pallet_interfaces/msg/rosidl_generator_cpp__visibility_control.hpp
[9.270s] -- Installing: /home/eating/work/install/pallet_interfaces/include/pallet_interfaces/pallet_interfaces/msg/boxinfo.hpp
[9.270s] -- Up-to-date: /home/eating/work/install/pallet_interfaces/include/pallet_interfaces/pallet_interfaces/srv
[9.270s] -- Up-to-date: /home/eating/work/install/pallet_interfaces/include/pallet_interfaces/pallet_interfaces/srv/detail
[9.270s] -- Installing: /home/eating/work/install/pallet_interfaces/include/pallet_interfaces/pallet_interfaces/srv/detail/palletstate__builder.hpp
[9.270s] -- Installing: /home/eating/work/install/pallet_interfaces/include/pallet_interfaces/pallet_interfaces/srv/detail/palletstate__type_support.hpp
[9.270s] -- Installing: /home/eating/work/install/pallet_interfaces/include/pallet_interfaces/pallet_interfaces/srv/detail/palletstate__struct.hpp
[9.271s] -- Installing: /home/eating/work/install/pallet_interfaces/include/pallet_interfaces/pallet_interfaces/srv/detail/palletstate__traits.hpp
[9.271s] -- Installing: /home/eating/work/install/pallet_interfaces/include/pallet_interfaces/pallet_interfaces/srv/palletstate.hpp
[9.271s] -- Up-to-date: /home/eating/work/install/pallet_interfaces/include/pallet_interfaces/pallet_interfaces
[9.271s] -- Up-to-date: /home/eating/work/install/pallet_interfaces/include/pallet_interfaces/pallet_interfaces/msg
[9.271s] -- Up-to-date: /home/eating/work/install/pallet_interfaces/include/pallet_interfaces/pallet_interfaces/msg/detail
[9.271s] -- Installing: /home/eating/work/install/pallet_interfaces/include/pallet_interfaces/pallet_interfaces/msg/detail/boxinfo__rosidl_typesupport_fastrtps_cpp.hpp
[9.271s] -- Installing: /home/eating/work/install/pallet_interfaces/include/pallet_interfaces/pallet_interfaces/msg/detail/dds_fastrtps
[9.271s] -- Installing: /home/eating/work/install/pallet_interfaces/include/pallet_interfaces/pallet_interfaces/msg/rosidl_typesupport_fastrtps_cpp__visibility_control.h
[9.272s] -- Up-to-date: /home/eating/work/install/pallet_interfaces/include/pallet_interfaces/pallet_interfaces/srv
[9.272s] -- Up-to-date: /home/eating/work/install/pallet_interfaces/include/pallet_interfaces/pallet_interfaces/srv/detail
[9.272s] -- Installing: /home/eating/work/install/pallet_interfaces/include/pallet_interfaces/pallet_interfaces/srv/detail/palletstate__rosidl_typesupport_fastrtps_cpp.hpp
[9.272s] -- Installing: /home/eating/work/install/pallet_interfaces/include/pallet_interfaces/pallet_interfaces/srv/detail/dds_fastrtps
[9.272s] -- Installing: /home/eating/work/install/pallet_interfaces/lib/libpallet_interfaces__rosidl_typesupport_fastrtps_cpp.so
[9.272s] -- Set runtime path of "/home/eating/work/install/pallet_interfaces/lib/libpallet_interfaces__rosidl_typesupport_fastrtps_cpp.so" to ""
[9.272s] -- Up-to-date: /home/eating/work/install/pallet_interfaces/include/pallet_interfaces/pallet_interfaces
[9.273s] -- Up-to-date: /home/eating/work/install/pallet_interfaces/include/pallet_interfaces/pallet_interfaces/msg
[9.273s] -- Installing: /home/eating/work/install/pallet_interfaces/include/pallet_interfaces/pallet_interfaces/msg/rosidl_typesupport_introspection_c__visibility_control.h
[9.273s] -- Up-to-date: /home/eating/work/install/pallet_interfaces/include/pallet_interfaces/pallet_interfaces/msg/detail
[9.273s] -- Installing: /home/eating/work/install/pallet_interfaces/include/pallet_interfaces/pallet_interfaces/msg/detail/boxinfo__rosidl_typesupport_introspection_c.h
[9.273s] -- Installing: /home/eating/work/install/pallet_interfaces/include/pallet_interfaces/pallet_interfaces/msg/detail/boxinfo__type_support.c
[9.273s] -- Up-to-date: /home/eating/work/install/pallet_interfaces/include/pallet_interfaces/pallet_interfaces/srv
[9.273s] -- Up-to-date: /home/eating/work/install/pallet_interfaces/include/pallet_interfaces/pallet_interfaces/srv/detail
[9.274s] -- Installing: /home/eating/work/install/pallet_interfaces/include/pallet_interfaces/pallet_interfaces/srv/detail/palletstate__type_support.c
[9.274s] -- Installing: /home/eating/work/install/pallet_interfaces/include/pallet_interfaces/pallet_interfaces/srv/detail/palletstate__rosidl_typesupport_introspection_c.h
[9.274s] -- Installing: /home/eating/work/install/pallet_interfaces/lib/libpallet_interfaces__rosidl_typesupport_introspection_c.so
[9.274s] -- Set runtime path of "/home/eating/work/install/pallet_interfaces/lib/libpallet_interfaces__rosidl_typesupport_introspection_c.so" to ""
[9.274s] -- Installing: /home/eating/work/install/pallet_interfaces/lib/libpallet_interfaces__rosidl_typesupport_c.so
[9.275s] -- Set runtime path of "/home/eating/work/install/pallet_interfaces/lib/libpallet_interfaces__rosidl_typesupport_c.so" to ""
[9.275s] -- Up-to-date: /home/eating/work/install/pallet_interfaces/include/pallet_interfaces/pallet_interfaces
[9.275s] -- Up-to-date: /home/eating/work/install/pallet_interfaces/include/pallet_interfaces/pallet_interfaces/msg
[9.276s] -- Up-to-date: /home/eating/work/install/pallet_interfaces/include/pallet_interfaces/pallet_interfaces/msg/detail
[9.276s] -- Installing: /home/eating/work/install/pallet_interfaces/include/pallet_interfaces/pallet_interfaces/msg/detail/boxinfo__type_support.cpp
[9.276s] -- Installing: /home/eating/work/install/pallet_interfaces/include/pallet_interfaces/pallet_interfaces/msg/detail/boxinfo__rosidl_typesupport_introspection_cpp.hpp
[9.276s] -- Up-to-date: /home/eating/work/install/pallet_interfaces/include/pallet_interfaces/pallet_interfaces/srv
[9.276s] -- Up-to-date: /home/eating/work/install/pallet_interfaces/include/pallet_interfaces/pallet_interfaces/srv/detail
[9.276s] -- Installing: /home/eating/work/install/pallet_interfaces/include/pallet_interfaces/pallet_interfaces/srv/detail/palletstate__type_support.cpp
[9.276s] -- Installing: /home/eating/work/install/pallet_interfaces/include/pallet_interfaces/pallet_interfaces/srv/detail/palletstate__rosidl_typesupport_introspection_cpp.hpp
[9.276s] -- Installing: /home/eating/work/install/pallet_interfaces/lib/libpallet_interfaces__rosidl_typesupport_introspection_cpp.so
[9.276s] -- Set runtime path of "/home/eating/work/install/pallet_interfaces/lib/libpallet_interfaces__rosidl_typesupport_introspection_cpp.so" to ""
[9.277s] -- Installing: /home/eating/work/install/pallet_interfaces/lib/libpallet_interfaces__rosidl_typesupport_cpp.so
[9.277s] -- Set runtime path of "/home/eating/work/install/pallet_interfaces/lib/libpallet_interfaces__rosidl_typesupport_cpp.so" to ""
[9.277s] -- Installing: /home/eating/work/install/pallet_interfaces/share/pallet_interfaces/environment/pythonpath.sh
[9.277s] -- Installing: /home/eating/work/install/pallet_interfaces/share/pallet_interfaces/environment/pythonpath.dsv
[9.277s] -- Installing: /home/eating/work/install/pallet_interfaces/local/lib/python3.10/dist-packages/pallet_interfaces-0.0.0-py3.10.egg-info
[9.277s] -- Installing: /home/eating/work/install/pallet_interfaces/local/lib/python3.10/dist-packages/pallet_interfaces-0.0.0-py3.10.egg-info/top_level.txt
[9.277s] -- Installing: /home/eating/work/install/pallet_interfaces/local/lib/python3.10/dist-packages/pallet_interfaces-0.0.0-py3.10.egg-info/SOURCES.txt
[9.277s] -- Installing: /home/eating/work/install/pallet_interfaces/local/lib/python3.10/dist-packages/pallet_interfaces-0.0.0-py3.10.egg-info/dependency_links.txt
[9.278s] -- Installing: /home/eating/work/install/pallet_interfaces/local/lib/python3.10/dist-packages/pallet_interfaces-0.0.0-py3.10.egg-info/PKG-INFO
[9.278s] -- Installing: /home/eating/work/install/pallet_interfaces/local/lib/python3.10/dist-packages/pallet_interfaces
[9.278s] -- Installing: /home/eating/work/install/pallet_interfaces/local/lib/python3.10/dist-packages/pallet_interfaces/msg
[9.278s] -- Installing: /home/eating/work/install/pallet_interfaces/local/lib/python3.10/dist-packages/pallet_interfaces/msg/__init__.py
[9.278s] -- Installing: /home/eating/work/install/pallet_interfaces/local/lib/python3.10/dist-packages/pallet_interfaces/msg/_boxinfo.py
[9.278s] -- Installing: /home/eating/work/install/pallet_interfaces/local/lib/python3.10/dist-packages/pallet_interfaces/msg/_boxinfo_s.c
[9.278s] -- Installing: /home/eating/work/install/pallet_interfaces/local/lib/python3.10/dist-packages/pallet_interfaces/__init__.py
[9.278s] -- Installing: /home/eating/work/install/pallet_interfaces/local/lib/python3.10/dist-packages/pallet_interfaces/_pallet_interfaces_s.ep.rosidl_typesupport_c.c
[9.278s] -- Installing: /home/eating/work/install/pallet_interfaces/local/lib/python3.10/dist-packages/pallet_interfaces/libpallet_interfaces__rosidl_generator_py.so
[9.279s] -- Installing: /home/eating/work/install/pallet_interfaces/local/lib/python3.10/dist-packages/pallet_interfaces/pallet_interfaces_s__rosidl_typesupport_fastrtps_c.cpython-310-x86_64-linux-gnu.so
[9.279s] -- Installing: /home/eating/work/install/pallet_interfaces/local/lib/python3.10/dist-packages/pallet_interfaces/pallet_interfaces_s__rosidl_typesupport_introspection_c.cpython-310-x86_64-linux-gnu.so
[9.279s] -- Installing: /home/eating/work/install/pallet_interfaces/local/lib/python3.10/dist-packages/pallet_interfaces/srv
[9.279s] -- Installing: /home/eating/work/install/pallet_interfaces/local/lib/python3.10/dist-packages/pallet_interfaces/srv/__init__.py
[9.279s] -- Installing: /home/eating/work/install/pallet_interfaces/local/lib/python3.10/dist-packages/pallet_interfaces/srv/_palletstate_s.c
[9.279s] -- Installing: /home/eating/work/install/pallet_interfaces/local/lib/python3.10/dist-packages/pallet_interfaces/srv/_palletstate.py
[9.279s] -- Installing: /home/eating/work/install/pallet_interfaces/local/lib/python3.10/dist-packages/pallet_interfaces/_pallet_interfaces_s.ep.rosidl_typesupport_introspection_c.c
[9.279s] -- Installing: /home/eating/work/install/pallet_interfaces/local/lib/python3.10/dist-packages/pallet_interfaces/pallet_interfaces_s__rosidl_typesupport_c.cpython-310-x86_64-linux-gnu.so
[9.279s] -- Installing: /home/eating/work/install/pallet_interfaces/local/lib/python3.10/dist-packages/pallet_interfaces/_pallet_interfaces_s.ep.rosidl_typesupport_fastrtps_c.c
[9.317s] Listing '/home/eating/work/install/pallet_interfaces/local/lib/python3.10/dist-packages/pallet_interfaces'...
[9.317s] Compiling '/home/eating/work/install/pallet_interfaces/local/lib/python3.10/dist-packages/pallet_interfaces/__init__.py'...
[9.317s] Listing '/home/eating/work/install/pallet_interfaces/local/lib/python3.10/dist-packages/pallet_interfaces/msg'...
[9.317s] Compiling '/home/eating/work/install/pallet_interfaces/local/lib/python3.10/dist-packages/pallet_interfaces/msg/__init__.py'...
[9.317s] Compiling '/home/eating/work/install/pallet_interfaces/local/lib/python3.10/dist-packages/pallet_interfaces/msg/_boxinfo.py'...
[9.317s] Listing '/home/eating/work/install/pallet_interfaces/local/lib/python3.10/dist-packages/pallet_interfaces/srv'...
[9.317s] Compiling '/home/eating/work/install/pallet_interfaces/local/lib/python3.10/dist-packages/pallet_interfaces/srv/__init__.py'...
[9.317s] Compiling '/home/eating/work/install/pallet_interfaces/local/lib/python3.10/dist-packages/pallet_interfaces/srv/_palletstate.py'...
[9.322s] -- Installing: /home/eating/work/install/pallet_interfaces/local/lib/python3.10/dist-packages/pallet_interfaces/pallet_interfaces_s__rosidl_typesupport_fastrtps_c.cpython-310-x86_64-linux-gnu.so
[9.322s] -- Set runtime path of "/home/eating/work/install/pallet_interfaces/local/lib/python3.10/dist-packages/pallet_interfaces/pallet_interfaces_s__rosidl_typesupport_fastrtps_c.cpython-310-x86_64-linux-gnu.so" to ""
[9.322s] -- Installing: /home/eating/work/install/pallet_interfaces/local/lib/python3.10/dist-packages/pallet_interfaces/pallet_interfaces_s__rosidl_typesupport_introspection_c.cpython-310-x86_64-linux-gnu.so
[9.323s] -- Set runtime path of "/home/eating/work/install/pallet_interfaces/local/lib/python3.10/dist-packages/pallet_interfaces/pallet_interfaces_s__rosidl_typesupport_introspection_c.cpython-310-x86_64-linux-gnu.so" to ""
[9.323s] -- Installing: /home/eating/work/install/pallet_interfaces/local/lib/python3.10/dist-packages/pallet_interfaces/pallet_interfaces_s__rosidl_typesupport_c.cpython-310-x86_64-linux-gnu.so
[9.323s] -- Set runtime path of "/home/eating/work/install/pallet_interfaces/local/lib/python3.10/dist-packages/pallet_interfaces/pallet_interfaces_s__rosidl_typesupport_c.cpython-310-x86_64-linux-gnu.so" to ""
[9.323s] -- Installing: /home/eating/work/install/pallet_interfaces/lib/libpallet_interfaces__rosidl_generator_py.so
[9.324s] -- Set runtime path of "/home/eating/work/install/pallet_interfaces/lib/libpallet_interfaces__rosidl_generator_py.so" to ""
[9.324s] -- Installing: /home/eating/work/install/pallet_interfaces/share/pallet_interfaces/msg/Boxinfo.idl
[9.324s] -- Installing: /home/eating/work/install/pallet_interfaces/share/pallet_interfaces/srv/Palletstate.idl
[9.324s] -- Installing: /home/eating/work/install/pallet_interfaces/share/pallet_interfaces/msg/Boxinfo.msg
[9.324s] -- Installing: /home/eating/work/install/pallet_interfaces/share/pallet_interfaces/srv/Palletstate.srv
[9.324s] -- Installing: /home/eating/work/install/pallet_interfaces/share/pallet_interfaces/srv/Palletstate_Request.msg
[9.325s] -- Installing: /home/eating/work/install/pallet_interfaces/share/pallet_interfaces/srv/Palletstate_Response.msg
[9.325s] -- Installing: /home/eating/work/install/pallet_interfaces/share/ament_index/resource_index/package_run_dependencies/pallet_interfaces
[9.325s] -- Installing: /home/eating/work/install/pallet_interfaces/share/ament_index/resource_index/parent_prefix_path/pallet_interfaces
[9.325s] -- Installing: /home/eating/work/install/pallet_interfaces/share/pallet_interfaces/environment/ament_prefix_path.sh
[9.325s] -- Installing: /home/eating/work/install/pallet_interfaces/share/pallet_interfaces/environment/ament_prefix_path.dsv
[9.325s] -- Installing: /home/eating/work/install/pallet_interfaces/share/pallet_interfaces/environment/path.sh
[9.325s] -- Installing: /home/eating/work/install/pallet_interfaces/share/pallet_interfaces/environment/path.dsv
[9.325s] -- Installing: /home/eating/work/install/pallet_interfaces/share/pallet_interfaces/local_setup.bash
[9.326s] -- Installing: /home/eating/work/install/pallet_interfaces/share/pallet_interfaces/local_setup.sh
[9.326s] -- Installing: /home/eating/work/install/pallet_interfaces/share/pallet_interfaces/local_setup.zsh
[9.326s] -- Installing: /home/eating/work/install/pallet_interfaces/share/pallet_interfaces/local_setup.dsv
[9.326s] -- Installing: /home/eating/work/install/pallet_interfaces/share/pallet_interfaces/package.dsv
[9.326s] -- Installing: /home/eating/work/install/pallet_interfaces/share/ament_index/resource_index/packages/pallet_interfaces
[9.326s] -- Installing: /home/eating/work/install/pallet_interfaces/share/pallet_interfaces/cmake/export_pallet_interfaces__rosidl_generator_cExport.cmake
[9.326s] -- Installing: /home/eating/work/install/pallet_interfaces/share/pallet_interfaces/cmake/export_pallet_interfaces__rosidl_generator_cExport-noconfig.cmake
[9.327s] -- Installing: /home/eating/work/install/pallet_interfaces/share/pallet_interfaces/cmake/export_pallet_interfaces__rosidl_typesupport_fastrtps_cExport.cmake
[9.327s] -- Installing: /home/eating/work/install/pallet_interfaces/share/pallet_interfaces/cmake/export_pallet_interfaces__rosidl_typesupport_fastrtps_cExport-noconfig.cmake
[9.327s] -- Installing: /home/eating/work/install/pallet_interfaces/share/pallet_interfaces/cmake/export_pallet_interfaces__rosidl_generator_cppExport.cmake
[9.327s] -- Installing: /home/eating/work/install/pallet_interfaces/share/pallet_interfaces/cmake/export_pallet_interfaces__rosidl_typesupport_fastrtps_cppExport.cmake
[9.327s] -- Installing: /home/eating/work/install/pallet_interfaces/share/pallet_interfaces/cmake/export_pallet_interfaces__rosidl_typesupport_fastrtps_cppExport-noconfig.cmake
[9.328s] -- Installing: /home/eating/work/install/pallet_interfaces/share/pallet_interfaces/cmake/pallet_interfaces__rosidl_typesupport_introspection_cExport.cmake
[9.328s] -- Installing: /home/eating/work/install/pallet_interfaces/share/pallet_interfaces/cmake/pallet_interfaces__rosidl_typesupport_introspection_cExport-noconfig.cmake
[9.328s] -- Installing: /home/eating/work/install/pallet_interfaces/share/pallet_interfaces/cmake/pallet_interfaces__rosidl_typesupport_cExport.cmake
[9.328s] -- Installing: /home/eating/work/install/pallet_interfaces/share/pallet_interfaces/cmake/pallet_interfaces__rosidl_typesupport_cExport-noconfig.cmake
[9.329s] -- Installing: /home/eating/work/install/pallet_interfaces/share/pallet_interfaces/cmake/pallet_interfaces__rosidl_typesupport_introspection_cppExport.cmake
[9.329s] -- Installing: /home/eating/work/install/pallet_interfaces/share/pallet_interfaces/cmake/pallet_interfaces__rosidl_typesupport_introspection_cppExport-noconfig.cmake
[9.329s] -- Installing: /home/eating/work/install/pallet_interfaces/share/pallet_interfaces/cmake/pallet_interfaces__rosidl_typesupport_cppExport.cmake
[9.329s] -- Installing: /home/eating/work/install/pallet_interfaces/share/pallet_interfaces/cmake/pallet_interfaces__rosidl_typesupport_cppExport-noconfig.cmake
[9.329s] -- Installing: /home/eating/work/install/pallet_interfaces/share/pallet_interfaces/cmake/export_pallet_interfaces__rosidl_generator_pyExport.cmake
[9.329s] -- Installing: /home/eating/work/install/pallet_interfaces/share/pallet_interfaces/cmake/export_pallet_interfaces__rosidl_generator_pyExport-noconfig.cmake
[9.330s] -- Installing: /home/eating/work/install/pallet_interfaces/share/pallet_interfaces/cmake/rosidl_cmake-extras.cmake
[9.330s] -- Installing: /home/eating/work/install/pallet_interfaces/share/pallet_interfaces/cmake/ament_cmake_export_dependencies-extras.cmake
[9.330s] -- Installing: /home/eating/work/install/pallet_interfaces/share/pallet_interfaces/cmake/ament_cmake_export_include_directories-extras.cmake
[9.330s] -- Installing: /home/eating/work/install/pallet_interfaces/share/pallet_interfaces/cmake/ament_cmake_export_libraries-extras.cmake
[9.330s] -- Installing: /home/eating/work/install/pallet_interfaces/share/pallet_interfaces/cmake/ament_cmake_export_targets-extras.cmake
[9.331s] -- Installing: /home/eating/work/install/pallet_interfaces/share/pallet_interfaces/cmake/rosidl_cmake_export_typesupport_targets-extras.cmake
[9.331s] -- Installing: /home/eating/work/install/pallet_interfaces/share/pallet_interfaces/cmake/rosidl_cmake_export_typesupport_libraries-extras.cmake
[9.331s] -- Installing: /home/eating/work/install/pallet_interfaces/share/pallet_interfaces/cmake/pallet_interfacesConfig.cmake
[9.331s] -- Installing: /home/eating/work/install/pallet_interfaces/share/pallet_interfaces/cmake/pallet_interfacesConfig-version.cmake
[9.331s] -- Installing: /home/eating/work/install/pallet_interfaces/share/pallet_interfaces/package.xml
[9.334s] Invoked command in '/home/eating/work/build/pallet_interfaces' returned '0': CMAKE_PREFIX_PATH=${CMAKE_PREFIX_PATH}:/home/eating/work/install/pallet_main:/home/eating/work/install/main_control:/home/eating/work/install/gui:/home/eating/work/install/docking_pkg:/opt/ros/humble /usr/bin/cmake --install /home/eating/work/build/pallet_interfaces
