[0.764s] Invoking command in '/home/eating/work/build/keyboard_control': CMAKE_PREFIX_PATH=${CMAKE_PREFIX_PATH}:/home/eating/work/install/pallet_main:/home/eating/work/install/main_control:/home/eating/work/install/gui:/home/eating/work/install/docking_pkg:/opt/ros/humble /usr/bin/cmake --build /home/eating/work/build/keyboard_control -- -j8 -l8
[1.003s] [100%] Built target main
[1.048s] Invoked command in '/home/eating/work/build/keyboard_control' returned '0': CMAKE_PREFIX_PATH=${CMAKE_PREFIX_PATH}:/home/eating/work/install/pallet_main:/home/eating/work/install/main_control:/home/eating/work/install/gui:/home/eating/work/install/docking_pkg:/opt/ros/humble /usr/bin/cmake --build /home/eating/work/build/keyboard_control -- -j8 -l8
[1.103s] Invoking command in '/home/eating/work/build/keyboard_control': CMAKE_PREFIX_PATH=${CMAKE_PREFIX_PATH}:/home/eating/work/install/pallet_main:/home/eating/work/install/main_control:/home/eating/work/install/gui:/home/eating/work/install/docking_pkg:/opt/ros/humble /usr/bin/cmake --install /home/eating/work/build/keyboard_control
[1.129s] -- Install configuration: ""
[1.129s] -- Up-to-date: /home/eating/work/install/keyboard_control/lib/keyboard_control/main
[1.129s] -- Up-to-date: /home/eating/work/install/keyboard_control/share/ament_index/resource_index/package_run_dependencies/keyboard_control
[1.129s] -- Up-to-date: /home/eating/work/install/keyboard_control/share/ament_index/resource_index/parent_prefix_path/keyboard_control
[1.129s] -- Up-to-date: /home/eating/work/install/keyboard_control/share/keyboard_control/environment/ament_prefix_path.sh
[1.130s] -- Up-to-date: /home/eating/work/install/keyboard_control/share/keyboard_control/environment/ament_prefix_path.dsv
[1.130s] -- Up-to-date: /home/eating/work/install/keyboard_control/share/keyboard_control/environment/path.sh
[1.130s] -- Up-to-date: /home/eating/work/install/keyboard_control/share/keyboard_control/environment/path.dsv
[1.130s] -- Up-to-date: /home/eating/work/install/keyboard_control/share/keyboard_control/local_setup.bash
[1.130s] -- Up-to-date: /home/eating/work/install/keyboard_control/share/keyboard_control/local_setup.sh
[1.130s] -- Up-to-date: /home/eating/work/install/keyboard_control/share/keyboard_control/local_setup.zsh
[1.130s] -- Up-to-date: /home/eating/work/install/keyboard_control/share/keyboard_control/local_setup.dsv
[1.130s] -- Installing: /home/eating/work/install/keyboard_control/share/keyboard_control/package.dsv
[1.130s] -- Up-to-date: /home/eating/work/install/keyboard_control/share/ament_index/resource_index/packages/keyboard_control
[1.131s] -- Up-to-date: /home/eating/work/install/keyboard_control/share/keyboard_control/cmake/keyboard_controlConfig.cmake
[1.131s] -- Up-to-date: /home/eating/work/install/keyboard_control/share/keyboard_control/cmake/keyboard_controlConfig-version.cmake
[1.131s] -- Up-to-date: /home/eating/work/install/keyboard_control/share/keyboard_control/package.xml
[1.158s] Invoked command in '/home/eating/work/build/keyboard_control' returned '0': CMAKE_PREFIX_PATH=${CMAKE_PREFIX_PATH}:/home/eating/work/install/pallet_main:/home/eating/work/install/main_control:/home/eating/work/install/gui:/home/eating/work/install/docking_pkg:/opt/ros/humble /usr/bin/cmake --install /home/eating/work/build/keyboard_control
