[0.998s] Invoking command in '/home/fxck/work/build/timda_body_description': CMAKE_PREFIX_PATH=/opt/ros/humble /usr/bin/cmake /home/fxck/work/src/timda_sim/timda_body_description -DCMAKE_INSTALL_PREFIX=/home/fxck/work/install/timda_body_description
[1.479s] -- The C compiler identification is GNU 11.4.0
[1.479s] -- The CXX compiler identification is GNU 11.4.0
[1.479s] -- Detecting C compiler ABI info
[1.479s] -- Detecting C compiler ABI info - done
[1.479s] -- Check for working C compiler: /usr/bin/cc - skipped
[1.479s] -- Detecting C compile features
[1.479s] -- Detecting C compile features - done
[1.480s] -- Detecting CXX compiler ABI info
[1.480s] -- Detecting CXX compiler ABI info - done
[1.480s] -- Check for working CXX compiler: /usr/bin/c++ - skipped
[1.480s] -- Detecting CXX compile features
[1.480s] -- Detecting CXX compile features - done
[1.480s] -- Found ament_cmake: 1.3.11 (/opt/ros/humble/share/ament_cmake/cmake)
[1.580s] -- Found Python3: /usr/bin/python3 (found version "3.10.12") found components: Interpreter 
[1.684s] -- Found ament_lint_auto: 0.12.12 (/opt/ros/humble/share/ament_lint_auto/cmake)
[1.787s] -- Added test 'lint_cmake' to check CMake code style
[1.788s] -- Added test 'xmllint' to check XML markup files
[1.792s] -- Configuring done
[1.793s] -- Generating done
[1.793s] -- Build files have been written to: /home/fxck/work/build/timda_body_description
[1.827s] Invoked command in '/home/fxck/work/build/timda_body_description' returned '0': CMAKE_PREFIX_PATH=/opt/ros/humble /usr/bin/cmake /home/fxck/work/src/timda_sim/timda_body_description -DCMAKE_INSTALL_PREFIX=/home/fxck/work/install/timda_body_description
[1.831s] Invoking command in '/home/fxck/work/build/timda_body_description': CMAKE_PREFIX_PATH=/opt/ros/humble /usr/bin/cmake --build /home/fxck/work/build/timda_body_description -- -j16 -l16
[1.929s] Invoked command in '/home/fxck/work/build/timda_body_description' returned '0': CMAKE_PREFIX_PATH=/opt/ros/humble /usr/bin/cmake --build /home/fxck/work/build/timda_body_description -- -j16 -l16
[1.931s] Invoking command in '/home/fxck/work/build/timda_body_description': CMAKE_PREFIX_PATH=/opt/ros/humble /usr/bin/cmake --install /home/fxck/work/build/timda_body_description
[2.073s] -- Install configuration: ""
[2.073s] -- Installing: /home/fxck/work/install/timda_body_description/share/timda_body_description/config
[2.073s] -- Installing: /home/fxck/work/install/timda_body_description/share/timda_body_description/config/joint_names_timda_body.yaml
[2.073s] -- Installing: /home/fxck/work/install/timda_body_description/share/timda_body_description/meshes
[2.074s] -- Installing: /home/fxck/work/install/timda_body_description/share/timda_body_description/meshes/base_link.STL
[2.074s] -- Installing: /home/fxck/work/install/timda_body_description/share/timda_body_description/meshes/slide_left.STL
[2.074s] -- Installing: /home/fxck/work/install/timda_body_description/share/timda_body_description/meshes/slide_right.STL
[2.074s] -- Installing: /home/fxck/work/install/timda_body_description/share/timda_body_description/urdf
[2.074s] -- Installing: /home/fxck/work/install/timda_body_description/share/timda_body_description/urdf/timda_body.xacro
[2.074s] -- Installing: /home/fxck/work/install/timda_body_description/share/timda_body_description/urdf/timda_body.gazebo.xacro
[2.074s] -- Installing: /home/fxck/work/install/timda_body_description/share/ament_index/resource_index/package_run_dependencies/timda_body_description
[2.074s] -- Installing: /home/fxck/work/install/timda_body_description/share/ament_index/resource_index/parent_prefix_path/timda_body_description
[2.074s] -- Installing: /home/fxck/work/install/timda_body_description/share/timda_body_description/environment/ament_prefix_path.sh
[2.074s] -- Installing: /home/fxck/work/install/timda_body_description/share/timda_body_description/environment/ament_prefix_path.dsv
[2.074s] -- Installing: /home/fxck/work/install/timda_body_description/share/timda_body_description/environment/path.sh
[2.074s] -- Installing: /home/fxck/work/install/timda_body_description/share/timda_body_description/environment/path.dsv
[2.074s] -- Installing: /home/fxck/work/install/timda_body_description/share/timda_body_description/local_setup.bash
[2.074s] -- Installing: /home/fxck/work/install/timda_body_description/share/timda_body_description/local_setup.sh
[2.074s] -- Installing: /home/fxck/work/install/timda_body_description/share/timda_body_description/local_setup.zsh
[2.074s] -- Installing: /home/fxck/work/install/timda_body_description/share/timda_body_description/local_setup.dsv
[2.075s] -- Installing: /home/fxck/work/install/timda_body_description/share/timda_body_description/package.dsv
[2.075s] -- Installing: /home/fxck/work/install/timda_body_description/share/ament_index/resource_index/packages/timda_body_description
[2.075s] -- Installing: /home/fxck/work/install/timda_body_description/share/timda_body_description/cmake/timda_body_descriptionConfig.cmake
[2.075s] -- Installing: /home/fxck/work/install/timda_body_description/share/timda_body_description/cmake/timda_body_descriptionConfig-version.cmake
[2.075s] -- Installing: /home/fxck/work/install/timda_body_description/share/timda_body_description/package.xml
[2.078s] Invoked command in '/home/fxck/work/build/timda_body_description' returned '0': CMAKE_PREFIX_PATH=/opt/ros/humble /usr/bin/cmake --install /home/fxck/work/build/timda_body_description
