[35m[1mConsolidate compiler generated dependencies of target laserscan_virtualizer[0m
[35m[1mConsolidate compiler generated dependencies of target laserscan_multi_merger[0m
[100%] Built target laserscan_virtualizer
[100%] Built target laserscan_multi_merger
-- Install configuration: ""
-- Installing: /home/eating/work/install/ira_laser_tools/lib/ira_laser_tools/laserscan_multi_merger
-- Set runtime path of "/home/eating/work/install/ira_laser_tools/lib/ira_laser_tools/laserscan_multi_merger" to ""
-- Installing: /home/eating/work/install/ira_laser_tools/lib/ira_laser_tools/laserscan_virtualizer
-- Set runtime path of "/home/eating/work/install/ira_laser_tools/lib/ira_laser_tools/laserscan_virtualizer" to ""
-- Installing: /home/eating/work/install/ira_laser_tools/share/ira_laser_tools/launch
-- Installing: /home/eating/work/install/ira_laser_tools/share/ira_laser_tools/launch/laserscan_multi_merger.launch
-- Installing: /home/eating/work/install/ira_laser_tools/share/ira_laser_tools/launch/laserscan_virtualizer.launch
-- Installing: /home/eating/work/install/ira_laser_tools/share/ament_index/resource_index/package_run_dependencies/ira_laser_tools
-- Installing: /home/eating/work/install/ira_laser_tools/share/ament_index/resource_index/parent_prefix_path/ira_laser_tools
-- Installing: /home/eating/work/install/ira_laser_tools/share/ira_laser_tools/environment/ament_prefix_path.sh
-- Installing: /home/eating/work/install/ira_laser_tools/share/ira_laser_tools/environment/ament_prefix_path.dsv
-- Installing: /home/eating/work/install/ira_laser_tools/share/ira_laser_tools/environment/path.sh
-- Installing: /home/eating/work/install/ira_laser_tools/share/ira_laser_tools/environment/path.dsv
-- Installing: /home/eating/work/install/ira_laser_tools/share/ira_laser_tools/local_setup.bash
-- Installing: /home/eating/work/install/ira_laser_tools/share/ira_laser_tools/local_setup.sh
-- Installing: /home/eating/work/install/ira_laser_tools/share/ira_laser_tools/local_setup.zsh
-- Installing: /home/eating/work/install/ira_laser_tools/share/ira_laser_tools/local_setup.dsv
-- Installing: /home/eating/work/install/ira_laser_tools/share/ira_laser_tools/package.dsv
-- Installing: /home/eating/work/install/ira_laser_tools/share/ament_index/resource_index/packages/ira_laser_tools
-- Installing: /home/eating/work/install/ira_laser_tools/share/ira_laser_tools/cmake/ament_cmake_export_dependencies-extras.cmake
-- Installing: /home/eating/work/install/ira_laser_tools/share/ira_laser_tools/cmake/ira_laser_toolsConfig.cmake
-- Installing: /home/eating/work/install/ira_laser_tools/share/ira_laser_tools/cmake/ira_laser_toolsConfig-version.cmake
-- Installing: /home/eating/work/install/ira_laser_tools/share/ira_laser_tools/package.xml
