[0.072s] Invoking command in '/home/eating/work/build/timda_bringup': CMAKE_PREFIX_PATH=${CMAKE_PREFIX_PATH}:/home/eating/work/install/pallet_main:/home/eating/work/install/main_control:/home/eating/work/install/gui:/home/eating/work/install/docking_pkg:/opt/ros/humble /usr/bin/cmake /home/eating/work/src/timda_bringup -DCMAKE_INSTALL_PREFIX=/home/eating/work/install/timda_bringup
[0.955s] -- The C compiler identification is GNU 11.4.0
[0.955s] -- The CXX compiler identification is GNU 11.4.0
[0.955s] -- Detecting C compiler ABI info
[0.955s] -- Detecting C compiler ABI info - done
[0.955s] -- Check for working C compiler: /usr/bin/cc - skipped
[0.955s] -- Detecting C compile features
[0.956s] -- Detecting C compile features - done
[0.956s] -- Detecting CXX compiler ABI info
[0.956s] -- Detecting CXX compiler ABI info - done
[0.956s] -- Check for working CXX compiler: /usr/bin/c++ - skipped
[0.956s] -- Detecting CXX compile features
[0.956s] -- Detecting CXX compile features - done
[0.956s] -- Found ament_cmake: 1.3.11 (/opt/ros/humble/share/ament_cmake/cmake)
[1.332s] -- Found Python3: /usr/bin/python3 (found version "3.10.12") found components: Interpreter 
[1.541s] -- Found urg_c: 1.0.4001 (/opt/ros/humble/share/urg_c/cmake)
[1.554s] -- Found ament_lint_auto: 0.12.12 (/opt/ros/humble/share/ament_lint_auto/cmake)
[1.828s] -- Added test 'lint_cmake' to check CMake code style
[1.830s] -- Added test 'xmllint' to check XML markup files
[1.833s] -- Configuring done
[1.838s] -- Generating done
[1.848s] -- Build files have been written to: /home/eating/work/build/timda_bringup
[1.884s] Invoked command in '/home/eating/work/build/timda_bringup' returned '0': CMAKE_PREFIX_PATH=${CMAKE_PREFIX_PATH}:/home/eating/work/install/pallet_main:/home/eating/work/install/main_control:/home/eating/work/install/gui:/home/eating/work/install/docking_pkg:/opt/ros/humble /usr/bin/cmake /home/eating/work/src/timda_bringup -DCMAKE_INSTALL_PREFIX=/home/eating/work/install/timda_bringup
[1.890s] Invoking command in '/home/eating/work/build/timda_bringup': CMAKE_PREFIX_PATH=${CMAKE_PREFIX_PATH}:/home/eating/work/install/pallet_main:/home/eating/work/install/main_control:/home/eating/work/install/gui:/home/eating/work/install/docking_pkg:/opt/ros/humble /usr/bin/cmake --build /home/eating/work/build/timda_bringup -- -j8 -l8
[2.011s] Invoked command in '/home/eating/work/build/timda_bringup' returned '0': CMAKE_PREFIX_PATH=${CMAKE_PREFIX_PATH}:/home/eating/work/install/pallet_main:/home/eating/work/install/main_control:/home/eating/work/install/gui:/home/eating/work/install/docking_pkg:/opt/ros/humble /usr/bin/cmake --build /home/eating/work/build/timda_bringup -- -j8 -l8
[2.012s] Invoking command in '/home/eating/work/build/timda_bringup': CMAKE_PREFIX_PATH=${CMAKE_PREFIX_PATH}:/home/eating/work/install/pallet_main:/home/eating/work/install/main_control:/home/eating/work/install/gui:/home/eating/work/install/docking_pkg:/opt/ros/humble /usr/bin/cmake --install /home/eating/work/build/timda_bringup
[2.094s] -- Install configuration: ""
[2.094s] -- Installing: /home/eating/work/install/timda_bringup/share/timda_bringup//launch
[2.094s] -- Installing: /home/eating/work/install/timda_bringup/share/timda_bringup//launch/urg_lidar.launch
[2.094s] -- Installing: /home/eating/work/install/timda_bringup/share/ament_index/resource_index/package_run_dependencies/timda_bringup
[2.094s] -- Installing: /home/eating/work/install/timda_bringup/share/ament_index/resource_index/parent_prefix_path/timda_bringup
[2.095s] -- Installing: /home/eating/work/install/timda_bringup/share/timda_bringup/environment/ament_prefix_path.sh
[2.095s] -- Installing: /home/eating/work/install/timda_bringup/share/timda_bringup/environment/ament_prefix_path.dsv
[2.095s] -- Installing: /home/eating/work/install/timda_bringup/share/timda_bringup/environment/path.sh
[2.095s] -- Installing: /home/eating/work/install/timda_bringup/share/timda_bringup/environment/path.dsv
[2.095s] -- Installing: /home/eating/work/install/timda_bringup/share/timda_bringup/local_setup.bash
[2.095s] -- Installing: /home/eating/work/install/timda_bringup/share/timda_bringup/local_setup.sh
[2.095s] -- Installing: /home/eating/work/install/timda_bringup/share/timda_bringup/local_setup.zsh
[2.095s] -- Installing: /home/eating/work/install/timda_bringup/share/timda_bringup/local_setup.dsv
[2.095s] -- Installing: /home/eating/work/install/timda_bringup/share/timda_bringup/package.dsv
[2.095s] -- Installing: /home/eating/work/install/timda_bringup/share/ament_index/resource_index/packages/timda_bringup
[2.096s] -- Installing: /home/eating/work/install/timda_bringup/share/timda_bringup/cmake/timda_bringupConfig.cmake
[2.096s] -- Installing: /home/eating/work/install/timda_bringup/share/timda_bringup/cmake/timda_bringupConfig-version.cmake
[2.096s] -- Installing: /home/eating/work/install/timda_bringup/share/timda_bringup/package.xml
[2.192s] Invoked command in '/home/eating/work/build/timda_bringup' returned '0': CMAKE_PREFIX_PATH=${CMAKE_PREFIX_PATH}:/home/eating/work/install/pallet_main:/home/eating/work/install/main_control:/home/eating/work/install/gui:/home/eating/work/install/docking_pkg:/opt/ros/humble /usr/bin/cmake --install /home/eating/work/build/timda_bringup
