[0.314s] Invoking command in '/home/eating/work/build/linear_move': CMAKE_PREFIX_PATH=${CMAKE_PREFIX_PATH}:/home/eating/work/install/pallet_main:/home/eating/work/install/main_control:/home/eating/work/install/gui:/home/eating/work/install/docking_pkg:/opt/ros/humble /usr/bin/cmake /home/eating/work/src/linear_move -DCMAKE_INSTALL_PREFIX=/home/eating/work/install/linear_move
[0.393s] -- The C compiler identification is GNU 11.4.0
[0.487s] -- The CXX compiler identification is GNU 11.4.0
[0.495s] -- Detecting C compiler ABI info
[0.615s] -- Detecting C compiler ABI info - done
[0.618s] -- Check for working C compiler: /usr/bin/cc - skipped
[0.619s] -- Detecting C compile features
[0.619s] -- Detecting C compile features - done
[0.624s] -- Detecting CXX compiler ABI info
[0.735s] -- Detecting CXX compiler ABI info - done
[0.752s] -- Check for working CXX compiler: /usr/bin/c++ - skipped
[0.753s] -- Detecting CXX compile features
[0.753s] -- Detecting CXX compile features - done
[0.757s] -- Found ament_cmake: 1.3.11 (/opt/ros/humble/share/ament_cmake/cmake)
[1.010s] -- Found Python3: /usr/bin/python3 (found version "3.10.12") found components: Interpreter 
[1.154s] -- Found rclcpp: 16.0.12 (/opt/ros/humble/share/rclcpp/cmake)
[1.238s] -- Found rosidl_generator_c: 3.1.6 (/opt/ros/humble/share/rosidl_generator_c/cmake)
[1.247s] -- Found rosidl_adapter: 3.1.6 (/opt/ros/humble/share/rosidl_adapter/cmake)
[1.261s] -- Found rosidl_generator_cpp: 3.1.6 (/opt/ros/humble/share/rosidl_generator_cpp/cmake)
[1.283s] -- Using all available rosidl_typesupport_c: rosidl_typesupport_fastrtps_c;rosidl_typesupport_introspection_c
[1.313s] -- Using all available rosidl_typesupport_cpp: rosidl_typesupport_fastrtps_cpp;rosidl_typesupport_introspection_cpp
[1.391s] -- Found rmw_implementation_cmake: 6.1.2 (/opt/ros/humble/share/rmw_implementation_cmake/cmake)
[1.396s] -- Found rmw_cyclonedds_cpp: 1.3.4 (/opt/ros/humble/share/rmw_cyclonedds_cpp/cmake)
[1.434s] -- Using RMW implementation 'rmw_cyclonedds_cpp' as default
[1.448s] -- Looking for pthread.h
[1.545s] -- Looking for pthread.h - found
[1.545s] -- Performing Test CMAKE_HAVE_LIBC_PTHREAD
[1.635s] -- Performing Test CMAKE_HAVE_LIBC_PTHREAD - Success
[1.636s] -- Found Threads: TRUE  
[1.699s] -- Found ament_lint_auto: 0.12.12 (/opt/ros/humble/share/ament_lint_auto/cmake)
[1.808s] -- Added test 'cppcheck' to perform static code analysis on C / C++ code
[1.808s] -- Configured cppcheck include dirs: /home/eating/work/src/linear_move/include
[1.808s] -- Configured cppcheck exclude dirs and/or files: 
[1.809s] -- Added test 'lint_cmake' to check CMake code style
[1.811s] -- Added test 'uncrustify' to check C / C++ code style
[1.811s] -- Configured uncrustify additional arguments: 
[1.812s] -- Added test 'xmllint' to check XML markup files
[1.815s] -- Configuring done
[1.833s] -- Generating done
[1.839s] -- Build files have been written to: /home/eating/work/build/linear_move
[1.855s] Invoked command in '/home/eating/work/build/linear_move' returned '0': CMAKE_PREFIX_PATH=${CMAKE_PREFIX_PATH}:/home/eating/work/install/pallet_main:/home/eating/work/install/main_control:/home/eating/work/install/gui:/home/eating/work/install/docking_pkg:/opt/ros/humble /usr/bin/cmake /home/eating/work/src/linear_move -DCMAKE_INSTALL_PREFIX=/home/eating/work/install/linear_move
[1.855s] Invoking command in '/home/eating/work/build/linear_move': CMAKE_PREFIX_PATH=${CMAKE_PREFIX_PATH}:/home/eating/work/install/pallet_main:/home/eating/work/install/main_control:/home/eating/work/install/gui:/home/eating/work/install/docking_pkg:/opt/ros/humble /usr/bin/cmake --build /home/eating/work/build/linear_move -- -j8 -l8
[1.920s] [ 50%] [32mBuilding CXX object CMakeFiles/slide.dir/src/slide.cpp.o[0m
[21.049s] [100%] [32m[1mLinking CXX executable slide[0m
[21.726s] [100%] Built target slide
[21.743s] Invoked command in '/home/eating/work/build/linear_move' returned '0': CMAKE_PREFIX_PATH=${CMAKE_PREFIX_PATH}:/home/eating/work/install/pallet_main:/home/eating/work/install/main_control:/home/eating/work/install/gui:/home/eating/work/install/docking_pkg:/opt/ros/humble /usr/bin/cmake --build /home/eating/work/build/linear_move -- -j8 -l8
[21.743s] Invoking command in '/home/eating/work/build/linear_move': CMAKE_PREFIX_PATH=${CMAKE_PREFIX_PATH}:/home/eating/work/install/pallet_main:/home/eating/work/install/main_control:/home/eating/work/install/gui:/home/eating/work/install/docking_pkg:/opt/ros/humble /usr/bin/cmake --install /home/eating/work/build/linear_move
[21.753s] -- Install configuration: ""
[21.753s] -- Installing: /home/eating/work/install/linear_move/lib/linear_move/slide
[21.757s] -- Set runtime path of "/home/eating/work/install/linear_move/lib/linear_move/slide" to ""
[21.758s] -- Installing: /home/eating/work/install/linear_move/share/ament_index/resource_index/package_run_dependencies/linear_move
[21.758s] -- Installing: /home/eating/work/install/linear_move/share/ament_index/resource_index/parent_prefix_path/linear_move
[21.758s] -- Installing: /home/eating/work/install/linear_move/share/linear_move/environment/ament_prefix_path.sh
[21.758s] -- Installing: /home/eating/work/install/linear_move/share/linear_move/environment/ament_prefix_path.dsv
[21.758s] -- Installing: /home/eating/work/install/linear_move/share/linear_move/environment/path.sh
[21.759s] -- Installing: /home/eating/work/install/linear_move/share/linear_move/environment/path.dsv
[21.759s] -- Installing: /home/eating/work/install/linear_move/share/linear_move/local_setup.bash
[21.759s] -- Installing: /home/eating/work/install/linear_move/share/linear_move/local_setup.sh
[21.759s] -- Installing: /home/eating/work/install/linear_move/share/linear_move/local_setup.zsh
[21.759s] -- Installing: /home/eating/work/install/linear_move/share/linear_move/local_setup.dsv
[21.759s] -- Installing: /home/eating/work/install/linear_move/share/linear_move/package.dsv
[21.760s] -- Installing: /home/eating/work/install/linear_move/share/ament_index/resource_index/packages/linear_move
[21.760s] -- Installing: /home/eating/work/install/linear_move/share/linear_move/cmake/linear_moveConfig.cmake
[21.760s] -- Installing: /home/eating/work/install/linear_move/share/linear_move/cmake/linear_moveConfig-version.cmake
[21.760s] -- Installing: /home/eating/work/install/linear_move/share/linear_move/package.xml
[21.764s] Invoked command in '/home/eating/work/build/linear_move' returned '0': CMAKE_PREFIX_PATH=${CMAKE_PREFIX_PATH}:/home/eating/work/install/pallet_main:/home/eating/work/install/main_control:/home/eating/work/install/gui:/home/eating/work/install/docking_pkg:/opt/ros/humble /usr/bin/cmake --install /home/eating/work/build/linear_move
