[0.013s] Invoking command in '/home/eating/work/build/timda_body_description': CMAKE_PREFIX_PATH=/opt/ros/humble /usr/bin/cmake /home/eating/work/src/timda_sim/timda_body_description -DCMAKE_INSTALL_PREFIX=/home/eating/work/install/timda_body_description
[0.097s] -- The C compiler identification is GNU 11.4.0
[0.190s] -- The CXX compiler identification is GNU 11.4.0
[0.200s] -- Detecting C compiler ABI info
[0.301s] -- Detecting C compiler ABI info - done
[0.314s] -- Check for working C compiler: /usr/bin/cc - skipped
[0.315s] -- Detecting C compile features
[0.316s] -- Detecting C compile features - done
[0.322s] -- Detecting CXX compiler ABI info
[0.433s] -- Detecting CXX compiler ABI info - done
[0.444s] -- Check for working CXX compiler: /usr/bin/c++ - skipped
[0.444s] -- Detecting CXX compile features
[0.445s] -- Detecting CXX compile features - done
[0.449s] -- Found ament_cmake: 1.3.11 (/opt/ros/humble/share/ament_cmake/cmake)
[0.616s] -- Found Python3: /usr/bin/python3 (found version "3.10.12") found components: Interpreter 
[0.746s] -- Found ament_lint_auto: 0.12.12 (/opt/ros/humble/share/ament_lint_auto/cmake)
[0.857s] -- Added test 'lint_cmake' to check CMake code style
[0.861s] -- Added test 'xmllint' to check XML markup files
[0.863s] -- Configuring done
[0.868s] -- Generating done
[0.871s] -- Build files have been written to: /home/eating/work/build/timda_body_description
[0.952s] Invoked command in '/home/eating/work/build/timda_body_description' returned '0': CMAKE_PREFIX_PATH=/opt/ros/humble /usr/bin/cmake /home/eating/work/src/timda_sim/timda_body_description -DCMAKE_INSTALL_PREFIX=/home/eating/work/install/timda_body_description
[0.954s] Invoking command in '/home/eating/work/build/timda_body_description': CMAKE_PREFIX_PATH=/opt/ros/humble /usr/bin/cmake --build /home/eating/work/build/timda_body_description -- -j8 -l8
[2.696s] Invoked command in '/home/eating/work/build/timda_body_description' returned '0': CMAKE_PREFIX_PATH=/opt/ros/humble /usr/bin/cmake --build /home/eating/work/build/timda_body_description -- -j8 -l8
[2.718s] Invoking command in '/home/eating/work/build/timda_body_description': CMAKE_PREFIX_PATH=/opt/ros/humble /usr/bin/cmake --install /home/eating/work/build/timda_body_description
[2.786s] -- Install configuration: ""
[2.787s] -- Installing: /home/eating/work/install/timda_body_description/share/timda_body_description/config
[2.787s] -- Installing: /home/eating/work/install/timda_body_description/share/timda_body_description/config/joint_names_timda_body.yaml
[2.787s] -- Installing: /home/eating/work/install/timda_body_description/share/timda_body_description/meshes
[2.787s] -- Installing: /home/eating/work/install/timda_body_description/share/timda_body_description/meshes/slide_left.STL
[2.787s] -- Installing: /home/eating/work/install/timda_body_description/share/timda_body_description/meshes/base_link.STL
[2.787s] -- Installing: /home/eating/work/install/timda_body_description/share/timda_body_description/meshes/slide_right.STL
[2.787s] -- Installing: /home/eating/work/install/timda_body_description/share/timda_body_description/urdf
[2.787s] -- Installing: /home/eating/work/install/timda_body_description/share/timda_body_description/urdf/timda_body.xacro
[2.787s] -- Installing: /home/eating/work/install/timda_body_description/share/timda_body_description/urdf/timda_body.gazebo.xacro
[2.788s] -- Installing: /home/eating/work/install/timda_body_description/share/ament_index/resource_index/package_run_dependencies/timda_body_description
[2.788s] -- Installing: /home/eating/work/install/timda_body_description/share/ament_index/resource_index/parent_prefix_path/timda_body_description
[2.788s] -- Installing: /home/eating/work/install/timda_body_description/share/timda_body_description/environment/ament_prefix_path.sh
[2.788s] -- Installing: /home/eating/work/install/timda_body_description/share/timda_body_description/environment/ament_prefix_path.dsv
[2.788s] -- Installing: /home/eating/work/install/timda_body_description/share/timda_body_description/environment/path.sh
[2.788s] -- Installing: /home/eating/work/install/timda_body_description/share/timda_body_description/environment/path.dsv
[2.788s] -- Installing: /home/eating/work/install/timda_body_description/share/timda_body_description/local_setup.bash
[2.788s] -- Installing: /home/eating/work/install/timda_body_description/share/timda_body_description/local_setup.sh
[2.788s] -- Installing: /home/eating/work/install/timda_body_description/share/timda_body_description/local_setup.zsh
[2.789s] -- Installing: /home/eating/work/install/timda_body_description/share/timda_body_description/local_setup.dsv
[2.789s] -- Installing: /home/eating/work/install/timda_body_description/share/timda_body_description/package.dsv
[2.789s] -- Installing: /home/eating/work/install/timda_body_description/share/ament_index/resource_index/packages/timda_body_description
[2.789s] -- Installing: /home/eating/work/install/timda_body_description/share/timda_body_description/cmake/timda_body_descriptionConfig.cmake
[2.789s] -- Installing: /home/eating/work/install/timda_body_description/share/timda_body_description/cmake/timda_body_descriptionConfig-version.cmake
[2.789s] -- Installing: /home/eating/work/install/timda_body_description/share/timda_body_description/package.xml
[2.844s] Invoked command in '/home/eating/work/build/timda_body_description' returned '0': CMAKE_PREFIX_PATH=/opt/ros/humble /usr/bin/cmake --install /home/eating/work/build/timda_body_description
