[0.731s] Invoking command in '/home/fxck/work/build/robot_arm_description': CMAKE_PREFIX_PATH=/opt/ros/humble /usr/bin/cmake /home/fxck/work/src/timda_sim/robot_arm_description -DCMAKE_INSTALL_PREFIX=/home/fxck/work/install/robot_arm_description
[1.027s] -- The C compiler identification is GNU 11.4.0
[1.027s] -- The CXX compiler identification is GNU 11.4.0
[1.027s] -- Detecting C compiler ABI info
[1.027s] -- Detecting C compiler ABI info - done
[1.028s] -- Check for working C compiler: /usr/bin/cc - skipped
[1.028s] -- Detecting C compile features
[1.028s] -- Detecting C compile features - done
[1.028s] -- Detecting CXX compiler ABI info
[1.045s] -- Detecting CXX compiler ABI info - done
[1.054s] -- Check for working CXX compiler: /usr/bin/c++ - skipped
[1.055s] -- Detecting CXX compile features
[1.055s] -- Detecting CXX compile features - done
[1.059s] -- Found ament_cmake: 1.3.11 (/opt/ros/humble/share/ament_cmake/cmake)
[1.248s] -- Found Python3: /usr/bin/python3 (found version "3.10.12") found components: Interpreter 
[1.354s] -- Found ament_lint_auto: 0.12.12 (/opt/ros/humble/share/ament_lint_auto/cmake)
[1.477s] -- Added test 'lint_cmake' to check CMake code style
[1.477s] -- Added test 'xmllint' to check XML markup files
[1.477s] -- Configuring done
[1.479s] -- Generating done
[1.481s] -- Build files have been written to: /home/fxck/work/build/robot_arm_description
[1.487s] Invoked command in '/home/fxck/work/build/robot_arm_description' returned '0': CMAKE_PREFIX_PATH=/opt/ros/humble /usr/bin/cmake /home/fxck/work/src/timda_sim/robot_arm_description -DCMAKE_INSTALL_PREFIX=/home/fxck/work/install/robot_arm_description
[1.490s] Invoking command in '/home/fxck/work/build/robot_arm_description': CMAKE_PREFIX_PATH=/opt/ros/humble /usr/bin/cmake --build /home/fxck/work/build/robot_arm_description -- -j16 -l16
[1.860s] Invoked command in '/home/fxck/work/build/robot_arm_description' returned '0': CMAKE_PREFIX_PATH=/opt/ros/humble /usr/bin/cmake --build /home/fxck/work/build/robot_arm_description -- -j16 -l16
[1.861s] Invoking command in '/home/fxck/work/build/robot_arm_description': CMAKE_PREFIX_PATH=/opt/ros/humble /usr/bin/cmake --install /home/fxck/work/build/robot_arm_description
[1.920s] -- Install configuration: ""
[1.920s] -- Installing: /home/fxck/work/install/robot_arm_description/share/robot_arm_description/meshes
[1.920s] -- Installing: /home/fxck/work/install/robot_arm_description/share/robot_arm_description/meshes/Link_5.STL
[1.920s] -- Installing: /home/fxck/work/install/robot_arm_description/share/robot_arm_description/meshes/Link_6.STL
[1.921s] -- Installing: /home/fxck/work/install/robot_arm_description/share/robot_arm_description/meshes/Link_3.STL
[1.923s] -- Installing: /home/fxck/work/install/robot_arm_description/share/robot_arm_description/meshes/Base.STL
[1.923s] -- Installing: /home/fxck/work/install/robot_arm_description/share/robot_arm_description/meshes/Link_2.STL
[1.923s] -- Installing: /home/fxck/work/install/robot_arm_description/share/robot_arm_description/meshes/Link_7.STL
[1.924s] -- Installing: /home/fxck/work/install/robot_arm_description/share/robot_arm_description/meshes/Link_1.STL
[1.924s] -- Installing: /home/fxck/work/install/robot_arm_description/share/robot_arm_description/meshes/Link_8.STL
[1.924s] -- Installing: /home/fxck/work/install/robot_arm_description/share/robot_arm_description/meshes/Link_4.STL
[1.924s] -- Installing: /home/fxck/work/install/robot_arm_description/share/robot_arm_description/urdf
[1.924s] -- Installing: /home/fxck/work/install/robot_arm_description/share/robot_arm_description/urdf/materials.xacro
[1.924s] -- Installing: /home/fxck/work/install/robot_arm_description/share/robot_arm_description/urdf/single_arm.transmission.xacro
[1.924s] -- Installing: /home/fxck/work/install/robot_arm_description/share/robot_arm_description/urdf/single_arm.gazebo.xacro
[1.924s] -- Installing: /home/fxck/work/install/robot_arm_description/share/robot_arm_description/urdf/single_arm.xacro
[1.924s] -- Installing: /home/fxck/work/install/robot_arm_description/share/ament_index/resource_index/package_run_dependencies/robot_arm_description
[1.924s] -- Installing: /home/fxck/work/install/robot_arm_description/share/ament_index/resource_index/parent_prefix_path/robot_arm_description
[1.925s] -- Installing: /home/fxck/work/install/robot_arm_description/share/robot_arm_description/environment/ament_prefix_path.sh
[1.925s] -- Installing: /home/fxck/work/install/robot_arm_description/share/robot_arm_description/environment/ament_prefix_path.dsv
[1.925s] -- Installing: /home/fxck/work/install/robot_arm_description/share/robot_arm_description/environment/path.sh
[1.925s] -- Installing: /home/fxck/work/install/robot_arm_description/share/robot_arm_description/environment/path.dsv
[1.925s] -- Installing: /home/fxck/work/install/robot_arm_description/share/robot_arm_description/local_setup.bash
[1.925s] -- Installing: /home/fxck/work/install/robot_arm_description/share/robot_arm_description/local_setup.sh
[1.925s] -- Installing: /home/fxck/work/install/robot_arm_description/share/robot_arm_description/local_setup.zsh
[1.925s] -- Installing: /home/fxck/work/install/robot_arm_description/share/robot_arm_description/local_setup.dsv
[1.925s] -- Installing: /home/fxck/work/install/robot_arm_description/share/robot_arm_description/package.dsv
[1.925s] -- Installing: /home/fxck/work/install/robot_arm_description/share/ament_index/resource_index/packages/robot_arm_description
[1.925s] -- Installing: /home/fxck/work/install/robot_arm_description/share/robot_arm_description/cmake/robot_arm_descriptionConfig.cmake
[1.925s] -- Installing: /home/fxck/work/install/robot_arm_description/share/robot_arm_description/cmake/robot_arm_descriptionConfig-version.cmake
[1.925s] -- Installing: /home/fxck/work/install/robot_arm_description/share/robot_arm_description/package.xml
[1.926s] Invoked command in '/home/fxck/work/build/robot_arm_description' returned '0': CMAKE_PREFIX_PATH=/opt/ros/humble /usr/bin/cmake --install /home/fxck/work/build/robot_arm_description
