[0.277s] Invoking command in '/home/eating/work/build/ira_laser_tools': CMAKE_PREFIX_PATH=/opt/ros/humble /usr/bin/cmake /home/eating/work/src/ira_laser_tools -DCMAKE_INSTALL_PREFIX=/home/eating/work/install/ira_laser_tools
[0.345s] -- The C compiler identification is GNU 11.4.0
[0.437s] -- The CXX compiler identification is GNU 11.4.0
[0.448s] -- Detecting C compiler ABI info
[0.544s] -- Detecting C compiler ABI info - done
[0.552s] -- Check for working C compiler: /usr/bin/cc - skipped
[0.553s] -- Detecting C compile features
[0.553s] -- Detecting C compile features - done
[0.559s] -- Detecting CXX compiler ABI info
[0.681s] -- Detecting CXX compiler ABI info - done
[0.695s] -- Check for working CXX compiler: /usr/bin/c++ - skipped
[0.695s] -- Detecting CXX compile features
[0.696s] -- Detecting CXX compile features - done
[0.700s] -- Found ament_cmake: 1.3.11 (/opt/ros/humble/share/ament_cmake/cmake)
[0.916s] -- Found Python3: /usr/bin/python3 (found version "3.10.12") found components: Interpreter 
[1.050s] -- Found rclcpp: 16.0.12 (/opt/ros/humble/share/rclcpp/cmake)
[1.109s] -- Found rosidl_generator_c: 3.1.6 (/opt/ros/humble/share/rosidl_generator_c/cmake)
[1.117s] -- Found rosidl_adapter: 3.1.6 (/opt/ros/humble/share/rosidl_adapter/cmake)
[1.131s] -- Found rosidl_generator_cpp: 3.1.6 (/opt/ros/humble/share/rosidl_generator_cpp/cmake)
[1.151s] -- Using all available rosidl_typesupport_c: rosidl_typesupport_fastrtps_c;rosidl_typesupport_introspection_c
[1.179s] -- Using all available rosidl_typesupport_cpp: rosidl_typesupport_fastrtps_cpp;rosidl_typesupport_introspection_cpp
[1.253s] -- Found rmw_implementation_cmake: 6.1.2 (/opt/ros/humble/share/rmw_implementation_cmake/cmake)
[1.257s] -- Found rmw_cyclonedds_cpp: 1.3.4 (/opt/ros/humble/share/rmw_cyclonedds_cpp/cmake)
[1.292s] -- Using RMW implementation 'rmw_cyclonedds_cpp' as default
[1.305s] -- Looking for pthread.h
[1.405s] -- Looking for pthread.h - found
[1.405s] -- Performing Test CMAKE_HAVE_LIBC_PTHREAD
[1.491s] -- Performing Test CMAKE_HAVE_LIBC_PTHREAD - Success
[1.493s] -- Found Threads: TRUE  
[1.577s] -- Found rclcpp_action: 16.0.12 (/opt/ros/humble/share/rclcpp_action/cmake)
[1.646s] -- Found rclcpp_lifecycle: 16.0.12 (/opt/ros/humble/share/rclcpp_lifecycle/cmake)
[1.682s] -- Found geometry_msgs: 4.8.0 (/opt/ros/humble/share/geometry_msgs/cmake)
[1.705s] -- Found sensor_msgs: 4.8.0 (/opt/ros/humble/share/sensor_msgs/cmake)
[1.741s] -- Found laser_geometry: 2.4.0 (/opt/ros/humble/share/laser_geometry/cmake)
[1.788s] -- Found tf2_ros: 0.25.12 (/opt/ros/humble/share/tf2_ros/cmake)
[1.875s] -- Found pcl_ros: 2.4.5 (/opt/ros/humble/share/pcl_ros/cmake)
[1.951s] -- Checking for module 'eigen3'
[1.975s] --   Found eigen3, version 3.4.0
[2.015s] -- Found Eigen: /usr/include/eigen3 (Required is at least version "3.1") 
[2.015s] -- Eigen found (include: /usr/include/eigen3, version: 3.4.0)
[2.079s] -- Checking for module 'flann'
[2.097s] --   Found flann, version 1.9.1
[2.188s] -- Found FLANN: /usr/lib/x86_64-linux-gnu/libflann_cpp.so  
[2.188s] -- FLANN found (include: /usr/include, lib: /usr/lib/x86_64-linux-gnu/libflann_cpp.so)
[6.329s] -- Checking for module 'libusb-1.0'
[6.443s] --   Found libusb-1.0, version 1.0.25
[6.634s] -- Found libusb: /usr/lib/x86_64-linux-gnu/libusb-1.0.so  
[6.636s] -- OpenNI found (version: 1.5.4.0, include: /usr/include/ni, lib: /usr/lib/libOpenNI.so;libusb::libusb)
[6.727s] -- OpenNI2 found (version: 2.2.0.33, include: /usr/include/openni2, lib: /usr/lib/x86_64-linux-gnu/libOpenNI2.so;libusb::libusb)
[6.987s] -- Eigen found (include: /usr/include/eigen3, version: 3.4.0)
[6.996s] -- OpenNI found (version: 1.5.4.0, include: /usr/include/ni, lib: /usr/lib/libOpenNI.so;libusb::libusb)
[7.005s] -- OpenNI2 found (version: 2.2.0.33, include: /usr/include/openni2, lib: /usr/lib/x86_64-linux-gnu/libOpenNI2.so;libusb::libusb)
[7.246s] -- Found Qhull version 8.0.2
[7.489s] -- OpenNI found (version: 1.5.4.0, include: /usr/include/ni, lib: /usr/lib/libOpenNI.so;libusb::libusb)
[7.702s] -- Found PCL_COMMON: /usr/lib/x86_64-linux-gnu/libpcl_common.so  
[7.704s] -- Found PCL_KDTREE: /usr/lib/x86_64-linux-gnu/libpcl_kdtree.so  
[7.706s] -- Found PCL_OCTREE: /usr/lib/x86_64-linux-gnu/libpcl_octree.so  
[7.708s] -- Found PCL_SEARCH: /usr/lib/x86_64-linux-gnu/libpcl_search.so  
[7.709s] -- Found PCL_SAMPLE_CONSENSUS: /usr/lib/x86_64-linux-gnu/libpcl_sample_consensus.so  
[7.711s] -- Found PCL_FILTERS: /usr/lib/x86_64-linux-gnu/libpcl_filters.so  
[7.712s] -- Found PCL_2D: /usr/include/pcl-1.12  
[7.714s] -- Found PCL_GEOMETRY: /usr/include/pcl-1.12  
[7.716s] -- Found PCL_IO: /usr/lib/x86_64-linux-gnu/libpcl_io.so  
[7.718s] -- Found PCL_FEATURES: /usr/lib/x86_64-linux-gnu/libpcl_features.so  
[7.721s] -- Found PCL_ML: /usr/lib/x86_64-linux-gnu/libpcl_ml.so  
[7.723s] -- Found PCL_SEGMENTATION: /usr/lib/x86_64-linux-gnu/libpcl_segmentation.so  
[7.727s] -- Found PCL_VISUALIZATION: /usr/lib/x86_64-linux-gnu/libpcl_visualization.so  
[7.733s] -- Found PCL_SURFACE: /usr/lib/x86_64-linux-gnu/libpcl_surface.so  
[7.737s] -- Found PCL_REGISTRATION: /usr/lib/x86_64-linux-gnu/libpcl_registration.so  
[7.740s] -- Found PCL_KEYPOINTS: /usr/lib/x86_64-linux-gnu/libpcl_keypoints.so  
[7.743s] -- Found PCL_TRACKING: /usr/lib/x86_64-linux-gnu/libpcl_tracking.so  
[7.746s] -- Found PCL_RECOGNITION: /usr/lib/x86_64-linux-gnu/libpcl_recognition.so  
[7.749s] -- Found PCL_STEREO: /usr/lib/x86_64-linux-gnu/libpcl_stereo.so  
[7.752s] -- Found PCL_APPS: /usr/lib/x86_64-linux-gnu/libpcl_apps.so  
[7.754s] -- Found PCL_IN_HAND_SCANNER: /usr/include/pcl-1.12  
[7.755s] -- Found PCL_MODELER: /usr/include/pcl-1.12  
[7.756s] -- Found PCL_POINT_CLOUD_EDITOR: /usr/include/pcl-1.12  
[7.759s] -- Found PCL_OUTOFCORE: /usr/lib/x86_64-linux-gnu/libpcl_outofcore.so  
[7.761s] -- Found PCL_PEOPLE: /usr/lib/x86_64-linux-gnu/libpcl_people.so  
[7.790s] -- Found Eigen3: TRUE (found version "3.4.0") 
[7.791s] -- Ensuring Eigen3 include directory is part of orocos-kdl CMake target
[7.798s] [33mCMake Warning (dev) at CMakeLists.txt:27 (find_package):
[7.798s]   Policy CMP0074 is not set: find_package uses <PackageName>_ROOT variables.
[7.798s]   Run "cmake --help-policy CMP0074" for policy details.  Use the cmake_policy
[7.798s]   command to set the policy and suppress this warning.
[7.799s] 
[7.799s]   CMake variable PCL_ROOT is set to:
[7.799s] 
[7.799s]     /usr
[7.799s] 
[7.799s]   For compatibility, CMake is ignoring the variable.
[7.799s] This warning is for project developers.  Use -Wno-dev to suppress it.
[7.799s] [0m
[8.104s] -- Configuring done
[8.287s] -- Generating done
[8.323s] -- Build files have been written to: /home/eating/work/build/ira_laser_tools
[8.371s] Invoked command in '/home/eating/work/build/ira_laser_tools' returned '0': CMAKE_PREFIX_PATH=/opt/ros/humble /usr/bin/cmake /home/eating/work/src/ira_laser_tools -DCMAKE_INSTALL_PREFIX=/home/eating/work/install/ira_laser_tools
[8.390s] Invoking command in '/home/eating/work/build/ira_laser_tools': CMAKE_PREFIX_PATH=/opt/ros/humble /usr/bin/cmake --build /home/eating/work/build/ira_laser_tools -- -j8 -l8
[8.471s] [ 25%] [32mBuilding CXX object CMakeFiles/laserscan_multi_merger.dir/src/laserscan_multi_merger.cpp.o[0m
[8.471s] [ 50%] [32mBuilding CXX object CMakeFiles/laserscan_virtualizer.dir/src/laserscan_virtualizer.cpp.o[0m
[25.426s] [ 75%] [32m[1mLinking CXX executable laserscan_virtualizer[0m
[25.775s] [100%] [32m[1mLinking CXX executable laserscan_multi_merger[0m
[26.503s] [100%] Built target laserscan_virtualizer
[26.704s] [100%] Built target laserscan_multi_merger
[26.713s] Invoked command in '/home/eating/work/build/ira_laser_tools' returned '0': CMAKE_PREFIX_PATH=/opt/ros/humble /usr/bin/cmake --build /home/eating/work/build/ira_laser_tools -- -j8 -l8
[26.714s] Invoking command in '/home/eating/work/build/ira_laser_tools': CMAKE_PREFIX_PATH=/opt/ros/humble /usr/bin/cmake --install /home/eating/work/build/ira_laser_tools
[26.723s] -- Install configuration: ""
[26.723s] -- Installing: /home/eating/work/install/ira_laser_tools/lib/ira_laser_tools/laserscan_multi_merger
[26.727s] -- Set runtime path of "/home/eating/work/install/ira_laser_tools/lib/ira_laser_tools/laserscan_multi_merger" to ""
[26.727s] -- Installing: /home/eating/work/install/ira_laser_tools/lib/ira_laser_tools/laserscan_virtualizer
[26.731s] -- Set runtime path of "/home/eating/work/install/ira_laser_tools/lib/ira_laser_tools/laserscan_virtualizer" to ""
[26.731s] -- Installing: /home/eating/work/install/ira_laser_tools/share/ira_laser_tools/launch
[26.731s] -- Installing: /home/eating/work/install/ira_laser_tools/share/ira_laser_tools/launch/laserscan_multi_merger.launch
[26.731s] -- Installing: /home/eating/work/install/ira_laser_tools/share/ira_laser_tools/launch/laserscan_virtualizer.launch
[26.731s] -- Installing: /home/eating/work/install/ira_laser_tools/share/ament_index/resource_index/package_run_dependencies/ira_laser_tools
[26.731s] -- Installing: /home/eating/work/install/ira_laser_tools/share/ament_index/resource_index/parent_prefix_path/ira_laser_tools
[26.731s] -- Installing: /home/eating/work/install/ira_laser_tools/share/ira_laser_tools/environment/ament_prefix_path.sh
[26.732s] -- Installing: /home/eating/work/install/ira_laser_tools/share/ira_laser_tools/environment/ament_prefix_path.dsv
[26.732s] -- Installing: /home/eating/work/install/ira_laser_tools/share/ira_laser_tools/environment/path.sh
[26.732s] -- Installing: /home/eating/work/install/ira_laser_tools/share/ira_laser_tools/environment/path.dsv
[26.732s] -- Installing: /home/eating/work/install/ira_laser_tools/share/ira_laser_tools/local_setup.bash
[26.732s] -- Installing: /home/eating/work/install/ira_laser_tools/share/ira_laser_tools/local_setup.sh
[26.732s] -- Installing: /home/eating/work/install/ira_laser_tools/share/ira_laser_tools/local_setup.zsh
[26.732s] -- Installing: /home/eating/work/install/ira_laser_tools/share/ira_laser_tools/local_setup.dsv
[26.732s] -- Installing: /home/eating/work/install/ira_laser_tools/share/ira_laser_tools/package.dsv
[26.733s] -- Installing: /home/eating/work/install/ira_laser_tools/share/ament_index/resource_index/packages/ira_laser_tools
[26.733s] -- Installing: /home/eating/work/install/ira_laser_tools/share/ira_laser_tools/cmake/ament_cmake_export_dependencies-extras.cmake
[26.733s] -- Installing: /home/eating/work/install/ira_laser_tools/share/ira_laser_tools/cmake/ira_laser_toolsConfig.cmake
[26.733s] -- Installing: /home/eating/work/install/ira_laser_tools/share/ira_laser_tools/cmake/ira_laser_toolsConfig-version.cmake
[26.733s] -- Installing: /home/eating/work/install/ira_laser_tools/share/ira_laser_tools/package.xml
[26.735s] Invoked command in '/home/eating/work/build/ira_laser_tools' returned '0': CMAKE_PREFIX_PATH=/opt/ros/humble /usr/bin/cmake --install /home/eating/work/build/ira_laser_tools
