[0.094s] Invoking command in '/home/eating/work/build/pallet_interfaces': CMAKE_PREFIX_PATH=${CMAKE_PREFIX_PATH}:/home/eating/work/install/pallet_main:/home/eating/work/install/main_control:/home/eating/work/install/gui:/home/eating/work/install/docking_pkg:/opt/ros/humble /usr/bin/cmake /home/eating/work/src/pallet/pallet_interfaces -DCMAKE_INSTALL_PREFIX=/home/eating/work/install/pallet_interfaces
[0.347s] -- The C compiler identification is GNU 11.4.0
[0.535s] -- The CXX compiler identification is GNU 11.4.0
[0.558s] -- Detecting C compiler ABI info
[0.915s] -- Detecting C compiler ABI info - done
[0.932s] -- Check for working C compiler: /usr/bin/cc - skipped
[0.933s] -- Detecting C compile features
[0.933s] -- Detecting C compile features - done
[0.940s] -- Detecting CXX compiler ABI info
[1.055s] -- Detecting CXX compiler ABI info - done
[1.077s] -- Check for working CXX compiler: /usr/bin/c++ - skipped
[1.078s] -- Detecting CXX compile features
[1.078s] -- Detecting CXX compile features - done
[1.081s] -- Found ament_cmake: 1.3.11 (/opt/ros/humble/share/ament_cmake/cmake)
[1.411s] -- Found Python3: /usr/bin/python3 (found version "3.10.12") found components: Interpreter 
[1.593s] -- Found geometry_msgs: 4.8.0 (/opt/ros/humble/share/geometry_msgs/cmake)
[1.661s] -- Found rosidl_generator_c: 3.1.6 (/opt/ros/humble/share/rosidl_generator_c/cmake)
[1.671s] -- Found rosidl_adapter: 3.1.6 (/opt/ros/humble/share/rosidl_adapter/cmake)
[1.693s] -- Found rosidl_generator_cpp: 3.1.6 (/opt/ros/humble/share/rosidl_generator_cpp/cmake)
[1.718s] -- Using all available rosidl_typesupport_c: rosidl_typesupport_fastrtps_c;rosidl_typesupport_introspection_c
[1.750s] -- Using all available rosidl_typesupport_cpp: rosidl_typesupport_fastrtps_cpp;rosidl_typesupport_introspection_cpp
[1.835s] -- Found rosidl_default_generators: 1.2.0 (/opt/ros/humble/share/rosidl_default_generators/cmake)
[2.446s] -- Found ament_cmake_ros: 0.10.0 (/opt/ros/humble/share/ament_cmake_ros/cmake)
[3.163s] -- Using all available rosidl_typesupport_c: rosidl_typesupport_fastrtps_c;rosidl_typesupport_introspection_c
[3.437s] -- Using all available rosidl_typesupport_cpp: rosidl_typesupport_fastrtps_cpp;rosidl_typesupport_introspection_cpp
[3.474s] -- Found PythonInterp: /usr/bin/python3 (found suitable version "3.10.12", minimum required is "3.6") 
[3.477s] -- Found python_cmake_module: 0.10.0 (/opt/ros/humble/share/python_cmake_module/cmake)
[3.516s] -- Found PythonLibs: /usr/lib/x86_64-linux-gnu/libpython3.10.so (found suitable version "3.10.12", minimum required is "3.5") 
[3.516s] -- Using PYTHON_EXECUTABLE: /usr/bin/python3
[3.517s] -- Using PYTHON_INCLUDE_DIRS: /usr/include/python3.10
[3.517s] -- Using PYTHON_LIBRARIES: /usr/lib/x86_64-linux-gnu/libpython3.10.so
[3.558s] -- Found PythonExtra: .so  
[3.720s] -- Found ament_lint_auto: 0.12.12 (/opt/ros/humble/share/ament_lint_auto/cmake)
[3.790s] -- Added test 'lint_cmake' to check CMake code style
[3.798s] -- Added test 'xmllint' to check XML markup files
[3.818s] -- Configuring done
[3.906s] -- Generating done
[3.927s] -- Build files have been written to: /home/eating/work/build/pallet_interfaces
[3.947s] Invoked command in '/home/eating/work/build/pallet_interfaces' returned '0': CMAKE_PREFIX_PATH=${CMAKE_PREFIX_PATH}:/home/eating/work/install/pallet_main:/home/eating/work/install/main_control:/home/eating/work/install/gui:/home/eating/work/install/docking_pkg:/opt/ros/humble /usr/bin/cmake /home/eating/work/src/pallet/pallet_interfaces -DCMAKE_INSTALL_PREFIX=/home/eating/work/install/pallet_interfaces
[3.948s] Invoking command in '/home/eating/work/build/pallet_interfaces': CMAKE_PREFIX_PATH=${CMAKE_PREFIX_PATH}:/home/eating/work/install/pallet_main:/home/eating/work/install/main_control:/home/eating/work/install/gui:/home/eating/work/install/docking_pkg:/opt/ros/humble /usr/bin/cmake --build /home/eating/work/build/pallet_interfaces -- -j8 -l8
[5.377s] [  2%] [34m[1mGenerating C code for ROS interfaces[0m
[5.377s] [  2%] Built target ament_cmake_python_copy_pallet_interfaces
[5.377s] [  5%] [34m[1mGenerating C++ code for ROS interfaces[0m
[5.377s] running egg_info
[5.377s] creating pallet_interfaces.egg-info
[5.378s] writing pallet_interfaces.egg-info/PKG-INFO
[5.378s] writing dependency_links to pallet_interfaces.egg-info/dependency_links.txt
[5.378s] writing top-level names to pallet_interfaces.egg-info/top_level.txt
[5.378s] writing manifest file 'pallet_interfaces.egg-info/SOURCES.txt'
[5.378s] reading manifest file 'pallet_interfaces.egg-info/SOURCES.txt'
[5.378s] writing manifest file 'pallet_interfaces.egg-info/SOURCES.txt'
[5.378s] [  5%] Built target ament_cmake_python_build_pallet_interfaces_egg
[5.378s] [  7%] [32mBuilding C object CMakeFiles/pallet_interfaces__rosidl_generator_c.dir/rosidl_generator_c/pallet_interfaces/msg/detail/boxinfo__functions.c.o[0m
[5.378s] [ 10%] [32mBuilding C object CMakeFiles/pallet_interfaces__rosidl_generator_c.dir/rosidl_generator_c/pallet_interfaces/srv/detail/palletstate__functions.c.o[0m
[5.378s] [ 10%] Built target pallet_interfaces__cpp
[5.378s] [ 12%] [34m[1mGenerating C++ type support dispatch for ROS interfaces[0m
[5.379s] [ 15%] [34m[1mGenerating C++ type support for eProsima Fast-RTPS[0m
[5.379s] [ 17%] [34m[1mGenerating C++ introspection for ROS interfaces[0m
[5.379s] [ 20%] [32m[1mLinking C shared library libpallet_interfaces__rosidl_generator_c.so[0m
[5.379s] [ 20%] Built target pallet_interfaces__rosidl_generator_c
[5.379s] [ 23%] [34m[1mGenerating C introspection for ROS interfaces[0m
[5.379s] [ 25%] [34m[1mGenerating C type support dispatch for ROS interfaces[0m
[5.379s] [ 28%] [34m[1mGenerating C type support for eProsima Fast-RTPS[0m
[5.974s] [ 30%] [32mBuilding CXX object CMakeFiles/pallet_interfaces__rosidl_typesupport_cpp.dir/rosidl_typesupport_cpp/pallet_interfaces/msg/boxinfo__type_support.cpp.o[0m
[5.987s] [ 33%] [32mBuilding C object CMakeFiles/pallet_interfaces__rosidl_typesupport_introspection_c.dir/rosidl_typesupport_introspection_c/pallet_interfaces/msg/detail/boxinfo__type_support.c.o[0m
[5.991s] [ 35%] [32mBuilding CXX object CMakeFiles/pallet_interfaces__rosidl_typesupport_cpp.dir/rosidl_typesupport_cpp/pallet_interfaces/srv/palletstate__type_support.cpp.o[0m
[5.994s] [ 38%] [32mBuilding C object CMakeFiles/pallet_interfaces__rosidl_typesupport_introspection_c.dir/rosidl_typesupport_introspection_c/pallet_interfaces/srv/detail/palletstate__type_support.c.o[0m
[6.015s] [ 41%] [32mBuilding CXX object CMakeFiles/pallet_interfaces__rosidl_typesupport_fastrtps_cpp.dir/rosidl_typesupport_fastrtps_cpp/pallet_interfaces/msg/detail/dds_fastrtps/boxinfo__type_support.cpp.o[0m
[6.034s] [ 43%] [32mBuilding CXX object CMakeFiles/pallet_interfaces__rosidl_typesupport_c.dir/rosidl_typesupport_c/pallet_interfaces/msg/boxinfo__type_support.cpp.o[0m
[6.087s] [ 46%] [32mBuilding CXX object CMakeFiles/pallet_interfaces__rosidl_typesupport_fastrtps_cpp.dir/rosidl_typesupport_fastrtps_cpp/pallet_interfaces/srv/detail/dds_fastrtps/palletstate__type_support.cpp.o[0m
[6.110s] [ 48%] [32mBuilding CXX object CMakeFiles/pallet_interfaces__rosidl_typesupport_c.dir/rosidl_typesupport_c/pallet_interfaces/srv/palletstate__type_support.cpp.o[0m
[6.130s] [ 51%] [32mBuilding CXX object CMakeFiles/pallet_interfaces__rosidl_typesupport_introspection_cpp.dir/rosidl_typesupport_introspection_cpp/pallet_interfaces/msg/detail/boxinfo__type_support.cpp.o[0m
[6.144s] [ 53%] [32m[1mLinking C shared library libpallet_interfaces__rosidl_typesupport_introspection_c.so[0m
[6.214s] [ 56%] [32m[1mLinking CXX shared library libpallet_interfaces__rosidl_typesupport_c.so[0m
[6.299s] [ 56%] Built target pallet_interfaces__rosidl_typesupport_introspection_c
[6.341s] [ 58%] [32mBuilding CXX object CMakeFiles/pallet_interfaces__rosidl_typesupport_introspection_cpp.dir/rosidl_typesupport_introspection_cpp/pallet_interfaces/srv/detail/palletstate__type_support.cpp.o[0m
[6.382s] [ 61%] [32mBuilding CXX object CMakeFiles/pallet_interfaces__rosidl_typesupport_fastrtps_c.dir/rosidl_typesupport_fastrtps_c/pallet_interfaces/msg/detail/boxinfo__type_support_c.cpp.o[0m
[6.408s] [ 61%] Built target pallet_interfaces__rosidl_typesupport_c
[6.456s] [ 64%] [32mBuilding CXX object CMakeFiles/pallet_interfaces__rosidl_typesupport_fastrtps_c.dir/rosidl_typesupport_fastrtps_c/pallet_interfaces/srv/detail/palletstate__type_support_c.cpp.o[0m
[6.871s] [ 66%] [32m[1mLinking CXX shared library libpallet_interfaces__rosidl_typesupport_cpp.so[0m
[6.995s] [ 66%] Built target pallet_interfaces__rosidl_typesupport_cpp
[7.099s] [ 69%] [32m[1mLinking CXX shared library libpallet_interfaces__rosidl_typesupport_fastrtps_cpp.so[0m
[7.285s] [ 69%] Built target pallet_interfaces__rosidl_typesupport_fastrtps_cpp
[7.387s] [ 71%] [32m[1mLinking CXX shared library libpallet_interfaces__rosidl_typesupport_fastrtps_c.so[0m
[7.407s] [ 74%] [32m[1mLinking CXX shared library libpallet_interfaces__rosidl_typesupport_introspection_cpp.so[0m
[7.534s] [ 74%] Built target pallet_interfaces__rosidl_typesupport_fastrtps_c
[7.555s] [ 74%] Built target pallet_interfaces__rosidl_typesupport_introspection_cpp
[7.584s] [ 74%] Built target pallet_interfaces
[7.671s] [ 76%] [34m[1mGenerating Python code for ROS interfaces[0m
[8.607s] [ 76%] Built target pallet_interfaces__py
[8.636s] [ 79%] [32mBuilding C object CMakeFiles/pallet_interfaces__rosidl_generator_py.dir/rosidl_generator_py/pallet_interfaces/msg/_boxinfo_s.c.o[0m
[8.673s] [ 82%] [32mBuilding C object CMakeFiles/pallet_interfaces__rosidl_generator_py.dir/rosidl_generator_py/pallet_interfaces/srv/_palletstate_s.c.o[0m
[8.885s] [ 84%] [32m[1mLinking C shared library rosidl_generator_py/pallet_interfaces/libpallet_interfaces__rosidl_generator_py.so[0m
[8.948s] [ 84%] Built target pallet_interfaces__rosidl_generator_py
[8.999s] [ 87%] [32mBuilding C object CMakeFiles/pallet_interfaces__rosidl_typesupport_introspection_c__pyext.dir/rosidl_generator_py/pallet_interfaces/_pallet_interfaces_s.ep.rosidl_typesupport_introspection_c.c.o[0m
[9.013s] [ 89%] [32mBuilding C object CMakeFiles/pallet_interfaces__rosidl_typesupport_c__pyext.dir/rosidl_generator_py/pallet_interfaces/_pallet_interfaces_s.ep.rosidl_typesupport_c.c.o[0m
[9.065s] [ 92%] [32mBuilding C object CMakeFiles/pallet_interfaces__rosidl_typesupport_fastrtps_c__pyext.dir/rosidl_generator_py/pallet_interfaces/_pallet_interfaces_s.ep.rosidl_typesupport_fastrtps_c.c.o[0m
[9.212s] [ 94%] [32m[1mLinking C shared library rosidl_generator_py/pallet_interfaces/pallet_interfaces_s__rosidl_typesupport_introspection_c.cpython-310-x86_64-linux-gnu.so[0m
[9.217s] [ 97%] [32m[1mLinking C shared library rosidl_generator_py/pallet_interfaces/pallet_interfaces_s__rosidl_typesupport_c.cpython-310-x86_64-linux-gnu.so[0m
[9.285s] [100%] [32m[1mLinking C shared library rosidl_generator_py/pallet_interfaces/pallet_interfaces_s__rosidl_typesupport_fastrtps_c.cpython-310-x86_64-linux-gnu.so[0m
[9.305s] [100%] Built target pallet_interfaces__rosidl_typesupport_introspection_c__pyext
[9.307s] [100%] Built target pallet_interfaces__rosidl_typesupport_c__pyext
[9.347s] [100%] Built target pallet_interfaces__rosidl_typesupport_fastrtps_c__pyext
[9.374s] Invoked command in '/home/eating/work/build/pallet_interfaces' returned '0': CMAKE_PREFIX_PATH=${CMAKE_PREFIX_PATH}:/home/eating/work/install/pallet_main:/home/eating/work/install/main_control:/home/eating/work/install/gui:/home/eating/work/install/docking_pkg:/opt/ros/humble /usr/bin/cmake --build /home/eating/work/build/pallet_interfaces -- -j8 -l8
[9.374s] Invoking command in '/home/eating/work/build/pallet_interfaces': CMAKE_PREFIX_PATH=${CMAKE_PREFIX_PATH}:/home/eating/work/install/pallet_main:/home/eating/work/install/main_control:/home/eating/work/install/gui:/home/eating/work/install/docking_pkg:/opt/ros/humble /usr/bin/cmake --install /home/eating/work/build/pallet_interfaces
[9.386s] -- Install configuration: ""
[9.386s] -- Installing: /home/eating/work/install/pallet_interfaces/share/ament_index/resource_index/rosidl_interfaces/pallet_interfaces
[9.386s] -- Installing: /home/eating/work/install/pallet_interfaces/include/pallet_interfaces/pallet_interfaces
[9.386s] -- Installing: /home/eating/work/install/pallet_interfaces/include/pallet_interfaces/pallet_interfaces/msg
[9.386s] -- Installing: /home/eating/work/install/pallet_interfaces/include/pallet_interfaces/pallet_interfaces/msg/rosidl_generator_c__visibility_control.h
[9.387s] -- Installing: /home/eating/work/install/pallet_interfaces/include/pallet_interfaces/pallet_interfaces/msg/detail
[9.387s] -- Installing: /home/eating/work/install/pallet_interfaces/include/pallet_interfaces/pallet_interfaces/msg/detail/boxinfo__functions.h
[9.387s] -- Installing: /home/eating/work/install/pallet_interfaces/include/pallet_interfaces/pallet_interfaces/msg/detail/boxinfo__struct.h
[9.387s] -- Installing: /home/eating/work/install/pallet_interfaces/include/pallet_interfaces/pallet_interfaces/msg/detail/boxinfo__functions.c
[9.387s] -- Installing: /home/eating/work/install/pallet_interfaces/include/pallet_interfaces/pallet_interfaces/msg/detail/boxinfo__type_support.h
[9.387s] -- Installing: /home/eating/work/install/pallet_interfaces/include/pallet_interfaces/pallet_interfaces/msg/boxinfo.h
[9.387s] -- Installing: /home/eating/work/install/pallet_interfaces/include/pallet_interfaces/pallet_interfaces/srv
[9.387s] -- Installing: /home/eating/work/install/pallet_interfaces/include/pallet_interfaces/pallet_interfaces/srv/detail
[9.388s] -- Installing: /home/eating/work/install/pallet_interfaces/include/pallet_interfaces/pallet_interfaces/srv/detail/palletstate__struct.h
[9.388s] -- Installing: /home/eating/work/install/pallet_interfaces/include/pallet_interfaces/pallet_interfaces/srv/detail/palletstate__functions.c
[9.388s] -- Installing: /home/eating/work/install/pallet_interfaces/include/pallet_interfaces/pallet_interfaces/srv/detail/palletstate__functions.h
[9.388s] -- Installing: /home/eating/work/install/pallet_interfaces/include/pallet_interfaces/pallet_interfaces/srv/detail/palletstate__type_support.h
[9.388s] -- Installing: /home/eating/work/install/pallet_interfaces/include/pallet_interfaces/pallet_interfaces/srv/palletstate.h
[9.388s] -- Installing: /home/eating/work/install/pallet_interfaces/share/pallet_interfaces/environment/library_path.sh
[9.388s] -- Installing: /home/eating/work/install/pallet_interfaces/share/pallet_interfaces/environment/library_path.dsv
[9.389s] -- Installing: /home/eating/work/install/pallet_interfaces/lib/libpallet_interfaces__rosidl_generator_c.so
[9.389s] -- Set runtime path of "/home/eating/work/install/pallet_interfaces/lib/libpallet_interfaces__rosidl_generator_c.so" to ""
[9.389s] -- Up-to-date: /home/eating/work/install/pallet_interfaces/include/pallet_interfaces/pallet_interfaces
[9.389s] -- Up-to-date: /home/eating/work/install/pallet_interfaces/include/pallet_interfaces/pallet_interfaces/msg
[9.389s] -- Up-to-date: /home/eating/work/install/pallet_interfaces/include/pallet_interfaces/pallet_interfaces/msg/detail
[9.389s] -- Installing: /home/eating/work/install/pallet_interfaces/include/pallet_interfaces/pallet_interfaces/msg/detail/boxinfo__rosidl_typesupport_fastrtps_c.h
[9.389s] -- Installing: /home/eating/work/install/pallet_interfaces/include/pallet_interfaces/pallet_interfaces/msg/rosidl_typesupport_fastrtps_c__visibility_control.h
[9.390s] -- Up-to-date: /home/eating/work/install/pallet_interfaces/include/pallet_interfaces/pallet_interfaces/srv
[9.390s] -- Up-to-date: /home/eating/work/install/pallet_interfaces/include/pallet_interfaces/pallet_interfaces/srv/detail
[9.390s] -- Installing: /home/eating/work/install/pallet_interfaces/include/pallet_interfaces/pallet_interfaces/srv/detail/palletstate__rosidl_typesupport_fastrtps_c.h
[9.390s] -- Installing: /home/eating/work/install/pallet_interfaces/lib/libpallet_interfaces__rosidl_typesupport_fastrtps_c.so
[9.390s] -- Set runtime path of "/home/eating/work/install/pallet_interfaces/lib/libpallet_interfaces__rosidl_typesupport_fastrtps_c.so" to ""
[9.390s] -- Up-to-date: /home/eating/work/install/pallet_interfaces/include/pallet_interfaces/pallet_interfaces
[9.390s] -- Up-to-date: /home/eating/work/install/pallet_interfaces/include/pallet_interfaces/pallet_interfaces/msg
[9.390s] -- Up-to-date: /home/eating/work/install/pallet_interfaces/include/pallet_interfaces/pallet_interfaces/msg/detail
[9.391s] -- Installing: /home/eating/work/install/pallet_interfaces/include/pallet_interfaces/pallet_interfaces/msg/detail/boxinfo__type_support.hpp
[9.391s] -- Installing: /home/eating/work/install/pallet_interfaces/include/pallet_interfaces/pallet_interfaces/msg/detail/boxinfo__builder.hpp
[9.391s] -- Installing: /home/eating/work/install/pallet_interfaces/include/pallet_interfaces/pallet_interfaces/msg/detail/boxinfo__struct.hpp
[9.391s] -- Installing: /home/eating/work/install/pallet_interfaces/include/pallet_interfaces/pallet_interfaces/msg/detail/boxinfo__traits.hpp
[9.391s] -- Installing: /home/eating/work/install/pallet_interfaces/include/pallet_interfaces/pallet_interfaces/msg/rosidl_generator_cpp__visibility_control.hpp
[9.391s] -- Installing: /home/eating/work/install/pallet_interfaces/include/pallet_interfaces/pallet_interfaces/msg/boxinfo.hpp
[9.391s] -- Up-to-date: /home/eating/work/install/pallet_interfaces/include/pallet_interfaces/pallet_interfaces/srv
[9.392s] -- Up-to-date: /home/eating/work/install/pallet_interfaces/include/pallet_interfaces/pallet_interfaces/srv/detail
[9.392s] -- Installing: /home/eating/work/install/pallet_interfaces/include/pallet_interfaces/pallet_interfaces/srv/detail/palletstate__builder.hpp
[9.392s] -- Installing: /home/eating/work/install/pallet_interfaces/include/pallet_interfaces/pallet_interfaces/srv/detail/palletstate__type_support.hpp
[9.392s] -- Installing: /home/eating/work/install/pallet_interfaces/include/pallet_interfaces/pallet_interfaces/srv/detail/palletstate__struct.hpp
[9.392s] -- Installing: /home/eating/work/install/pallet_interfaces/include/pallet_interfaces/pallet_interfaces/srv/detail/palletstate__traits.hpp
[9.392s] -- Installing: /home/eating/work/install/pallet_interfaces/include/pallet_interfaces/pallet_interfaces/srv/palletstate.hpp
[9.392s] -- Up-to-date: /home/eating/work/install/pallet_interfaces/include/pallet_interfaces/pallet_interfaces
[9.392s] -- Up-to-date: /home/eating/work/install/pallet_interfaces/include/pallet_interfaces/pallet_interfaces/msg
[9.393s] -- Up-to-date: /home/eating/work/install/pallet_interfaces/include/pallet_interfaces/pallet_interfaces/msg/detail
[9.393s] -- Installing: /home/eating/work/install/pallet_interfaces/include/pallet_interfaces/pallet_interfaces/msg/detail/boxinfo__rosidl_typesupport_fastrtps_cpp.hpp
[9.393s] -- Installing: /home/eating/work/install/pallet_interfaces/include/pallet_interfaces/pallet_interfaces/msg/detail/dds_fastrtps
[9.393s] -- Installing: /home/eating/work/install/pallet_interfaces/include/pallet_interfaces/pallet_interfaces/msg/rosidl_typesupport_fastrtps_cpp__visibility_control.h
[9.393s] -- Up-to-date: /home/eating/work/install/pallet_interfaces/include/pallet_interfaces/pallet_interfaces/srv
[9.393s] -- Up-to-date: /home/eating/work/install/pallet_interfaces/include/pallet_interfaces/pallet_interfaces/srv/detail
[9.393s] -- Installing: /home/eating/work/install/pallet_interfaces/include/pallet_interfaces/pallet_interfaces/srv/detail/palletstate__rosidl_typesupport_fastrtps_cpp.hpp
[9.393s] -- Installing: /home/eating/work/install/pallet_interfaces/include/pallet_interfaces/pallet_interfaces/srv/detail/dds_fastrtps
[9.393s] -- Installing: /home/eating/work/install/pallet_interfaces/lib/libpallet_interfaces__rosidl_typesupport_fastrtps_cpp.so
[9.394s] -- Set runtime path of "/home/eating/work/install/pallet_interfaces/lib/libpallet_interfaces__rosidl_typesupport_fastrtps_cpp.so" to ""
[9.394s] -- Up-to-date: /home/eating/work/install/pallet_interfaces/include/pallet_interfaces/pallet_interfaces
[9.394s] -- Up-to-date: /home/eating/work/install/pallet_interfaces/include/pallet_interfaces/pallet_interfaces/msg
[9.394s] -- Installing: /home/eating/work/install/pallet_interfaces/include/pallet_interfaces/pallet_interfaces/msg/rosidl_typesupport_introspection_c__visibility_control.h
[9.394s] -- Up-to-date: /home/eating/work/install/pallet_interfaces/include/pallet_interfaces/pallet_interfaces/msg/detail
[9.394s] -- Installing: /home/eating/work/install/pallet_interfaces/include/pallet_interfaces/pallet_interfaces/msg/detail/boxinfo__rosidl_typesupport_introspection_c.h
[9.394s] -- Installing: /home/eating/work/install/pallet_interfaces/include/pallet_interfaces/pallet_interfaces/msg/detail/boxinfo__type_support.c
[9.395s] -- Up-to-date: /home/eating/work/install/pallet_interfaces/include/pallet_interfaces/pallet_interfaces/srv
[9.395s] -- Up-to-date: /home/eating/work/install/pallet_interfaces/include/pallet_interfaces/pallet_interfaces/srv/detail
[9.395s] -- Installing: /home/eating/work/install/pallet_interfaces/include/pallet_interfaces/pallet_interfaces/srv/detail/palletstate__type_support.c
[9.395s] -- Installing: /home/eating/work/install/pallet_interfaces/include/pallet_interfaces/pallet_interfaces/srv/detail/palletstate__rosidl_typesupport_introspection_c.h
[9.395s] -- Installing: /home/eating/work/install/pallet_interfaces/lib/libpallet_interfaces__rosidl_typesupport_introspection_c.so
[9.395s] -- Set runtime path of "/home/eating/work/install/pallet_interfaces/lib/libpallet_interfaces__rosidl_typesupport_introspection_c.so" to ""
[9.395s] -- Installing: /home/eating/work/install/pallet_interfaces/lib/libpallet_interfaces__rosidl_typesupport_c.so
[9.395s] -- Set runtime path of "/home/eating/work/install/pallet_interfaces/lib/libpallet_interfaces__rosidl_typesupport_c.so" to ""
[9.395s] -- Up-to-date: /home/eating/work/install/pallet_interfaces/include/pallet_interfaces/pallet_interfaces
[9.396s] -- Up-to-date: /home/eating/work/install/pallet_interfaces/include/pallet_interfaces/pallet_interfaces/msg
[9.396s] -- Up-to-date: /home/eating/work/install/pallet_interfaces/include/pallet_interfaces/pallet_interfaces/msg/detail
[9.396s] -- Installing: /home/eating/work/install/pallet_interfaces/include/pallet_interfaces/pallet_interfaces/msg/detail/boxinfo__type_support.cpp
[9.396s] -- Installing: /home/eating/work/install/pallet_interfaces/include/pallet_interfaces/pallet_interfaces/msg/detail/boxinfo__rosidl_typesupport_introspection_cpp.hpp
[9.396s] -- Up-to-date: /home/eating/work/install/pallet_interfaces/include/pallet_interfaces/pallet_interfaces/srv
[9.396s] -- Up-to-date: /home/eating/work/install/pallet_interfaces/include/pallet_interfaces/pallet_interfaces/srv/detail
[9.396s] -- Installing: /home/eating/work/install/pallet_interfaces/include/pallet_interfaces/pallet_interfaces/srv/detail/palletstate__type_support.cpp
[9.396s] -- Installing: /home/eating/work/install/pallet_interfaces/include/pallet_interfaces/pallet_interfaces/srv/detail/palletstate__rosidl_typesupport_introspection_cpp.hpp
[9.396s] -- Installing: /home/eating/work/install/pallet_interfaces/lib/libpallet_interfaces__rosidl_typesupport_introspection_cpp.so
[9.396s] -- Set runtime path of "/home/eating/work/install/pallet_interfaces/lib/libpallet_interfaces__rosidl_typesupport_introspection_cpp.so" to ""
[9.397s] -- Installing: /home/eating/work/install/pallet_interfaces/lib/libpallet_interfaces__rosidl_typesupport_cpp.so
[9.397s] -- Set runtime path of "/home/eating/work/install/pallet_interfaces/lib/libpallet_interfaces__rosidl_typesupport_cpp.so" to ""
[9.397s] -- Installing: /home/eating/work/install/pallet_interfaces/share/pallet_interfaces/environment/pythonpath.sh
[9.397s] -- Installing: /home/eating/work/install/pallet_interfaces/share/pallet_interfaces/environment/pythonpath.dsv
[9.397s] -- Installing: /home/eating/work/install/pallet_interfaces/local/lib/python3.10/dist-packages/pallet_interfaces-0.0.0-py3.10.egg-info
[9.397s] -- Installing: /home/eating/work/install/pallet_interfaces/local/lib/python3.10/dist-packages/pallet_interfaces-0.0.0-py3.10.egg-info/top_level.txt
[9.397s] -- Installing: /home/eating/work/install/pallet_interfaces/local/lib/python3.10/dist-packages/pallet_interfaces-0.0.0-py3.10.egg-info/SOURCES.txt
[9.397s] -- Installing: /home/eating/work/install/pallet_interfaces/local/lib/python3.10/dist-packages/pallet_interfaces-0.0.0-py3.10.egg-info/dependency_links.txt
[9.398s] -- Installing: /home/eating/work/install/pallet_interfaces/local/lib/python3.10/dist-packages/pallet_interfaces-0.0.0-py3.10.egg-info/PKG-INFO
[9.398s] -- Installing: /home/eating/work/install/pallet_interfaces/local/lib/python3.10/dist-packages/pallet_interfaces
[9.398s] -- Installing: /home/eating/work/install/pallet_interfaces/local/lib/python3.10/dist-packages/pallet_interfaces/msg
[9.398s] -- Installing: /home/eating/work/install/pallet_interfaces/local/lib/python3.10/dist-packages/pallet_interfaces/msg/__init__.py
[9.398s] -- Installing: /home/eating/work/install/pallet_interfaces/local/lib/python3.10/dist-packages/pallet_interfaces/msg/_boxinfo.py
[9.398s] -- Installing: /home/eating/work/install/pallet_interfaces/local/lib/python3.10/dist-packages/pallet_interfaces/msg/_boxinfo_s.c
[9.398s] -- Installing: /home/eating/work/install/pallet_interfaces/local/lib/python3.10/dist-packages/pallet_interfaces/__init__.py
[9.398s] -- Installing: /home/eating/work/install/pallet_interfaces/local/lib/python3.10/dist-packages/pallet_interfaces/_pallet_interfaces_s.ep.rosidl_typesupport_c.c
[9.399s] -- Installing: /home/eating/work/install/pallet_interfaces/local/lib/python3.10/dist-packages/pallet_interfaces/libpallet_interfaces__rosidl_generator_py.so
[9.399s] -- Installing: /home/eating/work/install/pallet_interfaces/local/lib/python3.10/dist-packages/pallet_interfaces/pallet_interfaces_s__rosidl_typesupport_fastrtps_c.cpython-310-x86_64-linux-gnu.so
[9.399s] -- Installing: /home/eating/work/install/pallet_interfaces/local/lib/python3.10/dist-packages/pallet_interfaces/pallet_interfaces_s__rosidl_typesupport_introspection_c.cpython-310-x86_64-linux-gnu.so
[9.399s] -- Installing: /home/eating/work/install/pallet_interfaces/local/lib/python3.10/dist-packages/pallet_interfaces/srv
[9.399s] -- Installing: /home/eating/work/install/pallet_interfaces/local/lib/python3.10/dist-packages/pallet_interfaces/srv/__init__.py
[9.399s] -- Installing: /home/eating/work/install/pallet_interfaces/local/lib/python3.10/dist-packages/pallet_interfaces/srv/_palletstate_s.c
[9.399s] -- Installing: /home/eating/work/install/pallet_interfaces/local/lib/python3.10/dist-packages/pallet_interfaces/srv/_palletstate.py
[9.399s] -- Installing: /home/eating/work/install/pallet_interfaces/local/lib/python3.10/dist-packages/pallet_interfaces/_pallet_interfaces_s.ep.rosidl_typesupport_introspection_c.c
[9.399s] -- Installing: /home/eating/work/install/pallet_interfaces/local/lib/python3.10/dist-packages/pallet_interfaces/pallet_interfaces_s__rosidl_typesupport_c.cpython-310-x86_64-linux-gnu.so
[9.399s] -- Installing: /home/eating/work/install/pallet_interfaces/local/lib/python3.10/dist-packages/pallet_interfaces/_pallet_interfaces_s.ep.rosidl_typesupport_fastrtps_c.c
[9.461s] Listing '/home/eating/work/install/pallet_interfaces/local/lib/python3.10/dist-packages/pallet_interfaces'...
[9.461s] Compiling '/home/eating/work/install/pallet_interfaces/local/lib/python3.10/dist-packages/pallet_interfaces/__init__.py'...
[9.461s] Listing '/home/eating/work/install/pallet_interfaces/local/lib/python3.10/dist-packages/pallet_interfaces/msg'...
[9.461s] Compiling '/home/eating/work/install/pallet_interfaces/local/lib/python3.10/dist-packages/pallet_interfaces/msg/__init__.py'...
[9.461s] Compiling '/home/eating/work/install/pallet_interfaces/local/lib/python3.10/dist-packages/pallet_interfaces/msg/_boxinfo.py'...
[9.461s] Listing '/home/eating/work/install/pallet_interfaces/local/lib/python3.10/dist-packages/pallet_interfaces/srv'...
[9.462s] Compiling '/home/eating/work/install/pallet_interfaces/local/lib/python3.10/dist-packages/pallet_interfaces/srv/__init__.py'...
[9.462s] Compiling '/home/eating/work/install/pallet_interfaces/local/lib/python3.10/dist-packages/pallet_interfaces/srv/_palletstate.py'...
[9.467s] -- Installing: /home/eating/work/install/pallet_interfaces/local/lib/python3.10/dist-packages/pallet_interfaces/pallet_interfaces_s__rosidl_typesupport_fastrtps_c.cpython-310-x86_64-linux-gnu.so
[9.467s] -- Set runtime path of "/home/eating/work/install/pallet_interfaces/local/lib/python3.10/dist-packages/pallet_interfaces/pallet_interfaces_s__rosidl_typesupport_fastrtps_c.cpython-310-x86_64-linux-gnu.so" to ""
[9.468s] -- Installing: /home/eating/work/install/pallet_interfaces/local/lib/python3.10/dist-packages/pallet_interfaces/pallet_interfaces_s__rosidl_typesupport_introspection_c.cpython-310-x86_64-linux-gnu.so
[9.468s] -- Set runtime path of "/home/eating/work/install/pallet_interfaces/local/lib/python3.10/dist-packages/pallet_interfaces/pallet_interfaces_s__rosidl_typesupport_introspection_c.cpython-310-x86_64-linux-gnu.so" to ""
[9.468s] -- Installing: /home/eating/work/install/pallet_interfaces/local/lib/python3.10/dist-packages/pallet_interfaces/pallet_interfaces_s__rosidl_typesupport_c.cpython-310-x86_64-linux-gnu.so
[9.469s] -- Set runtime path of "/home/eating/work/install/pallet_interfaces/local/lib/python3.10/dist-packages/pallet_interfaces/pallet_interfaces_s__rosidl_typesupport_c.cpython-310-x86_64-linux-gnu.so" to ""
[9.469s] -- Installing: /home/eating/work/install/pallet_interfaces/lib/libpallet_interfaces__rosidl_generator_py.so
[9.469s] -- Set runtime path of "/home/eating/work/install/pallet_interfaces/lib/libpallet_interfaces__rosidl_generator_py.so" to ""
[9.469s] -- Installing: /home/eating/work/install/pallet_interfaces/share/pallet_interfaces/msg/Boxinfo.idl
[9.470s] -- Installing: /home/eating/work/install/pallet_interfaces/share/pallet_interfaces/srv/Palletstate.idl
[9.470s] -- Installing: /home/eating/work/install/pallet_interfaces/share/pallet_interfaces/msg/Boxinfo.msg
[9.470s] -- Installing: /home/eating/work/install/pallet_interfaces/share/pallet_interfaces/srv/Palletstate.srv
[9.470s] -- Installing: /home/eating/work/install/pallet_interfaces/share/pallet_interfaces/srv/Palletstate_Request.msg
[9.470s] -- Installing: /home/eating/work/install/pallet_interfaces/share/pallet_interfaces/srv/Palletstate_Response.msg
[9.471s] -- Installing: /home/eating/work/install/pallet_interfaces/share/ament_index/resource_index/package_run_dependencies/pallet_interfaces
[9.471s] -- Installing: /home/eating/work/install/pallet_interfaces/share/ament_index/resource_index/parent_prefix_path/pallet_interfaces
[9.471s] -- Installing: /home/eating/work/install/pallet_interfaces/share/pallet_interfaces/environment/ament_prefix_path.sh
[9.471s] -- Installing: /home/eating/work/install/pallet_interfaces/share/pallet_interfaces/environment/ament_prefix_path.dsv
[9.471s] -- Installing: /home/eating/work/install/pallet_interfaces/share/pallet_interfaces/environment/path.sh
[9.472s] -- Installing: /home/eating/work/install/pallet_interfaces/share/pallet_interfaces/environment/path.dsv
[9.472s] -- Installing: /home/eating/work/install/pallet_interfaces/share/pallet_interfaces/local_setup.bash
[9.472s] -- Installing: /home/eating/work/install/pallet_interfaces/share/pallet_interfaces/local_setup.sh
[9.472s] -- Installing: /home/eating/work/install/pallet_interfaces/share/pallet_interfaces/local_setup.zsh
[9.472s] -- Installing: /home/eating/work/install/pallet_interfaces/share/pallet_interfaces/local_setup.dsv
[9.472s] -- Installing: /home/eating/work/install/pallet_interfaces/share/pallet_interfaces/package.dsv
[9.473s] -- Installing: /home/eating/work/install/pallet_interfaces/share/ament_index/resource_index/packages/pallet_interfaces
[9.473s] -- Installing: /home/eating/work/install/pallet_interfaces/share/pallet_interfaces/cmake/export_pallet_interfaces__rosidl_generator_cExport.cmake
[9.473s] -- Installing: /home/eating/work/install/pallet_interfaces/share/pallet_interfaces/cmake/export_pallet_interfaces__rosidl_generator_cExport-noconfig.cmake
[9.473s] -- Installing: /home/eating/work/install/pallet_interfaces/share/pallet_interfaces/cmake/export_pallet_interfaces__rosidl_typesupport_fastrtps_cExport.cmake
[9.473s] -- Installing: /home/eating/work/install/pallet_interfaces/share/pallet_interfaces/cmake/export_pallet_interfaces__rosidl_typesupport_fastrtps_cExport-noconfig.cmake
[9.474s] -- Installing: /home/eating/work/install/pallet_interfaces/share/pallet_interfaces/cmake/export_pallet_interfaces__rosidl_generator_cppExport.cmake
[9.474s] -- Installing: /home/eating/work/install/pallet_interfaces/share/pallet_interfaces/cmake/export_pallet_interfaces__rosidl_typesupport_fastrtps_cppExport.cmake
[9.474s] -- Installing: /home/eating/work/install/pallet_interfaces/share/pallet_interfaces/cmake/export_pallet_interfaces__rosidl_typesupport_fastrtps_cppExport-noconfig.cmake
[9.474s] -- Installing: /home/eating/work/install/pallet_interfaces/share/pallet_interfaces/cmake/pallet_interfaces__rosidl_typesupport_introspection_cExport.cmake
[9.475s] -- Installing: /home/eating/work/install/pallet_interfaces/share/pallet_interfaces/cmake/pallet_interfaces__rosidl_typesupport_introspection_cExport-noconfig.cmake
[9.475s] -- Installing: /home/eating/work/install/pallet_interfaces/share/pallet_interfaces/cmake/pallet_interfaces__rosidl_typesupport_cExport.cmake
[9.475s] -- Installing: /home/eating/work/install/pallet_interfaces/share/pallet_interfaces/cmake/pallet_interfaces__rosidl_typesupport_cExport-noconfig.cmake
[9.475s] -- Installing: /home/eating/work/install/pallet_interfaces/share/pallet_interfaces/cmake/pallet_interfaces__rosidl_typesupport_introspection_cppExport.cmake
[9.475s] -- Installing: /home/eating/work/install/pallet_interfaces/share/pallet_interfaces/cmake/pallet_interfaces__rosidl_typesupport_introspection_cppExport-noconfig.cmake
[9.475s] -- Installing: /home/eating/work/install/pallet_interfaces/share/pallet_interfaces/cmake/pallet_interfaces__rosidl_typesupport_cppExport.cmake
[9.476s] -- Installing: /home/eating/work/install/pallet_interfaces/share/pallet_interfaces/cmake/pallet_interfaces__rosidl_typesupport_cppExport-noconfig.cmake
[9.476s] -- Installing: /home/eating/work/install/pallet_interfaces/share/pallet_interfaces/cmake/export_pallet_interfaces__rosidl_generator_pyExport.cmake
[9.476s] -- Installing: /home/eating/work/install/pallet_interfaces/share/pallet_interfaces/cmake/export_pallet_interfaces__rosidl_generator_pyExport-noconfig.cmake
[9.476s] -- Installing: /home/eating/work/install/pallet_interfaces/share/pallet_interfaces/cmake/rosidl_cmake-extras.cmake
[9.477s] -- Installing: /home/eating/work/install/pallet_interfaces/share/pallet_interfaces/cmake/ament_cmake_export_dependencies-extras.cmake
[9.477s] -- Installing: /home/eating/work/install/pallet_interfaces/share/pallet_interfaces/cmake/ament_cmake_export_include_directories-extras.cmake
[9.477s] -- Installing: /home/eating/work/install/pallet_interfaces/share/pallet_interfaces/cmake/ament_cmake_export_libraries-extras.cmake
[9.477s] -- Installing: /home/eating/work/install/pallet_interfaces/share/pallet_interfaces/cmake/ament_cmake_export_targets-extras.cmake
[9.477s] -- Installing: /home/eating/work/install/pallet_interfaces/share/pallet_interfaces/cmake/rosidl_cmake_export_typesupport_targets-extras.cmake
[9.478s] -- Installing: /home/eating/work/install/pallet_interfaces/share/pallet_interfaces/cmake/rosidl_cmake_export_typesupport_libraries-extras.cmake
[9.478s] -- Installing: /home/eating/work/install/pallet_interfaces/share/pallet_interfaces/cmake/pallet_interfacesConfig.cmake
[9.478s] -- Installing: /home/eating/work/install/pallet_interfaces/share/pallet_interfaces/cmake/pallet_interfacesConfig-version.cmake
[9.478s] -- Installing: /home/eating/work/install/pallet_interfaces/share/pallet_interfaces/package.xml
[9.481s] Invoked command in '/home/eating/work/build/pallet_interfaces' returned '0': CMAKE_PREFIX_PATH=${CMAKE_PREFIX_PATH}:/home/eating/work/install/pallet_main:/home/eating/work/install/main_control:/home/eating/work/install/gui:/home/eating/work/install/docking_pkg:/opt/ros/humble /usr/bin/cmake --install /home/eating/work/build/pallet_interfaces
