[0.073s] Invoking command in '/home/eating/work/build/pallet_interfaces': CMAKE_PREFIX_PATH=${CMAKE_PREFIX_PATH}:/home/eating/work/install/pallet_main:/home/eating/work/install/main_control:/home/eating/work/install/gui:/home/eating/work/install/docking_pkg:/opt/ros/humble /usr/bin/cmake --build /home/eating/work/build/pallet_interfaces -- -j8 -l8
[0.124s] [ 10%] Built target pallet_interfaces__rosidl_generator_c
[0.124s] [ 12%] Built target pallet_interfaces__cpp
[0.125s] [ 12%] Built target ament_cmake_python_copy_pallet_interfaces
[0.141s] [ 23%] Built target pallet_interfaces__rosidl_typesupport_introspection_c
[0.146s] [ 33%] Built target pallet_interfaces__rosidl_typesupport_c
[0.158s] [ 53%] Built target pallet_interfaces__rosidl_typesupport_introspection_cpp
[0.159s] [ 53%] Built target pallet_interfaces__rosidl_typesupport_fastrtps_cpp
[0.161s] [ 64%] Built target pallet_interfaces__rosidl_typesupport_fastrtps_c
[0.165s] [ 74%] Built target pallet_interfaces__rosidl_typesupport_cpp
[0.187s] [ 74%] Built target pallet_interfaces
[0.206s] [ 76%] Built target pallet_interfaces__py
[0.226s] [ 84%] Built target pallet_interfaces__rosidl_generator_py
[0.250s] [ 89%] Built target pallet_interfaces__rosidl_typesupport_introspection_c__pyext
[0.250s] [ 94%] Built target pallet_interfaces__rosidl_typesupport_c__pyext
[0.252s] [100%] Built target pallet_interfaces__rosidl_typesupport_fastrtps_c__pyext
[0.408s] running egg_info
[0.408s] writing pallet_interfaces.egg-info/PKG-INFO
[0.408s] writing dependency_links to pallet_interfaces.egg-info/dependency_links.txt
[0.409s] writing top-level names to pallet_interfaces.egg-info/top_level.txt
[0.411s] reading manifest file 'pallet_interfaces.egg-info/SOURCES.txt'
[0.411s] writing manifest file 'pallet_interfaces.egg-info/SOURCES.txt'
[0.438s] [100%] Built target ament_cmake_python_build_pallet_interfaces_egg
[0.591s] Invoked command in '/home/eating/work/build/pallet_interfaces' returned '0': CMAKE_PREFIX_PATH=${CMAKE_PREFIX_PATH}:/home/eating/work/install/pallet_main:/home/eating/work/install/main_control:/home/eating/work/install/gui:/home/eating/work/install/docking_pkg:/opt/ros/humble /usr/bin/cmake --build /home/eating/work/build/pallet_interfaces -- -j8 -l8
[0.592s] Invoking command in '/home/eating/work/build/pallet_interfaces': CMAKE_PREFIX_PATH=${CMAKE_PREFIX_PATH}:/home/eating/work/install/pallet_main:/home/eating/work/install/main_control:/home/eating/work/install/gui:/home/eating/work/install/docking_pkg:/opt/ros/humble /usr/bin/cmake --install /home/eating/work/build/pallet_interfaces
[0.609s] -- Install configuration: ""
[0.609s] -- Up-to-date: /home/eating/work/install/pallet_interfaces/share/ament_index/resource_index/rosidl_interfaces/pallet_interfaces
[0.610s] -- Up-to-date: /home/eating/work/install/pallet_interfaces/include/pallet_interfaces/pallet_interfaces
[0.610s] -- Up-to-date: /home/eating/work/install/pallet_interfaces/include/pallet_interfaces/pallet_interfaces/msg
[0.611s] -- Up-to-date: /home/eating/work/install/pallet_interfaces/include/pallet_interfaces/pallet_interfaces/msg/rosidl_generator_c__visibility_control.h
[0.611s] -- Up-to-date: /home/eating/work/install/pallet_interfaces/include/pallet_interfaces/pallet_interfaces/msg/detail
[0.611s] -- Up-to-date: /home/eating/work/install/pallet_interfaces/include/pallet_interfaces/pallet_interfaces/msg/detail/boxinfo__functions.h
[0.612s] -- Up-to-date: /home/eating/work/install/pallet_interfaces/include/pallet_interfaces/pallet_interfaces/msg/detail/boxinfo__struct.h
[0.618s] -- Up-to-date: /home/eating/work/install/pallet_interfaces/include/pallet_interfaces/pallet_interfaces/msg/detail/boxinfo__functions.c
[0.619s] -- Up-to-date: /home/eating/work/install/pallet_interfaces/include/pallet_interfaces/pallet_interfaces/msg/detail/boxinfo__type_support.h
[0.619s] -- Up-to-date: /home/eating/work/install/pallet_interfaces/include/pallet_interfaces/pallet_interfaces/msg/boxinfo.h
[0.619s] -- Up-to-date: /home/eating/work/install/pallet_interfaces/include/pallet_interfaces/pallet_interfaces/srv
[0.619s] -- Up-to-date: /home/eating/work/install/pallet_interfaces/include/pallet_interfaces/pallet_interfaces/srv/detail
[0.619s] -- Up-to-date: /home/eating/work/install/pallet_interfaces/include/pallet_interfaces/pallet_interfaces/srv/detail/palletstate__struct.h
[0.620s] -- Up-to-date: /home/eating/work/install/pallet_interfaces/include/pallet_interfaces/pallet_interfaces/srv/detail/palletstate__functions.c
[0.620s] -- Up-to-date: /home/eating/work/install/pallet_interfaces/include/pallet_interfaces/pallet_interfaces/srv/detail/palletstate__functions.h
[0.620s] -- Up-to-date: /home/eating/work/install/pallet_interfaces/include/pallet_interfaces/pallet_interfaces/srv/detail/palletstate__type_support.h
[0.620s] -- Up-to-date: /home/eating/work/install/pallet_interfaces/include/pallet_interfaces/pallet_interfaces/srv/palletstate.h
[0.620s] -- Up-to-date: /home/eating/work/install/pallet_interfaces/share/pallet_interfaces/environment/library_path.sh
[0.621s] -- Up-to-date: /home/eating/work/install/pallet_interfaces/share/pallet_interfaces/environment/library_path.dsv
[0.621s] -- Up-to-date: /home/eating/work/install/pallet_interfaces/lib/libpallet_interfaces__rosidl_generator_c.so
[0.621s] -- Up-to-date: /home/eating/work/install/pallet_interfaces/include/pallet_interfaces/pallet_interfaces
[0.621s] -- Up-to-date: /home/eating/work/install/pallet_interfaces/include/pallet_interfaces/pallet_interfaces/msg
[0.621s] -- Up-to-date: /home/eating/work/install/pallet_interfaces/include/pallet_interfaces/pallet_interfaces/msg/detail
[0.621s] -- Up-to-date: /home/eating/work/install/pallet_interfaces/include/pallet_interfaces/pallet_interfaces/msg/detail/boxinfo__rosidl_typesupport_fastrtps_c.h
[0.621s] -- Up-to-date: /home/eating/work/install/pallet_interfaces/include/pallet_interfaces/pallet_interfaces/msg/rosidl_typesupport_fastrtps_c__visibility_control.h
[0.622s] -- Up-to-date: /home/eating/work/install/pallet_interfaces/include/pallet_interfaces/pallet_interfaces/srv
[0.622s] -- Up-to-date: /home/eating/work/install/pallet_interfaces/include/pallet_interfaces/pallet_interfaces/srv/detail
[0.622s] -- Up-to-date: /home/eating/work/install/pallet_interfaces/include/pallet_interfaces/pallet_interfaces/srv/detail/palletstate__rosidl_typesupport_fastrtps_c.h
[0.623s] -- Up-to-date: /home/eating/work/install/pallet_interfaces/lib/libpallet_interfaces__rosidl_typesupport_fastrtps_c.so
[0.623s] -- Up-to-date: /home/eating/work/install/pallet_interfaces/include/pallet_interfaces/pallet_interfaces
[0.623s] -- Up-to-date: /home/eating/work/install/pallet_interfaces/include/pallet_interfaces/pallet_interfaces/msg
[0.624s] -- Up-to-date: /home/eating/work/install/pallet_interfaces/include/pallet_interfaces/pallet_interfaces/msg/detail
[0.624s] -- Up-to-date: /home/eating/work/install/pallet_interfaces/include/pallet_interfaces/pallet_interfaces/msg/detail/boxinfo__type_support.hpp
[0.624s] -- Up-to-date: /home/eating/work/install/pallet_interfaces/include/pallet_interfaces/pallet_interfaces/msg/detail/boxinfo__builder.hpp
[0.624s] -- Up-to-date: /home/eating/work/install/pallet_interfaces/include/pallet_interfaces/pallet_interfaces/msg/detail/boxinfo__struct.hpp
[0.625s] -- Up-to-date: /home/eating/work/install/pallet_interfaces/include/pallet_interfaces/pallet_interfaces/msg/detail/boxinfo__traits.hpp
[0.625s] -- Up-to-date: /home/eating/work/install/pallet_interfaces/include/pallet_interfaces/pallet_interfaces/msg/rosidl_generator_cpp__visibility_control.hpp
[0.625s] -- Up-to-date: /home/eating/work/install/pallet_interfaces/include/pallet_interfaces/pallet_interfaces/msg/boxinfo.hpp
[0.625s] -- Up-to-date: /home/eating/work/install/pallet_interfaces/include/pallet_interfaces/pallet_interfaces/srv
[0.626s] -- Up-to-date: /home/eating/work/install/pallet_interfaces/include/pallet_interfaces/pallet_interfaces/srv/detail
[0.626s] -- Up-to-date: /home/eating/work/install/pallet_interfaces/include/pallet_interfaces/pallet_interfaces/srv/detail/palletstate__builder.hpp
[0.626s] -- Up-to-date: /home/eating/work/install/pallet_interfaces/include/pallet_interfaces/pallet_interfaces/srv/detail/palletstate__type_support.hpp
[0.628s] -- Up-to-date: /home/eating/work/install/pallet_interfaces/include/pallet_interfaces/pallet_interfaces/srv/detail/palletstate__struct.hpp
[0.628s] -- Up-to-date: /home/eating/work/install/pallet_interfaces/include/pallet_interfaces/pallet_interfaces/srv/detail/palletstate__traits.hpp
[0.629s] -- Up-to-date: /home/eating/work/install/pallet_interfaces/include/pallet_interfaces/pallet_interfaces/srv/palletstate.hpp
[0.629s] -- Up-to-date: /home/eating/work/install/pallet_interfaces/include/pallet_interfaces/pallet_interfaces
[0.629s] -- Up-to-date: /home/eating/work/install/pallet_interfaces/include/pallet_interfaces/pallet_interfaces/msg
[0.630s] -- Up-to-date: /home/eating/work/install/pallet_interfaces/include/pallet_interfaces/pallet_interfaces/msg/detail
[0.630s] -- Up-to-date: /home/eating/work/install/pallet_interfaces/include/pallet_interfaces/pallet_interfaces/msg/detail/boxinfo__rosidl_typesupport_fastrtps_cpp.hpp
[0.630s] -- Up-to-date: /home/eating/work/install/pallet_interfaces/include/pallet_interfaces/pallet_interfaces/msg/detail/dds_fastrtps
[0.630s] -- Up-to-date: /home/eating/work/install/pallet_interfaces/include/pallet_interfaces/pallet_interfaces/msg/rosidl_typesupport_fastrtps_cpp__visibility_control.h
[0.631s] -- Up-to-date: /home/eating/work/install/pallet_interfaces/include/pallet_interfaces/pallet_interfaces/srv
[0.631s] -- Up-to-date: /home/eating/work/install/pallet_interfaces/include/pallet_interfaces/pallet_interfaces/srv/detail
[0.631s] -- Up-to-date: /home/eating/work/install/pallet_interfaces/include/pallet_interfaces/pallet_interfaces/srv/detail/palletstate__rosidl_typesupport_fastrtps_cpp.hpp
[0.632s] -- Up-to-date: /home/eating/work/install/pallet_interfaces/include/pallet_interfaces/pallet_interfaces/srv/detail/dds_fastrtps
[0.632s] -- Up-to-date: /home/eating/work/install/pallet_interfaces/lib/libpallet_interfaces__rosidl_typesupport_fastrtps_cpp.so
[0.632s] -- Up-to-date: /home/eating/work/install/pallet_interfaces/include/pallet_interfaces/pallet_interfaces
[0.633s] -- Up-to-date: /home/eating/work/install/pallet_interfaces/include/pallet_interfaces/pallet_interfaces/msg
[0.633s] -- Up-to-date: /home/eating/work/install/pallet_interfaces/include/pallet_interfaces/pallet_interfaces/msg/rosidl_typesupport_introspection_c__visibility_control.h
[0.633s] -- Up-to-date: /home/eating/work/install/pallet_interfaces/include/pallet_interfaces/pallet_interfaces/msg/detail
[0.634s] -- Up-to-date: /home/eating/work/install/pallet_interfaces/include/pallet_interfaces/pallet_interfaces/msg/detail/boxinfo__rosidl_typesupport_introspection_c.h
[0.634s] -- Up-to-date: /home/eating/work/install/pallet_interfaces/include/pallet_interfaces/pallet_interfaces/msg/detail/boxinfo__type_support.c
[0.634s] -- Up-to-date: /home/eating/work/install/pallet_interfaces/include/pallet_interfaces/pallet_interfaces/srv
[0.635s] -- Up-to-date: /home/eating/work/install/pallet_interfaces/include/pallet_interfaces/pallet_interfaces/srv/detail
[0.637s] -- Up-to-date: /home/eating/work/install/pallet_interfaces/include/pallet_interfaces/pallet_interfaces/srv/detail/palletstate__type_support.c
[0.637s] -- Up-to-date: /home/eating/work/install/pallet_interfaces/include/pallet_interfaces/pallet_interfaces/srv/detail/palletstate__rosidl_typesupport_introspection_c.h
[0.637s] -- Up-to-date: /home/eating/work/install/pallet_interfaces/lib/libpallet_interfaces__rosidl_typesupport_introspection_c.so
[0.637s] -- Up-to-date: /home/eating/work/install/pallet_interfaces/lib/libpallet_interfaces__rosidl_typesupport_c.so
[0.637s] -- Up-to-date: /home/eating/work/install/pallet_interfaces/include/pallet_interfaces/pallet_interfaces
[0.637s] -- Up-to-date: /home/eating/work/install/pallet_interfaces/include/pallet_interfaces/pallet_interfaces/msg
[0.637s] -- Up-to-date: /home/eating/work/install/pallet_interfaces/include/pallet_interfaces/pallet_interfaces/msg/detail
[0.637s] -- Up-to-date: /home/eating/work/install/pallet_interfaces/include/pallet_interfaces/pallet_interfaces/msg/detail/boxinfo__type_support.cpp
[0.637s] -- Up-to-date: /home/eating/work/install/pallet_interfaces/include/pallet_interfaces/pallet_interfaces/msg/detail/boxinfo__rosidl_typesupport_introspection_cpp.hpp
[0.637s] -- Up-to-date: /home/eating/work/install/pallet_interfaces/include/pallet_interfaces/pallet_interfaces/srv
[0.637s] -- Up-to-date: /home/eating/work/install/pallet_interfaces/include/pallet_interfaces/pallet_interfaces/srv/detail
[0.637s] -- Up-to-date: /home/eating/work/install/pallet_interfaces/include/pallet_interfaces/pallet_interfaces/srv/detail/palletstate__type_support.cpp
[0.637s] -- Up-to-date: /home/eating/work/install/pallet_interfaces/include/pallet_interfaces/pallet_interfaces/srv/detail/palletstate__rosidl_typesupport_introspection_cpp.hpp
[0.638s] -- Up-to-date: /home/eating/work/install/pallet_interfaces/lib/libpallet_interfaces__rosidl_typesupport_introspection_cpp.so
[0.638s] -- Up-to-date: /home/eating/work/install/pallet_interfaces/lib/libpallet_interfaces__rosidl_typesupport_cpp.so
[0.638s] -- Up-to-date: /home/eating/work/install/pallet_interfaces/share/pallet_interfaces/environment/pythonpath.sh
[0.638s] -- Up-to-date: /home/eating/work/install/pallet_interfaces/share/pallet_interfaces/environment/pythonpath.dsv
[0.638s] -- Up-to-date: /home/eating/work/install/pallet_interfaces/local/lib/python3.10/dist-packages/pallet_interfaces-0.0.0-py3.10.egg-info
[0.638s] -- Installing: /home/eating/work/install/pallet_interfaces/local/lib/python3.10/dist-packages/pallet_interfaces-0.0.0-py3.10.egg-info/top_level.txt
[0.638s] -- Installing: /home/eating/work/install/pallet_interfaces/local/lib/python3.10/dist-packages/pallet_interfaces-0.0.0-py3.10.egg-info/SOURCES.txt
[0.638s] -- Installing: /home/eating/work/install/pallet_interfaces/local/lib/python3.10/dist-packages/pallet_interfaces-0.0.0-py3.10.egg-info/dependency_links.txt
[0.638s] -- Installing: /home/eating/work/install/pallet_interfaces/local/lib/python3.10/dist-packages/pallet_interfaces-0.0.0-py3.10.egg-info/PKG-INFO
[0.638s] -- Up-to-date: /home/eating/work/install/pallet_interfaces/local/lib/python3.10/dist-packages/pallet_interfaces
[0.638s] -- Up-to-date: /home/eating/work/install/pallet_interfaces/local/lib/python3.10/dist-packages/pallet_interfaces/msg
[0.638s] -- Up-to-date: /home/eating/work/install/pallet_interfaces/local/lib/python3.10/dist-packages/pallet_interfaces/msg/__init__.py
[0.638s] -- Up-to-date: /home/eating/work/install/pallet_interfaces/local/lib/python3.10/dist-packages/pallet_interfaces/msg/_boxinfo.py
[0.638s] -- Up-to-date: /home/eating/work/install/pallet_interfaces/local/lib/python3.10/dist-packages/pallet_interfaces/msg/_boxinfo_s.c
[0.638s] -- Up-to-date: /home/eating/work/install/pallet_interfaces/local/lib/python3.10/dist-packages/pallet_interfaces/__init__.py
[0.638s] -- Up-to-date: /home/eating/work/install/pallet_interfaces/local/lib/python3.10/dist-packages/pallet_interfaces/_pallet_interfaces_s.ep.rosidl_typesupport_c.c
[0.638s] -- Up-to-date: /home/eating/work/install/pallet_interfaces/local/lib/python3.10/dist-packages/pallet_interfaces/libpallet_interfaces__rosidl_generator_py.so
[0.639s] -- Up-to-date: /home/eating/work/install/pallet_interfaces/local/lib/python3.10/dist-packages/pallet_interfaces/pallet_interfaces_s__rosidl_typesupport_fastrtps_c.cpython-310-x86_64-linux-gnu.so
[0.639s] -- Up-to-date: /home/eating/work/install/pallet_interfaces/local/lib/python3.10/dist-packages/pallet_interfaces/pallet_interfaces_s__rosidl_typesupport_introspection_c.cpython-310-x86_64-linux-gnu.so
[0.639s] -- Up-to-date: /home/eating/work/install/pallet_interfaces/local/lib/python3.10/dist-packages/pallet_interfaces/srv
[0.639s] -- Up-to-date: /home/eating/work/install/pallet_interfaces/local/lib/python3.10/dist-packages/pallet_interfaces/srv/__init__.py
[0.639s] -- Up-to-date: /home/eating/work/install/pallet_interfaces/local/lib/python3.10/dist-packages/pallet_interfaces/srv/_palletstate_s.c
[0.639s] -- Up-to-date: /home/eating/work/install/pallet_interfaces/local/lib/python3.10/dist-packages/pallet_interfaces/srv/_palletstate.py
[0.639s] -- Up-to-date: /home/eating/work/install/pallet_interfaces/local/lib/python3.10/dist-packages/pallet_interfaces/_pallet_interfaces_s.ep.rosidl_typesupport_introspection_c.c
[0.639s] -- Up-to-date: /home/eating/work/install/pallet_interfaces/local/lib/python3.10/dist-packages/pallet_interfaces/pallet_interfaces_s__rosidl_typesupport_c.cpython-310-x86_64-linux-gnu.so
[0.639s] -- Up-to-date: /home/eating/work/install/pallet_interfaces/local/lib/python3.10/dist-packages/pallet_interfaces/_pallet_interfaces_s.ep.rosidl_typesupport_fastrtps_c.c
[0.647s] Listing '/home/eating/work/install/pallet_interfaces/local/lib/python3.10/dist-packages/pallet_interfaces'...
[0.647s] Listing '/home/eating/work/install/pallet_interfaces/local/lib/python3.10/dist-packages/pallet_interfaces/msg'...
[0.647s] Listing '/home/eating/work/install/pallet_interfaces/local/lib/python3.10/dist-packages/pallet_interfaces/srv'...
[0.656s] -- Up-to-date: /home/eating/work/install/pallet_interfaces/local/lib/python3.10/dist-packages/pallet_interfaces/pallet_interfaces_s__rosidl_typesupport_fastrtps_c.cpython-310-x86_64-linux-gnu.so
[0.657s] -- Up-to-date: /home/eating/work/install/pallet_interfaces/local/lib/python3.10/dist-packages/pallet_interfaces/pallet_interfaces_s__rosidl_typesupport_introspection_c.cpython-310-x86_64-linux-gnu.so
[0.658s] -- Up-to-date: /home/eating/work/install/pallet_interfaces/local/lib/python3.10/dist-packages/pallet_interfaces/pallet_interfaces_s__rosidl_typesupport_c.cpython-310-x86_64-linux-gnu.so
[0.658s] -- Up-to-date: /home/eating/work/install/pallet_interfaces/lib/libpallet_interfaces__rosidl_generator_py.so
[0.658s] -- Up-to-date: /home/eating/work/install/pallet_interfaces/share/pallet_interfaces/msg/Boxinfo.idl
[0.659s] -- Up-to-date: /home/eating/work/install/pallet_interfaces/share/pallet_interfaces/srv/Palletstate.idl
[0.659s] -- Up-to-date: /home/eating/work/install/pallet_interfaces/share/pallet_interfaces/msg/Boxinfo.msg
[0.659s] -- Up-to-date: /home/eating/work/install/pallet_interfaces/share/pallet_interfaces/srv/Palletstate.srv
[0.659s] -- Up-to-date: /home/eating/work/install/pallet_interfaces/share/pallet_interfaces/srv/Palletstate_Request.msg
[0.660s] -- Up-to-date: /home/eating/work/install/pallet_interfaces/share/pallet_interfaces/srv/Palletstate_Response.msg
[0.660s] -- Up-to-date: /home/eating/work/install/pallet_interfaces/share/ament_index/resource_index/package_run_dependencies/pallet_interfaces
[0.660s] -- Up-to-date: /home/eating/work/install/pallet_interfaces/share/ament_index/resource_index/parent_prefix_path/pallet_interfaces
[0.660s] -- Up-to-date: /home/eating/work/install/pallet_interfaces/share/pallet_interfaces/environment/ament_prefix_path.sh
[0.660s] -- Up-to-date: /home/eating/work/install/pallet_interfaces/share/pallet_interfaces/environment/ament_prefix_path.dsv
[0.660s] -- Up-to-date: /home/eating/work/install/pallet_interfaces/share/pallet_interfaces/environment/path.sh
[0.660s] -- Up-to-date: /home/eating/work/install/pallet_interfaces/share/pallet_interfaces/environment/path.dsv
[0.660s] -- Up-to-date: /home/eating/work/install/pallet_interfaces/share/pallet_interfaces/local_setup.bash
[0.660s] -- Up-to-date: /home/eating/work/install/pallet_interfaces/share/pallet_interfaces/local_setup.sh
[0.660s] -- Up-to-date: /home/eating/work/install/pallet_interfaces/share/pallet_interfaces/local_setup.zsh
[0.661s] -- Up-to-date: /home/eating/work/install/pallet_interfaces/share/pallet_interfaces/local_setup.dsv
[0.661s] -- Installing: /home/eating/work/install/pallet_interfaces/share/pallet_interfaces/package.dsv
[0.661s] -- Up-to-date: /home/eating/work/install/pallet_interfaces/share/ament_index/resource_index/packages/pallet_interfaces
[0.662s] -- Up-to-date: /home/eating/work/install/pallet_interfaces/share/pallet_interfaces/cmake/export_pallet_interfaces__rosidl_generator_cExport.cmake
[0.664s] -- Up-to-date: /home/eating/work/install/pallet_interfaces/share/pallet_interfaces/cmake/export_pallet_interfaces__rosidl_generator_cExport-noconfig.cmake
[0.664s] -- Up-to-date: /home/eating/work/install/pallet_interfaces/share/pallet_interfaces/cmake/export_pallet_interfaces__rosidl_typesupport_fastrtps_cExport.cmake
[0.664s] -- Up-to-date: /home/eating/work/install/pallet_interfaces/share/pallet_interfaces/cmake/export_pallet_interfaces__rosidl_typesupport_fastrtps_cExport-noconfig.cmake
[0.665s] -- Up-to-date: /home/eating/work/install/pallet_interfaces/share/pallet_interfaces/cmake/export_pallet_interfaces__rosidl_generator_cppExport.cmake
[0.665s] -- Up-to-date: /home/eating/work/install/pallet_interfaces/share/pallet_interfaces/cmake/export_pallet_interfaces__rosidl_typesupport_fastrtps_cppExport.cmake
[0.665s] -- Up-to-date: /home/eating/work/install/pallet_interfaces/share/pallet_interfaces/cmake/export_pallet_interfaces__rosidl_typesupport_fastrtps_cppExport-noconfig.cmake
[0.665s] -- Up-to-date: /home/eating/work/install/pallet_interfaces/share/pallet_interfaces/cmake/pallet_interfaces__rosidl_typesupport_introspection_cExport.cmake
[0.665s] -- Up-to-date: /home/eating/work/install/pallet_interfaces/share/pallet_interfaces/cmake/pallet_interfaces__rosidl_typesupport_introspection_cExport-noconfig.cmake
[0.666s] -- Up-to-date: /home/eating/work/install/pallet_interfaces/share/pallet_interfaces/cmake/pallet_interfaces__rosidl_typesupport_cExport.cmake
[0.666s] -- Up-to-date: /home/eating/work/install/pallet_interfaces/share/pallet_interfaces/cmake/pallet_interfaces__rosidl_typesupport_cExport-noconfig.cmake
[0.666s] -- Up-to-date: /home/eating/work/install/pallet_interfaces/share/pallet_interfaces/cmake/pallet_interfaces__rosidl_typesupport_introspection_cppExport.cmake
[0.666s] -- Up-to-date: /home/eating/work/install/pallet_interfaces/share/pallet_interfaces/cmake/pallet_interfaces__rosidl_typesupport_introspection_cppExport-noconfig.cmake
[0.667s] -- Up-to-date: /home/eating/work/install/pallet_interfaces/share/pallet_interfaces/cmake/pallet_interfaces__rosidl_typesupport_cppExport.cmake
[0.667s] -- Up-to-date: /home/eating/work/install/pallet_interfaces/share/pallet_interfaces/cmake/pallet_interfaces__rosidl_typesupport_cppExport-noconfig.cmake
[0.667s] -- Up-to-date: /home/eating/work/install/pallet_interfaces/share/pallet_interfaces/cmake/export_pallet_interfaces__rosidl_generator_pyExport.cmake
[0.668s] -- Up-to-date: /home/eating/work/install/pallet_interfaces/share/pallet_interfaces/cmake/export_pallet_interfaces__rosidl_generator_pyExport-noconfig.cmake
[0.668s] -- Up-to-date: /home/eating/work/install/pallet_interfaces/share/pallet_interfaces/cmake/rosidl_cmake-extras.cmake
[0.669s] -- Up-to-date: /home/eating/work/install/pallet_interfaces/share/pallet_interfaces/cmake/ament_cmake_export_dependencies-extras.cmake
[0.670s] -- Up-to-date: /home/eating/work/install/pallet_interfaces/share/pallet_interfaces/cmake/ament_cmake_export_include_directories-extras.cmake
[0.670s] -- Up-to-date: /home/eating/work/install/pallet_interfaces/share/pallet_interfaces/cmake/ament_cmake_export_libraries-extras.cmake
[0.670s] -- Up-to-date: /home/eating/work/install/pallet_interfaces/share/pallet_interfaces/cmake/ament_cmake_export_targets-extras.cmake
[0.670s] -- Up-to-date: /home/eating/work/install/pallet_interfaces/share/pallet_interfaces/cmake/rosidl_cmake_export_typesupport_targets-extras.cmake
[0.670s] -- Up-to-date: /home/eating/work/install/pallet_interfaces/share/pallet_interfaces/cmake/rosidl_cmake_export_typesupport_libraries-extras.cmake
[0.671s] -- Up-to-date: /home/eating/work/install/pallet_interfaces/share/pallet_interfaces/cmake/pallet_interfacesConfig.cmake
[0.671s] -- Up-to-date: /home/eating/work/install/pallet_interfaces/share/pallet_interfaces/cmake/pallet_interfacesConfig-version.cmake
[0.671s] -- Up-to-date: /home/eating/work/install/pallet_interfaces/share/pallet_interfaces/package.xml
[0.675s] Invoked command in '/home/eating/work/build/pallet_interfaces' returned '0': CMAKE_PREFIX_PATH=${CMAKE_PREFIX_PATH}:/home/eating/work/install/pallet_main:/home/eating/work/install/main_control:/home/eating/work/install/gui:/home/eating/work/install/docking_pkg:/opt/ros/humble /usr/bin/cmake --install /home/eating/work/build/pallet_interfaces
