[0.462s] Invoking command in '/home/fxck/work/build/mecanum': CMAKE_PREFIX_PATH=/opt/ros/humble /usr/bin/cmake /home/fxck/work/src/mecanum -DCMAKE_INSTALL_PREFIX=/home/fxck/work/install/mecanum
[1.033s] -- The C compiler identification is GNU 11.4.0
[1.033s] -- The CXX compiler identification is GNU 11.4.0
[1.033s] -- Detecting C compiler ABI info
[1.033s] -- Detecting C compiler ABI info - done
[1.033s] -- Check for working C compiler: /usr/bin/cc - skipped
[1.034s] -- Detecting C compile features
[1.034s] -- Detecting C compile features - done
[1.034s] -- Detecting CXX compiler ABI info
[1.034s] -- Detecting CXX compiler ABI info - done
[1.034s] -- Check for working CXX compiler: /usr/bin/c++ - skipped
[1.034s] -- Detecting CXX compile features
[1.034s] -- Detecting CXX compile features - done
[1.034s] -- Found ament_cmake: 1.3.11 (/opt/ros/humble/share/ament_cmake/cmake)
[1.034s] -- Found Python3: /usr/bin/python3 (found version "3.10.12") found components: Interpreter 
[1.070s] -- Found rclcpp: 16.0.12 (/opt/ros/humble/share/rclcpp/cmake)
[1.136s] -- Found rosidl_generator_c: 3.1.6 (/opt/ros/humble/share/rosidl_generator_c/cmake)
[1.144s] -- Found rosidl_adapter: 3.1.6 (/opt/ros/humble/share/rosidl_adapter/cmake)
[1.155s] -- Found rosidl_generator_cpp: 3.1.6 (/opt/ros/humble/share/rosidl_generator_cpp/cmake)
[1.175s] -- Using all available rosidl_typesupport_c: rosidl_typesupport_fastrtps_c;rosidl_typesupport_introspection_c
[1.202s] -- Using all available rosidl_typesupport_cpp: rosidl_typesupport_fastrtps_cpp;rosidl_typesupport_introspection_cpp
[1.277s] -- Found rmw_implementation_cmake: 6.1.2 (/opt/ros/humble/share/rmw_implementation_cmake/cmake)
[1.284s] -- Found rmw_cyclonedds_cpp: 1.3.4 (/opt/ros/humble/share/rmw_cyclonedds_cpp/cmake)
[1.326s] -- Using RMW implementation 'rmw_cyclonedds_cpp' as default
[1.346s] -- Looking for pthread.h
[1.478s] -- Looking for pthread.h - found
[1.478s] -- Performing Test CMAKE_HAVE_LIBC_PTHREAD
[1.577s] -- Performing Test CMAKE_HAVE_LIBC_PTHREAD - Success
[1.579s] -- Found Threads: TRUE  
[1.643s] -- Found geometry_msgs: 4.8.0 (/opt/ros/humble/share/geometry_msgs/cmake)
[1.659s] -- Found tf2_ros: 0.25.12 (/opt/ros/humble/share/tf2_ros/cmake)
[1.832s] -- Found tf2_geometry_msgs: 0.25.12 (/opt/ros/humble/share/tf2_geometry_msgs/cmake)
[1.856s] -- Found eigen3_cmake_module: 0.1.1 (/opt/ros/humble/share/eigen3_cmake_module/cmake)
[1.857s] -- Found Eigen3: TRUE (found version "3.4.0") 
[1.857s] -- Ensuring Eigen3 include directory is part of orocos-kdl CMake target
[1.870s] -- Found nav_msgs: 4.8.0 (/opt/ros/humble/share/nav_msgs/cmake)
[1.896s] -- Found ament_lint_auto: 0.12.12 (/opt/ros/humble/share/ament_lint_auto/cmake)
[1.998s] -- Added test 'cppcheck' to perform static code analysis on C / C++ code
[1.998s] -- Configured cppcheck include dirs: /home/fxck/work/src/mecanum/include
[1.998s] -- Configured cppcheck exclude dirs and/or files: 
[2.001s] -- Added test 'lint_cmake' to check CMake code style
[2.012s] -- Added test 'uncrustify' to check C / C++ code style
[2.012s] -- Configured uncrustify additional arguments: 
[2.013s] -- Added test 'xmllint' to check XML markup files
[2.015s] -- Configuring done
[2.037s] -- Generating done
[2.043s] -- Build files have been written to: /home/fxck/work/build/mecanum
[2.054s] Invoked command in '/home/fxck/work/build/mecanum' returned '0': CMAKE_PREFIX_PATH=/opt/ros/humble /usr/bin/cmake /home/fxck/work/src/mecanum -DCMAKE_INSTALL_PREFIX=/home/fxck/work/install/mecanum
[2.060s] Invoking command in '/home/fxck/work/build/mecanum': CMAKE_PREFIX_PATH=/opt/ros/humble /usr/bin/cmake --build /home/fxck/work/build/mecanum -- -j16 -l16
[2.120s] [ 25%] [32mBuilding CXX object CMakeFiles/mobile_node.dir/src/mobile_node.cpp.o[0m
[2.120s] [ 50%] [32mBuilding CXX object CMakeFiles/mobile_node.dir/src/TimdaModbus.cpp.o[0m
[2.120s] [ 75%] [32mBuilding CXX object CMakeFiles/mobile_node.dir/src/Mecanum.cpp.o[0m
[11.346s] [100%] [32m[1mLinking CXX executable mobile_node[0m
[11.794s] [100%] Built target mobile_node
[11.805s] Invoked command in '/home/fxck/work/build/mecanum' returned '0': CMAKE_PREFIX_PATH=/opt/ros/humble /usr/bin/cmake --build /home/fxck/work/build/mecanum -- -j16 -l16
[11.807s] Invoking command in '/home/fxck/work/build/mecanum': CMAKE_PREFIX_PATH=/opt/ros/humble /usr/bin/cmake --install /home/fxck/work/build/mecanum
[11.814s] -- Install configuration: ""
[11.814s] -- Installing: /home/fxck/work/install/mecanum/include/mecanum
[11.814s] -- Installing: /home/fxck/work/install/mecanum/include/mecanum/Mecanum.h
[11.814s] -- Installing: /home/fxck/work/install/mecanum/include/mecanum/TimdaModbus.h
[11.814s] -- Installing: /home/fxck/work/install/mecanum/lib/mecanum/mobile_node
[11.819s] -- Set runtime path of "/home/fxck/work/install/mecanum/lib/mecanum/mobile_node" to ""
[11.819s] -- Installing: /home/fxck/work/install/mecanum/share/ament_index/resource_index/package_run_dependencies/mecanum
[11.819s] -- Installing: /home/fxck/work/install/mecanum/share/ament_index/resource_index/parent_prefix_path/mecanum
[11.820s] -- Installing: /home/fxck/work/install/mecanum/share/mecanum/environment/ament_prefix_path.sh
[11.820s] -- Installing: /home/fxck/work/install/mecanum/share/mecanum/environment/ament_prefix_path.dsv
[11.820s] -- Installing: /home/fxck/work/install/mecanum/share/mecanum/environment/path.sh
[11.820s] -- Installing: /home/fxck/work/install/mecanum/share/mecanum/environment/path.dsv
[11.820s] -- Installing: /home/fxck/work/install/mecanum/share/mecanum/local_setup.bash
[11.820s] -- Installing: /home/fxck/work/install/mecanum/share/mecanum/local_setup.sh
[11.821s] -- Installing: /home/fxck/work/install/mecanum/share/mecanum/local_setup.zsh
[11.821s] -- Installing: /home/fxck/work/install/mecanum/share/mecanum/local_setup.dsv
[11.821s] -- Installing: /home/fxck/work/install/mecanum/share/mecanum/package.dsv
[11.821s] -- Installing: /home/fxck/work/install/mecanum/share/ament_index/resource_index/packages/mecanum
[11.821s] -- Installing: /home/fxck/work/install/mecanum/share/mecanum/cmake/mecanumConfig.cmake
[11.822s] -- Installing: /home/fxck/work/install/mecanum/share/mecanum/cmake/mecanumConfig-version.cmake
[11.822s] -- Installing: /home/fxck/work/install/mecanum/share/mecanum/package.xml
[11.824s] Invoked command in '/home/fxck/work/build/mecanum' returned '0': CMAKE_PREFIX_PATH=/opt/ros/humble /usr/bin/cmake --install /home/fxck/work/build/mecanum
