[0.725s] Invoking command in '/home/fxck/work/src/GUI/gui': AMENT_PREFIX_PATH=/home/fxck/work/install/gui_interface:${AMENT_PREFIX_PATH} CMAKE_PREFIX_PATH=/home/fxck/work/install/gui_interface LD_LIBRARY_PATH=/home/fxck/work/install/gui_interface/lib:${LD_LIBRARY_PATH} PYTHONPATH=/home/fxck/work/build/gui/prefix_override:/usr/lib/python3/dist-packages/colcon_core/task/python/colcon_distutils_commands:/home/fxck/work/install/gui/lib/python3.10/site-packages:/home/fxck/work/install/gui_interface/local/lib/python3.10/dist-packages:${PYTHONPATH} /usr/bin/python3 -W ignore:setup.py install is deprecated -W ignore:easy_install command is deprecated setup.py egg_info --egg-base ../../../build/gui build --build-base /home/fxck/work/build/gui/build install --record /home/fxck/work/build/gui/install.log --single-version-externally-managed install_data
[0.934s] running egg_info
[0.934s] creating ../../../build/gui/gui.egg-info
[0.934s] writing ../../../build/gui/gui.egg-info/PKG-INFO
[0.935s] writing dependency_links to ../../../build/gui/gui.egg-info/dependency_links.txt
[0.935s] writing entry points to ../../../build/gui/gui.egg-info/entry_points.txt
[0.935s] writing requirements to ../../../build/gui/gui.egg-info/requires.txt
[0.935s] writing top-level names to ../../../build/gui/gui.egg-info/top_level.txt
[0.935s] writing manifest file '../../../build/gui/gui.egg-info/SOURCES.txt'
[0.936s] reading manifest file '../../../build/gui/gui.egg-info/SOURCES.txt'
[0.937s] writing manifest file '../../../build/gui/gui.egg-info/SOURCES.txt'
[0.937s] running build
[0.937s] running build_py
[0.937s] creating /home/fxck/work/build/gui/build
[0.937s] creating /home/fxck/work/build/gui/build/lib
[0.937s] creating /home/fxck/work/build/gui/build/lib/gui
[0.937s] copying gui/ui_to_py.py -> /home/fxck/work/build/gui/build/lib/gui
[0.937s] copying gui/main_ui.py -> /home/fxck/work/build/gui/build/lib/gui
[0.937s] copying gui/__init__.py -> /home/fxck/work/build/gui/build/lib/gui
[0.937s] copying gui/main.py -> /home/fxck/work/build/gui/build/lib/gui
[0.938s] running install
[0.938s] running install_lib
[0.938s] creating /home/fxck/work/install/gui/lib/python3.10/site-packages/gui
[0.938s] copying /home/fxck/work/build/gui/build/lib/gui/ui_to_py.py -> /home/fxck/work/install/gui/lib/python3.10/site-packages/gui
[0.938s] copying /home/fxck/work/build/gui/build/lib/gui/main_ui.py -> /home/fxck/work/install/gui/lib/python3.10/site-packages/gui
[0.938s] copying /home/fxck/work/build/gui/build/lib/gui/__init__.py -> /home/fxck/work/install/gui/lib/python3.10/site-packages/gui
[0.939s] copying /home/fxck/work/build/gui/build/lib/gui/main.py -> /home/fxck/work/install/gui/lib/python3.10/site-packages/gui
[0.939s] byte-compiling /home/fxck/work/install/gui/lib/python3.10/site-packages/gui/ui_to_py.py to ui_to_py.cpython-310.pyc
[0.939s] byte-compiling /home/fxck/work/install/gui/lib/python3.10/site-packages/gui/main_ui.py to main_ui.cpython-310.pyc
[0.940s] byte-compiling /home/fxck/work/install/gui/lib/python3.10/site-packages/gui/__init__.py to __init__.cpython-310.pyc
[0.940s] byte-compiling /home/fxck/work/install/gui/lib/python3.10/site-packages/gui/main.py to main.cpython-310.pyc
[0.941s] running install_data
[0.941s] creating /home/fxck/work/install/gui/share/ament_index
[0.941s] creating /home/fxck/work/install/gui/share/ament_index/resource_index
[0.941s] creating /home/fxck/work/install/gui/share/ament_index/resource_index/packages
[0.941s] copying resource/gui -> /home/fxck/work/install/gui/share/ament_index/resource_index/packages
[0.942s] copying package.xml -> /home/fxck/work/install/gui/share/gui
[0.942s] running install_egg_info
[0.943s] Copying ../../../build/gui/gui.egg-info to /home/fxck/work/install/gui/lib/python3.10/site-packages/gui-0.0.0-py3.10.egg-info
[0.944s] running install_scripts
[0.959s] Installing main script to /home/fxck/work/install/gui/lib/gui
[0.959s] writing list of installed files to '/home/fxck/work/build/gui/install.log'
[0.986s] Invoked command in '/home/fxck/work/src/GUI/gui' returned '0': AMENT_PREFIX_PATH=/home/fxck/work/install/gui_interface:${AMENT_PREFIX_PATH} CMAKE_PREFIX_PATH=/home/fxck/work/install/gui_interface LD_LIBRARY_PATH=/home/fxck/work/install/gui_interface/lib:${LD_LIBRARY_PATH} PYTHONPATH=/home/fxck/work/build/gui/prefix_override:/usr/lib/python3/dist-packages/colcon_core/task/python/colcon_distutils_commands:/home/fxck/work/install/gui/lib/python3.10/site-packages:/home/fxck/work/install/gui_interface/local/lib/python3.10/dist-packages:${PYTHONPATH} /usr/bin/python3 -W ignore:setup.py install is deprecated -W ignore:easy_install command is deprecated setup.py egg_info --egg-base ../../../build/gui build --build-base /home/fxck/work/build/gui/build install --record /home/fxck/work/build/gui/install.log --single-version-externally-managed install_data
