[0.014s] Invoking command in '/home/fxck/work/build/mecanum': CMAKE_PREFIX_PATH=${CMAKE_PREFIX_PATH}:/home/fxck/work/install/main_control:/home/fxck/work/install/gui:/opt/ros/humble /usr/bin/cmake /home/fxck/work/src/mecanum -DCMAKE_INSTALL_PREFIX=/home/fxck/work/install/mecanum
[0.095s] -- The C compiler identification is GNU 11.4.0
[0.149s] -- The CXX compiler identification is GNU 11.4.0
[0.156s] -- Detecting C compiler ABI info
[0.225s] -- Detecting C compiler ABI info - done
[0.232s] -- Check for working C compiler: /usr/bin/cc - skipped
[0.232s] -- Detecting C compile features
[0.232s] -- Detecting C compile features - done
[0.235s] -- Detecting CXX compiler ABI info
[0.313s] -- Detecting CXX compiler ABI info - done
[0.323s] -- Check for working CXX compiler: /usr/bin/c++ - skipped
[0.323s] -- Detecting CXX compile features
[0.324s] -- Detecting CXX compile features - done
[0.330s] -- Found ament_cmake: 1.3.11 (/opt/ros/humble/share/ament_cmake/cmake)
[0.464s] -- Found Python3: /usr/bin/python3 (found version "3.10.12") found components: Interpreter 
[0.567s] -- Found rclcpp: 16.0.11 (/opt/ros/humble/share/rclcpp/cmake)
[0.627s] -- Found rosidl_generator_c: 3.1.6 (/opt/ros/humble/share/rosidl_generator_c/cmake)
[0.632s] -- Found rosidl_adapter: 3.1.6 (/opt/ros/humble/share/rosidl_adapter/cmake)
[0.640s] -- Found rosidl_generator_cpp: 3.1.6 (/opt/ros/humble/share/rosidl_generator_cpp/cmake)
[0.652s] -- Using all available rosidl_typesupport_c: rosidl_typesupport_fastrtps_c;rosidl_typesupport_introspection_c
[0.667s] -- Using all available rosidl_typesupport_cpp: rosidl_typesupport_fastrtps_cpp;rosidl_typesupport_introspection_cpp
[0.717s] -- Found rmw_implementation_cmake: 6.1.2 (/opt/ros/humble/share/rmw_implementation_cmake/cmake)
[0.721s] -- Found rmw_cyclonedds_cpp: 1.3.4 (/opt/ros/humble/share/rmw_cyclonedds_cpp/cmake)
[0.745s] -- Using RMW implementation 'rmw_cyclonedds_cpp' as default
[0.756s] -- Looking for pthread.h
[0.828s] -- Looking for pthread.h - found
[0.829s] -- Performing Test CMAKE_HAVE_LIBC_PTHREAD
[0.905s] -- Performing Test CMAKE_HAVE_LIBC_PTHREAD - Success
[0.906s] -- Found Threads: TRUE  
[0.956s] -- Found geometry_msgs: 4.2.4 (/opt/ros/humble/share/geometry_msgs/cmake)
[0.968s] -- Found tf2_ros: 0.25.12 (/opt/ros/humble/share/tf2_ros/cmake)
[1.082s] -- Found tf2_geometry_msgs: 0.25.12 (/opt/ros/humble/share/tf2_geometry_msgs/cmake)
[1.099s] -- Found eigen3_cmake_module: 0.1.1 (/opt/ros/humble/share/eigen3_cmake_module/cmake)
[1.100s] -- Found Eigen3: TRUE (found version "3.4.0") 
[1.100s] -- Ensuring Eigen3 include directory is part of orocos-kdl CMake target
[1.103s] -- Found nav_msgs: 4.2.4 (/opt/ros/humble/share/nav_msgs/cmake)
[1.123s] -- Found ament_lint_auto: 0.12.11 (/opt/ros/humble/share/ament_lint_auto/cmake)
[1.196s] -- Added test 'cppcheck' to perform static code analysis on C / C++ code
[1.196s] -- Configured cppcheck include dirs: /home/fxck/work/src/mecanum/include
[1.196s] -- Configured cppcheck exclude dirs and/or files: 
[1.199s] -- Added test 'lint_cmake' to check CMake code style
[1.207s] -- Added test 'uncrustify' to check C / C++ code style
[1.208s] -- Configured uncrustify additional arguments: 
[1.209s] -- Added test 'xmllint' to check XML markup files
[1.211s] -- Configuring done
[1.227s] -- Generating done
[1.232s] -- Build files have been written to: /home/fxck/work/build/mecanum
[1.240s] Invoked command in '/home/fxck/work/build/mecanum' returned '0': CMAKE_PREFIX_PATH=${CMAKE_PREFIX_PATH}:/home/fxck/work/install/main_control:/home/fxck/work/install/gui:/opt/ros/humble /usr/bin/cmake /home/fxck/work/src/mecanum -DCMAKE_INSTALL_PREFIX=/home/fxck/work/install/mecanum
[1.242s] Invoking command in '/home/fxck/work/build/mecanum': CMAKE_PREFIX_PATH=${CMAKE_PREFIX_PATH}:/home/fxck/work/install/main_control:/home/fxck/work/install/gui:/opt/ros/humble /usr/bin/cmake --build /home/fxck/work/build/mecanum -- -j16 -l16
[1.296s] [ 50%] [32mBuilding CXX object CMakeFiles/mobile_node.dir/src/TimdaModbus.cpp.o[0m
[1.296s] [ 50%] [32mBuilding CXX object CMakeFiles/mobile_node.dir/src/mobile_node.cpp.o[0m
[1.297s] [ 75%] [32mBuilding CXX object CMakeFiles/mobile_node.dir/src/Mecanum.cpp.o[0m
[8.920s] [100%] [32m[1mLinking CXX executable mobile_node[0m
[9.326s] [100%] Built target mobile_node
[9.337s] Invoked command in '/home/fxck/work/build/mecanum' returned '0': CMAKE_PREFIX_PATH=${CMAKE_PREFIX_PATH}:/home/fxck/work/install/main_control:/home/fxck/work/install/gui:/opt/ros/humble /usr/bin/cmake --build /home/fxck/work/build/mecanum -- -j16 -l16
[9.338s] Invoking command in '/home/fxck/work/build/mecanum': CMAKE_PREFIX_PATH=${CMAKE_PREFIX_PATH}:/home/fxck/work/install/main_control:/home/fxck/work/install/gui:/opt/ros/humble /usr/bin/cmake --install /home/fxck/work/build/mecanum
[9.346s] -- Install configuration: ""
[9.346s] -- Installing: /home/fxck/work/install/mecanum/include/mecanum
[9.347s] -- Installing: /home/fxck/work/install/mecanum/include/mecanum/Mecanum.h
[9.347s] -- Installing: /home/fxck/work/install/mecanum/include/mecanum/TimdaModbus.h
[9.347s] -- Installing: /home/fxck/work/install/mecanum/lib/mecanum/mobile_node
[9.351s] -- Set runtime path of "/home/fxck/work/install/mecanum/lib/mecanum/mobile_node" to ""
[9.352s] -- Installing: /home/fxck/work/install/mecanum/share/ament_index/resource_index/package_run_dependencies/mecanum
[9.352s] -- Installing: /home/fxck/work/install/mecanum/share/ament_index/resource_index/parent_prefix_path/mecanum
[9.352s] -- Installing: /home/fxck/work/install/mecanum/share/mecanum/environment/ament_prefix_path.sh
[9.352s] -- Installing: /home/fxck/work/install/mecanum/share/mecanum/environment/ament_prefix_path.dsv
[9.352s] -- Installing: /home/fxck/work/install/mecanum/share/mecanum/environment/path.sh
[9.353s] -- Installing: /home/fxck/work/install/mecanum/share/mecanum/environment/path.dsv
[9.353s] -- Installing: /home/fxck/work/install/mecanum/share/mecanum/local_setup.bash
[9.353s] -- Installing: /home/fxck/work/install/mecanum/share/mecanum/local_setup.sh
[9.353s] -- Installing: /home/fxck/work/install/mecanum/share/mecanum/local_setup.zsh
[9.353s] -- Installing: /home/fxck/work/install/mecanum/share/mecanum/local_setup.dsv
[9.353s] -- Installing: /home/fxck/work/install/mecanum/share/mecanum/package.dsv
[9.354s] -- Installing: /home/fxck/work/install/mecanum/share/ament_index/resource_index/packages/mecanum
[9.354s] -- Installing: /home/fxck/work/install/mecanum/share/mecanum/cmake/mecanumConfig.cmake
[9.354s] -- Installing: /home/fxck/work/install/mecanum/share/mecanum/cmake/mecanumConfig-version.cmake
[9.354s] -- Installing: /home/fxck/work/install/mecanum/share/mecanum/package.xml
[9.356s] Invoked command in '/home/fxck/work/build/mecanum' returned '0': CMAKE_PREFIX_PATH=${CMAKE_PREFIX_PATH}:/home/fxck/work/install/main_control:/home/fxck/work/install/gui:/opt/ros/humble /usr/bin/cmake --install /home/fxck/work/build/mecanum
