[0.035s] Invoking command in '/home/eating/work/build/gui_interface': CMAKE_PREFIX_PATH=${CMAKE_PREFIX_PATH}:/home/eating/work/install/pallet_main:/home/eating/work/install/main_control:/home/eating/work/install/gui:/home/eating/work/install/docking_pkg:/opt/ros/humble /usr/bin/cmake /home/eating/work/src/gui/gui_interface -DCMAKE_INSTALL_PREFIX=/home/eating/work/install/gui_interface
[0.340s] -- The C compiler identification is GNU 11.4.0
[0.340s] -- The CXX compiler identification is GNU 11.4.0
[0.341s] -- Detecting C compiler ABI info
[0.426s] -- Detecting C compiler ABI info - done
[0.439s] -- Check for working C compiler: /usr/bin/cc - skipped
[0.440s] -- Detecting C compile features
[0.441s] -- Detecting C compile features - done
[0.446s] -- Detecting CXX compiler ABI info
[0.569s] -- Detecting CXX compiler ABI info - done
[0.582s] -- Check for working CXX compiler: /usr/bin/c++ - skipped
[0.583s] -- Detecting CXX compile features
[0.583s] -- Detecting CXX compile features - done
[0.587s] -- Found ament_cmake: 1.3.11 (/opt/ros/humble/share/ament_cmake/cmake)
[0.812s] -- Found Python3: /usr/bin/python3 (found version "3.10.12") found components: Interpreter 
[0.949s] -- Found geometry_msgs: 4.8.0 (/opt/ros/humble/share/geometry_msgs/cmake)
[1.002s] -- Found rosidl_generator_c: 3.1.6 (/opt/ros/humble/share/rosidl_generator_c/cmake)
[1.010s] -- Found rosidl_adapter: 3.1.6 (/opt/ros/humble/share/rosidl_adapter/cmake)
[1.024s] -- Found rosidl_generator_cpp: 3.1.6 (/opt/ros/humble/share/rosidl_generator_cpp/cmake)
[1.045s] -- Using all available rosidl_typesupport_c: rosidl_typesupport_fastrtps_c;rosidl_typesupport_introspection_c
[1.073s] -- Using all available rosidl_typesupport_cpp: rosidl_typesupport_fastrtps_cpp;rosidl_typesupport_introspection_cpp
[1.141s] -- Found rosidl_default_generators: 1.2.0 (/opt/ros/humble/share/rosidl_default_generators/cmake)
[1.598s] -- Found ament_cmake_ros: 0.10.0 (/opt/ros/humble/share/ament_cmake_ros/cmake)
[2.185s] -- Using all available rosidl_typesupport_c: rosidl_typesupport_fastrtps_c;rosidl_typesupport_introspection_c
[2.492s] -- Using all available rosidl_typesupport_cpp: rosidl_typesupport_fastrtps_cpp;rosidl_typesupport_introspection_cpp
[2.542s] -- Found PythonInterp: /usr/bin/python3 (found suitable version "3.10.12", minimum required is "3.6") 
[2.545s] -- Found python_cmake_module: 0.10.0 (/opt/ros/humble/share/python_cmake_module/cmake)
[2.591s] -- Found PythonLibs: /usr/lib/x86_64-linux-gnu/libpython3.10.so (found suitable version "3.10.12", minimum required is "3.5") 
[2.591s] -- Using PYTHON_EXECUTABLE: /usr/bin/python3
[2.591s] -- Using PYTHON_INCLUDE_DIRS: /usr/include/python3.10
[2.591s] -- Using PYTHON_LIBRARIES: /usr/lib/x86_64-linux-gnu/libpython3.10.so
[2.626s] -- Found PythonExtra: .so  
[2.758s] -- Found ament_lint_auto: 0.12.12 (/opt/ros/humble/share/ament_lint_auto/cmake)
[2.790s] -- Added test 'lint_cmake' to check CMake code style
[2.792s] -- Added test 'xmllint' to check XML markup files
[2.798s] -- Configuring done
[2.851s] -- Generating done
[2.870s] -- Build files have been written to: /home/eating/work/build/gui_interface
[2.889s] Invoked command in '/home/eating/work/build/gui_interface' returned '0': CMAKE_PREFIX_PATH=${CMAKE_PREFIX_PATH}:/home/eating/work/install/pallet_main:/home/eating/work/install/main_control:/home/eating/work/install/gui:/home/eating/work/install/docking_pkg:/opt/ros/humble /usr/bin/cmake /home/eating/work/src/gui/gui_interface -DCMAKE_INSTALL_PREFIX=/home/eating/work/install/gui_interface
[2.889s] Invoking command in '/home/eating/work/build/gui_interface': CMAKE_PREFIX_PATH=${CMAKE_PREFIX_PATH}:/home/eating/work/install/pallet_main:/home/eating/work/install/main_control:/home/eating/work/install/gui:/home/eating/work/install/docking_pkg:/opt/ros/humble /usr/bin/cmake --build /home/eating/work/build/gui_interface -- -j8 -l8
[2.972s] [  3%] [34m[1mGenerating C code for ROS interfaces[0m
[3.005s] [  6%] [34m[1mGenerating C++ code for ROS interfaces[0m
[3.041s] [  6%] Built target ament_cmake_python_copy_gui_interface
[3.519s] running egg_info
[3.520s] creating gui_interface.egg-info
[3.521s] writing gui_interface.egg-info/PKG-INFO
[3.521s] writing dependency_links to gui_interface.egg-info/dependency_links.txt
[3.522s] writing top-level names to gui_interface.egg-info/top_level.txt
[3.522s] writing manifest file 'gui_interface.egg-info/SOURCES.txt'
[3.526s] reading manifest file 'gui_interface.egg-info/SOURCES.txt'
[3.527s] writing manifest file 'gui_interface.egg-info/SOURCES.txt'
[3.614s] [  6%] Built target ament_cmake_python_build_gui_interface_egg
[3.726s] [  9%] [32mBuilding C object CMakeFiles/gui_interface__rosidl_generator_c.dir/rosidl_generator_c/gui_interface/srv/detail/taskcmd__functions.c.o[0m
[3.835s] [  9%] Built target gui_interface__cpp
[3.849s] [ 12%] [34m[1mGenerating C++ type support dispatch for ROS interfaces[0m
[3.885s] [ 16%] [32m[1mLinking C shared library libgui_interface__rosidl_generator_c.so[0m
[3.892s] [ 19%] [34m[1mGenerating C++ type support for eProsima Fast-RTPS[0m
[3.931s] [ 22%] [34m[1mGenerating C++ introspection for ROS interfaces[0m
[4.044s] [ 22%] Built target gui_interface__rosidl_generator_c
[4.130s] [ 25%] [34m[1mGenerating C type support for eProsima Fast-RTPS[0m
[4.135s] [ 29%] [34m[1mGenerating C introspection for ROS interfaces[0m
[4.138s] [ 32%] [34m[1mGenerating C type support dispatch for ROS interfaces[0m
[4.747s] [ 35%] [32mBuilding CXX object CMakeFiles/gui_interface__rosidl_typesupport_cpp.dir/rosidl_typesupport_cpp/gui_interface/srv/taskcmd__type_support.cpp.o[0m
[5.186s] [ 38%] [32mBuilding CXX object CMakeFiles/gui_interface__rosidl_typesupport_introspection_cpp.dir/rosidl_typesupport_introspection_cpp/gui_interface/srv/detail/taskcmd__type_support.cpp.o[0m
[5.218s] [ 41%] [32mBuilding CXX object CMakeFiles/gui_interface__rosidl_typesupport_fastrtps_cpp.dir/rosidl_typesupport_fastrtps_cpp/gui_interface/srv/detail/dds_fastrtps/taskcmd__type_support.cpp.o[0m
[5.242s] [ 45%] [32mBuilding CXX object CMakeFiles/gui_interface__rosidl_typesupport_c.dir/rosidl_typesupport_c/gui_interface/srv/taskcmd__type_support.cpp.o[0m
[5.392s] [ 48%] [32m[1mLinking CXX shared library libgui_interface__rosidl_typesupport_c.so[0m
[5.424s] [ 51%] [32mBuilding CXX object CMakeFiles/gui_interface__rosidl_typesupport_fastrtps_c.dir/rosidl_typesupport_fastrtps_c/gui_interface/srv/detail/taskcmd__type_support_c.cpp.o[0m
[5.435s] [ 54%] [32mBuilding C object CMakeFiles/gui_interface__rosidl_typesupport_introspection_c.dir/rosidl_typesupport_introspection_c/gui_interface/srv/detail/taskcmd__type_support.c.o[0m
[5.542s] [ 54%] Built target gui_interface__rosidl_typesupport_c
[5.586s] [ 58%] [32m[1mLinking C shared library libgui_interface__rosidl_typesupport_introspection_c.so[0m
[5.655s] [ 61%] [32m[1mLinking CXX shared library libgui_interface__rosidl_typesupport_cpp.so[0m
[5.715s] [ 61%] Built target gui_interface__rosidl_typesupport_introspection_c
[5.874s] [ 61%] Built target gui_interface__rosidl_typesupport_cpp
[6.317s] [ 67%] [32m[1mLinking CXX shared library libgui_interface__rosidl_typesupport_introspection_cpp.so[0m
[6.318s] [ 67%] [32m[1mLinking CXX shared library libgui_interface__rosidl_typesupport_fastrtps_cpp.so[0m
[6.418s] [ 70%] [32m[1mLinking CXX shared library libgui_interface__rosidl_typesupport_fastrtps_c.so[0m
[6.556s] [ 70%] Built target gui_interface__rosidl_typesupport_introspection_cpp
[6.634s] [ 70%] Built target gui_interface__rosidl_typesupport_fastrtps_cpp
[6.771s] [ 70%] Built target gui_interface__rosidl_typesupport_fastrtps_c
[6.910s] [ 70%] Built target gui_interface
[7.048s] [ 74%] [34m[1mGenerating Python code for ROS interfaces[0m
[8.295s] [ 74%] Built target gui_interface__py
[8.430s] [ 77%] [32mBuilding C object CMakeFiles/gui_interface__rosidl_generator_py.dir/rosidl_generator_py/gui_interface/srv/_taskcmd_s.c.o[0m
[8.800s] [ 80%] [32m[1mLinking C shared library rosidl_generator_py/gui_interface/libgui_interface__rosidl_generator_py.so[0m
[8.951s] [ 80%] Built target gui_interface__rosidl_generator_py
[9.056s] [ 83%] [32mBuilding C object CMakeFiles/gui_interface__rosidl_typesupport_fastrtps_c__pyext.dir/rosidl_generator_py/gui_interface/_gui_interface_s.ep.rosidl_typesupport_fastrtps_c.c.o[0m
[9.067s] [ 87%] [32mBuilding C object CMakeFiles/gui_interface__rosidl_typesupport_introspection_c__pyext.dir/rosidl_generator_py/gui_interface/_gui_interface_s.ep.rosidl_typesupport_introspection_c.c.o[0m
[9.115s] [ 90%] [32mBuilding C object CMakeFiles/gui_interface__rosidl_typesupport_c__pyext.dir/rosidl_generator_py/gui_interface/_gui_interface_s.ep.rosidl_typesupport_c.c.o[0m
[9.309s] [ 93%] [32m[1mLinking C shared library rosidl_generator_py/gui_interface/gui_interface_s__rosidl_typesupport_c.cpython-310-x86_64-linux-gnu.so[0m
[9.493s] [ 96%] [32m[1mLinking C shared library rosidl_generator_py/gui_interface/gui_interface_s__rosidl_typesupport_introspection_c.cpython-310-x86_64-linux-gnu.so[0m
[9.493s] [ 96%] Built target gui_interface__rosidl_typesupport_c__pyext
[9.549s] [100%] [32m[1mLinking C shared library rosidl_generator_py/gui_interface/gui_interface_s__rosidl_typesupport_fastrtps_c.cpython-310-x86_64-linux-gnu.so[0m
[9.598s] [100%] Built target gui_interface__rosidl_typesupport_introspection_c__pyext
[9.759s] [100%] Built target gui_interface__rosidl_typesupport_fastrtps_c__pyext
[9.844s] Invoked command in '/home/eating/work/build/gui_interface' returned '0': CMAKE_PREFIX_PATH=${CMAKE_PREFIX_PATH}:/home/eating/work/install/pallet_main:/home/eating/work/install/main_control:/home/eating/work/install/gui:/home/eating/work/install/docking_pkg:/opt/ros/humble /usr/bin/cmake --build /home/eating/work/build/gui_interface -- -j8 -l8
[9.855s] Invoking command in '/home/eating/work/build/gui_interface': CMAKE_PREFIX_PATH=${CMAKE_PREFIX_PATH}:/home/eating/work/install/pallet_main:/home/eating/work/install/main_control:/home/eating/work/install/gui:/home/eating/work/install/docking_pkg:/opt/ros/humble /usr/bin/cmake --install /home/eating/work/build/gui_interface
[9.914s] -- Install configuration: ""
[9.915s] -- Installing: /home/eating/work/install/gui_interface/share/ament_index/resource_index/rosidl_interfaces/gui_interface
[9.915s] -- Installing: /home/eating/work/install/gui_interface/include/gui_interface/gui_interface
[9.915s] -- Installing: /home/eating/work/install/gui_interface/include/gui_interface/gui_interface/msg
[9.915s] -- Installing: /home/eating/work/install/gui_interface/include/gui_interface/gui_interface/msg/rosidl_generator_c__visibility_control.h
[9.915s] -- Installing: /home/eating/work/install/gui_interface/include/gui_interface/gui_interface/srv
[9.915s] -- Installing: /home/eating/work/install/gui_interface/include/gui_interface/gui_interface/srv/detail
[9.915s] -- Installing: /home/eating/work/install/gui_interface/include/gui_interface/gui_interface/srv/detail/taskcmd__struct.h
[9.915s] -- Installing: /home/eating/work/install/gui_interface/include/gui_interface/gui_interface/srv/detail/taskcmd__type_support.h
[9.915s] -- Installing: /home/eating/work/install/gui_interface/include/gui_interface/gui_interface/srv/detail/taskcmd__functions.h
[9.916s] -- Installing: /home/eating/work/install/gui_interface/include/gui_interface/gui_interface/srv/detail/taskcmd__functions.c
[9.916s] -- Installing: /home/eating/work/install/gui_interface/include/gui_interface/gui_interface/srv/taskcmd.h
[9.916s] -- Installing: /home/eating/work/install/gui_interface/share/gui_interface/environment/library_path.sh
[9.916s] -- Installing: /home/eating/work/install/gui_interface/share/gui_interface/environment/library_path.dsv
[9.916s] -- Installing: /home/eating/work/install/gui_interface/lib/libgui_interface__rosidl_generator_c.so
[9.916s] -- Set runtime path of "/home/eating/work/install/gui_interface/lib/libgui_interface__rosidl_generator_c.so" to ""
[9.916s] -- Up-to-date: /home/eating/work/install/gui_interface/include/gui_interface/gui_interface
[9.916s] -- Up-to-date: /home/eating/work/install/gui_interface/include/gui_interface/gui_interface/msg
[9.916s] -- Installing: /home/eating/work/install/gui_interface/include/gui_interface/gui_interface/msg/rosidl_typesupport_fastrtps_c__visibility_control.h
[9.917s] -- Up-to-date: /home/eating/work/install/gui_interface/include/gui_interface/gui_interface/srv
[9.917s] -- Up-to-date: /home/eating/work/install/gui_interface/include/gui_interface/gui_interface/srv/detail
[9.917s] -- Installing: /home/eating/work/install/gui_interface/include/gui_interface/gui_interface/srv/detail/taskcmd__rosidl_typesupport_fastrtps_c.h
[9.917s] -- Installing: /home/eating/work/install/gui_interface/lib/libgui_interface__rosidl_typesupport_fastrtps_c.so
[9.917s] -- Set runtime path of "/home/eating/work/install/gui_interface/lib/libgui_interface__rosidl_typesupport_fastrtps_c.so" to ""
[9.917s] -- Up-to-date: /home/eating/work/install/gui_interface/include/gui_interface/gui_interface
[9.917s] -- Up-to-date: /home/eating/work/install/gui_interface/include/gui_interface/gui_interface/msg
[9.917s] -- Installing: /home/eating/work/install/gui_interface/include/gui_interface/gui_interface/msg/rosidl_generator_cpp__visibility_control.hpp
[9.922s] -- Up-to-date: /home/eating/work/install/gui_interface/include/gui_interface/gui_interface/srv
[9.923s] -- Installing: /home/eating/work/install/gui_interface/include/gui_interface/gui_interface/srv/taskcmd.hpp
[9.923s] -- Up-to-date: /home/eating/work/install/gui_interface/include/gui_interface/gui_interface/srv/detail
[9.924s] -- Installing: /home/eating/work/install/gui_interface/include/gui_interface/gui_interface/srv/detail/taskcmd__struct.hpp
[9.924s] -- Installing: /home/eating/work/install/gui_interface/include/gui_interface/gui_interface/srv/detail/taskcmd__builder.hpp
[9.924s] -- Installing: /home/eating/work/install/gui_interface/include/gui_interface/gui_interface/srv/detail/taskcmd__type_support.hpp
[9.924s] -- Installing: /home/eating/work/install/gui_interface/include/gui_interface/gui_interface/srv/detail/taskcmd__traits.hpp
[9.925s] -- Up-to-date: /home/eating/work/install/gui_interface/include/gui_interface/gui_interface
[9.925s] -- Up-to-date: /home/eating/work/install/gui_interface/include/gui_interface/gui_interface/msg
[9.925s] -- Installing: /home/eating/work/install/gui_interface/include/gui_interface/gui_interface/msg/rosidl_typesupport_fastrtps_cpp__visibility_control.h
[9.926s] -- Up-to-date: /home/eating/work/install/gui_interface/include/gui_interface/gui_interface/srv
[9.926s] -- Up-to-date: /home/eating/work/install/gui_interface/include/gui_interface/gui_interface/srv/detail
[9.926s] -- Installing: /home/eating/work/install/gui_interface/include/gui_interface/gui_interface/srv/detail/dds_fastrtps
[9.926s] -- Installing: /home/eating/work/install/gui_interface/include/gui_interface/gui_interface/srv/detail/taskcmd__rosidl_typesupport_fastrtps_cpp.hpp
[9.926s] -- Installing: /home/eating/work/install/gui_interface/lib/libgui_interface__rosidl_typesupport_fastrtps_cpp.so
[9.926s] -- Set runtime path of "/home/eating/work/install/gui_interface/lib/libgui_interface__rosidl_typesupport_fastrtps_cpp.so" to ""
[9.927s] -- Up-to-date: /home/eating/work/install/gui_interface/include/gui_interface/gui_interface
[9.927s] -- Up-to-date: /home/eating/work/install/gui_interface/include/gui_interface/gui_interface/msg
[9.927s] -- Installing: /home/eating/work/install/gui_interface/include/gui_interface/gui_interface/msg/rosidl_typesupport_introspection_c__visibility_control.h
[9.927s] -- Up-to-date: /home/eating/work/install/gui_interface/include/gui_interface/gui_interface/srv
[9.927s] -- Up-to-date: /home/eating/work/install/gui_interface/include/gui_interface/gui_interface/srv/detail
[9.927s] -- Installing: /home/eating/work/install/gui_interface/include/gui_interface/gui_interface/srv/detail/taskcmd__type_support.c
[9.928s] -- Installing: /home/eating/work/install/gui_interface/include/gui_interface/gui_interface/srv/detail/taskcmd__rosidl_typesupport_introspection_c.h
[9.928s] -- Installing: /home/eating/work/install/gui_interface/lib/libgui_interface__rosidl_typesupport_introspection_c.so
[9.928s] -- Set runtime path of "/home/eating/work/install/gui_interface/lib/libgui_interface__rosidl_typesupport_introspection_c.so" to ""
[9.928s] -- Installing: /home/eating/work/install/gui_interface/lib/libgui_interface__rosidl_typesupport_c.so
[9.929s] -- Set runtime path of "/home/eating/work/install/gui_interface/lib/libgui_interface__rosidl_typesupport_c.so" to ""
[9.929s] -- Up-to-date: /home/eating/work/install/gui_interface/include/gui_interface/gui_interface
[9.929s] -- Up-to-date: /home/eating/work/install/gui_interface/include/gui_interface/gui_interface/srv
[9.929s] -- Up-to-date: /home/eating/work/install/gui_interface/include/gui_interface/gui_interface/srv/detail
[9.929s] -- Installing: /home/eating/work/install/gui_interface/include/gui_interface/gui_interface/srv/detail/taskcmd__rosidl_typesupport_introspection_cpp.hpp
[9.930s] -- Installing: /home/eating/work/install/gui_interface/include/gui_interface/gui_interface/srv/detail/taskcmd__type_support.cpp
[9.930s] -- Installing: /home/eating/work/install/gui_interface/lib/libgui_interface__rosidl_typesupport_introspection_cpp.so
[9.932s] -- Set runtime path of "/home/eating/work/install/gui_interface/lib/libgui_interface__rosidl_typesupport_introspection_cpp.so" to ""
[9.933s] -- Installing: /home/eating/work/install/gui_interface/lib/libgui_interface__rosidl_typesupport_cpp.so
[9.933s] -- Set runtime path of "/home/eating/work/install/gui_interface/lib/libgui_interface__rosidl_typesupport_cpp.so" to ""
[9.933s] -- Installing: /home/eating/work/install/gui_interface/share/gui_interface/environment/pythonpath.sh
[9.933s] -- Installing: /home/eating/work/install/gui_interface/share/gui_interface/environment/pythonpath.dsv
[9.934s] -- Installing: /home/eating/work/install/gui_interface/local/lib/python3.10/dist-packages/gui_interface-0.0.0-py3.10.egg-info
[9.944s] -- Installing: /home/eating/work/install/gui_interface/local/lib/python3.10/dist-packages/gui_interface-0.0.0-py3.10.egg-info/top_level.txt
[9.945s] -- Installing: /home/eating/work/install/gui_interface/local/lib/python3.10/dist-packages/gui_interface-0.0.0-py3.10.egg-info/SOURCES.txt
[9.945s] -- Installing: /home/eating/work/install/gui_interface/local/lib/python3.10/dist-packages/gui_interface-0.0.0-py3.10.egg-info/dependency_links.txt
[9.945s] -- Installing: /home/eating/work/install/gui_interface/local/lib/python3.10/dist-packages/gui_interface-0.0.0-py3.10.egg-info/PKG-INFO
[9.945s] -- Installing: /home/eating/work/install/gui_interface/local/lib/python3.10/dist-packages/gui_interface
[9.946s] -- Installing: /home/eating/work/install/gui_interface/local/lib/python3.10/dist-packages/gui_interface/__init__.py
[9.946s] -- Installing: /home/eating/work/install/gui_interface/local/lib/python3.10/dist-packages/gui_interface/gui_interface_s__rosidl_typesupport_c.cpython-310-x86_64-linux-gnu.so
[9.946s] -- Installing: /home/eating/work/install/gui_interface/local/lib/python3.10/dist-packages/gui_interface/_gui_interface_s.ep.rosidl_typesupport_fastrtps_c.c
[9.946s] -- Installing: /home/eating/work/install/gui_interface/local/lib/python3.10/dist-packages/gui_interface/_gui_interface_s.ep.rosidl_typesupport_c.c
[9.946s] -- Installing: /home/eating/work/install/gui_interface/local/lib/python3.10/dist-packages/gui_interface/gui_interface_s__rosidl_typesupport_introspection_c.cpython-310-x86_64-linux-gnu.so
[9.946s] -- Installing: /home/eating/work/install/gui_interface/local/lib/python3.10/dist-packages/gui_interface/srv
[9.946s] -- Installing: /home/eating/work/install/gui_interface/local/lib/python3.10/dist-packages/gui_interface/srv/__init__.py
[9.946s] -- Installing: /home/eating/work/install/gui_interface/local/lib/python3.10/dist-packages/gui_interface/srv/_taskcmd.py
[9.947s] -- Installing: /home/eating/work/install/gui_interface/local/lib/python3.10/dist-packages/gui_interface/srv/_taskcmd_s.c
[9.947s] -- Installing: /home/eating/work/install/gui_interface/local/lib/python3.10/dist-packages/gui_interface/libgui_interface__rosidl_generator_py.so
[9.947s] -- Installing: /home/eating/work/install/gui_interface/local/lib/python3.10/dist-packages/gui_interface/gui_interface_s__rosidl_typesupport_fastrtps_c.cpython-310-x86_64-linux-gnu.so
[9.947s] -- Installing: /home/eating/work/install/gui_interface/local/lib/python3.10/dist-packages/gui_interface/_gui_interface_s.ep.rosidl_typesupport_introspection_c.c
[10.028s] Listing '/home/eating/work/install/gui_interface/local/lib/python3.10/dist-packages/gui_interface'...
[10.028s] Compiling '/home/eating/work/install/gui_interface/local/lib/python3.10/dist-packages/gui_interface/__init__.py'...
[10.028s] Listing '/home/eating/work/install/gui_interface/local/lib/python3.10/dist-packages/gui_interface/srv'...
[10.028s] Compiling '/home/eating/work/install/gui_interface/local/lib/python3.10/dist-packages/gui_interface/srv/__init__.py'...
[10.028s] Compiling '/home/eating/work/install/gui_interface/local/lib/python3.10/dist-packages/gui_interface/srv/_taskcmd.py'...
[10.086s] -- Installing: /home/eating/work/install/gui_interface/local/lib/python3.10/dist-packages/gui_interface/gui_interface_s__rosidl_typesupport_fastrtps_c.cpython-310-x86_64-linux-gnu.so
[10.086s] -- Set runtime path of "/home/eating/work/install/gui_interface/local/lib/python3.10/dist-packages/gui_interface/gui_interface_s__rosidl_typesupport_fastrtps_c.cpython-310-x86_64-linux-gnu.so" to ""
[10.086s] -- Installing: /home/eating/work/install/gui_interface/local/lib/python3.10/dist-packages/gui_interface/gui_interface_s__rosidl_typesupport_introspection_c.cpython-310-x86_64-linux-gnu.so
[10.087s] -- Set runtime path of "/home/eating/work/install/gui_interface/local/lib/python3.10/dist-packages/gui_interface/gui_interface_s__rosidl_typesupport_introspection_c.cpython-310-x86_64-linux-gnu.so" to ""
[10.087s] -- Installing: /home/eating/work/install/gui_interface/local/lib/python3.10/dist-packages/gui_interface/gui_interface_s__rosidl_typesupport_c.cpython-310-x86_64-linux-gnu.so
[10.087s] -- Set runtime path of "/home/eating/work/install/gui_interface/local/lib/python3.10/dist-packages/gui_interface/gui_interface_s__rosidl_typesupport_c.cpython-310-x86_64-linux-gnu.so" to ""
[10.087s] -- Installing: /home/eating/work/install/gui_interface/lib/libgui_interface__rosidl_generator_py.so
[10.087s] -- Set runtime path of "/home/eating/work/install/gui_interface/lib/libgui_interface__rosidl_generator_py.so" to ""
[10.087s] -- Installing: /home/eating/work/install/gui_interface/share/gui_interface/srv/Taskcmd.idl
[10.087s] -- Installing: /home/eating/work/install/gui_interface/share/gui_interface/srv/Taskcmd.srv
[10.088s] -- Installing: /home/eating/work/install/gui_interface/share/gui_interface/srv/Taskcmd_Request.msg
[10.088s] -- Installing: /home/eating/work/install/gui_interface/share/gui_interface/srv/Taskcmd_Response.msg
[10.088s] -- Installing: /home/eating/work/install/gui_interface/share/ament_index/resource_index/package_run_dependencies/gui_interface
[10.088s] -- Installing: /home/eating/work/install/gui_interface/share/ament_index/resource_index/parent_prefix_path/gui_interface
[10.088s] -- Installing: /home/eating/work/install/gui_interface/share/gui_interface/environment/ament_prefix_path.sh
[10.088s] -- Installing: /home/eating/work/install/gui_interface/share/gui_interface/environment/ament_prefix_path.dsv
[10.088s] -- Installing: /home/eating/work/install/gui_interface/share/gui_interface/environment/path.sh
[10.088s] -- Installing: /home/eating/work/install/gui_interface/share/gui_interface/environment/path.dsv
[10.088s] -- Installing: /home/eating/work/install/gui_interface/share/gui_interface/local_setup.bash
[10.089s] -- Installing: /home/eating/work/install/gui_interface/share/gui_interface/local_setup.sh
[10.089s] -- Installing: /home/eating/work/install/gui_interface/share/gui_interface/local_setup.zsh
[10.089s] -- Installing: /home/eating/work/install/gui_interface/share/gui_interface/local_setup.dsv
[10.089s] -- Installing: /home/eating/work/install/gui_interface/share/gui_interface/package.dsv
[10.089s] -- Installing: /home/eating/work/install/gui_interface/share/ament_index/resource_index/packages/gui_interface
[10.089s] -- Installing: /home/eating/work/install/gui_interface/share/gui_interface/cmake/export_gui_interface__rosidl_generator_cExport.cmake
[10.089s] -- Installing: /home/eating/work/install/gui_interface/share/gui_interface/cmake/export_gui_interface__rosidl_generator_cExport-noconfig.cmake
[10.089s] -- Installing: /home/eating/work/install/gui_interface/share/gui_interface/cmake/export_gui_interface__rosidl_typesupport_fastrtps_cExport.cmake
[10.090s] -- Installing: /home/eating/work/install/gui_interface/share/gui_interface/cmake/export_gui_interface__rosidl_typesupport_fastrtps_cExport-noconfig.cmake
[10.090s] -- Installing: /home/eating/work/install/gui_interface/share/gui_interface/cmake/export_gui_interface__rosidl_generator_cppExport.cmake
[10.090s] -- Installing: /home/eating/work/install/gui_interface/share/gui_interface/cmake/export_gui_interface__rosidl_typesupport_fastrtps_cppExport.cmake
[10.090s] -- Installing: /home/eating/work/install/gui_interface/share/gui_interface/cmake/export_gui_interface__rosidl_typesupport_fastrtps_cppExport-noconfig.cmake
[10.090s] -- Installing: /home/eating/work/install/gui_interface/share/gui_interface/cmake/gui_interface__rosidl_typesupport_introspection_cExport.cmake
[10.090s] -- Installing: /home/eating/work/install/gui_interface/share/gui_interface/cmake/gui_interface__rosidl_typesupport_introspection_cExport-noconfig.cmake
[10.090s] -- Installing: /home/eating/work/install/gui_interface/share/gui_interface/cmake/gui_interface__rosidl_typesupport_cExport.cmake
[10.090s] -- Installing: /home/eating/work/install/gui_interface/share/gui_interface/cmake/gui_interface__rosidl_typesupport_cExport-noconfig.cmake
[10.090s] -- Installing: /home/eating/work/install/gui_interface/share/gui_interface/cmake/gui_interface__rosidl_typesupport_introspection_cppExport.cmake
[10.091s] -- Installing: /home/eating/work/install/gui_interface/share/gui_interface/cmake/gui_interface__rosidl_typesupport_introspection_cppExport-noconfig.cmake
[10.091s] -- Installing: /home/eating/work/install/gui_interface/share/gui_interface/cmake/gui_interface__rosidl_typesupport_cppExport.cmake
[10.091s] -- Installing: /home/eating/work/install/gui_interface/share/gui_interface/cmake/gui_interface__rosidl_typesupport_cppExport-noconfig.cmake
[10.091s] -- Installing: /home/eating/work/install/gui_interface/share/gui_interface/cmake/export_gui_interface__rosidl_generator_pyExport.cmake
[10.091s] -- Installing: /home/eating/work/install/gui_interface/share/gui_interface/cmake/export_gui_interface__rosidl_generator_pyExport-noconfig.cmake
[10.091s] -- Installing: /home/eating/work/install/gui_interface/share/gui_interface/cmake/rosidl_cmake-extras.cmake
[10.091s] -- Installing: /home/eating/work/install/gui_interface/share/gui_interface/cmake/ament_cmake_export_dependencies-extras.cmake
[10.091s] -- Installing: /home/eating/work/install/gui_interface/share/gui_interface/cmake/ament_cmake_export_include_directories-extras.cmake
[10.091s] -- Installing: /home/eating/work/install/gui_interface/share/gui_interface/cmake/ament_cmake_export_libraries-extras.cmake
[10.092s] -- Installing: /home/eating/work/install/gui_interface/share/gui_interface/cmake/ament_cmake_export_targets-extras.cmake
[10.092s] -- Installing: /home/eating/work/install/gui_interface/share/gui_interface/cmake/rosidl_cmake_export_typesupport_targets-extras.cmake
[10.092s] -- Installing: /home/eating/work/install/gui_interface/share/gui_interface/cmake/rosidl_cmake_export_typesupport_libraries-extras.cmake
[10.092s] -- Installing: /home/eating/work/install/gui_interface/share/gui_interface/cmake/gui_interfaceConfig.cmake
[10.092s] -- Installing: /home/eating/work/install/gui_interface/share/gui_interface/cmake/gui_interfaceConfig-version.cmake
[10.092s] -- Installing: /home/eating/work/install/gui_interface/share/gui_interface/package.xml
[10.743s] Invoked command in '/home/eating/work/build/gui_interface' returned '0': CMAKE_PREFIX_PATH=${CMAKE_PREFIX_PATH}:/home/eating/work/install/pallet_main:/home/eating/work/install/main_control:/home/eating/work/install/gui:/home/eating/work/install/docking_pkg:/opt/ros/humble /usr/bin/cmake --install /home/eating/work/build/gui_interface
