[0.795s] Invoking command in '/home/fxck/work/src/gui/gui': AMENT_PREFIX_PATH=/home/fxck/work/install/gui_interface:${AMENT_PREFIX_PATH} CMAKE_PREFIX_PATH=/home/fxck/work/install/gui_interface LD_LIBRARY_PATH=/home/fxck/work/install/gui_interface/lib:${LD_LIBRARY_PATH} PYTHONPATH=/home/fxck/work/build/gui/prefix_override:/usr/lib/python3/dist-packages/colcon_core/task/python/colcon_distutils_commands:/home/fxck/work/install/gui/lib/python3.10/site-packages:/home/fxck/work/install/gui_interface/local/lib/python3.10/dist-packages:${PYTHONPATH} /usr/bin/python3 -W ignore:setup.py install is deprecated -W ignore:easy_install command is deprecated setup.py egg_info --egg-base ../../../build/gui build --build-base /home/fxck/work/build/gui/build install --record /home/fxck/work/build/gui/install.log --single-version-externally-managed install_data
[1.033s] running egg_info
[1.033s] creating ../../../build/gui/gui.egg-info
[1.034s] writing ../../../build/gui/gui.egg-info/PKG-INFO
[1.034s] writing dependency_links to ../../../build/gui/gui.egg-info/dependency_links.txt
[1.034s] writing entry points to ../../../build/gui/gui.egg-info/entry_points.txt
[1.034s] writing requirements to ../../../build/gui/gui.egg-info/requires.txt
[1.034s] writing top-level names to ../../../build/gui/gui.egg-info/top_level.txt
[1.034s] writing manifest file '../../../build/gui/gui.egg-info/SOURCES.txt'
[1.036s] reading manifest file '../../../build/gui/gui.egg-info/SOURCES.txt'
[1.036s] writing manifest file '../../../build/gui/gui.egg-info/SOURCES.txt'
[1.036s] running build
[1.036s] running build_py
[1.036s] creating /home/fxck/work/build/gui/build
[1.037s] creating /home/fxck/work/build/gui/build/lib
[1.037s] creating /home/fxck/work/build/gui/build/lib/gui
[1.037s] copying gui/ui_to_py.py -> /home/fxck/work/build/gui/build/lib/gui
[1.037s] copying gui/main_ui.py -> /home/fxck/work/build/gui/build/lib/gui
[1.037s] copying gui/__init__.py -> /home/fxck/work/build/gui/build/lib/gui
[1.037s] copying gui/main.py -> /home/fxck/work/build/gui/build/lib/gui
[1.037s] running install
[1.037s] running install_lib
[1.038s] creating /home/fxck/work/install/gui/lib/python3.10/site-packages/gui
[1.038s] copying /home/fxck/work/build/gui/build/lib/gui/ui_to_py.py -> /home/fxck/work/install/gui/lib/python3.10/site-packages/gui
[1.038s] copying /home/fxck/work/build/gui/build/lib/gui/main_ui.py -> /home/fxck/work/install/gui/lib/python3.10/site-packages/gui
[1.038s] copying /home/fxck/work/build/gui/build/lib/gui/__init__.py -> /home/fxck/work/install/gui/lib/python3.10/site-packages/gui
[1.039s] copying /home/fxck/work/build/gui/build/lib/gui/main.py -> /home/fxck/work/install/gui/lib/python3.10/site-packages/gui
[1.039s] byte-compiling /home/fxck/work/install/gui/lib/python3.10/site-packages/gui/ui_to_py.py to ui_to_py.cpython-310.pyc
[1.039s] byte-compiling /home/fxck/work/install/gui/lib/python3.10/site-packages/gui/main_ui.py to main_ui.cpython-310.pyc
[1.040s] byte-compiling /home/fxck/work/install/gui/lib/python3.10/site-packages/gui/__init__.py to __init__.cpython-310.pyc
[1.040s] byte-compiling /home/fxck/work/install/gui/lib/python3.10/site-packages/gui/main.py to main.cpython-310.pyc
[1.041s] running install_data
[1.041s] creating /home/fxck/work/install/gui/share/ament_index
[1.041s] creating /home/fxck/work/install/gui/share/ament_index/resource_index
[1.042s] creating /home/fxck/work/install/gui/share/ament_index/resource_index/packages
[1.042s] copying resource/gui -> /home/fxck/work/install/gui/share/ament_index/resource_index/packages
[1.042s] copying package.xml -> /home/fxck/work/install/gui/share/gui
[1.042s] running install_egg_info
[1.044s] Copying ../../../build/gui/gui.egg-info to /home/fxck/work/install/gui/lib/python3.10/site-packages/gui-0.0.0-py3.10.egg-info
[1.045s] running install_scripts
[1.061s] Installing main script to /home/fxck/work/install/gui/lib/gui
[1.062s] writing list of installed files to '/home/fxck/work/build/gui/install.log'
[1.090s] Invoked command in '/home/fxck/work/src/gui/gui' returned '0': AMENT_PREFIX_PATH=/home/fxck/work/install/gui_interface:${AMENT_PREFIX_PATH} CMAKE_PREFIX_PATH=/home/fxck/work/install/gui_interface LD_LIBRARY_PATH=/home/fxck/work/install/gui_interface/lib:${LD_LIBRARY_PATH} PYTHONPATH=/home/fxck/work/build/gui/prefix_override:/usr/lib/python3/dist-packages/colcon_core/task/python/colcon_distutils_commands:/home/fxck/work/install/gui/lib/python3.10/site-packages:/home/fxck/work/install/gui_interface/local/lib/python3.10/dist-packages:${PYTHONPATH} /usr/bin/python3 -W ignore:setup.py install is deprecated -W ignore:easy_install command is deprecated setup.py egg_info --egg-base ../../../build/gui build --build-base /home/fxck/work/build/gui/build install --record /home/fxck/work/build/gui/install.log --single-version-externally-managed install_data
