[0.374s] Invoking command in '/home/eating/work/build/suction_description': CMAKE_PREFIX_PATH=${CMAKE_PREFIX_PATH}:/home/eating/work/install/pallet_main:/home/eating/work/install/main_control:/home/eating/work/install/gui:/home/eating/work/install/docking_pkg:/opt/ros/humble /usr/bin/cmake --build /home/eating/work/build/suction_description -- -j8 -l8
[0.437s] Invoked command in '/home/eating/work/build/suction_description' returned '0': CMAKE_PREFIX_PATH=${CMAKE_PREFIX_PATH}:/home/eating/work/install/pallet_main:/home/eating/work/install/main_control:/home/eating/work/install/gui:/home/eating/work/install/docking_pkg:/opt/ros/humble /usr/bin/cmake --build /home/eating/work/build/suction_description -- -j8 -l8
[0.438s] Invoking command in '/home/eating/work/build/suction_description': CMAKE_PREFIX_PATH=${CMAKE_PREFIX_PATH}:/home/eating/work/install/pallet_main:/home/eating/work/install/main_control:/home/eating/work/install/gui:/home/eating/work/install/docking_pkg:/opt/ros/humble /usr/bin/cmake --install /home/eating/work/build/suction_description
[0.472s] -- Install configuration: ""
[0.473s] -- Up-to-date: /home/eating/work/install/suction_description/share/suction_description/config
[0.473s] -- Up-to-date: /home/eating/work/install/suction_description/share/suction_description/config/joint_names_suction_urdf.yaml
[0.473s] -- Up-to-date: /home/eating/work/install/suction_description/share/suction_description/meshes
[0.474s] -- Up-to-date: /home/eating/work/install/suction_description/share/suction_description/meshes/tool_link.STL
[0.474s] -- Up-to-date: /home/eating/work/install/suction_description/share/suction_description/meshes/tool_end_Link.STL
[0.475s] -- Up-to-date: /home/eating/work/install/suction_description/share/suction_description/urdf
[0.476s] -- Up-to-date: /home/eating/work/install/suction_description/share/suction_description/urdf/suction_urdf.xacro
[0.476s] -- Up-to-date: /home/eating/work/install/suction_description/share/suction_description/urdf/suction.gazebo.xacro
[0.476s] -- Up-to-date: /home/eating/work/install/suction_description/share/suction_description/urdf/suction.transmission.xacro
[0.476s] -- Up-to-date: /home/eating/work/install/suction_description/share/ament_index/resource_index/package_run_dependencies/suction_description
[0.479s] -- Up-to-date: /home/eating/work/install/suction_description/share/ament_index/resource_index/parent_prefix_path/suction_description
[0.479s] -- Up-to-date: /home/eating/work/install/suction_description/share/suction_description/environment/ament_prefix_path.sh
[0.481s] -- Up-to-date: /home/eating/work/install/suction_description/share/suction_description/environment/ament_prefix_path.dsv
[0.481s] -- Up-to-date: /home/eating/work/install/suction_description/share/suction_description/environment/path.sh
[0.481s] -- Up-to-date: /home/eating/work/install/suction_description/share/suction_description/environment/path.dsv
[0.482s] -- Up-to-date: /home/eating/work/install/suction_description/share/suction_description/local_setup.bash
[0.482s] -- Up-to-date: /home/eating/work/install/suction_description/share/suction_description/local_setup.sh
[0.482s] -- Up-to-date: /home/eating/work/install/suction_description/share/suction_description/local_setup.zsh
[0.483s] -- Up-to-date: /home/eating/work/install/suction_description/share/suction_description/local_setup.dsv
[0.483s] -- Installing: /home/eating/work/install/suction_description/share/suction_description/package.dsv
[0.483s] -- Up-to-date: /home/eating/work/install/suction_description/share/ament_index/resource_index/packages/suction_description
[0.483s] -- Up-to-date: /home/eating/work/install/suction_description/share/suction_description/cmake/suction_descriptionConfig.cmake
[0.483s] -- Up-to-date: /home/eating/work/install/suction_description/share/suction_description/cmake/suction_descriptionConfig-version.cmake
[0.484s] -- Up-to-date: /home/eating/work/install/suction_description/share/suction_description/package.xml
[0.529s] Invoked command in '/home/eating/work/build/suction_description' returned '0': CMAKE_PREFIX_PATH=${CMAKE_PREFIX_PATH}:/home/eating/work/install/pallet_main:/home/eating/work/install/main_control:/home/eating/work/install/gui:/home/eating/work/install/docking_pkg:/opt/ros/humble /usr/bin/cmake --install /home/eating/work/build/suction_description
