[0.021s] Invoking command in '/home/fxck/work/build/gui_interface': CMAKE_PREFIX_PATH=${CMAKE_PREFIX_PATH}:/home/fxck/work/install/main_control:/home/fxck/work/install/gui:/opt/ros/humble /usr/bin/cmake --build /home/fxck/work/build/gui_interface -- -j16 -l16
[0.074s] [  3%] Built target gui_interface__cpp
[0.075s] [ 12%] Built target gui_interface__rosidl_generator_c
[0.084s] [ 12%] Built target ament_cmake_python_copy_gui_interface
[0.104s] [ 22%] Built target gui_interface__rosidl_typesupport_introspection_c
[0.106s] [ 32%] Built target gui_interface__rosidl_typesupport_cpp
[0.106s] [ 41%] Built target gui_interface__rosidl_typesupport_fastrtps_cpp
[0.107s] [ 51%] Built target gui_interface__rosidl_typesupport_introspection_cpp
[0.109s] [ 61%] Built target gui_interface__rosidl_typesupport_fastrtps_c
[0.112s] [ 70%] Built target gui_interface__rosidl_typesupport_c
[0.135s] [ 70%] Built target gui_interface
[0.156s] [ 74%] Built target gui_interface__py
[0.179s] [ 80%] Built target gui_interface__rosidl_generator_py
[0.203s] [ 87%] Built target gui_interface__rosidl_typesupport_c__pyext
[0.204s] [100%] Built target gui_interface__rosidl_typesupport_fastrtps_c__pyext
[0.204s] [100%] Built target gui_interface__rosidl_typesupport_introspection_c__pyext
[0.302s] running egg_info
[0.302s] writing gui_interface.egg-info/PKG-INFO
[0.302s] writing dependency_links to gui_interface.egg-info/dependency_links.txt
[0.302s] writing top-level names to gui_interface.egg-info/top_level.txt
[0.304s] reading manifest file 'gui_interface.egg-info/SOURCES.txt'
[0.304s] writing manifest file 'gui_interface.egg-info/SOURCES.txt'
[0.325s] [100%] Built target ament_cmake_python_build_gui_interface_egg
[0.337s] Invoked command in '/home/fxck/work/build/gui_interface' returned '0': CMAKE_PREFIX_PATH=${CMAKE_PREFIX_PATH}:/home/fxck/work/install/main_control:/home/fxck/work/install/gui:/opt/ros/humble /usr/bin/cmake --build /home/fxck/work/build/gui_interface -- -j16 -l16
[0.338s] Invoking command in '/home/fxck/work/build/gui_interface': CMAKE_PREFIX_PATH=${CMAKE_PREFIX_PATH}:/home/fxck/work/install/main_control:/home/fxck/work/install/gui:/opt/ros/humble /usr/bin/cmake --install /home/fxck/work/build/gui_interface
[0.345s] -- Install configuration: ""
[0.346s] -- Up-to-date: /home/fxck/work/install/gui_interface/share/ament_index/resource_index/rosidl_interfaces/gui_interface
[0.346s] -- Up-to-date: /home/fxck/work/install/gui_interface/include/gui_interface/gui_interface
[0.346s] -- Up-to-date: /home/fxck/work/install/gui_interface/include/gui_interface/gui_interface/msg
[0.346s] -- Up-to-date: /home/fxck/work/install/gui_interface/include/gui_interface/gui_interface/msg/rosidl_generator_c__visibility_control.h
[0.346s] -- Up-to-date: /home/fxck/work/install/gui_interface/include/gui_interface/gui_interface/srv
[0.346s] -- Up-to-date: /home/fxck/work/install/gui_interface/include/gui_interface/gui_interface/srv/taskcmd.h
[0.347s] -- Up-to-date: /home/fxck/work/install/gui_interface/include/gui_interface/gui_interface/srv/detail
[0.347s] -- Up-to-date: /home/fxck/work/install/gui_interface/include/gui_interface/gui_interface/srv/detail/taskcmd__struct.h
[0.347s] -- Up-to-date: /home/fxck/work/install/gui_interface/include/gui_interface/gui_interface/srv/detail/taskcmd__functions.h
[0.347s] -- Up-to-date: /home/fxck/work/install/gui_interface/include/gui_interface/gui_interface/srv/detail/taskcmd__type_support.h
[0.347s] -- Up-to-date: /home/fxck/work/install/gui_interface/include/gui_interface/gui_interface/srv/detail/taskcmd__functions.c
[0.347s] -- Up-to-date: /home/fxck/work/install/gui_interface/share/gui_interface/environment/library_path.sh
[0.347s] -- Up-to-date: /home/fxck/work/install/gui_interface/share/gui_interface/environment/library_path.dsv
[0.348s] -- Up-to-date: /home/fxck/work/install/gui_interface/lib/libgui_interface__rosidl_generator_c.so
[0.348s] -- Up-to-date: /home/fxck/work/install/gui_interface/include/gui_interface/gui_interface
[0.348s] -- Up-to-date: /home/fxck/work/install/gui_interface/include/gui_interface/gui_interface/msg
[0.348s] -- Up-to-date: /home/fxck/work/install/gui_interface/include/gui_interface/gui_interface/msg/rosidl_typesupport_fastrtps_c__visibility_control.h
[0.348s] -- Up-to-date: /home/fxck/work/install/gui_interface/include/gui_interface/gui_interface/srv
[0.348s] -- Up-to-date: /home/fxck/work/install/gui_interface/include/gui_interface/gui_interface/srv/detail
[0.349s] -- Up-to-date: /home/fxck/work/install/gui_interface/include/gui_interface/gui_interface/srv/detail/taskcmd__rosidl_typesupport_fastrtps_c.h
[0.349s] -- Up-to-date: /home/fxck/work/install/gui_interface/lib/libgui_interface__rosidl_typesupport_fastrtps_c.so
[0.349s] -- Up-to-date: /home/fxck/work/install/gui_interface/include/gui_interface/gui_interface
[0.349s] -- Up-to-date: /home/fxck/work/install/gui_interface/include/gui_interface/gui_interface/msg
[0.349s] -- Up-to-date: /home/fxck/work/install/gui_interface/include/gui_interface/gui_interface/msg/rosidl_generator_cpp__visibility_control.hpp
[0.350s] -- Up-to-date: /home/fxck/work/install/gui_interface/include/gui_interface/gui_interface/srv
[0.350s] -- Up-to-date: /home/fxck/work/install/gui_interface/include/gui_interface/gui_interface/srv/taskcmd.hpp
[0.350s] -- Up-to-date: /home/fxck/work/install/gui_interface/include/gui_interface/gui_interface/srv/detail
[0.350s] -- Up-to-date: /home/fxck/work/install/gui_interface/include/gui_interface/gui_interface/srv/detail/taskcmd__builder.hpp
[0.350s] -- Up-to-date: /home/fxck/work/install/gui_interface/include/gui_interface/gui_interface/srv/detail/taskcmd__struct.hpp
[0.350s] -- Up-to-date: /home/fxck/work/install/gui_interface/include/gui_interface/gui_interface/srv/detail/taskcmd__type_support.hpp
[0.351s] -- Up-to-date: /home/fxck/work/install/gui_interface/include/gui_interface/gui_interface/srv/detail/taskcmd__traits.hpp
[0.351s] -- Up-to-date: /home/fxck/work/install/gui_interface/include/gui_interface/gui_interface
[0.351s] -- Up-to-date: /home/fxck/work/install/gui_interface/include/gui_interface/gui_interface/msg
[0.351s] -- Up-to-date: /home/fxck/work/install/gui_interface/include/gui_interface/gui_interface/msg/rosidl_typesupport_fastrtps_cpp__visibility_control.h
[0.351s] -- Up-to-date: /home/fxck/work/install/gui_interface/include/gui_interface/gui_interface/srv
[0.351s] -- Up-to-date: /home/fxck/work/install/gui_interface/include/gui_interface/gui_interface/srv/detail
[0.351s] -- Up-to-date: /home/fxck/work/install/gui_interface/include/gui_interface/gui_interface/srv/detail/dds_fastrtps
[0.352s] -- Up-to-date: /home/fxck/work/install/gui_interface/include/gui_interface/gui_interface/srv/detail/taskcmd__rosidl_typesupport_fastrtps_cpp.hpp
[0.352s] -- Up-to-date: /home/fxck/work/install/gui_interface/lib/libgui_interface__rosidl_typesupport_fastrtps_cpp.so
[0.352s] -- Up-to-date: /home/fxck/work/install/gui_interface/include/gui_interface/gui_interface
[0.353s] -- Up-to-date: /home/fxck/work/install/gui_interface/include/gui_interface/gui_interface/msg
[0.353s] -- Up-to-date: /home/fxck/work/install/gui_interface/include/gui_interface/gui_interface/msg/rosidl_typesupport_introspection_c__visibility_control.h
[0.353s] -- Up-to-date: /home/fxck/work/install/gui_interface/include/gui_interface/gui_interface/srv
[0.353s] -- Up-to-date: /home/fxck/work/install/gui_interface/include/gui_interface/gui_interface/srv/detail
[0.354s] -- Up-to-date: /home/fxck/work/install/gui_interface/include/gui_interface/gui_interface/srv/detail/taskcmd__type_support.c
[0.354s] -- Up-to-date: /home/fxck/work/install/gui_interface/include/gui_interface/gui_interface/srv/detail/taskcmd__rosidl_typesupport_introspection_c.h
[0.355s] -- Up-to-date: /home/fxck/work/install/gui_interface/lib/libgui_interface__rosidl_typesupport_introspection_c.so
[0.355s] -- Up-to-date: /home/fxck/work/install/gui_interface/lib/libgui_interface__rosidl_typesupport_c.so
[0.355s] -- Up-to-date: /home/fxck/work/install/gui_interface/include/gui_interface/gui_interface
[0.355s] -- Up-to-date: /home/fxck/work/install/gui_interface/include/gui_interface/gui_interface/srv
[0.356s] -- Up-to-date: /home/fxck/work/install/gui_interface/include/gui_interface/gui_interface/srv/detail
[0.356s] -- Up-to-date: /home/fxck/work/install/gui_interface/include/gui_interface/gui_interface/srv/detail/taskcmd__type_support.cpp
[0.356s] -- Up-to-date: /home/fxck/work/install/gui_interface/include/gui_interface/gui_interface/srv/detail/taskcmd__rosidl_typesupport_introspection_cpp.hpp
[0.356s] -- Up-to-date: /home/fxck/work/install/gui_interface/lib/libgui_interface__rosidl_typesupport_introspection_cpp.so
[0.357s] -- Up-to-date: /home/fxck/work/install/gui_interface/lib/libgui_interface__rosidl_typesupport_cpp.so
[0.358s] -- Up-to-date: /home/fxck/work/install/gui_interface/share/gui_interface/environment/pythonpath.sh
[0.358s] -- Up-to-date: /home/fxck/work/install/gui_interface/share/gui_interface/environment/pythonpath.dsv
[0.358s] -- Up-to-date: /home/fxck/work/install/gui_interface/local/lib/python3.10/dist-packages/gui_interface-0.0.0-py3.10.egg-info
[0.359s] -- Installing: /home/fxck/work/install/gui_interface/local/lib/python3.10/dist-packages/gui_interface-0.0.0-py3.10.egg-info/SOURCES.txt
[0.359s] -- Installing: /home/fxck/work/install/gui_interface/local/lib/python3.10/dist-packages/gui_interface-0.0.0-py3.10.egg-info/dependency_links.txt
[0.360s] -- Installing: /home/fxck/work/install/gui_interface/local/lib/python3.10/dist-packages/gui_interface-0.0.0-py3.10.egg-info/PKG-INFO
[0.360s] -- Installing: /home/fxck/work/install/gui_interface/local/lib/python3.10/dist-packages/gui_interface-0.0.0-py3.10.egg-info/top_level.txt
[0.361s] -- Up-to-date: /home/fxck/work/install/gui_interface/local/lib/python3.10/dist-packages/gui_interface
[0.361s] -- Up-to-date: /home/fxck/work/install/gui_interface/local/lib/python3.10/dist-packages/gui_interface/srv
[0.361s] -- Up-to-date: /home/fxck/work/install/gui_interface/local/lib/python3.10/dist-packages/gui_interface/srv/_taskcmd_s.c
[0.361s] -- Up-to-date: /home/fxck/work/install/gui_interface/local/lib/python3.10/dist-packages/gui_interface/srv/_taskcmd.py
[0.361s] -- Up-to-date: /home/fxck/work/install/gui_interface/local/lib/python3.10/dist-packages/gui_interface/srv/__init__.py
[0.361s] -- Up-to-date: /home/fxck/work/install/gui_interface/local/lib/python3.10/dist-packages/gui_interface/_gui_interface_s.ep.rosidl_typesupport_fastrtps_c.c
[0.362s] -- Up-to-date: /home/fxck/work/install/gui_interface/local/lib/python3.10/dist-packages/gui_interface/gui_interface_s__rosidl_typesupport_fastrtps_c.cpython-310-x86_64-linux-gnu.so
[0.362s] -- Up-to-date: /home/fxck/work/install/gui_interface/local/lib/python3.10/dist-packages/gui_interface/libgui_interface__rosidl_generator_py.so
[0.362s] -- Up-to-date: /home/fxck/work/install/gui_interface/local/lib/python3.10/dist-packages/gui_interface/gui_interface_s__rosidl_typesupport_c.cpython-310-x86_64-linux-gnu.so
[0.362s] -- Up-to-date: /home/fxck/work/install/gui_interface/local/lib/python3.10/dist-packages/gui_interface/_gui_interface_s.ep.rosidl_typesupport_c.c
[0.362s] -- Up-to-date: /home/fxck/work/install/gui_interface/local/lib/python3.10/dist-packages/gui_interface/_gui_interface_s.ep.rosidl_typesupport_introspection_c.c
[0.362s] -- Up-to-date: /home/fxck/work/install/gui_interface/local/lib/python3.10/dist-packages/gui_interface/__init__.py
[0.362s] -- Up-to-date: /home/fxck/work/install/gui_interface/local/lib/python3.10/dist-packages/gui_interface/gui_interface_s__rosidl_typesupport_introspection_c.cpython-310-x86_64-linux-gnu.so
[0.378s] Listing '/home/fxck/work/install/gui_interface/local/lib/python3.10/dist-packages/gui_interface'...
[0.378s] Listing '/home/fxck/work/install/gui_interface/local/lib/python3.10/dist-packages/gui_interface/srv'...
[0.382s] -- Up-to-date: /home/fxck/work/install/gui_interface/local/lib/python3.10/dist-packages/gui_interface/gui_interface_s__rosidl_typesupport_fastrtps_c.cpython-310-x86_64-linux-gnu.so
[0.382s] -- Up-to-date: /home/fxck/work/install/gui_interface/local/lib/python3.10/dist-packages/gui_interface/gui_interface_s__rosidl_typesupport_introspection_c.cpython-310-x86_64-linux-gnu.so
[0.382s] -- Up-to-date: /home/fxck/work/install/gui_interface/local/lib/python3.10/dist-packages/gui_interface/gui_interface_s__rosidl_typesupport_c.cpython-310-x86_64-linux-gnu.so
[0.383s] -- Up-to-date: /home/fxck/work/install/gui_interface/lib/libgui_interface__rosidl_generator_py.so
[0.383s] -- Up-to-date: /home/fxck/work/install/gui_interface/share/gui_interface/srv/Taskcmd.idl
[0.383s] -- Up-to-date: /home/fxck/work/install/gui_interface/share/gui_interface/srv/Taskcmd.srv
[0.383s] -- Up-to-date: /home/fxck/work/install/gui_interface/share/gui_interface/srv/Taskcmd_Request.msg
[0.383s] -- Up-to-date: /home/fxck/work/install/gui_interface/share/gui_interface/srv/Taskcmd_Response.msg
[0.383s] -- Up-to-date: /home/fxck/work/install/gui_interface/share/ament_index/resource_index/package_run_dependencies/gui_interface
[0.384s] -- Up-to-date: /home/fxck/work/install/gui_interface/share/ament_index/resource_index/parent_prefix_path/gui_interface
[0.384s] -- Up-to-date: /home/fxck/work/install/gui_interface/share/gui_interface/environment/ament_prefix_path.sh
[0.384s] -- Up-to-date: /home/fxck/work/install/gui_interface/share/gui_interface/environment/ament_prefix_path.dsv
[0.384s] -- Up-to-date: /home/fxck/work/install/gui_interface/share/gui_interface/environment/path.sh
[0.384s] -- Up-to-date: /home/fxck/work/install/gui_interface/share/gui_interface/environment/path.dsv
[0.384s] -- Up-to-date: /home/fxck/work/install/gui_interface/share/gui_interface/local_setup.bash
[0.384s] -- Up-to-date: /home/fxck/work/install/gui_interface/share/gui_interface/local_setup.sh
[0.384s] -- Up-to-date: /home/fxck/work/install/gui_interface/share/gui_interface/local_setup.zsh
[0.385s] -- Up-to-date: /home/fxck/work/install/gui_interface/share/gui_interface/local_setup.dsv
[0.385s] -- Installing: /home/fxck/work/install/gui_interface/share/gui_interface/package.dsv
[0.385s] -- Up-to-date: /home/fxck/work/install/gui_interface/share/ament_index/resource_index/packages/gui_interface
[0.385s] -- Up-to-date: /home/fxck/work/install/gui_interface/share/gui_interface/cmake/export_gui_interface__rosidl_generator_cExport.cmake
[0.385s] -- Up-to-date: /home/fxck/work/install/gui_interface/share/gui_interface/cmake/export_gui_interface__rosidl_generator_cExport-noconfig.cmake
[0.385s] -- Up-to-date: /home/fxck/work/install/gui_interface/share/gui_interface/cmake/export_gui_interface__rosidl_typesupport_fastrtps_cExport.cmake
[0.385s] -- Up-to-date: /home/fxck/work/install/gui_interface/share/gui_interface/cmake/export_gui_interface__rosidl_typesupport_fastrtps_cExport-noconfig.cmake
[0.386s] -- Up-to-date: /home/fxck/work/install/gui_interface/share/gui_interface/cmake/export_gui_interface__rosidl_generator_cppExport.cmake
[0.386s] -- Up-to-date: /home/fxck/work/install/gui_interface/share/gui_interface/cmake/export_gui_interface__rosidl_typesupport_fastrtps_cppExport.cmake
[0.386s] -- Up-to-date: /home/fxck/work/install/gui_interface/share/gui_interface/cmake/export_gui_interface__rosidl_typesupport_fastrtps_cppExport-noconfig.cmake
[0.386s] -- Up-to-date: /home/fxck/work/install/gui_interface/share/gui_interface/cmake/gui_interface__rosidl_typesupport_introspection_cExport.cmake
[0.387s] -- Up-to-date: /home/fxck/work/install/gui_interface/share/gui_interface/cmake/gui_interface__rosidl_typesupport_introspection_cExport-noconfig.cmake
[0.387s] -- Up-to-date: /home/fxck/work/install/gui_interface/share/gui_interface/cmake/gui_interface__rosidl_typesupport_cExport.cmake
[0.387s] -- Up-to-date: /home/fxck/work/install/gui_interface/share/gui_interface/cmake/gui_interface__rosidl_typesupport_cExport-noconfig.cmake
[0.387s] -- Up-to-date: /home/fxck/work/install/gui_interface/share/gui_interface/cmake/gui_interface__rosidl_typesupport_introspection_cppExport.cmake
[0.388s] -- Up-to-date: /home/fxck/work/install/gui_interface/share/gui_interface/cmake/gui_interface__rosidl_typesupport_introspection_cppExport-noconfig.cmake
[0.388s] -- Up-to-date: /home/fxck/work/install/gui_interface/share/gui_interface/cmake/gui_interface__rosidl_typesupport_cppExport.cmake
[0.388s] -- Up-to-date: /home/fxck/work/install/gui_interface/share/gui_interface/cmake/gui_interface__rosidl_typesupport_cppExport-noconfig.cmake
[0.388s] -- Up-to-date: /home/fxck/work/install/gui_interface/share/gui_interface/cmake/export_gui_interface__rosidl_generator_pyExport.cmake
[0.388s] -- Up-to-date: /home/fxck/work/install/gui_interface/share/gui_interface/cmake/export_gui_interface__rosidl_generator_pyExport-noconfig.cmake
[0.389s] -- Up-to-date: /home/fxck/work/install/gui_interface/share/gui_interface/cmake/rosidl_cmake-extras.cmake
[0.389s] -- Up-to-date: /home/fxck/work/install/gui_interface/share/gui_interface/cmake/ament_cmake_export_dependencies-extras.cmake
[0.389s] -- Up-to-date: /home/fxck/work/install/gui_interface/share/gui_interface/cmake/ament_cmake_export_include_directories-extras.cmake
[0.389s] -- Up-to-date: /home/fxck/work/install/gui_interface/share/gui_interface/cmake/ament_cmake_export_libraries-extras.cmake
[0.390s] -- Up-to-date: /home/fxck/work/install/gui_interface/share/gui_interface/cmake/ament_cmake_export_targets-extras.cmake
[0.391s] -- Up-to-date: /home/fxck/work/install/gui_interface/share/gui_interface/cmake/rosidl_cmake_export_typesupport_targets-extras.cmake
[0.391s] -- Up-to-date: /home/fxck/work/install/gui_interface/share/gui_interface/cmake/rosidl_cmake_export_typesupport_libraries-extras.cmake
[0.391s] -- Up-to-date: /home/fxck/work/install/gui_interface/share/gui_interface/cmake/gui_interfaceConfig.cmake
[0.392s] -- Up-to-date: /home/fxck/work/install/gui_interface/share/gui_interface/cmake/gui_interfaceConfig-version.cmake
[0.392s] -- Up-to-date: /home/fxck/work/install/gui_interface/share/gui_interface/package.xml
[0.396s] Invoked command in '/home/fxck/work/build/gui_interface' returned '0': CMAKE_PREFIX_PATH=${CMAKE_PREFIX_PATH}:/home/fxck/work/install/main_control:/home/fxck/work/install/gui:/opt/ros/humble /usr/bin/cmake --install /home/fxck/work/build/gui_interface
