[0.667s] Invoking command in '/home/fxck/work/src/GUI/gui': CMAKE_PREFIX_PATH=/home/fxck/work/install/gui_interface:/home/fxck/work/install/mecanum:/home/fxck/work/install/linear_move:/home/fxck/work/install/keyboard_control:/home/fxck/work/install/interface LD_LIBRARY_PATH=/home/fxck/work/install/gui_interface/lib:/home/fxck/work/install/interface/lib:/opt/ros/humble/opt/rviz_ogre_vendor/lib:/opt/ros/humble/lib/x86_64-linux-gnu:/opt/ros/humble/lib PYTHONPATH=/home/fxck/work/build/gui/prefix_override:/usr/lib/python3/dist-packages/colcon_core/task/python/colcon_distutils_commands:/home/fxck/work/install/gui/lib/python3.10/site-packages:${PYTHONPATH} /usr/bin/python3 -W ignore:setup.py install is deprecated -W ignore:easy_install command is deprecated setup.py egg_info --egg-base ../../../build/gui build --build-base /home/fxck/work/build/gui/build install --record /home/fxck/work/build/gui/install.log --single-version-externally-managed install_data
[0.852s] running egg_info
[0.852s] writing ../../../build/gui/gui.egg-info/PKG-INFO
[0.853s] writing dependency_links to ../../../build/gui/gui.egg-info/dependency_links.txt
[0.853s] writing entry points to ../../../build/gui/gui.egg-info/entry_points.txt
[0.853s] writing requirements to ../../../build/gui/gui.egg-info/requires.txt
[0.853s] writing top-level names to ../../../build/gui/gui.egg-info/top_level.txt
[0.854s] reading manifest file '../../../build/gui/gui.egg-info/SOURCES.txt'
[0.855s] writing manifest file '../../../build/gui/gui.egg-info/SOURCES.txt'
[0.855s] running build
[0.855s] running build_py
[0.855s] running install
[0.855s] running install_lib
[0.856s] byte-compiling /home/fxck/work/install/gui/lib/python3.10/site-packages/gui/ui_to_py.py to ui_to_py.cpython-310.pyc
[0.857s] running install_data
[0.857s] running install_egg_info
[0.858s] removing '/home/fxck/work/install/gui/lib/python3.10/site-packages/gui-0.0.0-py3.10.egg-info' (and everything under it)
[0.858s] Copying ../../../build/gui/gui.egg-info to /home/fxck/work/install/gui/lib/python3.10/site-packages/gui-0.0.0-py3.10.egg-info
[0.859s] running install_scripts
[0.874s] Installing main script to /home/fxck/work/install/gui/lib/gui
[0.874s] writing list of installed files to '/home/fxck/work/build/gui/install.log'
[0.891s] Invoked command in '/home/fxck/work/src/GUI/gui' returned '0': CMAKE_PREFIX_PATH=/home/fxck/work/install/gui_interface:/home/fxck/work/install/mecanum:/home/fxck/work/install/linear_move:/home/fxck/work/install/keyboard_control:/home/fxck/work/install/interface LD_LIBRARY_PATH=/home/fxck/work/install/gui_interface/lib:/home/fxck/work/install/interface/lib:/opt/ros/humble/opt/rviz_ogre_vendor/lib:/opt/ros/humble/lib/x86_64-linux-gnu:/opt/ros/humble/lib PYTHONPATH=/home/fxck/work/build/gui/prefix_override:/usr/lib/python3/dist-packages/colcon_core/task/python/colcon_distutils_commands:/home/fxck/work/install/gui/lib/python3.10/site-packages:${PYTHONPATH} /usr/bin/python3 -W ignore:setup.py install is deprecated -W ignore:easy_install command is deprecated setup.py egg_info --egg-base ../../../build/gui build --build-base /home/fxck/work/build/gui/build install --record /home/fxck/work/build/gui/install.log --single-version-externally-managed install_data
