[0.356s] Invoking command in '/home/eating/work/build/linear_move': CMAKE_PREFIX_PATH=${CMAKE_PREFIX_PATH}:/home/eating/work/install/pallet_main:/home/eating/work/install/main_control:/home/eating/work/install/gui:/home/eating/work/install/docking_pkg:/opt/ros/humble /usr/bin/cmake /home/eating/work/src/linear_move -DCMAKE_INSTALL_PREFIX=/home/eating/work/install/linear_move
[0.438s] -- The C compiler identification is GNU 11.4.0
[0.526s] -- The CXX compiler identification is GNU 11.4.0
[0.536s] -- Detecting C compiler ABI info
[0.629s] -- Detecting C compiler ABI info - done
[0.645s] -- Check for working C compiler: /usr/bin/cc - skipped
[0.645s] -- Detecting C compile features
[0.646s] -- Detecting C compile features - done
[0.650s] -- Detecting CXX compiler ABI info
[0.790s] -- Detecting CXX compiler ABI info - done
[0.804s] -- Check for working CXX compiler: /usr/bin/c++ - skipped
[0.804s] -- Detecting CXX compile features
[0.805s] -- Detecting CXX compile features - done
[0.810s] -- Found ament_cmake: 1.3.11 (/opt/ros/humble/share/ament_cmake/cmake)
[1.067s] -- Found Python3: /usr/bin/python3 (found version "3.10.12") found components: Interpreter 
[1.214s] -- Found rclcpp: 16.0.12 (/opt/ros/humble/share/rclcpp/cmake)
[1.279s] -- Found rosidl_generator_c: 3.1.6 (/opt/ros/humble/share/rosidl_generator_c/cmake)
[1.288s] -- Found rosidl_adapter: 3.1.6 (/opt/ros/humble/share/rosidl_adapter/cmake)
[1.302s] -- Found rosidl_generator_cpp: 3.1.6 (/opt/ros/humble/share/rosidl_generator_cpp/cmake)
[1.324s] -- Using all available rosidl_typesupport_c: rosidl_typesupport_fastrtps_c;rosidl_typesupport_introspection_c
[1.352s] -- Using all available rosidl_typesupport_cpp: rosidl_typesupport_fastrtps_cpp;rosidl_typesupport_introspection_cpp
[1.426s] -- Found rmw_implementation_cmake: 6.1.2 (/opt/ros/humble/share/rmw_implementation_cmake/cmake)
[1.432s] -- Found rmw_cyclonedds_cpp: 1.3.4 (/opt/ros/humble/share/rmw_cyclonedds_cpp/cmake)
[1.469s] -- Using RMW implementation 'rmw_cyclonedds_cpp' as default
[1.482s] -- Looking for pthread.h
[1.587s] -- Looking for pthread.h - found
[1.587s] -- Performing Test CMAKE_HAVE_LIBC_PTHREAD
[1.685s] -- Performing Test CMAKE_HAVE_LIBC_PTHREAD - Success
[1.687s] -- Found Threads: TRUE  
[1.781s] -- Found ament_lint_auto: 0.12.12 (/opt/ros/humble/share/ament_lint_auto/cmake)
[1.901s] -- Added test 'cppcheck' to perform static code analysis on C / C++ code
[1.901s] -- Configured cppcheck include dirs: /home/eating/work/src/linear_move/include
[1.902s] -- Configured cppcheck exclude dirs and/or files: 
[1.903s] -- Added test 'lint_cmake' to check CMake code style
[1.905s] -- Added test 'uncrustify' to check C / C++ code style
[1.905s] -- Configured uncrustify additional arguments: 
[1.906s] -- Added test 'xmllint' to check XML markup files
[1.909s] -- Configuring done
[1.923s] -- Generating done
[1.929s] -- Build files have been written to: /home/eating/work/build/linear_move
[1.953s] Invoked command in '/home/eating/work/build/linear_move' returned '0': CMAKE_PREFIX_PATH=${CMAKE_PREFIX_PATH}:/home/eating/work/install/pallet_main:/home/eating/work/install/main_control:/home/eating/work/install/gui:/home/eating/work/install/docking_pkg:/opt/ros/humble /usr/bin/cmake /home/eating/work/src/linear_move -DCMAKE_INSTALL_PREFIX=/home/eating/work/install/linear_move
[1.954s] Invoking command in '/home/eating/work/build/linear_move': CMAKE_PREFIX_PATH=${CMAKE_PREFIX_PATH}:/home/eating/work/install/pallet_main:/home/eating/work/install/main_control:/home/eating/work/install/gui:/home/eating/work/install/docking_pkg:/opt/ros/humble /usr/bin/cmake --build /home/eating/work/build/linear_move -- -j8 -l8
[2.238s] [ 50%] [32mBuilding CXX object CMakeFiles/slide.dir/src/slide.cpp.o[0m
[21.810s] [100%] [32m[1mLinking CXX executable slide[0m
[22.262s] [100%] Built target slide
[22.273s] Invoked command in '/home/eating/work/build/linear_move' returned '0': CMAKE_PREFIX_PATH=${CMAKE_PREFIX_PATH}:/home/eating/work/install/pallet_main:/home/eating/work/install/main_control:/home/eating/work/install/gui:/home/eating/work/install/docking_pkg:/opt/ros/humble /usr/bin/cmake --build /home/eating/work/build/linear_move -- -j8 -l8
[22.274s] Invoking command in '/home/eating/work/build/linear_move': CMAKE_PREFIX_PATH=${CMAKE_PREFIX_PATH}:/home/eating/work/install/pallet_main:/home/eating/work/install/main_control:/home/eating/work/install/gui:/home/eating/work/install/docking_pkg:/opt/ros/humble /usr/bin/cmake --install /home/eating/work/build/linear_move
[22.282s] -- Install configuration: ""
[22.282s] -- Installing: /home/eating/work/install/linear_move/lib/linear_move/slide
[22.286s] -- Set runtime path of "/home/eating/work/install/linear_move/lib/linear_move/slide" to ""
[22.286s] -- Installing: /home/eating/work/install/linear_move/share/ament_index/resource_index/package_run_dependencies/linear_move
[22.286s] -- Installing: /home/eating/work/install/linear_move/share/ament_index/resource_index/parent_prefix_path/linear_move
[22.286s] -- Installing: /home/eating/work/install/linear_move/share/linear_move/environment/ament_prefix_path.sh
[22.286s] -- Installing: /home/eating/work/install/linear_move/share/linear_move/environment/ament_prefix_path.dsv
[22.287s] -- Installing: /home/eating/work/install/linear_move/share/linear_move/environment/path.sh
[22.287s] -- Installing: /home/eating/work/install/linear_move/share/linear_move/environment/path.dsv
[22.287s] -- Installing: /home/eating/work/install/linear_move/share/linear_move/local_setup.bash
[22.287s] -- Installing: /home/eating/work/install/linear_move/share/linear_move/local_setup.sh
[22.287s] -- Installing: /home/eating/work/install/linear_move/share/linear_move/local_setup.zsh
[22.287s] -- Installing: /home/eating/work/install/linear_move/share/linear_move/local_setup.dsv
[22.287s] -- Installing: /home/eating/work/install/linear_move/share/linear_move/package.dsv
[22.287s] -- Installing: /home/eating/work/install/linear_move/share/ament_index/resource_index/packages/linear_move
[22.288s] -- Installing: /home/eating/work/install/linear_move/share/linear_move/cmake/linear_moveConfig.cmake
[22.288s] -- Installing: /home/eating/work/install/linear_move/share/linear_move/cmake/linear_moveConfig-version.cmake
[22.288s] -- Installing: /home/eating/work/install/linear_move/share/linear_move/package.xml
[22.291s] Invoked command in '/home/eating/work/build/linear_move' returned '0': CMAKE_PREFIX_PATH=${CMAKE_PREFIX_PATH}:/home/eating/work/install/pallet_main:/home/eating/work/install/main_control:/home/eating/work/install/gui:/home/eating/work/install/docking_pkg:/opt/ros/humble /usr/bin/cmake --install /home/eating/work/build/linear_move
