[0.021s] Invoking command in '/home/fxck/work/build/gui_interface': CMAKE_PREFIX_PATH=${CMAKE_PREFIX_PATH}:/home/fxck/work/install/main_control:/home/fxck/work/install/gui:/opt/ros/humble /usr/bin/cmake --build /home/fxck/work/build/gui_interface -- -j16 -l16
[0.073s] [  3%] Built target gui_interface__cpp
[0.074s] [ 12%] Built target gui_interface__rosidl_generator_c
[0.085s] [ 12%] Built target ament_cmake_python_copy_gui_interface
[0.107s] [ 22%] Built target gui_interface__rosidl_typesupport_cpp
[0.107s] [ 32%] Built target gui_interface__rosidl_typesupport_fastrtps_cpp
[0.109s] [ 41%] Built target gui_interface__rosidl_typesupport_introspection_cpp
[0.115s] [ 51%] Built target gui_interface__rosidl_typesupport_introspection_c
[0.117s] [ 61%] Built target gui_interface__rosidl_typesupport_fastrtps_c
[0.117s] [ 70%] Built target gui_interface__rosidl_typesupport_c
[0.138s] [ 70%] Built target gui_interface
[0.157s] [ 74%] Built target gui_interface__py
[0.178s] [ 80%] Built target gui_interface__rosidl_generator_py
[0.202s] [ 96%] Built target gui_interface__rosidl_typesupport_introspection_c__pyext
[0.202s] [ 96%] Built target gui_interface__rosidl_typesupport_c__pyext
[0.202s] [100%] Built target gui_interface__rosidl_typesupport_fastrtps_c__pyext
[0.314s] running egg_info
[0.314s] writing gui_interface.egg-info/PKG-INFO
[0.314s] writing dependency_links to gui_interface.egg-info/dependency_links.txt
[0.314s] writing top-level names to gui_interface.egg-info/top_level.txt
[0.316s] reading manifest file 'gui_interface.egg-info/SOURCES.txt'
[0.316s] writing manifest file 'gui_interface.egg-info/SOURCES.txt'
[0.338s] [100%] Built target ament_cmake_python_build_gui_interface_egg
[0.354s] Invoked command in '/home/fxck/work/build/gui_interface' returned '0': CMAKE_PREFIX_PATH=${CMAKE_PREFIX_PATH}:/home/fxck/work/install/main_control:/home/fxck/work/install/gui:/opt/ros/humble /usr/bin/cmake --build /home/fxck/work/build/gui_interface -- -j16 -l16
[0.355s] Invoking command in '/home/fxck/work/build/gui_interface': CMAKE_PREFIX_PATH=${CMAKE_PREFIX_PATH}:/home/fxck/work/install/main_control:/home/fxck/work/install/gui:/opt/ros/humble /usr/bin/cmake --install /home/fxck/work/build/gui_interface
[0.368s] -- Install configuration: ""
[0.368s] -- Up-to-date: /home/fxck/work/install/gui_interface/share/ament_index/resource_index/rosidl_interfaces/gui_interface
[0.369s] -- Up-to-date: /home/fxck/work/install/gui_interface/include/gui_interface/gui_interface
[0.369s] -- Up-to-date: /home/fxck/work/install/gui_interface/include/gui_interface/gui_interface/msg
[0.369s] -- Up-to-date: /home/fxck/work/install/gui_interface/include/gui_interface/gui_interface/msg/rosidl_generator_c__visibility_control.h
[0.369s] -- Up-to-date: /home/fxck/work/install/gui_interface/include/gui_interface/gui_interface/srv
[0.369s] -- Up-to-date: /home/fxck/work/install/gui_interface/include/gui_interface/gui_interface/srv/taskcmd.h
[0.369s] -- Up-to-date: /home/fxck/work/install/gui_interface/include/gui_interface/gui_interface/srv/detail
[0.370s] -- Up-to-date: /home/fxck/work/install/gui_interface/include/gui_interface/gui_interface/srv/detail/taskcmd__struct.h
[0.370s] -- Up-to-date: /home/fxck/work/install/gui_interface/include/gui_interface/gui_interface/srv/detail/taskcmd__functions.h
[0.370s] -- Up-to-date: /home/fxck/work/install/gui_interface/include/gui_interface/gui_interface/srv/detail/taskcmd__type_support.h
[0.370s] -- Up-to-date: /home/fxck/work/install/gui_interface/include/gui_interface/gui_interface/srv/detail/taskcmd__functions.c
[0.371s] -- Up-to-date: /home/fxck/work/install/gui_interface/share/gui_interface/environment/library_path.sh
[0.371s] -- Up-to-date: /home/fxck/work/install/gui_interface/share/gui_interface/environment/library_path.dsv
[0.371s] -- Up-to-date: /home/fxck/work/install/gui_interface/lib/libgui_interface__rosidl_generator_c.so
[0.372s] -- Up-to-date: /home/fxck/work/install/gui_interface/include/gui_interface/gui_interface
[0.372s] -- Up-to-date: /home/fxck/work/install/gui_interface/include/gui_interface/gui_interface/msg
[0.372s] -- Up-to-date: /home/fxck/work/install/gui_interface/include/gui_interface/gui_interface/msg/rosidl_typesupport_fastrtps_c__visibility_control.h
[0.372s] -- Up-to-date: /home/fxck/work/install/gui_interface/include/gui_interface/gui_interface/srv
[0.373s] -- Up-to-date: /home/fxck/work/install/gui_interface/include/gui_interface/gui_interface/srv/detail
[0.373s] -- Up-to-date: /home/fxck/work/install/gui_interface/include/gui_interface/gui_interface/srv/detail/taskcmd__rosidl_typesupport_fastrtps_c.h
[0.374s] -- Up-to-date: /home/fxck/work/install/gui_interface/lib/libgui_interface__rosidl_typesupport_fastrtps_c.so
[0.374s] -- Up-to-date: /home/fxck/work/install/gui_interface/include/gui_interface/gui_interface
[0.374s] -- Up-to-date: /home/fxck/work/install/gui_interface/include/gui_interface/gui_interface/msg
[0.374s] -- Up-to-date: /home/fxck/work/install/gui_interface/include/gui_interface/gui_interface/msg/rosidl_generator_cpp__visibility_control.hpp
[0.374s] -- Up-to-date: /home/fxck/work/install/gui_interface/include/gui_interface/gui_interface/srv
[0.375s] -- Up-to-date: /home/fxck/work/install/gui_interface/include/gui_interface/gui_interface/srv/taskcmd.hpp
[0.375s] -- Up-to-date: /home/fxck/work/install/gui_interface/include/gui_interface/gui_interface/srv/detail
[0.375s] -- Up-to-date: /home/fxck/work/install/gui_interface/include/gui_interface/gui_interface/srv/detail/taskcmd__builder.hpp
[0.375s] -- Up-to-date: /home/fxck/work/install/gui_interface/include/gui_interface/gui_interface/srv/detail/taskcmd__struct.hpp
[0.375s] -- Up-to-date: /home/fxck/work/install/gui_interface/include/gui_interface/gui_interface/srv/detail/taskcmd__type_support.hpp
[0.375s] -- Up-to-date: /home/fxck/work/install/gui_interface/include/gui_interface/gui_interface/srv/detail/taskcmd__traits.hpp
[0.376s] -- Up-to-date: /home/fxck/work/install/gui_interface/include/gui_interface/gui_interface
[0.376s] -- Up-to-date: /home/fxck/work/install/gui_interface/include/gui_interface/gui_interface/msg
[0.376s] -- Up-to-date: /home/fxck/work/install/gui_interface/include/gui_interface/gui_interface/msg/rosidl_typesupport_fastrtps_cpp__visibility_control.h
[0.376s] -- Up-to-date: /home/fxck/work/install/gui_interface/include/gui_interface/gui_interface/srv
[0.377s] -- Up-to-date: /home/fxck/work/install/gui_interface/include/gui_interface/gui_interface/srv/detail
[0.377s] -- Up-to-date: /home/fxck/work/install/gui_interface/include/gui_interface/gui_interface/srv/detail/dds_fastrtps
[0.377s] -- Up-to-date: /home/fxck/work/install/gui_interface/include/gui_interface/gui_interface/srv/detail/taskcmd__rosidl_typesupport_fastrtps_cpp.hpp
[0.377s] -- Up-to-date: /home/fxck/work/install/gui_interface/lib/libgui_interface__rosidl_typesupport_fastrtps_cpp.so
[0.378s] -- Up-to-date: /home/fxck/work/install/gui_interface/include/gui_interface/gui_interface
[0.378s] -- Up-to-date: /home/fxck/work/install/gui_interface/include/gui_interface/gui_interface/msg
[0.378s] -- Up-to-date: /home/fxck/work/install/gui_interface/include/gui_interface/gui_interface/msg/rosidl_typesupport_introspection_c__visibility_control.h
[0.378s] -- Up-to-date: /home/fxck/work/install/gui_interface/include/gui_interface/gui_interface/srv
[0.379s] -- Up-to-date: /home/fxck/work/install/gui_interface/include/gui_interface/gui_interface/srv/detail
[0.379s] -- Up-to-date: /home/fxck/work/install/gui_interface/include/gui_interface/gui_interface/srv/detail/taskcmd__type_support.c
[0.379s] -- Up-to-date: /home/fxck/work/install/gui_interface/include/gui_interface/gui_interface/srv/detail/taskcmd__rosidl_typesupport_introspection_c.h
[0.380s] -- Up-to-date: /home/fxck/work/install/gui_interface/lib/libgui_interface__rosidl_typesupport_introspection_c.so
[0.381s] -- Up-to-date: /home/fxck/work/install/gui_interface/lib/libgui_interface__rosidl_typesupport_c.so
[0.381s] -- Up-to-date: /home/fxck/work/install/gui_interface/include/gui_interface/gui_interface
[0.381s] -- Up-to-date: /home/fxck/work/install/gui_interface/include/gui_interface/gui_interface/srv
[0.381s] -- Up-to-date: /home/fxck/work/install/gui_interface/include/gui_interface/gui_interface/srv/detail
[0.382s] -- Up-to-date: /home/fxck/work/install/gui_interface/include/gui_interface/gui_interface/srv/detail/taskcmd__type_support.cpp
[0.382s] -- Up-to-date: /home/fxck/work/install/gui_interface/include/gui_interface/gui_interface/srv/detail/taskcmd__rosidl_typesupport_introspection_cpp.hpp
[0.382s] -- Up-to-date: /home/fxck/work/install/gui_interface/lib/libgui_interface__rosidl_typesupport_introspection_cpp.so
[0.382s] -- Up-to-date: /home/fxck/work/install/gui_interface/lib/libgui_interface__rosidl_typesupport_cpp.so
[0.382s] -- Up-to-date: /home/fxck/work/install/gui_interface/share/gui_interface/environment/pythonpath.sh
[0.382s] -- Up-to-date: /home/fxck/work/install/gui_interface/share/gui_interface/environment/pythonpath.dsv
[0.383s] -- Up-to-date: /home/fxck/work/install/gui_interface/local/lib/python3.10/dist-packages/gui_interface-0.0.0-py3.10.egg-info
[0.383s] -- Installing: /home/fxck/work/install/gui_interface/local/lib/python3.10/dist-packages/gui_interface-0.0.0-py3.10.egg-info/SOURCES.txt
[0.383s] -- Installing: /home/fxck/work/install/gui_interface/local/lib/python3.10/dist-packages/gui_interface-0.0.0-py3.10.egg-info/dependency_links.txt
[0.383s] -- Installing: /home/fxck/work/install/gui_interface/local/lib/python3.10/dist-packages/gui_interface-0.0.0-py3.10.egg-info/PKG-INFO
[0.383s] -- Installing: /home/fxck/work/install/gui_interface/local/lib/python3.10/dist-packages/gui_interface-0.0.0-py3.10.egg-info/top_level.txt
[0.383s] -- Up-to-date: /home/fxck/work/install/gui_interface/local/lib/python3.10/dist-packages/gui_interface
[0.383s] -- Up-to-date: /home/fxck/work/install/gui_interface/local/lib/python3.10/dist-packages/gui_interface/srv
[0.384s] -- Up-to-date: /home/fxck/work/install/gui_interface/local/lib/python3.10/dist-packages/gui_interface/srv/_taskcmd_s.c
[0.384s] -- Up-to-date: /home/fxck/work/install/gui_interface/local/lib/python3.10/dist-packages/gui_interface/srv/_taskcmd.py
[0.384s] -- Up-to-date: /home/fxck/work/install/gui_interface/local/lib/python3.10/dist-packages/gui_interface/srv/__init__.py
[0.384s] -- Up-to-date: /home/fxck/work/install/gui_interface/local/lib/python3.10/dist-packages/gui_interface/_gui_interface_s.ep.rosidl_typesupport_fastrtps_c.c
[0.384s] -- Up-to-date: /home/fxck/work/install/gui_interface/local/lib/python3.10/dist-packages/gui_interface/gui_interface_s__rosidl_typesupport_fastrtps_c.cpython-310-x86_64-linux-gnu.so
[0.384s] -- Up-to-date: /home/fxck/work/install/gui_interface/local/lib/python3.10/dist-packages/gui_interface/libgui_interface__rosidl_generator_py.so
[0.385s] -- Up-to-date: /home/fxck/work/install/gui_interface/local/lib/python3.10/dist-packages/gui_interface/gui_interface_s__rosidl_typesupport_c.cpython-310-x86_64-linux-gnu.so
[0.385s] -- Up-to-date: /home/fxck/work/install/gui_interface/local/lib/python3.10/dist-packages/gui_interface/_gui_interface_s.ep.rosidl_typesupport_c.c
[0.385s] -- Up-to-date: /home/fxck/work/install/gui_interface/local/lib/python3.10/dist-packages/gui_interface/_gui_interface_s.ep.rosidl_typesupport_introspection_c.c
[0.385s] -- Up-to-date: /home/fxck/work/install/gui_interface/local/lib/python3.10/dist-packages/gui_interface/__init__.py
[0.385s] -- Up-to-date: /home/fxck/work/install/gui_interface/local/lib/python3.10/dist-packages/gui_interface/gui_interface_s__rosidl_typesupport_introspection_c.cpython-310-x86_64-linux-gnu.so
[0.396s] Listing '/home/fxck/work/install/gui_interface/local/lib/python3.10/dist-packages/gui_interface'...
[0.396s] Listing '/home/fxck/work/install/gui_interface/local/lib/python3.10/dist-packages/gui_interface/srv'...
[0.401s] -- Up-to-date: /home/fxck/work/install/gui_interface/local/lib/python3.10/dist-packages/gui_interface/gui_interface_s__rosidl_typesupport_fastrtps_c.cpython-310-x86_64-linux-gnu.so
[0.402s] -- Up-to-date: /home/fxck/work/install/gui_interface/local/lib/python3.10/dist-packages/gui_interface/gui_interface_s__rosidl_typesupport_introspection_c.cpython-310-x86_64-linux-gnu.so
[0.402s] -- Up-to-date: /home/fxck/work/install/gui_interface/local/lib/python3.10/dist-packages/gui_interface/gui_interface_s__rosidl_typesupport_c.cpython-310-x86_64-linux-gnu.so
[0.403s] -- Up-to-date: /home/fxck/work/install/gui_interface/lib/libgui_interface__rosidl_generator_py.so
[0.405s] -- Up-to-date: /home/fxck/work/install/gui_interface/share/gui_interface/srv/Taskcmd.idl
[0.405s] -- Up-to-date: /home/fxck/work/install/gui_interface/share/gui_interface/srv/Taskcmd.srv
[0.405s] -- Up-to-date: /home/fxck/work/install/gui_interface/share/gui_interface/srv/Taskcmd_Request.msg
[0.405s] -- Up-to-date: /home/fxck/work/install/gui_interface/share/gui_interface/srv/Taskcmd_Response.msg
[0.406s] -- Up-to-date: /home/fxck/work/install/gui_interface/share/ament_index/resource_index/package_run_dependencies/gui_interface
[0.406s] -- Up-to-date: /home/fxck/work/install/gui_interface/share/ament_index/resource_index/parent_prefix_path/gui_interface
[0.407s] -- Up-to-date: /home/fxck/work/install/gui_interface/share/gui_interface/environment/ament_prefix_path.sh
[0.407s] -- Up-to-date: /home/fxck/work/install/gui_interface/share/gui_interface/environment/ament_prefix_path.dsv
[0.407s] -- Up-to-date: /home/fxck/work/install/gui_interface/share/gui_interface/environment/path.sh
[0.408s] -- Up-to-date: /home/fxck/work/install/gui_interface/share/gui_interface/environment/path.dsv
[0.408s] -- Up-to-date: /home/fxck/work/install/gui_interface/share/gui_interface/local_setup.bash
[0.408s] -- Up-to-date: /home/fxck/work/install/gui_interface/share/gui_interface/local_setup.sh
[0.408s] -- Up-to-date: /home/fxck/work/install/gui_interface/share/gui_interface/local_setup.zsh
[0.408s] -- Up-to-date: /home/fxck/work/install/gui_interface/share/gui_interface/local_setup.dsv
[0.408s] -- Installing: /home/fxck/work/install/gui_interface/share/gui_interface/package.dsv
[0.409s] -- Up-to-date: /home/fxck/work/install/gui_interface/share/ament_index/resource_index/packages/gui_interface
[0.409s] -- Up-to-date: /home/fxck/work/install/gui_interface/share/gui_interface/cmake/export_gui_interface__rosidl_generator_cExport.cmake
[0.409s] -- Up-to-date: /home/fxck/work/install/gui_interface/share/gui_interface/cmake/export_gui_interface__rosidl_generator_cExport-noconfig.cmake
[0.409s] -- Up-to-date: /home/fxck/work/install/gui_interface/share/gui_interface/cmake/export_gui_interface__rosidl_typesupport_fastrtps_cExport.cmake
[0.410s] -- Up-to-date: /home/fxck/work/install/gui_interface/share/gui_interface/cmake/export_gui_interface__rosidl_typesupport_fastrtps_cExport-noconfig.cmake
[0.410s] -- Up-to-date: /home/fxck/work/install/gui_interface/share/gui_interface/cmake/export_gui_interface__rosidl_generator_cppExport.cmake
[0.410s] -- Up-to-date: /home/fxck/work/install/gui_interface/share/gui_interface/cmake/export_gui_interface__rosidl_typesupport_fastrtps_cppExport.cmake
[0.410s] -- Up-to-date: /home/fxck/work/install/gui_interface/share/gui_interface/cmake/export_gui_interface__rosidl_typesupport_fastrtps_cppExport-noconfig.cmake
[0.410s] -- Up-to-date: /home/fxck/work/install/gui_interface/share/gui_interface/cmake/gui_interface__rosidl_typesupport_introspection_cExport.cmake
[0.410s] -- Up-to-date: /home/fxck/work/install/gui_interface/share/gui_interface/cmake/gui_interface__rosidl_typesupport_introspection_cExport-noconfig.cmake
[0.411s] -- Up-to-date: /home/fxck/work/install/gui_interface/share/gui_interface/cmake/gui_interface__rosidl_typesupport_cExport.cmake
[0.411s] -- Up-to-date: /home/fxck/work/install/gui_interface/share/gui_interface/cmake/gui_interface__rosidl_typesupport_cExport-noconfig.cmake
[0.411s] -- Up-to-date: /home/fxck/work/install/gui_interface/share/gui_interface/cmake/gui_interface__rosidl_typesupport_introspection_cppExport.cmake
[0.411s] -- Up-to-date: /home/fxck/work/install/gui_interface/share/gui_interface/cmake/gui_interface__rosidl_typesupport_introspection_cppExport-noconfig.cmake
[0.411s] -- Up-to-date: /home/fxck/work/install/gui_interface/share/gui_interface/cmake/gui_interface__rosidl_typesupport_cppExport.cmake
[0.411s] -- Up-to-date: /home/fxck/work/install/gui_interface/share/gui_interface/cmake/gui_interface__rosidl_typesupport_cppExport-noconfig.cmake
[0.411s] -- Up-to-date: /home/fxck/work/install/gui_interface/share/gui_interface/cmake/export_gui_interface__rosidl_generator_pyExport.cmake
[0.411s] -- Up-to-date: /home/fxck/work/install/gui_interface/share/gui_interface/cmake/export_gui_interface__rosidl_generator_pyExport-noconfig.cmake
[0.412s] -- Up-to-date: /home/fxck/work/install/gui_interface/share/gui_interface/cmake/rosidl_cmake-extras.cmake
[0.412s] -- Up-to-date: /home/fxck/work/install/gui_interface/share/gui_interface/cmake/ament_cmake_export_dependencies-extras.cmake
[0.412s] -- Up-to-date: /home/fxck/work/install/gui_interface/share/gui_interface/cmake/ament_cmake_export_include_directories-extras.cmake
[0.412s] -- Up-to-date: /home/fxck/work/install/gui_interface/share/gui_interface/cmake/ament_cmake_export_libraries-extras.cmake
[0.412s] -- Up-to-date: /home/fxck/work/install/gui_interface/share/gui_interface/cmake/ament_cmake_export_targets-extras.cmake
[0.412s] -- Up-to-date: /home/fxck/work/install/gui_interface/share/gui_interface/cmake/rosidl_cmake_export_typesupport_targets-extras.cmake
[0.412s] -- Up-to-date: /home/fxck/work/install/gui_interface/share/gui_interface/cmake/rosidl_cmake_export_typesupport_libraries-extras.cmake
[0.412s] -- Up-to-date: /home/fxck/work/install/gui_interface/share/gui_interface/cmake/gui_interfaceConfig.cmake
[0.413s] -- Up-to-date: /home/fxck/work/install/gui_interface/share/gui_interface/cmake/gui_interfaceConfig-version.cmake
[0.413s] -- Up-to-date: /home/fxck/work/install/gui_interface/share/gui_interface/package.xml
[0.431s] Invoked command in '/home/fxck/work/build/gui_interface' returned '0': CMAKE_PREFIX_PATH=${CMAKE_PREFIX_PATH}:/home/fxck/work/install/main_control:/home/fxck/work/install/gui:/opt/ros/humble /usr/bin/cmake --install /home/fxck/work/build/gui_interface
