[1.489s] Invoking command in '/home/fxck/work/src/docking/docking_pkg': PYTHONPATH=/home/fxck/work/build/docking_pkg/prefix_override:/usr/lib/python3/dist-packages/colcon_core/task/python/colcon_distutils_commands:/home/fxck/work/install/docking_pkg/lib/python3.10/site-packages:${PYTHONPATH} /usr/bin/python3 -W ignore:setup.py install is deprecated -W ignore:easy_install command is deprecated setup.py egg_info --egg-base ../../../build/docking_pkg build --build-base /home/fxck/work/build/docking_pkg/build install --record /home/fxck/work/build/docking_pkg/install.log --single-version-externally-managed install_data
[1.799s] running egg_info
[1.799s] creating ../../../build/docking_pkg/docking_pkg.egg-info
[1.799s] writing ../../../build/docking_pkg/docking_pkg.egg-info/PKG-INFO
[1.799s] writing dependency_links to ../../../build/docking_pkg/docking_pkg.egg-info/dependency_links.txt
[1.799s] writing entry points to ../../../build/docking_pkg/docking_pkg.egg-info/entry_points.txt
[1.800s] writing requirements to ../../../build/docking_pkg/docking_pkg.egg-info/requires.txt
[1.800s] writing top-level names to ../../../build/docking_pkg/docking_pkg.egg-info/top_level.txt
[1.800s] writing manifest file '../../../build/docking_pkg/docking_pkg.egg-info/SOURCES.txt'
[1.800s] reading manifest file '../../../build/docking_pkg/docking_pkg.egg-info/SOURCES.txt'
[1.800s] writing manifest file '../../../build/docking_pkg/docking_pkg.egg-info/SOURCES.txt'
[1.800s] running build
[1.800s] running build_py
[1.800s] creating /home/fxck/work/build/docking_pkg/build
[1.800s] creating /home/fxck/work/build/docking_pkg/build/lib
[1.800s] creating /home/fxck/work/build/docking_pkg/build/lib/docking_pkg
[1.800s] copying docking_pkg/docking_status_server.py -> /home/fxck/work/build/docking_pkg/build/lib/docking_pkg
[1.800s] copying docking_pkg/yolo_subscriber.py -> /home/fxck/work/build/docking_pkg/build/lib/docking_pkg
[1.800s] copying docking_pkg/dockingcamera.py -> /home/fxck/work/build/docking_pkg/build/lib/docking_pkg
[1.800s] copying docking_pkg/__init__.py -> /home/fxck/work/build/docking_pkg/build/lib/docking_pkg
[1.801s] running install
[1.801s] running install_lib
[1.801s] creating /home/fxck/work/install/docking_pkg/lib/python3.10/site-packages/docking_pkg
[1.801s] copying /home/fxck/work/build/docking_pkg/build/lib/docking_pkg/docking_status_server.py -> /home/fxck/work/install/docking_pkg/lib/python3.10/site-packages/docking_pkg
[1.801s] copying /home/fxck/work/build/docking_pkg/build/lib/docking_pkg/yolo_subscriber.py -> /home/fxck/work/install/docking_pkg/lib/python3.10/site-packages/docking_pkg
[1.801s] copying /home/fxck/work/build/docking_pkg/build/lib/docking_pkg/dockingcamera.py -> /home/fxck/work/install/docking_pkg/lib/python3.10/site-packages/docking_pkg
[1.801s] copying /home/fxck/work/build/docking_pkg/build/lib/docking_pkg/__init__.py -> /home/fxck/work/install/docking_pkg/lib/python3.10/site-packages/docking_pkg
[1.801s] byte-compiling /home/fxck/work/install/docking_pkg/lib/python3.10/site-packages/docking_pkg/docking_status_server.py to docking_status_server.cpython-310.pyc
[1.801s] byte-compiling /home/fxck/work/install/docking_pkg/lib/python3.10/site-packages/docking_pkg/yolo_subscriber.py to yolo_subscriber.cpython-310.pyc
[1.801s] byte-compiling /home/fxck/work/install/docking_pkg/lib/python3.10/site-packages/docking_pkg/dockingcamera.py to dockingcamera.cpython-310.pyc
[1.801s] byte-compiling /home/fxck/work/install/docking_pkg/lib/python3.10/site-packages/docking_pkg/__init__.py to __init__.cpython-310.pyc
[1.801s] running install_data
[1.801s] creating /home/fxck/work/install/docking_pkg/share/ament_index
[1.801s] creating /home/fxck/work/install/docking_pkg/share/ament_index/resource_index
[1.801s] creating /home/fxck/work/install/docking_pkg/share/ament_index/resource_index/packages
[1.802s] copying resource/docking_pkg -> /home/fxck/work/install/docking_pkg/share/ament_index/resource_index/packages
[1.802s] copying package.xml -> /home/fxck/work/install/docking_pkg/share/docking_pkg
[1.802s] running install_egg_info
[1.802s] Copying ../../../build/docking_pkg/docking_pkg.egg-info to /home/fxck/work/install/docking_pkg/lib/python3.10/site-packages/docking_pkg-0.0.0-py3.10.egg-info
[1.802s] running install_scripts
[1.823s] Installing docking_status_server script to /home/fxck/work/install/docking_pkg/lib/docking_pkg
[1.823s] Installing dockingcamera script to /home/fxck/work/install/docking_pkg/lib/docking_pkg
[1.823s] Installing yolo_subscriber script to /home/fxck/work/install/docking_pkg/lib/docking_pkg
[1.823s] writing list of installed files to '/home/fxck/work/build/docking_pkg/install.log'
[1.892s] Invoked command in '/home/fxck/work/src/docking/docking_pkg' returned '0': PYTHONPATH=/home/fxck/work/build/docking_pkg/prefix_override:/usr/lib/python3/dist-packages/colcon_core/task/python/colcon_distutils_commands:/home/fxck/work/install/docking_pkg/lib/python3.10/site-packages:${PYTHONPATH} /usr/bin/python3 -W ignore:setup.py install is deprecated -W ignore:easy_install command is deprecated setup.py egg_info --egg-base ../../../build/docking_pkg build --build-base /home/fxck/work/build/docking_pkg/build install --record /home/fxck/work/build/docking_pkg/install.log --single-version-externally-managed install_data
