[35m[1mConsolidate compiler generated dependencies of target slide[0m
[100%] Built target slide
-- Install configuration: ""
-- Installing: /home/eating/work/install/linear_move/lib/linear_move/slide
-- Set runtime path of "/home/eating/work/install/linear_move/lib/linear_move/slide" to ""
-- Installing: /home/eating/work/install/linear_move/share/ament_index/resource_index/package_run_dependencies/linear_move
-- Installing: /home/eating/work/install/linear_move/share/ament_index/resource_index/parent_prefix_path/linear_move
-- Installing: /home/eating/work/install/linear_move/share/linear_move/environment/ament_prefix_path.sh
-- Installing: /home/eating/work/install/linear_move/share/linear_move/environment/ament_prefix_path.dsv
-- Installing: /home/eating/work/install/linear_move/share/linear_move/environment/path.sh
-- Installing: /home/eating/work/install/linear_move/share/linear_move/environment/path.dsv
-- Installing: /home/eating/work/install/linear_move/share/linear_move/local_setup.bash
-- Installing: /home/eating/work/install/linear_move/share/linear_move/local_setup.sh
-- Installing: /home/eating/work/install/linear_move/share/linear_move/local_setup.zsh
-- Installing: /home/eating/work/install/linear_move/share/linear_move/local_setup.dsv
-- Installing: /home/eating/work/install/linear_move/share/linear_move/package.dsv
-- Installing: /home/eating/work/install/linear_move/share/ament_index/resource_index/packages/linear_move
-- Installing: /home/eating/work/install/linear_move/share/linear_move/cmake/linear_moveConfig.cmake
-- Installing: /home/eating/work/install/linear_move/share/linear_move/cmake/linear_moveConfig-version.cmake
-- Installing: /home/eating/work/install/linear_move/share/linear_move/package.xml
