-- Install configuration: ""
-- Up-to-date: /home/eating/work/install/suction_description/share/suction_description/config
-- Up-to-date: /home/eating/work/install/suction_description/share/suction_description/config/joint_names_suction_urdf.yaml
-- Up-to-date: /home/eating/work/install/suction_description/share/suction_description/meshes
-- Up-to-date: /home/eating/work/install/suction_description/share/suction_description/meshes/tool_link.STL
-- Up-to-date: /home/eating/work/install/suction_description/share/suction_description/meshes/tool_end_Link.STL
-- Up-to-date: /home/eating/work/install/suction_description/share/suction_description/urdf
-- Up-to-date: /home/eating/work/install/suction_description/share/suction_description/urdf/suction_urdf.xacro
-- Up-to-date: /home/eating/work/install/suction_description/share/suction_description/urdf/suction.gazebo.xacro
-- Up-to-date: /home/eating/work/install/suction_description/share/suction_description/urdf/suction.transmission.xacro
-- Up-to-date: /home/eating/work/install/suction_description/share/ament_index/resource_index/package_run_dependencies/suction_description
-- Up-to-date: /home/eating/work/install/suction_description/share/ament_index/resource_index/parent_prefix_path/suction_description
-- Up-to-date: /home/eating/work/install/suction_description/share/suction_description/environment/ament_prefix_path.sh
-- Up-to-date: /home/eating/work/install/suction_description/share/suction_description/environment/ament_prefix_path.dsv
-- Up-to-date: /home/eating/work/install/suction_description/share/suction_description/environment/path.sh
-- Up-to-date: /home/eating/work/install/suction_description/share/suction_description/environment/path.dsv
-- Up-to-date: /home/eating/work/install/suction_description/share/suction_description/local_setup.bash
-- Up-to-date: /home/eating/work/install/suction_description/share/suction_description/local_setup.sh
-- Up-to-date: /home/eating/work/install/suction_description/share/suction_description/local_setup.zsh
-- Up-to-date: /home/eating/work/install/suction_description/share/suction_description/local_setup.dsv
-- Up-to-date: /home/eating/work/install/suction_description/share/suction_description/package.dsv
-- Up-to-date: /home/eating/work/install/suction_description/share/ament_index/resource_index/packages/suction_description
-- Up-to-date: /home/eating/work/install/suction_description/share/suction_description/cmake/suction_descriptionConfig.cmake
-- Up-to-date: /home/eating/work/install/suction_description/share/suction_description/cmake/suction_descriptionConfig-version.cmake
-- Up-to-date: /home/eating/work/install/suction_description/share/suction_description/package.xml
