[0.027s] Invoking command in '/home/eating/work/build/docking_interface': CMAKE_PREFIX_PATH=/opt/ros/humble /usr/bin/cmake /home/eating/work/src/docking_interface -DCMAKE_INSTALL_PREFIX=/home/eating/work/install/docking_interface
[0.295s] -- The C compiler identification is GNU 11.4.0
[0.335s] -- The CXX compiler identification is GNU 11.4.0
[0.350s] -- Detecting C compiler ABI info
[0.453s] -- Detecting C compiler ABI info - done
[0.465s] -- Check for working C compiler: /usr/bin/cc - skipped
[0.466s] -- Detecting C compile features
[0.467s] -- Detecting C compile features - done
[0.473s] -- Detecting CXX compiler ABI info
[0.578s] -- Detecting CXX compiler ABI info - done
[0.590s] -- Check for working CXX compiler: /usr/bin/c++ - skipped
[0.591s] -- Detecting CXX compile features
[0.592s] -- Detecting CXX compile features - done
[0.605s] -- Found ament_cmake: 1.3.11 (/opt/ros/humble/share/ament_cmake/cmake)
[0.831s] -- Found Python3: /usr/bin/python3 (found version "3.10.12") found components: Interpreter 
[0.992s] -- Found rosidl_default_generators: 1.2.0 (/opt/ros/humble/share/rosidl_default_generators/cmake)
[0.998s] -- Using all available rosidl_typesupport_c: rosidl_typesupport_fastrtps_c;rosidl_typesupport_introspection_c
[1.011s] -- Found rosidl_adapter: 3.1.6 (/opt/ros/humble/share/rosidl_adapter/cmake)
[1.089s] -- Using all available rosidl_typesupport_cpp: rosidl_typesupport_fastrtps_cpp;rosidl_typesupport_introspection_cpp
[1.486s] -- Found ament_cmake_ros: 0.10.0 (/opt/ros/humble/share/ament_cmake_ros/cmake)
[1.716s] -- Using all available rosidl_typesupport_c: rosidl_typesupport_fastrtps_c;rosidl_typesupport_introspection_c
[2.041s] -- Using all available rosidl_typesupport_cpp: rosidl_typesupport_fastrtps_cpp;rosidl_typesupport_introspection_cpp
[2.075s] -- Found PythonInterp: /usr/bin/python3 (found suitable version "3.10.12", minimum required is "3.6") 
[2.077s] -- Found python_cmake_module: 0.10.0 (/opt/ros/humble/share/python_cmake_module/cmake)
[2.111s] -- Found PythonLibs: /usr/lib/x86_64-linux-gnu/libpython3.10.so (found suitable version "3.10.12", minimum required is "3.5") 
[2.111s] -- Using PYTHON_EXECUTABLE: /usr/bin/python3
[2.111s] -- Using PYTHON_INCLUDE_DIRS: /usr/include/python3.10
[2.111s] -- Using PYTHON_LIBRARIES: /usr/lib/x86_64-linux-gnu/libpython3.10.so
[2.142s] -- Found PythonExtra: .so  
[2.189s] -- Found ament_lint_auto: 0.12.12 (/opt/ros/humble/share/ament_lint_auto/cmake)
[2.217s] -- Added test 'lint_cmake' to check CMake code style
[2.219s] -- Added test 'xmllint' to check XML markup files
[2.228s] -- Configuring done
[2.296s] -- Generating done
[2.311s] -- Build files have been written to: /home/eating/work/build/docking_interface
[2.320s] Invoked command in '/home/eating/work/build/docking_interface' returned '0': CMAKE_PREFIX_PATH=/opt/ros/humble /usr/bin/cmake /home/eating/work/src/docking_interface -DCMAKE_INSTALL_PREFIX=/home/eating/work/install/docking_interface
[2.331s] Invoking command in '/home/eating/work/build/docking_interface': CMAKE_PREFIX_PATH=/opt/ros/humble /usr/bin/cmake --build /home/eating/work/build/docking_interface -- -j8 -l8
[3.059s] [  3%] [34m[1mGenerating C++ code for ROS interfaces[0m
[3.059s] [  6%] [34m[1mGenerating C code for ROS interfaces[0m
[3.059s] [  6%] Built target ament_cmake_python_copy_docking_interface
[3.059s] running egg_info
[3.059s] creating docking_interface.egg-info
[3.059s] writing docking_interface.egg-info/PKG-INFO
[3.059s] writing dependency_links to docking_interface.egg-info/dependency_links.txt
[3.059s] writing top-level names to docking_interface.egg-info/top_level.txt
[3.060s] writing manifest file 'docking_interface.egg-info/SOURCES.txt'
[3.060s] reading manifest file 'docking_interface.egg-info/SOURCES.txt'
[3.060s] writing manifest file 'docking_interface.egg-info/SOURCES.txt'
[3.060s] [  6%] Built target ament_cmake_python_build_docking_interface_egg
[3.190s] [  9%] [32mBuilding C object CMakeFiles/docking_interface__rosidl_generator_c.dir/rosidl_generator_c/docking_interface/srv/detail/dockingstatus__functions.c.o[0m
[3.245s] [  9%] Built target docking_interface__cpp
[3.296s] [ 12%] [34m[1mGenerating C++ type support dispatch for ROS interfaces[0m
[3.299s] [ 16%] [34m[1mGenerating C++ type support for eProsima Fast-RTPS[0m
[3.308s] [ 19%] [34m[1mGenerating C++ introspection for ROS interfaces[0m
[3.362s] [ 22%] [32m[1mLinking C shared library libdocking_interface__rosidl_generator_c.so[0m
[3.533s] [ 22%] Built target docking_interface__rosidl_generator_c
[3.590s] [ 25%] [34m[1mGenerating C introspection for ROS interfaces[0m
[3.608s] [ 29%] [34m[1mGenerating C type support for eProsima Fast-RTPS[0m
[3.615s] [ 32%] [34m[1mGenerating C type support dispatch for ROS interfaces[0m
[4.130s] [ 35%] [32mBuilding CXX object CMakeFiles/docking_interface__rosidl_typesupport_cpp.dir/rosidl_typesupport_cpp/docking_interface/srv/dockingstatus__type_support.cpp.o[0m
[4.701s] [ 38%] [32mBuilding C object CMakeFiles/docking_interface__rosidl_typesupport_introspection_c.dir/rosidl_typesupport_introspection_c/docking_interface/srv/detail/dockingstatus__type_support.c.o[0m
[4.720s] [ 41%] [32mBuilding CXX object CMakeFiles/docking_interface__rosidl_typesupport_introspection_cpp.dir/rosidl_typesupport_introspection_cpp/docking_interface/srv/detail/dockingstatus__type_support.cpp.o[0m
[4.763s] [ 45%] [32mBuilding CXX object CMakeFiles/docking_interface__rosidl_typesupport_c.dir/rosidl_typesupport_c/docking_interface/srv/dockingstatus__type_support.cpp.o[0m
[4.801s] [ 48%] [32mBuilding CXX object CMakeFiles/docking_interface__rosidl_typesupport_fastrtps_cpp.dir/rosidl_typesupport_fastrtps_cpp/docking_interface/srv/detail/dds_fastrtps/dockingstatus__type_support.cpp.o[0m
[4.823s] [ 51%] [32mBuilding CXX object CMakeFiles/docking_interface__rosidl_typesupport_fastrtps_c.dir/rosidl_typesupport_fastrtps_c/docking_interface/srv/detail/dockingstatus__type_support_c.cpp.o[0m
[4.837s] [ 54%] [32m[1mLinking C shared library libdocking_interface__rosidl_typesupport_introspection_c.so[0m
[4.899s] [ 58%] [32m[1mLinking CXX shared library libdocking_interface__rosidl_typesupport_c.so[0m
[4.991s] [ 58%] Built target docking_interface__rosidl_typesupport_introspection_c
[5.090s] [ 58%] Built target docking_interface__rosidl_typesupport_c
[5.606s] [ 61%] [32m[1mLinking CXX shared library libdocking_interface__rosidl_typesupport_cpp.so[0m
[5.759s] [ 61%] Built target docking_interface__rosidl_typesupport_cpp
[6.208s] [ 64%] [32m[1mLinking CXX shared library libdocking_interface__rosidl_typesupport_introspection_cpp.so[0m
[6.419s] [ 64%] Built target docking_interface__rosidl_typesupport_introspection_cpp
[6.502s] [ 67%] [32m[1mLinking CXX shared library libdocking_interface__rosidl_typesupport_fastrtps_cpp.so[0m
[6.513s] [ 70%] [32m[1mLinking CXX shared library libdocking_interface__rosidl_typesupport_fastrtps_c.so[0m
[6.673s] [ 70%] Built target docking_interface__rosidl_typesupport_fastrtps_cpp
[6.716s] [ 70%] Built target docking_interface__rosidl_typesupport_fastrtps_c
[6.740s] [ 70%] Built target docking_interface
[6.779s] [ 74%] [34m[1mGenerating Python code for ROS interfaces[0m
[7.486s] [ 74%] Built target docking_interface__py
[7.518s] [ 77%] [32mBuilding C object CMakeFiles/docking_interface__rosidl_generator_py.dir/rosidl_generator_py/docking_interface/srv/_dockingstatus_s.c.o[0m
[7.704s] [ 80%] [32m[1mLinking C shared library rosidl_generator_py/docking_interface/libdocking_interface__rosidl_generator_py.so[0m
[7.765s] [ 80%] Built target docking_interface__rosidl_generator_py
[7.802s] [ 83%] [32mBuilding C object CMakeFiles/docking_interface__rosidl_typesupport_c__pyext.dir/rosidl_generator_py/docking_interface/_docking_interface_s.ep.rosidl_typesupport_c.c.o[0m
[7.820s] [ 87%] [32mBuilding C object CMakeFiles/docking_interface__rosidl_typesupport_introspection_c__pyext.dir/rosidl_generator_py/docking_interface/_docking_interface_s.ep.rosidl_typesupport_introspection_c.c.o[0m
[7.828s] [ 90%] [32mBuilding C object CMakeFiles/docking_interface__rosidl_typesupport_fastrtps_c__pyext.dir/rosidl_generator_py/docking_interface/_docking_interface_s.ep.rosidl_typesupport_fastrtps_c.c.o[0m
[8.058s] [ 93%] [32m[1mLinking C shared library rosidl_generator_py/docking_interface/docking_interface_s__rosidl_typesupport_c.cpython-310-x86_64-linux-gnu.so[0m
[8.086s] [ 96%] [32m[1mLinking C shared library rosidl_generator_py/docking_interface/docking_interface_s__rosidl_typesupport_fastrtps_c.cpython-310-x86_64-linux-gnu.so[0m
[8.187s] [ 96%] Built target docking_interface__rosidl_typesupport_fastrtps_c__pyext
[8.201s] [ 96%] Built target docking_interface__rosidl_typesupport_c__pyext
[8.214s] [100%] [32m[1mLinking C shared library rosidl_generator_py/docking_interface/docking_interface_s__rosidl_typesupport_introspection_c.cpython-310-x86_64-linux-gnu.so[0m
[8.270s] [100%] Built target docking_interface__rosidl_typesupport_introspection_c__pyext
[8.294s] Invoked command in '/home/eating/work/build/docking_interface' returned '0': CMAKE_PREFIX_PATH=/opt/ros/humble /usr/bin/cmake --build /home/eating/work/build/docking_interface -- -j8 -l8
[8.296s] Invoking command in '/home/eating/work/build/docking_interface': CMAKE_PREFIX_PATH=/opt/ros/humble /usr/bin/cmake --install /home/eating/work/build/docking_interface
[8.335s] -- Install configuration: ""
[8.336s] -- Installing: /home/eating/work/install/docking_interface/share/ament_index/resource_index/rosidl_interfaces/docking_interface
[8.336s] -- Installing: /home/eating/work/install/docking_interface/include/docking_interface/docking_interface
[8.336s] -- Installing: /home/eating/work/install/docking_interface/include/docking_interface/docking_interface/msg
[8.336s] -- Installing: /home/eating/work/install/docking_interface/include/docking_interface/docking_interface/msg/rosidl_generator_c__visibility_control.h
[8.336s] -- Installing: /home/eating/work/install/docking_interface/include/docking_interface/docking_interface/srv
[8.336s] -- Installing: /home/eating/work/install/docking_interface/include/docking_interface/docking_interface/srv/dockingstatus.h
[8.336s] -- Installing: /home/eating/work/install/docking_interface/include/docking_interface/docking_interface/srv/detail
[8.337s] -- Installing: /home/eating/work/install/docking_interface/include/docking_interface/docking_interface/srv/detail/dockingstatus__struct.h
[8.337s] -- Installing: /home/eating/work/install/docking_interface/include/docking_interface/docking_interface/srv/detail/dockingstatus__functions.c
[8.337s] -- Installing: /home/eating/work/install/docking_interface/include/docking_interface/docking_interface/srv/detail/dockingstatus__functions.h
[8.337s] -- Installing: /home/eating/work/install/docking_interface/include/docking_interface/docking_interface/srv/detail/dockingstatus__type_support.h
[8.337s] -- Installing: /home/eating/work/install/docking_interface/share/docking_interface/environment/library_path.sh
[8.337s] -- Installing: /home/eating/work/install/docking_interface/share/docking_interface/environment/library_path.dsv
[8.337s] -- Installing: /home/eating/work/install/docking_interface/lib/libdocking_interface__rosidl_generator_c.so
[8.337s] -- Set runtime path of "/home/eating/work/install/docking_interface/lib/libdocking_interface__rosidl_generator_c.so" to ""
[8.337s] -- Up-to-date: /home/eating/work/install/docking_interface/include/docking_interface/docking_interface
[8.338s] -- Up-to-date: /home/eating/work/install/docking_interface/include/docking_interface/docking_interface/msg
[8.338s] -- Installing: /home/eating/work/install/docking_interface/include/docking_interface/docking_interface/msg/rosidl_typesupport_fastrtps_c__visibility_control.h
[8.338s] -- Up-to-date: /home/eating/work/install/docking_interface/include/docking_interface/docking_interface/srv
[8.338s] -- Up-to-date: /home/eating/work/install/docking_interface/include/docking_interface/docking_interface/srv/detail
[8.338s] -- Installing: /home/eating/work/install/docking_interface/include/docking_interface/docking_interface/srv/detail/dockingstatus__rosidl_typesupport_fastrtps_c.h
[8.338s] -- Installing: /home/eating/work/install/docking_interface/lib/libdocking_interface__rosidl_typesupport_fastrtps_c.so
[8.338s] -- Set runtime path of "/home/eating/work/install/docking_interface/lib/libdocking_interface__rosidl_typesupport_fastrtps_c.so" to ""
[8.338s] -- Up-to-date: /home/eating/work/install/docking_interface/include/docking_interface/docking_interface
[8.338s] -- Up-to-date: /home/eating/work/install/docking_interface/include/docking_interface/docking_interface/msg
[8.339s] -- Installing: /home/eating/work/install/docking_interface/include/docking_interface/docking_interface/msg/rosidl_typesupport_introspection_c__visibility_control.h
[8.339s] -- Up-to-date: /home/eating/work/install/docking_interface/include/docking_interface/docking_interface/srv
[8.339s] -- Up-to-date: /home/eating/work/install/docking_interface/include/docking_interface/docking_interface/srv/detail
[8.339s] -- Installing: /home/eating/work/install/docking_interface/include/docking_interface/docking_interface/srv/detail/dockingstatus__type_support.c
[8.339s] -- Installing: /home/eating/work/install/docking_interface/include/docking_interface/docking_interface/srv/detail/dockingstatus__rosidl_typesupport_introspection_c.h
[8.339s] -- Installing: /home/eating/work/install/docking_interface/lib/libdocking_interface__rosidl_typesupport_introspection_c.so
[8.339s] -- Set runtime path of "/home/eating/work/install/docking_interface/lib/libdocking_interface__rosidl_typesupport_introspection_c.so" to ""
[8.339s] -- Installing: /home/eating/work/install/docking_interface/lib/libdocking_interface__rosidl_typesupport_c.so
[8.339s] -- Set runtime path of "/home/eating/work/install/docking_interface/lib/libdocking_interface__rosidl_typesupport_c.so" to ""
[8.339s] -- Up-to-date: /home/eating/work/install/docking_interface/include/docking_interface/docking_interface
[8.339s] -- Up-to-date: /home/eating/work/install/docking_interface/include/docking_interface/docking_interface/msg
[8.340s] -- Installing: /home/eating/work/install/docking_interface/include/docking_interface/docking_interface/msg/rosidl_generator_cpp__visibility_control.hpp
[8.340s] -- Up-to-date: /home/eating/work/install/docking_interface/include/docking_interface/docking_interface/srv
[8.340s] -- Installing: /home/eating/work/install/docking_interface/include/docking_interface/docking_interface/srv/dockingstatus.hpp
[8.340s] -- Up-to-date: /home/eating/work/install/docking_interface/include/docking_interface/docking_interface/srv/detail
[8.340s] -- Installing: /home/eating/work/install/docking_interface/include/docking_interface/docking_interface/srv/detail/dockingstatus__struct.hpp
[8.340s] -- Installing: /home/eating/work/install/docking_interface/include/docking_interface/docking_interface/srv/detail/dockingstatus__builder.hpp
[8.340s] -- Installing: /home/eating/work/install/docking_interface/include/docking_interface/docking_interface/srv/detail/dockingstatus__type_support.hpp
[8.340s] -- Installing: /home/eating/work/install/docking_interface/include/docking_interface/docking_interface/srv/detail/dockingstatus__traits.hpp
[8.340s] -- Up-to-date: /home/eating/work/install/docking_interface/include/docking_interface/docking_interface
[8.340s] -- Up-to-date: /home/eating/work/install/docking_interface/include/docking_interface/docking_interface/msg
[8.340s] -- Installing: /home/eating/work/install/docking_interface/include/docking_interface/docking_interface/msg/rosidl_typesupport_fastrtps_cpp__visibility_control.h
[8.341s] -- Up-to-date: /home/eating/work/install/docking_interface/include/docking_interface/docking_interface/srv
[8.341s] -- Up-to-date: /home/eating/work/install/docking_interface/include/docking_interface/docking_interface/srv/detail
[8.341s] -- Installing: /home/eating/work/install/docking_interface/include/docking_interface/docking_interface/srv/detail/dockingstatus__rosidl_typesupport_fastrtps_cpp.hpp
[8.341s] -- Installing: /home/eating/work/install/docking_interface/include/docking_interface/docking_interface/srv/detail/dds_fastrtps
[8.341s] -- Installing: /home/eating/work/install/docking_interface/lib/libdocking_interface__rosidl_typesupport_fastrtps_cpp.so
[8.341s] -- Set runtime path of "/home/eating/work/install/docking_interface/lib/libdocking_interface__rosidl_typesupport_fastrtps_cpp.so" to ""
[8.341s] -- Up-to-date: /home/eating/work/install/docking_interface/include/docking_interface/docking_interface
[8.341s] -- Up-to-date: /home/eating/work/install/docking_interface/include/docking_interface/docking_interface/srv
[8.341s] -- Up-to-date: /home/eating/work/install/docking_interface/include/docking_interface/docking_interface/srv/detail
[8.342s] -- Installing: /home/eating/work/install/docking_interface/include/docking_interface/docking_interface/srv/detail/dockingstatus__type_support.cpp
[8.342s] -- Installing: /home/eating/work/install/docking_interface/include/docking_interface/docking_interface/srv/detail/dockingstatus__rosidl_typesupport_introspection_cpp.hpp
[8.342s] -- Installing: /home/eating/work/install/docking_interface/lib/libdocking_interface__rosidl_typesupport_introspection_cpp.so
[8.342s] -- Set runtime path of "/home/eating/work/install/docking_interface/lib/libdocking_interface__rosidl_typesupport_introspection_cpp.so" to ""
[8.342s] -- Installing: /home/eating/work/install/docking_interface/lib/libdocking_interface__rosidl_typesupport_cpp.so
[8.342s] -- Set runtime path of "/home/eating/work/install/docking_interface/lib/libdocking_interface__rosidl_typesupport_cpp.so" to ""
[8.342s] -- Installing: /home/eating/work/install/docking_interface/share/docking_interface/environment/pythonpath.sh
[8.342s] -- Installing: /home/eating/work/install/docking_interface/share/docking_interface/environment/pythonpath.dsv
[8.342s] -- Installing: /home/eating/work/install/docking_interface/local/lib/python3.10/dist-packages/docking_interface-0.0.0-py3.10.egg-info
[8.342s] -- Installing: /home/eating/work/install/docking_interface/local/lib/python3.10/dist-packages/docking_interface-0.0.0-py3.10.egg-info/top_level.txt
[8.351s] -- Installing: /home/eating/work/install/docking_interface/local/lib/python3.10/dist-packages/docking_interface-0.0.0-py3.10.egg-info/SOURCES.txt
[8.351s] -- Installing: /home/eating/work/install/docking_interface/local/lib/python3.10/dist-packages/docking_interface-0.0.0-py3.10.egg-info/dependency_links.txt
[8.351s] -- Installing: /home/eating/work/install/docking_interface/local/lib/python3.10/dist-packages/docking_interface-0.0.0-py3.10.egg-info/PKG-INFO
[8.351s] -- Installing: /home/eating/work/install/docking_interface/local/lib/python3.10/dist-packages/docking_interface
[8.351s] -- Installing: /home/eating/work/install/docking_interface/local/lib/python3.10/dist-packages/docking_interface/_docking_interface_s.ep.rosidl_typesupport_introspection_c.c
[8.351s] -- Installing: /home/eating/work/install/docking_interface/local/lib/python3.10/dist-packages/docking_interface/_docking_interface_s.ep.rosidl_typesupport_fastrtps_c.c
[8.351s] -- Installing: /home/eating/work/install/docking_interface/local/lib/python3.10/dist-packages/docking_interface/__init__.py
[8.352s] -- Installing: /home/eating/work/install/docking_interface/local/lib/python3.10/dist-packages/docking_interface/_docking_interface_s.ep.rosidl_typesupport_c.c
[8.352s] -- Installing: /home/eating/work/install/docking_interface/local/lib/python3.10/dist-packages/docking_interface/srv
[8.352s] -- Installing: /home/eating/work/install/docking_interface/local/lib/python3.10/dist-packages/docking_interface/srv/_dockingstatus_s.c
[8.352s] -- Installing: /home/eating/work/install/docking_interface/local/lib/python3.10/dist-packages/docking_interface/srv/__init__.py
[8.352s] -- Installing: /home/eating/work/install/docking_interface/local/lib/python3.10/dist-packages/docking_interface/srv/_dockingstatus.py
[8.352s] -- Installing: /home/eating/work/install/docking_interface/local/lib/python3.10/dist-packages/docking_interface/libdocking_interface__rosidl_generator_py.so
[8.352s] -- Installing: /home/eating/work/install/docking_interface/local/lib/python3.10/dist-packages/docking_interface/docking_interface_s__rosidl_typesupport_introspection_c.cpython-310-x86_64-linux-gnu.so
[8.352s] -- Installing: /home/eating/work/install/docking_interface/local/lib/python3.10/dist-packages/docking_interface/docking_interface_s__rosidl_typesupport_fastrtps_c.cpython-310-x86_64-linux-gnu.so
[8.353s] -- Installing: /home/eating/work/install/docking_interface/local/lib/python3.10/dist-packages/docking_interface/docking_interface_s__rosidl_typesupport_c.cpython-310-x86_64-linux-gnu.so
[8.373s] Listing '/home/eating/work/install/docking_interface/local/lib/python3.10/dist-packages/docking_interface'...
[8.374s] Compiling '/home/eating/work/install/docking_interface/local/lib/python3.10/dist-packages/docking_interface/__init__.py'...
[8.374s] Listing '/home/eating/work/install/docking_interface/local/lib/python3.10/dist-packages/docking_interface/srv'...
[8.374s] Compiling '/home/eating/work/install/docking_interface/local/lib/python3.10/dist-packages/docking_interface/srv/__init__.py'...
[8.374s] Compiling '/home/eating/work/install/docking_interface/local/lib/python3.10/dist-packages/docking_interface/srv/_dockingstatus.py'...
[8.397s] -- Installing: /home/eating/work/install/docking_interface/local/lib/python3.10/dist-packages/docking_interface/docking_interface_s__rosidl_typesupport_fastrtps_c.cpython-310-x86_64-linux-gnu.so
[8.397s] -- Set runtime path of "/home/eating/work/install/docking_interface/local/lib/python3.10/dist-packages/docking_interface/docking_interface_s__rosidl_typesupport_fastrtps_c.cpython-310-x86_64-linux-gnu.so" to ""
[8.397s] -- Installing: /home/eating/work/install/docking_interface/local/lib/python3.10/dist-packages/docking_interface/docking_interface_s__rosidl_typesupport_introspection_c.cpython-310-x86_64-linux-gnu.so
[8.398s] -- Set runtime path of "/home/eating/work/install/docking_interface/local/lib/python3.10/dist-packages/docking_interface/docking_interface_s__rosidl_typesupport_introspection_c.cpython-310-x86_64-linux-gnu.so" to ""
[8.398s] -- Installing: /home/eating/work/install/docking_interface/local/lib/python3.10/dist-packages/docking_interface/docking_interface_s__rosidl_typesupport_c.cpython-310-x86_64-linux-gnu.so
[8.398s] -- Set runtime path of "/home/eating/work/install/docking_interface/local/lib/python3.10/dist-packages/docking_interface/docking_interface_s__rosidl_typesupport_c.cpython-310-x86_64-linux-gnu.so" to ""
[8.398s] -- Installing: /home/eating/work/install/docking_interface/lib/libdocking_interface__rosidl_generator_py.so
[8.398s] -- Set runtime path of "/home/eating/work/install/docking_interface/lib/libdocking_interface__rosidl_generator_py.so" to ""
[8.398s] -- Installing: /home/eating/work/install/docking_interface/share/docking_interface/srv/Dockingstatus.idl
[8.398s] -- Installing: /home/eating/work/install/docking_interface/share/docking_interface/srv/Dockingstatus.srv
[8.399s] -- Installing: /home/eating/work/install/docking_interface/share/docking_interface/srv/Dockingstatus_Request.msg
[8.399s] -- Installing: /home/eating/work/install/docking_interface/share/docking_interface/srv/Dockingstatus_Response.msg
[8.399s] -- Installing: /home/eating/work/install/docking_interface/share/ament_index/resource_index/package_run_dependencies/docking_interface
[8.399s] -- Installing: /home/eating/work/install/docking_interface/share/ament_index/resource_index/parent_prefix_path/docking_interface
[8.399s] -- Installing: /home/eating/work/install/docking_interface/share/docking_interface/environment/ament_prefix_path.sh
[8.399s] -- Installing: /home/eating/work/install/docking_interface/share/docking_interface/environment/ament_prefix_path.dsv
[8.399s] -- Installing: /home/eating/work/install/docking_interface/share/docking_interface/environment/path.sh
[8.399s] -- Installing: /home/eating/work/install/docking_interface/share/docking_interface/environment/path.dsv
[8.399s] -- Installing: /home/eating/work/install/docking_interface/share/docking_interface/local_setup.bash
[8.399s] -- Installing: /home/eating/work/install/docking_interface/share/docking_interface/local_setup.sh
[8.400s] -- Installing: /home/eating/work/install/docking_interface/share/docking_interface/local_setup.zsh
[8.400s] -- Installing: /home/eating/work/install/docking_interface/share/docking_interface/local_setup.dsv
[8.400s] -- Installing: /home/eating/work/install/docking_interface/share/docking_interface/package.dsv
[8.400s] -- Installing: /home/eating/work/install/docking_interface/share/ament_index/resource_index/packages/docking_interface
[8.400s] -- Installing: /home/eating/work/install/docking_interface/share/docking_interface/cmake/export_docking_interface__rosidl_generator_cExport.cmake
[8.400s] -- Installing: /home/eating/work/install/docking_interface/share/docking_interface/cmake/export_docking_interface__rosidl_generator_cExport-noconfig.cmake
[8.400s] -- Installing: /home/eating/work/install/docking_interface/share/docking_interface/cmake/export_docking_interface__rosidl_typesupport_fastrtps_cExport.cmake
[8.400s] -- Installing: /home/eating/work/install/docking_interface/share/docking_interface/cmake/export_docking_interface__rosidl_typesupport_fastrtps_cExport-noconfig.cmake
[8.400s] -- Installing: /home/eating/work/install/docking_interface/share/docking_interface/cmake/docking_interface__rosidl_typesupport_introspection_cExport.cmake
[8.401s] -- Installing: /home/eating/work/install/docking_interface/share/docking_interface/cmake/docking_interface__rosidl_typesupport_introspection_cExport-noconfig.cmake
[8.434s] -- Installing: /home/eating/work/install/docking_interface/share/docking_interface/cmake/docking_interface__rosidl_typesupport_cExport.cmake
[8.434s] -- Installing: /home/eating/work/install/docking_interface/share/docking_interface/cmake/docking_interface__rosidl_typesupport_cExport-noconfig.cmake
[8.434s] -- Installing: /home/eating/work/install/docking_interface/share/docking_interface/cmake/export_docking_interface__rosidl_generator_cppExport.cmake
[8.434s] -- Installing: /home/eating/work/install/docking_interface/share/docking_interface/cmake/export_docking_interface__rosidl_typesupport_fastrtps_cppExport.cmake
[8.435s] -- Installing: /home/eating/work/install/docking_interface/share/docking_interface/cmake/export_docking_interface__rosidl_typesupport_fastrtps_cppExport-noconfig.cmake
[8.436s] -- Installing: /home/eating/work/install/docking_interface/share/docking_interface/cmake/docking_interface__rosidl_typesupport_introspection_cppExport.cmake
[8.437s] -- Installing: /home/eating/work/install/docking_interface/share/docking_interface/cmake/docking_interface__rosidl_typesupport_introspection_cppExport-noconfig.cmake
[8.445s] -- Installing: /home/eating/work/install/docking_interface/share/docking_interface/cmake/docking_interface__rosidl_typesupport_cppExport.cmake
[8.445s] -- Installing: /home/eating/work/install/docking_interface/share/docking_interface/cmake/docking_interface__rosidl_typesupport_cppExport-noconfig.cmake
[8.445s] -- Installing: /home/eating/work/install/docking_interface/share/docking_interface/cmake/export_docking_interface__rosidl_generator_pyExport.cmake
[8.445s] -- Installing: /home/eating/work/install/docking_interface/share/docking_interface/cmake/export_docking_interface__rosidl_generator_pyExport-noconfig.cmake
[8.445s] -- Installing: /home/eating/work/install/docking_interface/share/docking_interface/cmake/rosidl_cmake-extras.cmake
[8.445s] -- Installing: /home/eating/work/install/docking_interface/share/docking_interface/cmake/ament_cmake_export_include_directories-extras.cmake
[8.445s] -- Installing: /home/eating/work/install/docking_interface/share/docking_interface/cmake/ament_cmake_export_libraries-extras.cmake
[8.445s] -- Installing: /home/eating/work/install/docking_interface/share/docking_interface/cmake/ament_cmake_export_targets-extras.cmake
[8.445s] -- Installing: /home/eating/work/install/docking_interface/share/docking_interface/cmake/rosidl_cmake_export_typesupport_targets-extras.cmake
[8.445s] -- Installing: /home/eating/work/install/docking_interface/share/docking_interface/cmake/ament_cmake_export_dependencies-extras.cmake
[8.446s] -- Installing: /home/eating/work/install/docking_interface/share/docking_interface/cmake/rosidl_cmake_export_typesupport_libraries-extras.cmake
[8.446s] -- Installing: /home/eating/work/install/docking_interface/share/docking_interface/cmake/docking_interfaceConfig.cmake
[8.446s] -- Installing: /home/eating/work/install/docking_interface/share/docking_interface/cmake/docking_interfaceConfig-version.cmake
[8.446s] -- Installing: /home/eating/work/install/docking_interface/share/docking_interface/package.xml
[8.446s] Invoked command in '/home/eating/work/build/docking_interface' returned '0': CMAKE_PREFIX_PATH=/opt/ros/humble /usr/bin/cmake --install /home/eating/work/build/docking_interface
