[0mCMake Deprecation Warning at CMakeLists.txt:1 (cmake_minimum_required):
  Compatibility with CMake < 3.10 will be removed from a future version of
  CMake.

  Update the VERSION argument <min> value.  Or, use the <min>...<max> syntax
  to tell CMake that the project requires at least <min> but has been updated
  to work with policies introduced by <max> or earlier.

[0m
-- The C compiler identification is GNU 11.4.0
-- The CXX compiler identification is GNU 11.4.0
-- Detecting C compiler ABI info
-- Detecting C compiler ABI info - done
-- Check for working C compiler: /usr/bin/cc - skipped
-- Detecting C compile features
-- Detecting C compile features - done
-- Detecting CXX compiler ABI info
-- Detecting CXX compiler ABI info - done
-- Check for working CXX compiler: /usr/bin/c++ - skipped
-- Detecting CXX compile features
-- Detecting CXX compile features - done
-- Found ament_cmake: 1.3.11 (/opt/ros/humble/share/ament_cmake/cmake)
-- Found Python3: /usr/bin/python3 (found version "3.10.12") found components: Interpreter
-- Found geometry_msgs: 4.8.0 (/opt/ros/humble/share/geometry_msgs/cmake)
-- Found rosidl_generator_c: 3.1.6 (/opt/ros/humble/share/rosidl_generator_c/cmake)
-- Found rosidl_adapter: 3.1.6 (/opt/ros/humble/share/rosidl_adapter/cmake)
-- Found rosidl_generator_cpp: 3.1.6 (/opt/ros/humble/share/rosidl_generator_cpp/cmake)
-- Using all available rosidl_typesupport_c: rosidl_typesupport_fastrtps_c;rosidl_typesupport_introspection_c
-- Using all available rosidl_typesupport_cpp: rosidl_typesupport_fastrtps_cpp;rosidl_typesupport_introspection_cpp
-- Found rosidl_default_generators: 1.2.0 (/opt/ros/humble/share/rosidl_default_generators/cmake)
-- Found ament_cmake_ros: 0.10.0 (/opt/ros/humble/share/ament_cmake_ros/cmake)
-- Using all available rosidl_typesupport_c: rosidl_typesupport_fastrtps_c;rosidl_typesupport_introspection_c
-- Using all available rosidl_typesupport_cpp: rosidl_typesupport_fastrtps_cpp;rosidl_typesupport_introspection_cpp
[33mCMake Warning (dev) at /opt/ros/humble/share/rosidl_generator_py/cmake/rosidl_generator_py_generate_interfaces.cmake:20 (find_package):
  Policy CMP0148 is not set: The FindPythonInterp and FindPythonLibs modules
  are removed.  Run "cmake --help-policy CMP0148" for policy details.  Use
  the cmake_policy command to set the policy and suppress this warning.

Call Stack (most recent call first):
  /opt/ros/humble/share/ament_cmake_core/cmake/core/ament_execute_extensions.cmake:48 (include)
  /opt/ros/humble/share/rosidl_cmake/cmake/rosidl_generate_interfaces.cmake:286 (ament_execute_extensions)
  CMakeLists.txt:16 (rosidl_generate_interfaces)
This warning is for project developers.  Use -Wno-dev to suppress it.
[0m
-- Found PythonInterp: /usr/bin/python3 (found suitable version "3.10.12", minimum required is "3.6")
-- Found python_cmake_module: 0.10.0 (/opt/ros/humble/share/python_cmake_module/cmake)
[33mCMake Warning (dev) at /opt/ros/humble/share/python_cmake_module/cmake/Modules/FindPythonExtra.cmake:52 (find_package):
  Policy CMP0148 is not set: The FindPythonInterp and FindPythonLibs modules
  are removed.  Run "cmake --help-policy CMP0148" for policy details.  Use
  the cmake_policy command to set the policy and suppress this warning.

Call Stack (most recent call first):
  /opt/ros/humble/share/rosidl_generator_py/cmake/rosidl_generator_py_generate_interfaces.cmake:23 (find_package)
  /opt/ros/humble/share/ament_cmake_core/cmake/core/ament_execute_extensions.cmake:48 (include)
  /opt/ros/humble/share/rosidl_cmake/cmake/rosidl_generate_interfaces.cmake:286 (ament_execute_extensions)
  CMakeLists.txt:16 (rosidl_generate_interfaces)
This warning is for project developers.  Use -Wno-dev to suppress it.
[0m
[33mCMake Warning (dev) at /opt/ros/humble/share/python_cmake_module/cmake/Modules/FindPythonExtra.cmake:140 (find_package):
  Policy CMP0148 is not set: The FindPythonInterp and FindPythonLibs modules
  are removed.  Run "cmake --help-policy CMP0148" for policy details.  Use
  the cmake_policy command to set the policy and suppress this warning.

Call Stack (most recent call first):
  /opt/ros/humble/share/rosidl_generator_py/cmake/rosidl_generator_py_generate_interfaces.cmake:23 (find_package)
  /opt/ros/humble/share/ament_cmake_core/cmake/core/ament_execute_extensions.cmake:48 (include)
  /opt/ros/humble/share/rosidl_cmake/cmake/rosidl_generate_interfaces.cmake:286 (ament_execute_extensions)
  CMakeLists.txt:16 (rosidl_generate_interfaces)
This warning is for project developers.  Use -Wno-dev to suppress it.
[0m
-- Found PythonLibs: /usr/lib/x86_64-linux-gnu/libpython3.10.so (found suitable version "3.10.12", minimum required is "3.5")
-- Using PYTHON_EXECUTABLE: /usr/bin/python3
-- Using PYTHON_INCLUDE_DIRS: /usr/include/python3.10
-- Using PYTHON_LIBRARIES: /usr/lib/x86_64-linux-gnu/libpython3.10.so
-- Found PythonExtra: .so
-- Found ament_lint_auto: 0.12.12 (/opt/ros/humble/share/ament_lint_auto/cmake)
-- Added test 'lint_cmake' to check CMake code style
-- Added test 'xmllint' to check XML markup files
-- Configuring done (2.4s)
-- Generating done (0.0s)
-- Build files have been written to: /home/aa/work/build/pallet_interfaces
[  2%] [34m[1mGenerating C code for ROS interfaces[0m
[  2%] Built target ament_cmake_python_copy_pallet_interfaces
[  5%] [34m[1mGenerating C++ code for ROS interfaces[0m
[  5%] Built target pallet_interfaces__cpp
[  7%] [32mBuilding C object CMakeFiles/pallet_interfaces__rosidl_generator_c.dir/rosidl_generator_c/pallet_interfaces/msg/detail/boxinfo__functions.c.o[0m
[ 10%] [32mBuilding C object CMakeFiles/pallet_interfaces__rosidl_generator_c.dir/rosidl_generator_c/pallet_interfaces/srv/detail/palletstate__functions.c.o[0m
[ 12%] [34m[1mGenerating C++ type support dispatch for ROS interfaces[0m
[ 15%] [34m[1mGenerating C++ introspection for ROS interfaces[0m
[ 17%] [34m[1mGenerating C++ type support for eProsima Fast-RTPS[0m
running egg_info
creating pallet_interfaces.egg-info
writing pallet_interfaces.egg-info/PKG-INFO
writing dependency_links to pallet_interfaces.egg-info/dependency_links.txt
writing top-level names to pallet_interfaces.egg-info/top_level.txt
writing manifest file 'pallet_interfaces.egg-info/SOURCES.txt'
reading manifest file 'pallet_interfaces.egg-info/SOURCES.txt'
writing manifest file 'pallet_interfaces.egg-info/SOURCES.txt'
[ 20%] [32m[1mLinking C shared library libpallet_interfaces__rosidl_generator_c.so[0m
[ 20%] Built target ament_cmake_python_build_pallet_interfaces_egg
[ 20%] Built target pallet_interfaces__rosidl_generator_c
[ 28%] [34m[1mGenerating C type support dispatch for ROS interfaces[0m
[ 28%] [34m[1mGenerating C introspection for ROS interfaces[0m
[ 28%] [34m[1mGenerating C type support for eProsima Fast-RTPS[0m
[ 30%] [32mBuilding CXX object CMakeFiles/pallet_interfaces__rosidl_typesupport_cpp.dir/rosidl_typesupport_cpp/pallet_interfaces/msg/boxinfo__type_support.cpp.o[0m
[ 33%] [32mBuilding CXX object CMakeFiles/pallet_interfaces__rosidl_typesupport_cpp.dir/rosidl_typesupport_cpp/pallet_interfaces/srv/palletstate__type_support.cpp.o[0m
[ 35%] [32mBuilding CXX object CMakeFiles/pallet_interfaces__rosidl_typesupport_introspection_cpp.dir/rosidl_typesupport_introspection_cpp/pallet_interfaces/msg/detail/boxinfo__type_support.cpp.o[0m
[ 38%] [32mBuilding CXX object CMakeFiles/pallet_interfaces__rosidl_typesupport_introspection_cpp.dir/rosidl_typesupport_introspection_cpp/pallet_interfaces/srv/detail/palletstate__type_support.cpp.o[0m
[ 41%] [32mBuilding CXX object CMakeFiles/pallet_interfaces__rosidl_typesupport_fastrtps_cpp.dir/rosidl_typesupport_fastrtps_cpp/pallet_interfaces/msg/detail/dds_fastrtps/boxinfo__type_support.cpp.o[0m
[ 43%] [32mBuilding CXX object CMakeFiles/pallet_interfaces__rosidl_typesupport_fastrtps_cpp.dir/rosidl_typesupport_fastrtps_cpp/pallet_interfaces/srv/detail/dds_fastrtps/palletstate__type_support.cpp.o[0m
[ 46%] [32mBuilding CXX object CMakeFiles/pallet_interfaces__rosidl_typesupport_c.dir/rosidl_typesupport_c/pallet_interfaces/msg/boxinfo__type_support.cpp.o[0m
[ 48%] [32mBuilding CXX object CMakeFiles/pallet_interfaces__rosidl_typesupport_c.dir/rosidl_typesupport_c/pallet_interfaces/srv/palletstate__type_support.cpp.o[0m
[ 51%] [32mBuilding C object CMakeFiles/pallet_interfaces__rosidl_typesupport_introspection_c.dir/rosidl_typesupport_introspection_c/pallet_interfaces/msg/detail/boxinfo__type_support.c.o[0m
[ 53%] [32mBuilding C object CMakeFiles/pallet_interfaces__rosidl_typesupport_introspection_c.dir/rosidl_typesupport_introspection_c/pallet_interfaces/srv/detail/palletstate__type_support.c.o[0m
[ 56%] [32m[1mLinking CXX shared library libpallet_interfaces__rosidl_typesupport_c.so[0m
[ 58%] [32mBuilding CXX object CMakeFiles/pallet_interfaces__rosidl_typesupport_fastrtps_c.dir/rosidl_typesupport_fastrtps_c/pallet_interfaces/msg/detail/boxinfo__type_support_c.cpp.o[0m
[ 61%] [32mBuilding CXX object CMakeFiles/pallet_interfaces__rosidl_typesupport_fastrtps_c.dir/rosidl_typesupport_fastrtps_c/pallet_interfaces/srv/detail/palletstate__type_support_c.cpp.o[0m
[ 64%] [32m[1mLinking C shared library libpallet_interfaces__rosidl_typesupport_introspection_c.so[0m
[ 64%] Built target pallet_interfaces__rosidl_typesupport_c
[ 64%] Built target pallet_interfaces__rosidl_typesupport_introspection_c
[ 66%] [32m[1mLinking CXX shared library libpallet_interfaces__rosidl_typesupport_cpp.so[0m
[ 66%] Built target pallet_interfaces__rosidl_typesupport_cpp
[ 69%] [32m[1mLinking CXX shared library libpallet_interfaces__rosidl_typesupport_introspection_cpp.so[0m
[ 71%] [32m[1mLinking CXX shared library libpallet_interfaces__rosidl_typesupport_fastrtps_c.so[0m
[ 74%] [32m[1mLinking CXX shared library libpallet_interfaces__rosidl_typesupport_fastrtps_cpp.so[0m
[ 74%] Built target pallet_interfaces__rosidl_typesupport_introspection_cpp
[ 74%] Built target pallet_interfaces__rosidl_typesupport_fastrtps_c
[ 74%] Built target pallet_interfaces__rosidl_typesupport_fastrtps_cpp
[ 74%] Built target pallet_interfaces
[ 76%] [34m[1mGenerating Python code for ROS interfaces[0m
[ 76%] Built target pallet_interfaces__py
[ 82%] [32mBuilding C object CMakeFiles/pallet_interfaces__rosidl_generator_py.dir/rosidl_generator_py/pallet_interfaces/msg/_boxinfo_s.c.o[0m
[ 82%] [32mBuilding C object CMakeFiles/pallet_interfaces__rosidl_generator_py.dir/rosidl_generator_py/pallet_interfaces/srv/_palletstate_s.c.o[0m
[ 84%] [32m[1mLinking C shared library rosidl_generator_py/pallet_interfaces/libpallet_interfaces__rosidl_generator_py.so[0m
[ 84%] Built target pallet_interfaces__rosidl_generator_py
[ 92%] [32mBuilding C object CMakeFiles/pallet_interfaces__rosidl_typesupport_c__pyext.dir/rosidl_generator_py/pallet_interfaces/_pallet_interfaces_s.ep.rosidl_typesupport_c.c.o[0m
[ 92%] [32mBuilding C object CMakeFiles/pallet_interfaces__rosidl_typesupport_fastrtps_c__pyext.dir/rosidl_generator_py/pallet_interfaces/_pallet_interfaces_s.ep.rosidl_typesupport_fastrtps_c.c.o[0m
[ 92%] [32mBuilding C object CMakeFiles/pallet_interfaces__rosidl_typesupport_introspection_c__pyext.dir/rosidl_generator_py/pallet_interfaces/_pallet_interfaces_s.ep.rosidl_typesupport_introspection_c.c.o[0m
[ 97%] [32m[1mLinking C shared library rosidl_generator_py/pallet_interfaces/pallet_interfaces_s__rosidl_typesupport_fastrtps_c.cpython-310-x86_64-linux-gnu.so[0m
[ 97%] [32m[1mLinking C shared library rosidl_generator_py/pallet_interfaces/pallet_interfaces_s__rosidl_typesupport_c.cpython-310-x86_64-linux-gnu.so[0m
[100%] [32m[1mLinking C shared library rosidl_generator_py/pallet_interfaces/pallet_interfaces_s__rosidl_typesupport_introspection_c.cpython-310-x86_64-linux-gnu.so[0m
[100%] Built target pallet_interfaces__rosidl_typesupport_c__pyext
[100%] Built target pallet_interfaces__rosidl_typesupport_fastrtps_c__pyext
[100%] Built target pallet_interfaces__rosidl_typesupport_introspection_c__pyext
-- Install configuration: ""
-- Installing: /home/aa/work/install/pallet_interfaces/share/ament_index/resource_index/rosidl_interfaces/pallet_interfaces
-- Installing: /home/aa/work/install/pallet_interfaces/include/pallet_interfaces/pallet_interfaces
-- Installing: /home/aa/work/install/pallet_interfaces/include/pallet_interfaces/pallet_interfaces/srv
-- Installing: /home/aa/work/install/pallet_interfaces/include/pallet_interfaces/pallet_interfaces/srv/detail
-- Installing: /home/aa/work/install/pallet_interfaces/include/pallet_interfaces/pallet_interfaces/srv/detail/palletstate__struct.h
-- Installing: /home/aa/work/install/pallet_interfaces/include/pallet_interfaces/pallet_interfaces/srv/detail/palletstate__functions.c
-- Installing: /home/aa/work/install/pallet_interfaces/include/pallet_interfaces/pallet_interfaces/srv/detail/palletstate__functions.h
-- Installing: /home/aa/work/install/pallet_interfaces/include/pallet_interfaces/pallet_interfaces/srv/detail/palletstate__type_support.h
-- Installing: /home/aa/work/install/pallet_interfaces/include/pallet_interfaces/pallet_interfaces/srv/palletstate.h
-- Installing: /home/aa/work/install/pallet_interfaces/include/pallet_interfaces/pallet_interfaces/msg
-- Installing: /home/aa/work/install/pallet_interfaces/include/pallet_interfaces/pallet_interfaces/msg/boxinfo.h
-- Installing: /home/aa/work/install/pallet_interfaces/include/pallet_interfaces/pallet_interfaces/msg/detail
-- Installing: /home/aa/work/install/pallet_interfaces/include/pallet_interfaces/pallet_interfaces/msg/detail/boxinfo__functions.h
-- Installing: /home/aa/work/install/pallet_interfaces/include/pallet_interfaces/pallet_interfaces/msg/detail/boxinfo__struct.h
-- Installing: /home/aa/work/install/pallet_interfaces/include/pallet_interfaces/pallet_interfaces/msg/detail/boxinfo__functions.c
-- Installing: /home/aa/work/install/pallet_interfaces/include/pallet_interfaces/pallet_interfaces/msg/detail/boxinfo__type_support.h
-- Installing: /home/aa/work/install/pallet_interfaces/include/pallet_interfaces/pallet_interfaces/msg/rosidl_generator_c__visibility_control.h
-- Installing: /home/aa/work/install/pallet_interfaces/share/pallet_interfaces/environment/library_path.sh
-- Installing: /home/aa/work/install/pallet_interfaces/share/pallet_interfaces/environment/library_path.dsv
-- Installing: /home/aa/work/install/pallet_interfaces/lib/libpallet_interfaces__rosidl_generator_c.so
-- Set non-toolchain portion of runtime path of "/home/aa/work/install/pallet_interfaces/lib/libpallet_interfaces__rosidl_generator_c.so" to ""
-- Up-to-date: /home/aa/work/install/pallet_interfaces/include/pallet_interfaces/pallet_interfaces
-- Up-to-date: /home/aa/work/install/pallet_interfaces/include/pallet_interfaces/pallet_interfaces/srv
-- Up-to-date: /home/aa/work/install/pallet_interfaces/include/pallet_interfaces/pallet_interfaces/srv/detail
-- Installing: /home/aa/work/install/pallet_interfaces/include/pallet_interfaces/pallet_interfaces/srv/detail/palletstate__rosidl_typesupport_fastrtps_c.h
-- Up-to-date: /home/aa/work/install/pallet_interfaces/include/pallet_interfaces/pallet_interfaces/msg
-- Up-to-date: /home/aa/work/install/pallet_interfaces/include/pallet_interfaces/pallet_interfaces/msg/detail
-- Installing: /home/aa/work/install/pallet_interfaces/include/pallet_interfaces/pallet_interfaces/msg/detail/boxinfo__rosidl_typesupport_fastrtps_c.h
-- Installing: /home/aa/work/install/pallet_interfaces/include/pallet_interfaces/pallet_interfaces/msg/rosidl_typesupport_fastrtps_c__visibility_control.h
-- Installing: /home/aa/work/install/pallet_interfaces/lib/libpallet_interfaces__rosidl_typesupport_fastrtps_c.so
-- Set non-toolchain portion of runtime path of "/home/aa/work/install/pallet_interfaces/lib/libpallet_interfaces__rosidl_typesupport_fastrtps_c.so" to ""
-- Up-to-date: /home/aa/work/install/pallet_interfaces/include/pallet_interfaces/pallet_interfaces
-- Up-to-date: /home/aa/work/install/pallet_interfaces/include/pallet_interfaces/pallet_interfaces/srv
-- Up-to-date: /home/aa/work/install/pallet_interfaces/include/pallet_interfaces/pallet_interfaces/srv/detail
-- Installing: /home/aa/work/install/pallet_interfaces/include/pallet_interfaces/pallet_interfaces/srv/detail/palletstate__struct.hpp
-- Installing: /home/aa/work/install/pallet_interfaces/include/pallet_interfaces/pallet_interfaces/srv/detail/palletstate__builder.hpp
-- Installing: /home/aa/work/install/pallet_interfaces/include/pallet_interfaces/pallet_interfaces/srv/detail/palletstate__type_support.hpp
-- Installing: /home/aa/work/install/pallet_interfaces/include/pallet_interfaces/pallet_interfaces/srv/detail/palletstate__traits.hpp
-- Installing: /home/aa/work/install/pallet_interfaces/include/pallet_interfaces/pallet_interfaces/srv/palletstate.hpp
-- Up-to-date: /home/aa/work/install/pallet_interfaces/include/pallet_interfaces/pallet_interfaces/msg
-- Up-to-date: /home/aa/work/install/pallet_interfaces/include/pallet_interfaces/pallet_interfaces/msg/detail
-- Installing: /home/aa/work/install/pallet_interfaces/include/pallet_interfaces/pallet_interfaces/msg/detail/boxinfo__struct.hpp
-- Installing: /home/aa/work/install/pallet_interfaces/include/pallet_interfaces/pallet_interfaces/msg/detail/boxinfo__type_support.hpp
-- Installing: /home/aa/work/install/pallet_interfaces/include/pallet_interfaces/pallet_interfaces/msg/detail/boxinfo__traits.hpp
-- Installing: /home/aa/work/install/pallet_interfaces/include/pallet_interfaces/pallet_interfaces/msg/detail/boxinfo__builder.hpp
-- Installing: /home/aa/work/install/pallet_interfaces/include/pallet_interfaces/pallet_interfaces/msg/rosidl_generator_cpp__visibility_control.hpp
-- Installing: /home/aa/work/install/pallet_interfaces/include/pallet_interfaces/pallet_interfaces/msg/boxinfo.hpp
-- Up-to-date: /home/aa/work/install/pallet_interfaces/include/pallet_interfaces/pallet_interfaces
-- Up-to-date: /home/aa/work/install/pallet_interfaces/include/pallet_interfaces/pallet_interfaces/srv
-- Up-to-date: /home/aa/work/install/pallet_interfaces/include/pallet_interfaces/pallet_interfaces/srv/detail
-- Installing: /home/aa/work/install/pallet_interfaces/include/pallet_interfaces/pallet_interfaces/srv/detail/palletstate__rosidl_typesupport_fastrtps_cpp.hpp
-- Installing: /home/aa/work/install/pallet_interfaces/include/pallet_interfaces/pallet_interfaces/srv/detail/dds_fastrtps
-- Up-to-date: /home/aa/work/install/pallet_interfaces/include/pallet_interfaces/pallet_interfaces/msg
-- Up-to-date: /home/aa/work/install/pallet_interfaces/include/pallet_interfaces/pallet_interfaces/msg/detail
-- Installing: /home/aa/work/install/pallet_interfaces/include/pallet_interfaces/pallet_interfaces/msg/detail/boxinfo__rosidl_typesupport_fastrtps_cpp.hpp
-- Installing: /home/aa/work/install/pallet_interfaces/include/pallet_interfaces/pallet_interfaces/msg/detail/dds_fastrtps
-- Installing: /home/aa/work/install/pallet_interfaces/include/pallet_interfaces/pallet_interfaces/msg/rosidl_typesupport_fastrtps_cpp__visibility_control.h
-- Installing: /home/aa/work/install/pallet_interfaces/lib/libpallet_interfaces__rosidl_typesupport_fastrtps_cpp.so
-- Set non-toolchain portion of runtime path of "/home/aa/work/install/pallet_interfaces/lib/libpallet_interfaces__rosidl_typesupport_fastrtps_cpp.so" to ""
-- Up-to-date: /home/aa/work/install/pallet_interfaces/include/pallet_interfaces/pallet_interfaces
-- Up-to-date: /home/aa/work/install/pallet_interfaces/include/pallet_interfaces/pallet_interfaces/srv
-- Up-to-date: /home/aa/work/install/pallet_interfaces/include/pallet_interfaces/pallet_interfaces/srv/detail
-- Installing: /home/aa/work/install/pallet_interfaces/include/pallet_interfaces/pallet_interfaces/srv/detail/palletstate__rosidl_typesupport_introspection_c.h
-- Installing: /home/aa/work/install/pallet_interfaces/include/pallet_interfaces/pallet_interfaces/srv/detail/palletstate__type_support.c
-- Up-to-date: /home/aa/work/install/pallet_interfaces/include/pallet_interfaces/pallet_interfaces/msg
-- Up-to-date: /home/aa/work/install/pallet_interfaces/include/pallet_interfaces/pallet_interfaces/msg/detail
-- Installing: /home/aa/work/install/pallet_interfaces/include/pallet_interfaces/pallet_interfaces/msg/detail/boxinfo__rosidl_typesupport_introspection_c.h
-- Installing: /home/aa/work/install/pallet_interfaces/include/pallet_interfaces/pallet_interfaces/msg/detail/boxinfo__type_support.c
-- Installing: /home/aa/work/install/pallet_interfaces/include/pallet_interfaces/pallet_interfaces/msg/rosidl_typesupport_introspection_c__visibility_control.h
-- Installing: /home/aa/work/install/pallet_interfaces/lib/libpallet_interfaces__rosidl_typesupport_introspection_c.so
-- Set non-toolchain portion of runtime path of "/home/aa/work/install/pallet_interfaces/lib/libpallet_interfaces__rosidl_typesupport_introspection_c.so" to ""
-- Installing: /home/aa/work/install/pallet_interfaces/lib/libpallet_interfaces__rosidl_typesupport_c.so
-- Set non-toolchain portion of runtime path of "/home/aa/work/install/pallet_interfaces/lib/libpallet_interfaces__rosidl_typesupport_c.so" to ""
-- Up-to-date: /home/aa/work/install/pallet_interfaces/include/pallet_interfaces/pallet_interfaces
-- Up-to-date: /home/aa/work/install/pallet_interfaces/include/pallet_interfaces/pallet_interfaces/srv
-- Up-to-date: /home/aa/work/install/pallet_interfaces/include/pallet_interfaces/pallet_interfaces/srv/detail
-- Installing: /home/aa/work/install/pallet_interfaces/include/pallet_interfaces/pallet_interfaces/srv/detail/palletstate__rosidl_typesupport_introspection_cpp.hpp
-- Installing: /home/aa/work/install/pallet_interfaces/include/pallet_interfaces/pallet_interfaces/srv/detail/palletstate__type_support.cpp
-- Up-to-date: /home/aa/work/install/pallet_interfaces/include/pallet_interfaces/pallet_interfaces/msg
-- Up-to-date: /home/aa/work/install/pallet_interfaces/include/pallet_interfaces/pallet_interfaces/msg/detail
-- Installing: /home/aa/work/install/pallet_interfaces/include/pallet_interfaces/pallet_interfaces/msg/detail/boxinfo__type_support.cpp
-- Installing: /home/aa/work/install/pallet_interfaces/include/pallet_interfaces/pallet_interfaces/msg/detail/boxinfo__rosidl_typesupport_introspection_cpp.hpp
-- Installing: /home/aa/work/install/pallet_interfaces/lib/libpallet_interfaces__rosidl_typesupport_introspection_cpp.so
-- Set non-toolchain portion of runtime path of "/home/aa/work/install/pallet_interfaces/lib/libpallet_interfaces__rosidl_typesupport_introspection_cpp.so" to ""
-- Installing: /home/aa/work/install/pallet_interfaces/lib/libpallet_interfaces__rosidl_typesupport_cpp.so
-- Set non-toolchain portion of runtime path of "/home/aa/work/install/pallet_interfaces/lib/libpallet_interfaces__rosidl_typesupport_cpp.so" to ""
-- Installing: /home/aa/work/install/pallet_interfaces/share/pallet_interfaces/environment/pythonpath.sh
-- Installing: /home/aa/work/install/pallet_interfaces/share/pallet_interfaces/environment/pythonpath.dsv
-- Installing: /home/aa/work/install/pallet_interfaces/local/lib/python3.10/dist-packages/pallet_interfaces-0.0.0-py3.10.egg-info
-- Installing: /home/aa/work/install/pallet_interfaces/local/lib/python3.10/dist-packages/pallet_interfaces-0.0.0-py3.10.egg-info/dependency_links.txt
-- Installing: /home/aa/work/install/pallet_interfaces/local/lib/python3.10/dist-packages/pallet_interfaces-0.0.0-py3.10.egg-info/SOURCES.txt
-- Installing: /home/aa/work/install/pallet_interfaces/local/lib/python3.10/dist-packages/pallet_interfaces-0.0.0-py3.10.egg-info/top_level.txt
-- Installing: /home/aa/work/install/pallet_interfaces/local/lib/python3.10/dist-packages/pallet_interfaces-0.0.0-py3.10.egg-info/PKG-INFO
-- Installing: /home/aa/work/install/pallet_interfaces/local/lib/python3.10/dist-packages/pallet_interfaces
-- Installing: /home/aa/work/install/pallet_interfaces/local/lib/python3.10/dist-packages/pallet_interfaces/_pallet_interfaces_s.ep.rosidl_typesupport_introspection_c.c
-- Installing: /home/aa/work/install/pallet_interfaces/local/lib/python3.10/dist-packages/pallet_interfaces/libpallet_interfaces__rosidl_generator_py.so
-- Installing: /home/aa/work/install/pallet_interfaces/local/lib/python3.10/dist-packages/pallet_interfaces/srv
-- Installing: /home/aa/work/install/pallet_interfaces/local/lib/python3.10/dist-packages/pallet_interfaces/srv/_palletstate_s.c
-- Installing: /home/aa/work/install/pallet_interfaces/local/lib/python3.10/dist-packages/pallet_interfaces/srv/_palletstate.py
-- Installing: /home/aa/work/install/pallet_interfaces/local/lib/python3.10/dist-packages/pallet_interfaces/srv/__init__.py
-- Installing: /home/aa/work/install/pallet_interfaces/local/lib/python3.10/dist-packages/pallet_interfaces/pallet_interfaces_s__rosidl_typesupport_fastrtps_c.cpython-310-x86_64-linux-gnu.so
-- Installing: /home/aa/work/install/pallet_interfaces/local/lib/python3.10/dist-packages/pallet_interfaces/pallet_interfaces_s__rosidl_typesupport_introspection_c.cpython-310-x86_64-linux-gnu.so
-- Installing: /home/aa/work/install/pallet_interfaces/local/lib/python3.10/dist-packages/pallet_interfaces/_pallet_interfaces_s.ep.rosidl_typesupport_c.c
-- Installing: /home/aa/work/install/pallet_interfaces/local/lib/python3.10/dist-packages/pallet_interfaces/msg
-- Installing: /home/aa/work/install/pallet_interfaces/local/lib/python3.10/dist-packages/pallet_interfaces/msg/_boxinfo.py
-- Installing: /home/aa/work/install/pallet_interfaces/local/lib/python3.10/dist-packages/pallet_interfaces/msg/_boxinfo_s.c
-- Installing: /home/aa/work/install/pallet_interfaces/local/lib/python3.10/dist-packages/pallet_interfaces/msg/__init__.py
-- Installing: /home/aa/work/install/pallet_interfaces/local/lib/python3.10/dist-packages/pallet_interfaces/_pallet_interfaces_s.ep.rosidl_typesupport_fastrtps_c.c
-- Installing: /home/aa/work/install/pallet_interfaces/local/lib/python3.10/dist-packages/pallet_interfaces/__init__.py
-- Installing: /home/aa/work/install/pallet_interfaces/local/lib/python3.10/dist-packages/pallet_interfaces/pallet_interfaces_s__rosidl_typesupport_c.cpython-310-x86_64-linux-gnu.so
Listing '/home/aa/work/install/pallet_interfaces/local/lib/python3.10/dist-packages/pallet_interfaces'...
Compiling '/home/aa/work/install/pallet_interfaces/local/lib/python3.10/dist-packages/pallet_interfaces/__init__.py'...
Listing '/home/aa/work/install/pallet_interfaces/local/lib/python3.10/dist-packages/pallet_interfaces/msg'...
Compiling '/home/aa/work/install/pallet_interfaces/local/lib/python3.10/dist-packages/pallet_interfaces/msg/__init__.py'...
Compiling '/home/aa/work/install/pallet_interfaces/local/lib/python3.10/dist-packages/pallet_interfaces/msg/_boxinfo.py'...
Listing '/home/aa/work/install/pallet_interfaces/local/lib/python3.10/dist-packages/pallet_interfaces/srv'...
Compiling '/home/aa/work/install/pallet_interfaces/local/lib/python3.10/dist-packages/pallet_interfaces/srv/__init__.py'...
Compiling '/home/aa/work/install/pallet_interfaces/local/lib/python3.10/dist-packages/pallet_interfaces/srv/_palletstate.py'...
-- Installing: /home/aa/work/install/pallet_interfaces/local/lib/python3.10/dist-packages/pallet_interfaces/pallet_interfaces_s__rosidl_typesupport_fastrtps_c.cpython-310-x86_64-linux-gnu.so
-- Set non-toolchain portion of runtime path of "/home/aa/work/install/pallet_interfaces/local/lib/python3.10/dist-packages/pallet_interfaces/pallet_interfaces_s__rosidl_typesupport_fastrtps_c.cpython-310-x86_64-linux-gnu.so" to ""
-- Installing: /home/aa/work/install/pallet_interfaces/local/lib/python3.10/dist-packages/pallet_interfaces/pallet_interfaces_s__rosidl_typesupport_introspection_c.cpython-310-x86_64-linux-gnu.so
-- Set non-toolchain portion of runtime path of "/home/aa/work/install/pallet_interfaces/local/lib/python3.10/dist-packages/pallet_interfaces/pallet_interfaces_s__rosidl_typesupport_introspection_c.cpython-310-x86_64-linux-gnu.so" to ""
-- Installing: /home/aa/work/install/pallet_interfaces/local/lib/python3.10/dist-packages/pallet_interfaces/pallet_interfaces_s__rosidl_typesupport_c.cpython-310-x86_64-linux-gnu.so
-- Set non-toolchain portion of runtime path of "/home/aa/work/install/pallet_interfaces/local/lib/python3.10/dist-packages/pallet_interfaces/pallet_interfaces_s__rosidl_typesupport_c.cpython-310-x86_64-linux-gnu.so" to ""
-- Installing: /home/aa/work/install/pallet_interfaces/lib/libpallet_interfaces__rosidl_generator_py.so
-- Set non-toolchain portion of runtime path of "/home/aa/work/install/pallet_interfaces/lib/libpallet_interfaces__rosidl_generator_py.so" to ""
-- Installing: /home/aa/work/install/pallet_interfaces/share/pallet_interfaces/msg/Boxinfo.idl
-- Installing: /home/aa/work/install/pallet_interfaces/share/pallet_interfaces/srv/Palletstate.idl
-- Installing: /home/aa/work/install/pallet_interfaces/share/pallet_interfaces/msg/Boxinfo.msg
-- Installing: /home/aa/work/install/pallet_interfaces/share/pallet_interfaces/srv/Palletstate.srv
-- Installing: /home/aa/work/install/pallet_interfaces/share/pallet_interfaces/srv/Palletstate_Request.msg
-- Installing: /home/aa/work/install/pallet_interfaces/share/pallet_interfaces/srv/Palletstate_Response.msg
-- Installing: /home/aa/work/install/pallet_interfaces/share/ament_index/resource_index/package_run_dependencies/pallet_interfaces
-- Installing: /home/aa/work/install/pallet_interfaces/share/ament_index/resource_index/parent_prefix_path/pallet_interfaces
-- Installing: /home/aa/work/install/pallet_interfaces/share/pallet_interfaces/environment/ament_prefix_path.sh
-- Installing: /home/aa/work/install/pallet_interfaces/share/pallet_interfaces/environment/ament_prefix_path.dsv
-- Installing: /home/aa/work/install/pallet_interfaces/share/pallet_interfaces/environment/path.sh
-- Installing: /home/aa/work/install/pallet_interfaces/share/pallet_interfaces/environment/path.dsv
-- Installing: /home/aa/work/install/pallet_interfaces/share/pallet_interfaces/local_setup.bash
-- Installing: /home/aa/work/install/pallet_interfaces/share/pallet_interfaces/local_setup.sh
-- Installing: /home/aa/work/install/pallet_interfaces/share/pallet_interfaces/local_setup.zsh
-- Installing: /home/aa/work/install/pallet_interfaces/share/pallet_interfaces/local_setup.dsv
-- Installing: /home/aa/work/install/pallet_interfaces/share/pallet_interfaces/package.dsv
-- Installing: /home/aa/work/install/pallet_interfaces/share/ament_index/resource_index/packages/pallet_interfaces
-- Installing: /home/aa/work/install/pallet_interfaces/share/pallet_interfaces/cmake/export_pallet_interfaces__rosidl_generator_cExport.cmake
-- Installing: /home/aa/work/install/pallet_interfaces/share/pallet_interfaces/cmake/export_pallet_interfaces__rosidl_generator_cExport-noconfig.cmake
-- Installing: /home/aa/work/install/pallet_interfaces/share/pallet_interfaces/cmake/export_pallet_interfaces__rosidl_typesupport_fastrtps_cExport.cmake
-- Installing: /home/aa/work/install/pallet_interfaces/share/pallet_interfaces/cmake/export_pallet_interfaces__rosidl_typesupport_fastrtps_cExport-noconfig.cmake
-- Installing: /home/aa/work/install/pallet_interfaces/share/pallet_interfaces/cmake/export_pallet_interfaces__rosidl_generator_cppExport.cmake
-- Installing: /home/aa/work/install/pallet_interfaces/share/pallet_interfaces/cmake/export_pallet_interfaces__rosidl_typesupport_fastrtps_cppExport.cmake
-- Installing: /home/aa/work/install/pallet_interfaces/share/pallet_interfaces/cmake/export_pallet_interfaces__rosidl_typesupport_fastrtps_cppExport-noconfig.cmake
-- Installing: /home/aa/work/install/pallet_interfaces/share/pallet_interfaces/cmake/pallet_interfaces__rosidl_typesupport_introspection_cExport.cmake
-- Installing: /home/aa/work/install/pallet_interfaces/share/pallet_interfaces/cmake/pallet_interfaces__rosidl_typesupport_introspection_cExport-noconfig.cmake
-- Installing: /home/aa/work/install/pallet_interfaces/share/pallet_interfaces/cmake/pallet_interfaces__rosidl_typesupport_cExport.cmake
-- Installing: /home/aa/work/install/pallet_interfaces/share/pallet_interfaces/cmake/pallet_interfaces__rosidl_typesupport_cExport-noconfig.cmake
-- Installing: /home/aa/work/install/pallet_interfaces/share/pallet_interfaces/cmake/pallet_interfaces__rosidl_typesupport_introspection_cppExport.cmake
-- Installing: /home/aa/work/install/pallet_interfaces/share/pallet_interfaces/cmake/pallet_interfaces__rosidl_typesupport_introspection_cppExport-noconfig.cmake
-- Installing: /home/aa/work/install/pallet_interfaces/share/pallet_interfaces/cmake/pallet_interfaces__rosidl_typesupport_cppExport.cmake
-- Installing: /home/aa/work/install/pallet_interfaces/share/pallet_interfaces/cmake/pallet_interfaces__rosidl_typesupport_cppExport-noconfig.cmake
-- Installing: /home/aa/work/install/pallet_interfaces/share/pallet_interfaces/cmake/export_pallet_interfaces__rosidl_generator_pyExport.cmake
-- Installing: /home/aa/work/install/pallet_interfaces/share/pallet_interfaces/cmake/export_pallet_interfaces__rosidl_generator_pyExport-noconfig.cmake
-- Installing: /home/aa/work/install/pallet_interfaces/share/pallet_interfaces/cmake/rosidl_cmake-extras.cmake
-- Installing: /home/aa/work/install/pallet_interfaces/share/pallet_interfaces/cmake/ament_cmake_export_dependencies-extras.cmake
-- Installing: /home/aa/work/install/pallet_interfaces/share/pallet_interfaces/cmake/ament_cmake_export_include_directories-extras.cmake
-- Installing: /home/aa/work/install/pallet_interfaces/share/pallet_interfaces/cmake/ament_cmake_export_libraries-extras.cmake
-- Installing: /home/aa/work/install/pallet_interfaces/share/pallet_interfaces/cmake/ament_cmake_export_targets-extras.cmake
-- Installing: /home/aa/work/install/pallet_interfaces/share/pallet_interfaces/cmake/rosidl_cmake_export_typesupport_targets-extras.cmake
-- Installing: /home/aa/work/install/pallet_interfaces/share/pallet_interfaces/cmake/rosidl_cmake_export_typesupport_libraries-extras.cmake
-- Installing: /home/aa/work/install/pallet_interfaces/share/pallet_interfaces/cmake/pallet_interfacesConfig.cmake
-- Installing: /home/aa/work/install/pallet_interfaces/share/pallet_interfaces/cmake/pallet_interfacesConfig-version.cmake
-- Installing: /home/aa/work/install/pallet_interfaces/share/pallet_interfaces/package.xml
