[0.237s] Invoking command in '/home/aa/work/build/pallet_interfaces': CMAKE_PREFIX_PATH=/opt/ros/humble /usr/local/bin/cmake /home/aa/work/src/pallet/pallet_interfaces -DCMAKE_INSTALL_PREFIX=/home/aa/work/install/pallet_interfaces
[0.320s] [0mCMake Deprecation Warning at CMakeLists.txt:1 (cmake_minimum_required):
[0.320s]   Compatibility with CMake < 3.10 will be removed from a future version of
[0.320s]   CMake.
[0.320s] 
[0.320s]   Update the VERSION argument <min> value.  Or, use the <min>...<max> syntax
[0.320s]   to tell CMake that the project requires at least <min> but has been updated
[0.320s]   to work with policies introduced by <max> or earlier.
[0.320s] 
[0.321s] [0m
[0.396s] -- The C compiler identification is GNU 11.4.0
[0.478s] -- The CXX compiler identification is GNU 11.4.0
[0.487s] -- Detecting C compiler ABI info
[0.546s] -- Detecting C compiler ABI info - done
[0.559s] -- Check for working C compiler: /usr/bin/cc - skipped
[0.559s] -- Detecting C compile features
[0.560s] -- Detecting C compile features - done
[0.568s] -- Detecting CXX compiler ABI info
[0.626s] -- Detecting CXX compiler ABI info - done
[0.653s] -- Check for working CXX compiler: /usr/bin/c++ - skipped
[0.654s] -- Detecting CXX compile features
[0.654s] -- Detecting CXX compile features - done
[0.665s] -- Found ament_cmake: 1.3.11 (/opt/ros/humble/share/ament_cmake/cmake)
[0.794s] -- Found Python3: /usr/bin/python3 (found version "3.10.12") found components: Interpreter
[0.949s] -- Found geometry_msgs: 4.8.0 (/opt/ros/humble/share/geometry_msgs/cmake)
[1.012s] -- Found rosidl_generator_c: 3.1.6 (/opt/ros/humble/share/rosidl_generator_c/cmake)
[1.023s] -- Found rosidl_adapter: 3.1.6 (/opt/ros/humble/share/rosidl_adapter/cmake)
[1.038s] -- Found rosidl_generator_cpp: 3.1.6 (/opt/ros/humble/share/rosidl_generator_cpp/cmake)
[1.062s] -- Using all available rosidl_typesupport_c: rosidl_typesupport_fastrtps_c;rosidl_typesupport_introspection_c
[1.098s] -- Using all available rosidl_typesupport_cpp: rosidl_typesupport_fastrtps_cpp;rosidl_typesupport_introspection_cpp
[1.163s] -- Found rosidl_default_generators: 1.2.0 (/opt/ros/humble/share/rosidl_default_generators/cmake)
[1.566s] -- Found ament_cmake_ros: 0.10.0 (/opt/ros/humble/share/ament_cmake_ros/cmake)
[2.295s] -- Using all available rosidl_typesupport_c: rosidl_typesupport_fastrtps_c;rosidl_typesupport_introspection_c
[2.579s] -- Using all available rosidl_typesupport_cpp: rosidl_typesupport_fastrtps_cpp;rosidl_typesupport_introspection_cpp
[2.581s] [33mCMake Warning (dev) at /opt/ros/humble/share/rosidl_generator_py/cmake/rosidl_generator_py_generate_interfaces.cmake:20 (find_package):
[2.581s]   Policy CMP0148 is not set: The FindPythonInterp and FindPythonLibs modules
[2.581s]   are removed.  Run "cmake --help-policy CMP0148" for policy details.  Use
[2.581s]   the cmake_policy command to set the policy and suppress this warning.
[2.581s] 
[2.581s] Call Stack (most recent call first):
[2.581s]   /opt/ros/humble/share/ament_cmake_core/cmake/core/ament_execute_extensions.cmake:48 (include)
[2.581s]   /opt/ros/humble/share/rosidl_cmake/cmake/rosidl_generate_interfaces.cmake:286 (ament_execute_extensions)
[2.581s]   CMakeLists.txt:16 (rosidl_generate_interfaces)
[2.581s] This warning is for project developers.  Use -Wno-dev to suppress it.
[2.581s] [0m
[2.599s] -- Found PythonInterp: /usr/bin/python3 (found suitable version "3.10.12", minimum required is "3.6")
[2.603s] -- Found python_cmake_module: 0.10.0 (/opt/ros/humble/share/python_cmake_module/cmake)
[2.604s] [33mCMake Warning (dev) at /opt/ros/humble/share/python_cmake_module/cmake/Modules/FindPythonExtra.cmake:52 (find_package):
[2.604s]   Policy CMP0148 is not set: The FindPythonInterp and FindPythonLibs modules
[2.604s]   are removed.  Run "cmake --help-policy CMP0148" for policy details.  Use
[2.604s]   the cmake_policy command to set the policy and suppress this warning.
[2.604s] 
[2.604s] Call Stack (most recent call first):
[2.604s]   /opt/ros/humble/share/rosidl_generator_py/cmake/rosidl_generator_py_generate_interfaces.cmake:23 (find_package)
[2.604s]   /opt/ros/humble/share/ament_cmake_core/cmake/core/ament_execute_extensions.cmake:48 (include)
[2.604s]   /opt/ros/humble/share/rosidl_cmake/cmake/rosidl_generate_interfaces.cmake:286 (ament_execute_extensions)
[2.604s]   CMakeLists.txt:16 (rosidl_generate_interfaces)
[2.604s] This warning is for project developers.  Use -Wno-dev to suppress it.
[2.604s] [0m
[2.621s] [33mCMake Warning (dev) at /opt/ros/humble/share/python_cmake_module/cmake/Modules/FindPythonExtra.cmake:140 (find_package):
[2.622s]   Policy CMP0148 is not set: The FindPythonInterp and FindPythonLibs modules
[2.622s]   are removed.  Run "cmake --help-policy CMP0148" for policy details.  Use
[2.622s]   the cmake_policy command to set the policy and suppress this warning.
[2.622s] 
[2.622s] Call Stack (most recent call first):
[2.622s]   /opt/ros/humble/share/rosidl_generator_py/cmake/rosidl_generator_py_generate_interfaces.cmake:23 (find_package)
[2.622s]   /opt/ros/humble/share/ament_cmake_core/cmake/core/ament_execute_extensions.cmake:48 (include)
[2.622s]   /opt/ros/humble/share/rosidl_cmake/cmake/rosidl_generate_interfaces.cmake:286 (ament_execute_extensions)
[2.622s]   CMakeLists.txt:16 (rosidl_generate_interfaces)
[2.623s] This warning is for project developers.  Use -Wno-dev to suppress it.
[2.623s] [0m
[2.628s] -- Found PythonLibs: /usr/lib/x86_64-linux-gnu/libpython3.10.so (found suitable version "3.10.12", minimum required is "3.5")
[2.629s] -- Using PYTHON_EXECUTABLE: /usr/bin/python3
[2.629s] -- Using PYTHON_INCLUDE_DIRS: /usr/include/python3.10
[2.629s] -- Using PYTHON_LIBRARIES: /usr/lib/x86_64-linux-gnu/libpython3.10.so
[2.647s] -- Found PythonExtra: .so
[2.709s] -- Found ament_lint_auto: 0.12.12 (/opt/ros/humble/share/ament_lint_auto/cmake)
[2.749s] -- Added test 'lint_cmake' to check CMake code style
[2.750s] -- Added test 'xmllint' to check XML markup files
[2.753s] -- Configuring done (2.4s)
[2.796s] -- Generating done (0.0s)
[2.806s] -- Build files have been written to: /home/aa/work/build/pallet_interfaces
[2.817s] Invoked command in '/home/aa/work/build/pallet_interfaces' returned '0': CMAKE_PREFIX_PATH=/opt/ros/humble /usr/local/bin/cmake /home/aa/work/src/pallet/pallet_interfaces -DCMAKE_INSTALL_PREFIX=/home/aa/work/install/pallet_interfaces
[2.818s] Invoking command in '/home/aa/work/build/pallet_interfaces': CMAKE_PREFIX_PATH=/opt/ros/humble /usr/local/bin/cmake --build /home/aa/work/build/pallet_interfaces -- -j12 -l12
[2.901s] [  2%] [34m[1mGenerating C code for ROS interfaces[0m
[2.907s] [  2%] Built target ament_cmake_python_copy_pallet_interfaces
[2.907s] [  5%] [34m[1mGenerating C++ code for ROS interfaces[0m
[3.236s] [  5%] Built target pallet_interfaces__cpp
[3.237s] [  7%] [32mBuilding C object CMakeFiles/pallet_interfaces__rosidl_generator_c.dir/rosidl_generator_c/pallet_interfaces/msg/detail/boxinfo__functions.c.o[0m
[3.237s] [ 10%] [32mBuilding C object CMakeFiles/pallet_interfaces__rosidl_generator_c.dir/rosidl_generator_c/pallet_interfaces/srv/detail/palletstate__functions.c.o[0m
[3.241s] [ 12%] [34m[1mGenerating C++ type support dispatch for ROS interfaces[0m
[3.241s] [ 15%] [34m[1mGenerating C++ introspection for ROS interfaces[0m
[3.241s] [ 17%] [34m[1mGenerating C++ type support for eProsima Fast-RTPS[0m
[3.272s] running egg_info
[3.273s] creating pallet_interfaces.egg-info
[3.273s] writing pallet_interfaces.egg-info/PKG-INFO
[3.273s] writing dependency_links to pallet_interfaces.egg-info/dependency_links.txt
[3.273s] writing top-level names to pallet_interfaces.egg-info/top_level.txt
[3.273s] writing manifest file 'pallet_interfaces.egg-info/SOURCES.txt'
[3.276s] reading manifest file 'pallet_interfaces.egg-info/SOURCES.txt'
[3.277s] writing manifest file 'pallet_interfaces.egg-info/SOURCES.txt'
[3.304s] [ 20%] [32m[1mLinking C shared library libpallet_interfaces__rosidl_generator_c.so[0m
[3.318s] [ 20%] Built target ament_cmake_python_build_pallet_interfaces_egg
[3.339s] [ 20%] Built target pallet_interfaces__rosidl_generator_c
[3.345s] [ 28%] [34m[1mGenerating C type support dispatch for ROS interfaces[0m
[3.345s] [ 28%] [34m[1mGenerating C introspection for ROS interfaces[0m
[3.345s] [ 28%] [34m[1mGenerating C type support for eProsima Fast-RTPS[0m
[3.610s] [ 30%] [32mBuilding CXX object CMakeFiles/pallet_interfaces__rosidl_typesupport_cpp.dir/rosidl_typesupport_cpp/pallet_interfaces/msg/boxinfo__type_support.cpp.o[0m
[3.610s] [ 33%] [32mBuilding CXX object CMakeFiles/pallet_interfaces__rosidl_typesupport_cpp.dir/rosidl_typesupport_cpp/pallet_interfaces/srv/palletstate__type_support.cpp.o[0m
[3.662s] [ 35%] [32mBuilding CXX object CMakeFiles/pallet_interfaces__rosidl_typesupport_introspection_cpp.dir/rosidl_typesupport_introspection_cpp/pallet_interfaces/msg/detail/boxinfo__type_support.cpp.o[0m
[3.666s] [ 38%] [32mBuilding CXX object CMakeFiles/pallet_interfaces__rosidl_typesupport_introspection_cpp.dir/rosidl_typesupport_introspection_cpp/pallet_interfaces/srv/detail/palletstate__type_support.cpp.o[0m
[3.673s] [ 41%] [32mBuilding CXX object CMakeFiles/pallet_interfaces__rosidl_typesupport_fastrtps_cpp.dir/rosidl_typesupport_fastrtps_cpp/pallet_interfaces/msg/detail/dds_fastrtps/boxinfo__type_support.cpp.o[0m
[3.677s] [ 43%] [32mBuilding CXX object CMakeFiles/pallet_interfaces__rosidl_typesupport_fastrtps_cpp.dir/rosidl_typesupport_fastrtps_cpp/pallet_interfaces/srv/detail/dds_fastrtps/palletstate__type_support.cpp.o[0m
[3.717s] [ 46%] [32mBuilding CXX object CMakeFiles/pallet_interfaces__rosidl_typesupport_c.dir/rosidl_typesupport_c/pallet_interfaces/msg/boxinfo__type_support.cpp.o[0m
[3.720s] [ 48%] [32mBuilding CXX object CMakeFiles/pallet_interfaces__rosidl_typesupport_c.dir/rosidl_typesupport_c/pallet_interfaces/srv/palletstate__type_support.cpp.o[0m
[3.773s] [ 51%] [32mBuilding C object CMakeFiles/pallet_interfaces__rosidl_typesupport_introspection_c.dir/rosidl_typesupport_introspection_c/pallet_interfaces/msg/detail/boxinfo__type_support.c.o[0m
[3.776s] [ 53%] [32mBuilding C object CMakeFiles/pallet_interfaces__rosidl_typesupport_introspection_c.dir/rosidl_typesupport_introspection_c/pallet_interfaces/srv/detail/palletstate__type_support.c.o[0m
[3.777s] [ 56%] [32m[1mLinking CXX shared library libpallet_interfaces__rosidl_typesupport_c.so[0m
[3.784s] [ 58%] [32mBuilding CXX object CMakeFiles/pallet_interfaces__rosidl_typesupport_fastrtps_c.dir/rosidl_typesupport_fastrtps_c/pallet_interfaces/msg/detail/boxinfo__type_support_c.cpp.o[0m
[3.789s] [ 61%] [32mBuilding CXX object CMakeFiles/pallet_interfaces__rosidl_typesupport_fastrtps_c.dir/rosidl_typesupport_fastrtps_c/pallet_interfaces/srv/detail/palletstate__type_support_c.cpp.o[0m
[3.842s] [ 64%] [32m[1mLinking C shared library libpallet_interfaces__rosidl_typesupport_introspection_c.so[0m
[3.859s] [ 64%] Built target pallet_interfaces__rosidl_typesupport_c
[3.895s] [ 64%] Built target pallet_interfaces__rosidl_typesupport_introspection_c
[4.022s] [ 66%] [32m[1mLinking CXX shared library libpallet_interfaces__rosidl_typesupport_cpp.so[0m
[4.071s] [ 66%] Built target pallet_interfaces__rosidl_typesupport_cpp
[4.250s] [ 69%] [32m[1mLinking CXX shared library libpallet_interfaces__rosidl_typesupport_introspection_cpp.so[0m
[4.255s] [ 71%] [32m[1mLinking CXX shared library libpallet_interfaces__rosidl_typesupport_fastrtps_c.so[0m
[4.276s] [ 74%] [32m[1mLinking CXX shared library libpallet_interfaces__rosidl_typesupport_fastrtps_cpp.so[0m
[4.285s] [ 74%] Built target pallet_interfaces__rosidl_typesupport_introspection_cpp
[4.347s] [ 74%] Built target pallet_interfaces__rosidl_typesupport_fastrtps_c
[4.357s] [ 74%] Built target pallet_interfaces__rosidl_typesupport_fastrtps_cpp
[4.365s] [ 74%] Built target pallet_interfaces
[4.372s] [ 76%] [34m[1mGenerating Python code for ROS interfaces[0m
[4.752s] [ 76%] Built target pallet_interfaces__py
[4.758s] [ 82%] [32mBuilding C object CMakeFiles/pallet_interfaces__rosidl_generator_py.dir/rosidl_generator_py/pallet_interfaces/msg/_boxinfo_s.c.o[0m
[4.758s] [ 82%] [32mBuilding C object CMakeFiles/pallet_interfaces__rosidl_generator_py.dir/rosidl_generator_py/pallet_interfaces/srv/_palletstate_s.c.o[0m
[4.860s] [ 84%] [32m[1mLinking C shared library rosidl_generator_py/pallet_interfaces/libpallet_interfaces__rosidl_generator_py.so[0m
[4.884s] [ 84%] Built target pallet_interfaces__rosidl_generator_py
[4.891s] [ 92%] [32mBuilding C object CMakeFiles/pallet_interfaces__rosidl_typesupport_c__pyext.dir/rosidl_generator_py/pallet_interfaces/_pallet_interfaces_s.ep.rosidl_typesupport_c.c.o[0m
[4.891s] [ 92%] [32mBuilding C object CMakeFiles/pallet_interfaces__rosidl_typesupport_fastrtps_c__pyext.dir/rosidl_generator_py/pallet_interfaces/_pallet_interfaces_s.ep.rosidl_typesupport_fastrtps_c.c.o[0m
[4.891s] [ 92%] [32mBuilding C object CMakeFiles/pallet_interfaces__rosidl_typesupport_introspection_c__pyext.dir/rosidl_generator_py/pallet_interfaces/_pallet_interfaces_s.ep.rosidl_typesupport_introspection_c.c.o[0m
[4.978s] [ 97%] [32m[1mLinking C shared library rosidl_generator_py/pallet_interfaces/pallet_interfaces_s__rosidl_typesupport_fastrtps_c.cpython-310-x86_64-linux-gnu.so[0m
[4.978s] [ 97%] [32m[1mLinking C shared library rosidl_generator_py/pallet_interfaces/pallet_interfaces_s__rosidl_typesupport_c.cpython-310-x86_64-linux-gnu.so[0m
[4.979s] [100%] [32m[1mLinking C shared library rosidl_generator_py/pallet_interfaces/pallet_interfaces_s__rosidl_typesupport_introspection_c.cpython-310-x86_64-linux-gnu.so[0m
[5.002s] [100%] Built target pallet_interfaces__rosidl_typesupport_c__pyext
[5.002s] [100%] Built target pallet_interfaces__rosidl_typesupport_fastrtps_c__pyext
[5.003s] [100%] Built target pallet_interfaces__rosidl_typesupport_introspection_c__pyext
[5.007s] Invoked command in '/home/aa/work/build/pallet_interfaces' returned '0': CMAKE_PREFIX_PATH=/opt/ros/humble /usr/local/bin/cmake --build /home/aa/work/build/pallet_interfaces -- -j12 -l12
[5.075s] Invoking command in '/home/aa/work/build/pallet_interfaces': CMAKE_PREFIX_PATH=/opt/ros/humble /usr/local/bin/cmake --install /home/aa/work/build/pallet_interfaces
[5.139s] -- Install configuration: ""
[5.139s] -- Installing: /home/aa/work/install/pallet_interfaces/share/ament_index/resource_index/rosidl_interfaces/pallet_interfaces
[5.139s] -- Installing: /home/aa/work/install/pallet_interfaces/include/pallet_interfaces/pallet_interfaces
[5.139s] -- Installing: /home/aa/work/install/pallet_interfaces/include/pallet_interfaces/pallet_interfaces/srv
[5.140s] -- Installing: /home/aa/work/install/pallet_interfaces/include/pallet_interfaces/pallet_interfaces/srv/detail
[5.140s] -- Installing: /home/aa/work/install/pallet_interfaces/include/pallet_interfaces/pallet_interfaces/srv/detail/palletstate__struct.h
[5.140s] -- Installing: /home/aa/work/install/pallet_interfaces/include/pallet_interfaces/pallet_interfaces/srv/detail/palletstate__functions.c
[5.140s] -- Installing: /home/aa/work/install/pallet_interfaces/include/pallet_interfaces/pallet_interfaces/srv/detail/palletstate__functions.h
[5.140s] -- Installing: /home/aa/work/install/pallet_interfaces/include/pallet_interfaces/pallet_interfaces/srv/detail/palletstate__type_support.h
[5.140s] -- Installing: /home/aa/work/install/pallet_interfaces/include/pallet_interfaces/pallet_interfaces/srv/palletstate.h
[5.140s] -- Installing: /home/aa/work/install/pallet_interfaces/include/pallet_interfaces/pallet_interfaces/msg
[5.140s] -- Installing: /home/aa/work/install/pallet_interfaces/include/pallet_interfaces/pallet_interfaces/msg/boxinfo.h
[5.140s] -- Installing: /home/aa/work/install/pallet_interfaces/include/pallet_interfaces/pallet_interfaces/msg/detail
[5.141s] -- Installing: /home/aa/work/install/pallet_interfaces/include/pallet_interfaces/pallet_interfaces/msg/detail/boxinfo__functions.h
[5.141s] -- Installing: /home/aa/work/install/pallet_interfaces/include/pallet_interfaces/pallet_interfaces/msg/detail/boxinfo__struct.h
[5.141s] -- Installing: /home/aa/work/install/pallet_interfaces/include/pallet_interfaces/pallet_interfaces/msg/detail/boxinfo__functions.c
[5.141s] -- Installing: /home/aa/work/install/pallet_interfaces/include/pallet_interfaces/pallet_interfaces/msg/detail/boxinfo__type_support.h
[5.141s] -- Installing: /home/aa/work/install/pallet_interfaces/include/pallet_interfaces/pallet_interfaces/msg/rosidl_generator_c__visibility_control.h
[5.141s] -- Installing: /home/aa/work/install/pallet_interfaces/share/pallet_interfaces/environment/library_path.sh
[5.141s] -- Installing: /home/aa/work/install/pallet_interfaces/share/pallet_interfaces/environment/library_path.dsv
[5.141s] -- Installing: /home/aa/work/install/pallet_interfaces/lib/libpallet_interfaces__rosidl_generator_c.so
[5.141s] -- Set non-toolchain portion of runtime path of "/home/aa/work/install/pallet_interfaces/lib/libpallet_interfaces__rosidl_generator_c.so" to ""
[5.141s] -- Up-to-date: /home/aa/work/install/pallet_interfaces/include/pallet_interfaces/pallet_interfaces
[5.142s] -- Up-to-date: /home/aa/work/install/pallet_interfaces/include/pallet_interfaces/pallet_interfaces/srv
[5.142s] -- Up-to-date: /home/aa/work/install/pallet_interfaces/include/pallet_interfaces/pallet_interfaces/srv/detail
[5.142s] -- Installing: /home/aa/work/install/pallet_interfaces/include/pallet_interfaces/pallet_interfaces/srv/detail/palletstate__rosidl_typesupport_fastrtps_c.h
[5.142s] -- Up-to-date: /home/aa/work/install/pallet_interfaces/include/pallet_interfaces/pallet_interfaces/msg
[5.142s] -- Up-to-date: /home/aa/work/install/pallet_interfaces/include/pallet_interfaces/pallet_interfaces/msg/detail
[5.142s] -- Installing: /home/aa/work/install/pallet_interfaces/include/pallet_interfaces/pallet_interfaces/msg/detail/boxinfo__rosidl_typesupport_fastrtps_c.h
[5.142s] -- Installing: /home/aa/work/install/pallet_interfaces/include/pallet_interfaces/pallet_interfaces/msg/rosidl_typesupport_fastrtps_c__visibility_control.h
[5.142s] -- Installing: /home/aa/work/install/pallet_interfaces/lib/libpallet_interfaces__rosidl_typesupport_fastrtps_c.so
[5.142s] -- Set non-toolchain portion of runtime path of "/home/aa/work/install/pallet_interfaces/lib/libpallet_interfaces__rosidl_typesupport_fastrtps_c.so" to ""
[5.142s] -- Up-to-date: /home/aa/work/install/pallet_interfaces/include/pallet_interfaces/pallet_interfaces
[5.142s] -- Up-to-date: /home/aa/work/install/pallet_interfaces/include/pallet_interfaces/pallet_interfaces/srv
[5.143s] -- Up-to-date: /home/aa/work/install/pallet_interfaces/include/pallet_interfaces/pallet_interfaces/srv/detail
[5.143s] -- Installing: /home/aa/work/install/pallet_interfaces/include/pallet_interfaces/pallet_interfaces/srv/detail/palletstate__struct.hpp
[5.143s] -- Installing: /home/aa/work/install/pallet_interfaces/include/pallet_interfaces/pallet_interfaces/srv/detail/palletstate__builder.hpp
[5.143s] -- Installing: /home/aa/work/install/pallet_interfaces/include/pallet_interfaces/pallet_interfaces/srv/detail/palletstate__type_support.hpp
[5.143s] -- Installing: /home/aa/work/install/pallet_interfaces/include/pallet_interfaces/pallet_interfaces/srv/detail/palletstate__traits.hpp
[5.143s] -- Installing: /home/aa/work/install/pallet_interfaces/include/pallet_interfaces/pallet_interfaces/srv/palletstate.hpp
[5.143s] -- Up-to-date: /home/aa/work/install/pallet_interfaces/include/pallet_interfaces/pallet_interfaces/msg
[5.143s] -- Up-to-date: /home/aa/work/install/pallet_interfaces/include/pallet_interfaces/pallet_interfaces/msg/detail
[5.143s] -- Installing: /home/aa/work/install/pallet_interfaces/include/pallet_interfaces/pallet_interfaces/msg/detail/boxinfo__struct.hpp
[5.143s] -- Installing: /home/aa/work/install/pallet_interfaces/include/pallet_interfaces/pallet_interfaces/msg/detail/boxinfo__type_support.hpp
[5.143s] -- Installing: /home/aa/work/install/pallet_interfaces/include/pallet_interfaces/pallet_interfaces/msg/detail/boxinfo__traits.hpp
[5.143s] -- Installing: /home/aa/work/install/pallet_interfaces/include/pallet_interfaces/pallet_interfaces/msg/detail/boxinfo__builder.hpp
[5.144s] -- Installing: /home/aa/work/install/pallet_interfaces/include/pallet_interfaces/pallet_interfaces/msg/rosidl_generator_cpp__visibility_control.hpp
[5.144s] -- Installing: /home/aa/work/install/pallet_interfaces/include/pallet_interfaces/pallet_interfaces/msg/boxinfo.hpp
[5.144s] -- Up-to-date: /home/aa/work/install/pallet_interfaces/include/pallet_interfaces/pallet_interfaces
[5.144s] -- Up-to-date: /home/aa/work/install/pallet_interfaces/include/pallet_interfaces/pallet_interfaces/srv
[5.144s] -- Up-to-date: /home/aa/work/install/pallet_interfaces/include/pallet_interfaces/pallet_interfaces/srv/detail
[5.144s] -- Installing: /home/aa/work/install/pallet_interfaces/include/pallet_interfaces/pallet_interfaces/srv/detail/palletstate__rosidl_typesupport_fastrtps_cpp.hpp
[5.144s] -- Installing: /home/aa/work/install/pallet_interfaces/include/pallet_interfaces/pallet_interfaces/srv/detail/dds_fastrtps
[5.144s] -- Up-to-date: /home/aa/work/install/pallet_interfaces/include/pallet_interfaces/pallet_interfaces/msg
[5.144s] -- Up-to-date: /home/aa/work/install/pallet_interfaces/include/pallet_interfaces/pallet_interfaces/msg/detail
[5.144s] -- Installing: /home/aa/work/install/pallet_interfaces/include/pallet_interfaces/pallet_interfaces/msg/detail/boxinfo__rosidl_typesupport_fastrtps_cpp.hpp
[5.144s] -- Installing: /home/aa/work/install/pallet_interfaces/include/pallet_interfaces/pallet_interfaces/msg/detail/dds_fastrtps
[5.145s] -- Installing: /home/aa/work/install/pallet_interfaces/include/pallet_interfaces/pallet_interfaces/msg/rosidl_typesupport_fastrtps_cpp__visibility_control.h
[5.145s] -- Installing: /home/aa/work/install/pallet_interfaces/lib/libpallet_interfaces__rosidl_typesupport_fastrtps_cpp.so
[5.145s] -- Set non-toolchain portion of runtime path of "/home/aa/work/install/pallet_interfaces/lib/libpallet_interfaces__rosidl_typesupport_fastrtps_cpp.so" to ""
[5.145s] -- Up-to-date: /home/aa/work/install/pallet_interfaces/include/pallet_interfaces/pallet_interfaces
[5.145s] -- Up-to-date: /home/aa/work/install/pallet_interfaces/include/pallet_interfaces/pallet_interfaces/srv
[5.145s] -- Up-to-date: /home/aa/work/install/pallet_interfaces/include/pallet_interfaces/pallet_interfaces/srv/detail
[5.145s] -- Installing: /home/aa/work/install/pallet_interfaces/include/pallet_interfaces/pallet_interfaces/srv/detail/palletstate__rosidl_typesupport_introspection_c.h
[5.145s] -- Installing: /home/aa/work/install/pallet_interfaces/include/pallet_interfaces/pallet_interfaces/srv/detail/palletstate__type_support.c
[5.145s] -- Up-to-date: /home/aa/work/install/pallet_interfaces/include/pallet_interfaces/pallet_interfaces/msg
[5.145s] -- Up-to-date: /home/aa/work/install/pallet_interfaces/include/pallet_interfaces/pallet_interfaces/msg/detail
[5.145s] -- Installing: /home/aa/work/install/pallet_interfaces/include/pallet_interfaces/pallet_interfaces/msg/detail/boxinfo__rosidl_typesupport_introspection_c.h
[5.145s] -- Installing: /home/aa/work/install/pallet_interfaces/include/pallet_interfaces/pallet_interfaces/msg/detail/boxinfo__type_support.c
[5.146s] -- Installing: /home/aa/work/install/pallet_interfaces/include/pallet_interfaces/pallet_interfaces/msg/rosidl_typesupport_introspection_c__visibility_control.h
[5.146s] -- Installing: /home/aa/work/install/pallet_interfaces/lib/libpallet_interfaces__rosidl_typesupport_introspection_c.so
[5.146s] -- Set non-toolchain portion of runtime path of "/home/aa/work/install/pallet_interfaces/lib/libpallet_interfaces__rosidl_typesupport_introspection_c.so" to ""
[5.146s] -- Installing: /home/aa/work/install/pallet_interfaces/lib/libpallet_interfaces__rosidl_typesupport_c.so
[5.146s] -- Set non-toolchain portion of runtime path of "/home/aa/work/install/pallet_interfaces/lib/libpallet_interfaces__rosidl_typesupport_c.so" to ""
[5.146s] -- Up-to-date: /home/aa/work/install/pallet_interfaces/include/pallet_interfaces/pallet_interfaces
[5.146s] -- Up-to-date: /home/aa/work/install/pallet_interfaces/include/pallet_interfaces/pallet_interfaces/srv
[5.146s] -- Up-to-date: /home/aa/work/install/pallet_interfaces/include/pallet_interfaces/pallet_interfaces/srv/detail
[5.146s] -- Installing: /home/aa/work/install/pallet_interfaces/include/pallet_interfaces/pallet_interfaces/srv/detail/palletstate__rosidl_typesupport_introspection_cpp.hpp
[5.146s] -- Installing: /home/aa/work/install/pallet_interfaces/include/pallet_interfaces/pallet_interfaces/srv/detail/palletstate__type_support.cpp
[5.146s] -- Up-to-date: /home/aa/work/install/pallet_interfaces/include/pallet_interfaces/pallet_interfaces/msg
[5.147s] -- Up-to-date: /home/aa/work/install/pallet_interfaces/include/pallet_interfaces/pallet_interfaces/msg/detail
[5.147s] -- Installing: /home/aa/work/install/pallet_interfaces/include/pallet_interfaces/pallet_interfaces/msg/detail/boxinfo__type_support.cpp
[5.147s] -- Installing: /home/aa/work/install/pallet_interfaces/include/pallet_interfaces/pallet_interfaces/msg/detail/boxinfo__rosidl_typesupport_introspection_cpp.hpp
[5.147s] -- Installing: /home/aa/work/install/pallet_interfaces/lib/libpallet_interfaces__rosidl_typesupport_introspection_cpp.so
[5.147s] -- Set non-toolchain portion of runtime path of "/home/aa/work/install/pallet_interfaces/lib/libpallet_interfaces__rosidl_typesupport_introspection_cpp.so" to ""
[5.147s] -- Installing: /home/aa/work/install/pallet_interfaces/lib/libpallet_interfaces__rosidl_typesupport_cpp.so
[5.147s] -- Set non-toolchain portion of runtime path of "/home/aa/work/install/pallet_interfaces/lib/libpallet_interfaces__rosidl_typesupport_cpp.so" to ""
[5.147s] -- Installing: /home/aa/work/install/pallet_interfaces/share/pallet_interfaces/environment/pythonpath.sh
[5.147s] -- Installing: /home/aa/work/install/pallet_interfaces/share/pallet_interfaces/environment/pythonpath.dsv
[5.147s] -- Installing: /home/aa/work/install/pallet_interfaces/local/lib/python3.10/dist-packages/pallet_interfaces-0.0.0-py3.10.egg-info
[5.147s] -- Installing: /home/aa/work/install/pallet_interfaces/local/lib/python3.10/dist-packages/pallet_interfaces-0.0.0-py3.10.egg-info/dependency_links.txt
[5.147s] -- Installing: /home/aa/work/install/pallet_interfaces/local/lib/python3.10/dist-packages/pallet_interfaces-0.0.0-py3.10.egg-info/SOURCES.txt
[5.147s] -- Installing: /home/aa/work/install/pallet_interfaces/local/lib/python3.10/dist-packages/pallet_interfaces-0.0.0-py3.10.egg-info/top_level.txt
[5.148s] -- Installing: /home/aa/work/install/pallet_interfaces/local/lib/python3.10/dist-packages/pallet_interfaces-0.0.0-py3.10.egg-info/PKG-INFO
[5.148s] -- Installing: /home/aa/work/install/pallet_interfaces/local/lib/python3.10/dist-packages/pallet_interfaces
[5.148s] -- Installing: /home/aa/work/install/pallet_interfaces/local/lib/python3.10/dist-packages/pallet_interfaces/_pallet_interfaces_s.ep.rosidl_typesupport_introspection_c.c
[5.148s] -- Installing: /home/aa/work/install/pallet_interfaces/local/lib/python3.10/dist-packages/pallet_interfaces/libpallet_interfaces__rosidl_generator_py.so
[5.148s] -- Installing: /home/aa/work/install/pallet_interfaces/local/lib/python3.10/dist-packages/pallet_interfaces/srv
[5.148s] -- Installing: /home/aa/work/install/pallet_interfaces/local/lib/python3.10/dist-packages/pallet_interfaces/srv/_palletstate_s.c
[5.148s] -- Installing: /home/aa/work/install/pallet_interfaces/local/lib/python3.10/dist-packages/pallet_interfaces/srv/_palletstate.py
[5.148s] -- Installing: /home/aa/work/install/pallet_interfaces/local/lib/python3.10/dist-packages/pallet_interfaces/srv/__init__.py
[5.148s] -- Installing: /home/aa/work/install/pallet_interfaces/local/lib/python3.10/dist-packages/pallet_interfaces/pallet_interfaces_s__rosidl_typesupport_fastrtps_c.cpython-310-x86_64-linux-gnu.so
[5.148s] -- Installing: /home/aa/work/install/pallet_interfaces/local/lib/python3.10/dist-packages/pallet_interfaces/pallet_interfaces_s__rosidl_typesupport_introspection_c.cpython-310-x86_64-linux-gnu.so
[5.148s] -- Installing: /home/aa/work/install/pallet_interfaces/local/lib/python3.10/dist-packages/pallet_interfaces/_pallet_interfaces_s.ep.rosidl_typesupport_c.c
[5.148s] -- Installing: /home/aa/work/install/pallet_interfaces/local/lib/python3.10/dist-packages/pallet_interfaces/msg
[5.149s] -- Installing: /home/aa/work/install/pallet_interfaces/local/lib/python3.10/dist-packages/pallet_interfaces/msg/_boxinfo.py
[5.149s] -- Installing: /home/aa/work/install/pallet_interfaces/local/lib/python3.10/dist-packages/pallet_interfaces/msg/_boxinfo_s.c
[5.149s] -- Installing: /home/aa/work/install/pallet_interfaces/local/lib/python3.10/dist-packages/pallet_interfaces/msg/__init__.py
[5.149s] -- Installing: /home/aa/work/install/pallet_interfaces/local/lib/python3.10/dist-packages/pallet_interfaces/_pallet_interfaces_s.ep.rosidl_typesupport_fastrtps_c.c
[5.149s] -- Installing: /home/aa/work/install/pallet_interfaces/local/lib/python3.10/dist-packages/pallet_interfaces/__init__.py
[5.149s] -- Installing: /home/aa/work/install/pallet_interfaces/local/lib/python3.10/dist-packages/pallet_interfaces/pallet_interfaces_s__rosidl_typesupport_c.cpython-310-x86_64-linux-gnu.so
[5.178s] Listing '/home/aa/work/install/pallet_interfaces/local/lib/python3.10/dist-packages/pallet_interfaces'...
[5.178s] Compiling '/home/aa/work/install/pallet_interfaces/local/lib/python3.10/dist-packages/pallet_interfaces/__init__.py'...
[5.178s] Listing '/home/aa/work/install/pallet_interfaces/local/lib/python3.10/dist-packages/pallet_interfaces/msg'...
[5.178s] Compiling '/home/aa/work/install/pallet_interfaces/local/lib/python3.10/dist-packages/pallet_interfaces/msg/__init__.py'...
[5.178s] Compiling '/home/aa/work/install/pallet_interfaces/local/lib/python3.10/dist-packages/pallet_interfaces/msg/_boxinfo.py'...
[5.178s] Listing '/home/aa/work/install/pallet_interfaces/local/lib/python3.10/dist-packages/pallet_interfaces/srv'...
[5.178s] Compiling '/home/aa/work/install/pallet_interfaces/local/lib/python3.10/dist-packages/pallet_interfaces/srv/__init__.py'...
[5.178s] Compiling '/home/aa/work/install/pallet_interfaces/local/lib/python3.10/dist-packages/pallet_interfaces/srv/_palletstate.py'...
[5.182s] -- Installing: /home/aa/work/install/pallet_interfaces/local/lib/python3.10/dist-packages/pallet_interfaces/pallet_interfaces_s__rosidl_typesupport_fastrtps_c.cpython-310-x86_64-linux-gnu.so
[5.182s] -- Set non-toolchain portion of runtime path of "/home/aa/work/install/pallet_interfaces/local/lib/python3.10/dist-packages/pallet_interfaces/pallet_interfaces_s__rosidl_typesupport_fastrtps_c.cpython-310-x86_64-linux-gnu.so" to ""
[5.182s] -- Installing: /home/aa/work/install/pallet_interfaces/local/lib/python3.10/dist-packages/pallet_interfaces/pallet_interfaces_s__rosidl_typesupport_introspection_c.cpython-310-x86_64-linux-gnu.so
[5.182s] -- Set non-toolchain portion of runtime path of "/home/aa/work/install/pallet_interfaces/local/lib/python3.10/dist-packages/pallet_interfaces/pallet_interfaces_s__rosidl_typesupport_introspection_c.cpython-310-x86_64-linux-gnu.so" to ""
[5.182s] -- Installing: /home/aa/work/install/pallet_interfaces/local/lib/python3.10/dist-packages/pallet_interfaces/pallet_interfaces_s__rosidl_typesupport_c.cpython-310-x86_64-linux-gnu.so
[5.183s] -- Set non-toolchain portion of runtime path of "/home/aa/work/install/pallet_interfaces/local/lib/python3.10/dist-packages/pallet_interfaces/pallet_interfaces_s__rosidl_typesupport_c.cpython-310-x86_64-linux-gnu.so" to ""
[5.183s] -- Installing: /home/aa/work/install/pallet_interfaces/lib/libpallet_interfaces__rosidl_generator_py.so
[5.183s] -- Set non-toolchain portion of runtime path of "/home/aa/work/install/pallet_interfaces/lib/libpallet_interfaces__rosidl_generator_py.so" to ""
[5.183s] -- Installing: /home/aa/work/install/pallet_interfaces/share/pallet_interfaces/msg/Boxinfo.idl
[5.183s] -- Installing: /home/aa/work/install/pallet_interfaces/share/pallet_interfaces/srv/Palletstate.idl
[5.183s] -- Installing: /home/aa/work/install/pallet_interfaces/share/pallet_interfaces/msg/Boxinfo.msg
[5.183s] -- Installing: /home/aa/work/install/pallet_interfaces/share/pallet_interfaces/srv/Palletstate.srv
[5.183s] -- Installing: /home/aa/work/install/pallet_interfaces/share/pallet_interfaces/srv/Palletstate_Request.msg
[5.184s] -- Installing: /home/aa/work/install/pallet_interfaces/share/pallet_interfaces/srv/Palletstate_Response.msg
[5.184s] -- Installing: /home/aa/work/install/pallet_interfaces/share/ament_index/resource_index/package_run_dependencies/pallet_interfaces
[5.184s] -- Installing: /home/aa/work/install/pallet_interfaces/share/ament_index/resource_index/parent_prefix_path/pallet_interfaces
[5.184s] -- Installing: /home/aa/work/install/pallet_interfaces/share/pallet_interfaces/environment/ament_prefix_path.sh
[5.184s] -- Installing: /home/aa/work/install/pallet_interfaces/share/pallet_interfaces/environment/ament_prefix_path.dsv
[5.184s] -- Installing: /home/aa/work/install/pallet_interfaces/share/pallet_interfaces/environment/path.sh
[5.184s] -- Installing: /home/aa/work/install/pallet_interfaces/share/pallet_interfaces/environment/path.dsv
[5.184s] -- Installing: /home/aa/work/install/pallet_interfaces/share/pallet_interfaces/local_setup.bash
[5.184s] -- Installing: /home/aa/work/install/pallet_interfaces/share/pallet_interfaces/local_setup.sh
[5.185s] -- Installing: /home/aa/work/install/pallet_interfaces/share/pallet_interfaces/local_setup.zsh
[5.185s] -- Installing: /home/aa/work/install/pallet_interfaces/share/pallet_interfaces/local_setup.dsv
[5.185s] -- Installing: /home/aa/work/install/pallet_interfaces/share/pallet_interfaces/package.dsv
[5.185s] -- Installing: /home/aa/work/install/pallet_interfaces/share/ament_index/resource_index/packages/pallet_interfaces
[5.185s] -- Installing: /home/aa/work/install/pallet_interfaces/share/pallet_interfaces/cmake/export_pallet_interfaces__rosidl_generator_cExport.cmake
[5.185s] -- Installing: /home/aa/work/install/pallet_interfaces/share/pallet_interfaces/cmake/export_pallet_interfaces__rosidl_generator_cExport-noconfig.cmake
[5.185s] -- Installing: /home/aa/work/install/pallet_interfaces/share/pallet_interfaces/cmake/export_pallet_interfaces__rosidl_typesupport_fastrtps_cExport.cmake
[5.185s] -- Installing: /home/aa/work/install/pallet_interfaces/share/pallet_interfaces/cmake/export_pallet_interfaces__rosidl_typesupport_fastrtps_cExport-noconfig.cmake
[5.185s] -- Installing: /home/aa/work/install/pallet_interfaces/share/pallet_interfaces/cmake/export_pallet_interfaces__rosidl_generator_cppExport.cmake
[5.186s] -- Installing: /home/aa/work/install/pallet_interfaces/share/pallet_interfaces/cmake/export_pallet_interfaces__rosidl_typesupport_fastrtps_cppExport.cmake
[5.186s] -- Installing: /home/aa/work/install/pallet_interfaces/share/pallet_interfaces/cmake/export_pallet_interfaces__rosidl_typesupport_fastrtps_cppExport-noconfig.cmake
[5.186s] -- Installing: /home/aa/work/install/pallet_interfaces/share/pallet_interfaces/cmake/pallet_interfaces__rosidl_typesupport_introspection_cExport.cmake
[5.186s] -- Installing: /home/aa/work/install/pallet_interfaces/share/pallet_interfaces/cmake/pallet_interfaces__rosidl_typesupport_introspection_cExport-noconfig.cmake
[5.186s] -- Installing: /home/aa/work/install/pallet_interfaces/share/pallet_interfaces/cmake/pallet_interfaces__rosidl_typesupport_cExport.cmake
[5.186s] -- Installing: /home/aa/work/install/pallet_interfaces/share/pallet_interfaces/cmake/pallet_interfaces__rosidl_typesupport_cExport-noconfig.cmake
[5.186s] -- Installing: /home/aa/work/install/pallet_interfaces/share/pallet_interfaces/cmake/pallet_interfaces__rosidl_typesupport_introspection_cppExport.cmake
[5.186s] -- Installing: /home/aa/work/install/pallet_interfaces/share/pallet_interfaces/cmake/pallet_interfaces__rosidl_typesupport_introspection_cppExport-noconfig.cmake
[5.186s] -- Installing: /home/aa/work/install/pallet_interfaces/share/pallet_interfaces/cmake/pallet_interfaces__rosidl_typesupport_cppExport.cmake
[5.187s] -- Installing: /home/aa/work/install/pallet_interfaces/share/pallet_interfaces/cmake/pallet_interfaces__rosidl_typesupport_cppExport-noconfig.cmake
[5.187s] -- Installing: /home/aa/work/install/pallet_interfaces/share/pallet_interfaces/cmake/export_pallet_interfaces__rosidl_generator_pyExport.cmake
[5.187s] -- Installing: /home/aa/work/install/pallet_interfaces/share/pallet_interfaces/cmake/export_pallet_interfaces__rosidl_generator_pyExport-noconfig.cmake
[5.187s] -- Installing: /home/aa/work/install/pallet_interfaces/share/pallet_interfaces/cmake/rosidl_cmake-extras.cmake
[5.187s] -- Installing: /home/aa/work/install/pallet_interfaces/share/pallet_interfaces/cmake/ament_cmake_export_dependencies-extras.cmake
[5.187s] -- Installing: /home/aa/work/install/pallet_interfaces/share/pallet_interfaces/cmake/ament_cmake_export_include_directories-extras.cmake
[5.187s] -- Installing: /home/aa/work/install/pallet_interfaces/share/pallet_interfaces/cmake/ament_cmake_export_libraries-extras.cmake
[5.187s] -- Installing: /home/aa/work/install/pallet_interfaces/share/pallet_interfaces/cmake/ament_cmake_export_targets-extras.cmake
[5.187s] -- Installing: /home/aa/work/install/pallet_interfaces/share/pallet_interfaces/cmake/rosidl_cmake_export_typesupport_targets-extras.cmake
[5.187s] -- Installing: /home/aa/work/install/pallet_interfaces/share/pallet_interfaces/cmake/rosidl_cmake_export_typesupport_libraries-extras.cmake
[5.187s] -- Installing: /home/aa/work/install/pallet_interfaces/share/pallet_interfaces/cmake/pallet_interfacesConfig.cmake
[5.188s] -- Installing: /home/aa/work/install/pallet_interfaces/share/pallet_interfaces/cmake/pallet_interfacesConfig-version.cmake
[5.188s] -- Installing: /home/aa/work/install/pallet_interfaces/share/pallet_interfaces/package.xml
[5.189s] Invoked command in '/home/aa/work/build/pallet_interfaces' returned '0': CMAKE_PREFIX_PATH=/opt/ros/humble /usr/local/bin/cmake --install /home/aa/work/build/pallet_interfaces
