/home/fxck/work/install/docking_pkg/lib/python3.10/site-packages/docking_pkg/docking_status_server.py
/home/fxck/work/install/docking_pkg/lib/python3.10/site-packages/docking_pkg/yolo_subscriber.py
/home/fxck/work/install/docking_pkg/lib/python3.10/site-packages/docking_pkg/dockingcamera.py
/home/fxck/work/install/docking_pkg/lib/python3.10/site-packages/docking_pkg/__init__.py
/home/fxck/work/install/docking_pkg/lib/python3.10/site-packages/docking_pkg/__pycache__/docking_status_server.cpython-310.pyc
/home/fxck/work/install/docking_pkg/lib/python3.10/site-packages/docking_pkg/__pycache__/yolo_subscriber.cpython-310.pyc
/home/fxck/work/install/docking_pkg/lib/python3.10/site-packages/docking_pkg/__pycache__/dockingcamera.cpython-310.pyc
/home/fxck/work/install/docking_pkg/lib/python3.10/site-packages/docking_pkg/__pycache__/__init__.cpython-310.pyc
/home/fxck/work/install/docking_pkg/share/ament_index/resource_index/packages/docking_pkg
/home/fxck/work/install/docking_pkg/share/docking_pkg/package.xml
/home/fxck/work/install/docking_pkg/lib/python3.10/site-packages/docking_pkg-0.0.0-py3.10.egg-info/SOURCES.txt
/home/fxck/work/install/docking_pkg/lib/python3.10/site-packages/docking_pkg-0.0.0-py3.10.egg-info/dependency_links.txt
/home/fxck/work/install/docking_pkg/lib/python3.10/site-packages/docking_pkg-0.0.0-py3.10.egg-info/PKG-INFO
/home/fxck/work/install/docking_pkg/lib/python3.10/site-packages/docking_pkg-0.0.0-py3.10.egg-info/zip-safe
/home/fxck/work/install/docking_pkg/lib/python3.10/site-packages/docking_pkg-0.0.0-py3.10.egg-info/entry_points.txt
/home/fxck/work/install/docking_pkg/lib/python3.10/site-packages/docking_pkg-0.0.0-py3.10.egg-info/top_level.txt
/home/fxck/work/install/docking_pkg/lib/python3.10/site-packages/docking_pkg-0.0.0-py3.10.egg-info/requires.txt
/home/fxck/work/install/docking_pkg/lib/docking_pkg/docking_status_server
/home/fxck/work/install/docking_pkg/lib/docking_pkg/dockingcamera
/home/fxck/work/install/docking_pkg/lib/docking_pkg/yolo_subscriber
