[1.268s] Invoking command in '/home/eating/work/src/pallet/pallet_main': PYTHONPATH=/home/eating/work/build/pallet_main/prefix_override:/usr/lib/python3/dist-packages/colcon_core/task/python/colcon_distutils_commands:/home/eating/work/install/pallet_main/lib/python3.10/site-packages:${PYTHONPATH} /usr/bin/python3 -W ignore:setup.py install is deprecated -W ignore:easy_install command is deprecated setup.py egg_info --egg-base ../../../build/pallet_main build --build-base /home/eating/work/build/pallet_main/build install --record /home/eating/work/build/pallet_main/install.log --single-version-externally-managed install_data
[1.563s] running egg_info
[1.564s] writing ../../../build/pallet_main/pallet_main.egg-info/PKG-INFO
[1.564s] writing dependency_links to ../../../build/pallet_main/pallet_main.egg-info/dependency_links.txt
[1.564s] writing entry points to ../../../build/pallet_main/pallet_main.egg-info/entry_points.txt
[1.564s] writing requirements to ../../../build/pallet_main/pallet_main.egg-info/requires.txt
[1.565s] writing top-level names to ../../../build/pallet_main/pallet_main.egg-info/top_level.txt
[1.566s] reading manifest file '../../../build/pallet_main/pallet_main.egg-info/SOURCES.txt'
[1.567s] writing manifest file '../../../build/pallet_main/pallet_main.egg-info/SOURCES.txt'
[1.567s] running build
[1.567s] running build_py
[1.567s] running install
[1.568s] running install_lib
[1.569s] running install_data
[1.569s] running install_egg_info
[1.571s] removing '/home/eating/work/install/pallet_main/lib/python3.10/site-packages/pallet_main-0.0.0-py3.10.egg-info' (and everything under it)
[1.571s] Copying ../../../build/pallet_main/pallet_main.egg-info to /home/eating/work/install/pallet_main/lib/python3.10/site-packages/pallet_main-0.0.0-py3.10.egg-info
[1.572s] running install_scripts
[1.590s] Installing GetBox script to /home/eating/work/install/pallet_main/lib/pallet_main
[1.590s] Installing PalletMain script to /home/eating/work/install/pallet_main/lib/pallet_main
[1.590s] Installing handcamera script to /home/eating/work/install/pallet_main/lib/pallet_main
[1.590s] writing list of installed files to '/home/eating/work/build/pallet_main/install.log'
[1.621s] Invoked command in '/home/eating/work/src/pallet/pallet_main' returned '0': PYTHONPATH=/home/eating/work/build/pallet_main/prefix_override:/usr/lib/python3/dist-packages/colcon_core/task/python/colcon_distutils_commands:/home/eating/work/install/pallet_main/lib/python3.10/site-packages:${PYTHONPATH} /usr/bin/python3 -W ignore:setup.py install is deprecated -W ignore:easy_install command is deprecated setup.py egg_info --egg-base ../../../build/pallet_main build --build-base /home/eating/work/build/pallet_main/build install --record /home/eating/work/build/pallet_main/install.log --single-version-externally-managed install_data
