[0.070s] Invoking command in '/home/eating/work/build/realsense2_description': CMAKE_PREFIX_PATH=/home/eating/work/install/realsense2_camera_msgs:/home/eating/work/install/timda_gazebo:/home/eating/work/install/timda_description:/home/eating/work/install/timda_bringup:/home/eating/work/install/timda_body_description:/home/eating/work/install/suction_description:/home/eating/work/install/robot_arm_description:/home/eating/work/install/realsense2_description:/home/eating/work/install/realsense2_camera:/home/eating/work/install/pallet_interfaces:/home/eating/work/install/mobile_description:/home/eating/work/install/mecanum:/home/eating/work/install/linear_move:/home/eating/work/install/keyboard_control:/home/eating/work/install/ira_laser_tools:/home/eating/work/install/interface:/home/eating/work/install/gui_interface:/home/eating/work/install/pallet_main:/home/eating/work/install/main_control:/home/eating/work/install/gui:/home/eating/work/install/docking_pkg:/opt/ros/humble LD_LIBRARY_PATH=/home/eating/work/install/realsense2_camera_msgs/lib:/home/eating/work/install/realsense2_camera/lib:/home/eating/work/install/pallet_interfaces/lib:/home/eating/work/install/interface/lib:/home/eating/work/install/gui_interface/lib:/opt/ros/humble/opt/rviz_ogre_vendor/lib:/opt/ros/humble/lib/x86_64-linux-gnu:/opt/ros/humble/lib /usr/bin/cmake /home/eating/work/src/docking/realsense-ros/realsense2_description -DCMAKE_INSTALL_PREFIX=/home/eating/work/install/realsense2_description
[0.349s] -- The C compiler identification is GNU 11.4.0
[0.606s] -- The CXX compiler identification is GNU 11.4.0
[0.619s] -- Detecting C compiler ABI info
[0.966s] -- Detecting C compiler ABI info - done
[0.980s] -- Check for working C compiler: /usr/bin/cc - skipped
[0.981s] -- Detecting C compile features
[0.982s] -- Detecting C compile features - done
[0.987s] -- Detecting CXX compiler ABI info
[1.269s] -- Detecting CXX compiler ABI info - done
[1.290s] -- Check for working CXX compiler: /usr/bin/c++ - skipped
[1.290s] -- Detecting CXX compile features
[1.291s] -- Detecting CXX compile features - done
[1.298s] -- Found ament_cmake: 1.3.11 (/opt/ros/humble/share/ament_cmake/cmake)
[1.561s] -- Found Python3: /usr/bin/python3 (found version "3.10.12") found components: Interpreter 
[1.844s] -- Configuring done
[1.848s] -- Generating done
[1.850s] -- Build files have been written to: /home/eating/work/build/realsense2_description
[1.864s] Invoked command in '/home/eating/work/build/realsense2_description' returned '0': CMAKE_PREFIX_PATH=/home/eating/work/install/realsense2_camera_msgs:/home/eating/work/install/timda_gazebo:/home/eating/work/install/timda_description:/home/eating/work/install/timda_bringup:/home/eating/work/install/timda_body_description:/home/eating/work/install/suction_description:/home/eating/work/install/robot_arm_description:/home/eating/work/install/realsense2_description:/home/eating/work/install/realsense2_camera:/home/eating/work/install/pallet_interfaces:/home/eating/work/install/mobile_description:/home/eating/work/install/mecanum:/home/eating/work/install/linear_move:/home/eating/work/install/keyboard_control:/home/eating/work/install/ira_laser_tools:/home/eating/work/install/interface:/home/eating/work/install/gui_interface:/home/eating/work/install/pallet_main:/home/eating/work/install/main_control:/home/eating/work/install/gui:/home/eating/work/install/docking_pkg:/opt/ros/humble LD_LIBRARY_PATH=/home/eating/work/install/realsense2_camera_msgs/lib:/home/eating/work/install/realsense2_camera/lib:/home/eating/work/install/pallet_interfaces/lib:/home/eating/work/install/interface/lib:/home/eating/work/install/gui_interface/lib:/opt/ros/humble/opt/rviz_ogre_vendor/lib:/opt/ros/humble/lib/x86_64-linux-gnu:/opt/ros/humble/lib /usr/bin/cmake /home/eating/work/src/docking/realsense-ros/realsense2_description -DCMAKE_INSTALL_PREFIX=/home/eating/work/install/realsense2_description
[1.864s] Invoking command in '/home/eating/work/build/realsense2_description': CMAKE_PREFIX_PATH=/home/eating/work/install/realsense2_camera_msgs:/home/eating/work/install/timda_gazebo:/home/eating/work/install/timda_description:/home/eating/work/install/timda_bringup:/home/eating/work/install/timda_body_description:/home/eating/work/install/suction_description:/home/eating/work/install/robot_arm_description:/home/eating/work/install/realsense2_description:/home/eating/work/install/realsense2_camera:/home/eating/work/install/pallet_interfaces:/home/eating/work/install/mobile_description:/home/eating/work/install/mecanum:/home/eating/work/install/linear_move:/home/eating/work/install/keyboard_control:/home/eating/work/install/ira_laser_tools:/home/eating/work/install/interface:/home/eating/work/install/gui_interface:/home/eating/work/install/pallet_main:/home/eating/work/install/main_control:/home/eating/work/install/gui:/home/eating/work/install/docking_pkg:/opt/ros/humble LD_LIBRARY_PATH=/home/eating/work/install/realsense2_camera_msgs/lib:/home/eating/work/install/realsense2_camera/lib:/home/eating/work/install/pallet_interfaces/lib:/home/eating/work/install/interface/lib:/home/eating/work/install/gui_interface/lib:/opt/ros/humble/opt/rviz_ogre_vendor/lib:/opt/ros/humble/lib/x86_64-linux-gnu:/opt/ros/humble/lib /usr/bin/cmake --build /home/eating/work/build/realsense2_description -- -j8 -l8
[1.930s] Invoked command in '/home/eating/work/build/realsense2_description' returned '0': CMAKE_PREFIX_PATH=/home/eating/work/install/realsense2_camera_msgs:/home/eating/work/install/timda_gazebo:/home/eating/work/install/timda_description:/home/eating/work/install/timda_bringup:/home/eating/work/install/timda_body_description:/home/eating/work/install/suction_description:/home/eating/work/install/robot_arm_description:/home/eating/work/install/realsense2_description:/home/eating/work/install/realsense2_camera:/home/eating/work/install/pallet_interfaces:/home/eating/work/install/mobile_description:/home/eating/work/install/mecanum:/home/eating/work/install/linear_move:/home/eating/work/install/keyboard_control:/home/eating/work/install/ira_laser_tools:/home/eating/work/install/interface:/home/eating/work/install/gui_interface:/home/eating/work/install/pallet_main:/home/eating/work/install/main_control:/home/eating/work/install/gui:/home/eating/work/install/docking_pkg:/opt/ros/humble LD_LIBRARY_PATH=/home/eating/work/install/realsense2_camera_msgs/lib:/home/eating/work/install/realsense2_camera/lib:/home/eating/work/install/pallet_interfaces/lib:/home/eating/work/install/interface/lib:/home/eating/work/install/gui_interface/lib:/opt/ros/humble/opt/rviz_ogre_vendor/lib:/opt/ros/humble/lib/x86_64-linux-gnu:/opt/ros/humble/lib /usr/bin/cmake --build /home/eating/work/build/realsense2_description -- -j8 -l8
[1.931s] Invoking command in '/home/eating/work/build/realsense2_description': CMAKE_PREFIX_PATH=/home/eating/work/install/realsense2_camera_msgs:/home/eating/work/install/timda_gazebo:/home/eating/work/install/timda_description:/home/eating/work/install/timda_bringup:/home/eating/work/install/timda_body_description:/home/eating/work/install/suction_description:/home/eating/work/install/robot_arm_description:/home/eating/work/install/realsense2_description:/home/eating/work/install/realsense2_camera:/home/eating/work/install/pallet_interfaces:/home/eating/work/install/mobile_description:/home/eating/work/install/mecanum:/home/eating/work/install/linear_move:/home/eating/work/install/keyboard_control:/home/eating/work/install/ira_laser_tools:/home/eating/work/install/interface:/home/eating/work/install/gui_interface:/home/eating/work/install/pallet_main:/home/eating/work/install/main_control:/home/eating/work/install/gui:/home/eating/work/install/docking_pkg:/opt/ros/humble LD_LIBRARY_PATH=/home/eating/work/install/realsense2_camera_msgs/lib:/home/eating/work/install/realsense2_camera/lib:/home/eating/work/install/pallet_interfaces/lib:/home/eating/work/install/interface/lib:/home/eating/work/install/gui_interface/lib:/opt/ros/humble/opt/rviz_ogre_vendor/lib:/opt/ros/humble/lib/x86_64-linux-gnu:/opt/ros/humble/lib /usr/bin/cmake --install /home/eating/work/build/realsense2_description
[1.942s] -- Install configuration: ""
[1.942s] -- Installing: /home/eating/work/install/realsense2_description/share/realsense2_description/launch
[1.943s] -- Installing: /home/eating/work/install/realsense2_description/share/realsense2_description/launch/launch_utils.py
[1.943s] -- Installing: /home/eating/work/install/realsense2_description/share/realsense2_description/launch/view_model.launch.py
[1.943s] -- Installing: /home/eating/work/install/realsense2_description/share/realsense2_description/meshes
[1.943s] -- Installing: /home/eating/work/install/realsense2_description/share/realsense2_description/meshes/l515.dae
[1.992s] -- Installing: /home/eating/work/install/realsense2_description/share/realsense2_description/meshes/plug_collision.stl
[1.992s] -- Installing: /home/eating/work/install/realsense2_description/share/realsense2_description/meshes/d405.stl
[1.993s] -- Installing: /home/eating/work/install/realsense2_description/share/realsense2_description/meshes/d455.stl
[1.996s] -- Installing: /home/eating/work/install/realsense2_description/share/realsense2_description/meshes/d435.dae
[2.017s] -- Installing: /home/eating/work/install/realsense2_description/share/realsense2_description/meshes/d415.stl
[2.044s] -- Installing: /home/eating/work/install/realsense2_description/share/realsense2_description/meshes/plug.stl
[2.045s] -- Installing: /home/eating/work/install/realsense2_description/share/realsense2_description/rviz
[2.045s] -- Installing: /home/eating/work/install/realsense2_description/share/realsense2_description/rviz/urdf.rviz
[2.046s] -- Installing: /home/eating/work/install/realsense2_description/share/realsense2_description/urdf
[2.046s] -- Installing: /home/eating/work/install/realsense2_description/share/realsense2_description/urdf/test_d455_camera.urdf.xacro
[2.047s] -- Installing: /home/eating/work/install/realsense2_description/share/realsense2_description/urdf/test_d435_camera.urdf.xacro
[2.047s] -- Installing: /home/eating/work/install/realsense2_description/share/realsense2_description/urdf/test_d415_camera.urdf.xacro
[2.047s] -- Installing: /home/eating/work/install/realsense2_description/share/realsense2_description/urdf/test_d435i_camera.urdf.xacro
[2.047s] -- Installing: /home/eating/work/install/realsense2_description/share/realsense2_description/urdf/_usb_plug.urdf.xacro
[2.048s] -- Installing: /home/eating/work/install/realsense2_description/share/realsense2_description/urdf/test_r430_camera.urdf.xacro
[2.048s] -- Installing: /home/eating/work/install/realsense2_description/share/realsense2_description/urdf/_d405.urdf.xacro
[2.049s] -- Installing: /home/eating/work/install/realsense2_description/share/realsense2_description/urdf/test_d405_camera.urdf.xacro
[2.049s] -- Installing: /home/eating/work/install/realsense2_description/share/realsense2_description/urdf/_materials.urdf.xacro
[2.049s] -- Installing: /home/eating/work/install/realsense2_description/share/realsense2_description/urdf/_d435i_imu_modules.urdf.xacro
[2.050s] -- Installing: /home/eating/work/install/realsense2_description/share/realsense2_description/urdf/test_d435_multiple_cameras.urdf.xacro
[2.050s] -- Installing: /home/eating/work/install/realsense2_description/share/realsense2_description/urdf/_d435i.urdf.xacro
[2.050s] -- Installing: /home/eating/work/install/realsense2_description/share/realsense2_description/urdf/_d415.urdf.xacro
[2.051s] -- Installing: /home/eating/work/install/realsense2_description/share/realsense2_description/urdf/test_r410_camera.urdf.xacro
[2.051s] -- Installing: /home/eating/work/install/realsense2_description/share/realsense2_description/urdf/_d455.urdf.xacro
[2.051s] -- Installing: /home/eating/work/install/realsense2_description/share/realsense2_description/urdf/_r430.urdf.xacro
[2.052s] -- Installing: /home/eating/work/install/realsense2_description/share/realsense2_description/urdf/_r410.urdf.xacro
[2.052s] -- Installing: /home/eating/work/install/realsense2_description/share/realsense2_description/urdf/_d435.urdf.xacro
[2.053s] -- Installing: /home/eating/work/install/realsense2_description/share/ament_index/resource_index/package_run_dependencies/realsense2_description
[2.053s] -- Installing: /home/eating/work/install/realsense2_description/share/ament_index/resource_index/parent_prefix_path/realsense2_description
[2.054s] -- Installing: /home/eating/work/install/realsense2_description/share/realsense2_description/environment/ament_prefix_path.sh
[2.054s] -- Installing: /home/eating/work/install/realsense2_description/share/realsense2_description/environment/ament_prefix_path.dsv
[2.055s] -- Installing: /home/eating/work/install/realsense2_description/share/realsense2_description/environment/path.sh
[2.055s] -- Installing: /home/eating/work/install/realsense2_description/share/realsense2_description/environment/path.dsv
[2.056s] -- Installing: /home/eating/work/install/realsense2_description/share/realsense2_description/local_setup.bash
[2.056s] -- Installing: /home/eating/work/install/realsense2_description/share/realsense2_description/local_setup.sh
[2.057s] -- Installing: /home/eating/work/install/realsense2_description/share/realsense2_description/local_setup.zsh
[2.057s] -- Installing: /home/eating/work/install/realsense2_description/share/realsense2_description/local_setup.dsv
[2.058s] -- Installing: /home/eating/work/install/realsense2_description/share/realsense2_description/package.dsv
[2.058s] -- Installing: /home/eating/work/install/realsense2_description/share/ament_index/resource_index/packages/realsense2_description
[2.058s] -- Installing: /home/eating/work/install/realsense2_description/share/realsense2_description/cmake/realsense2_descriptionConfig.cmake
[2.059s] -- Installing: /home/eating/work/install/realsense2_description/share/realsense2_description/cmake/realsense2_descriptionConfig-version.cmake
[2.059s] -- Installing: /home/eating/work/install/realsense2_description/share/realsense2_description/package.xml
[2.067s] Invoked command in '/home/eating/work/build/realsense2_description' returned '0': CMAKE_PREFIX_PATH=/home/eating/work/install/realsense2_camera_msgs:/home/eating/work/install/timda_gazebo:/home/eating/work/install/timda_description:/home/eating/work/install/timda_bringup:/home/eating/work/install/timda_body_description:/home/eating/work/install/suction_description:/home/eating/work/install/robot_arm_description:/home/eating/work/install/realsense2_description:/home/eating/work/install/realsense2_camera:/home/eating/work/install/pallet_interfaces:/home/eating/work/install/mobile_description:/home/eating/work/install/mecanum:/home/eating/work/install/linear_move:/home/eating/work/install/keyboard_control:/home/eating/work/install/ira_laser_tools:/home/eating/work/install/interface:/home/eating/work/install/gui_interface:/home/eating/work/install/pallet_main:/home/eating/work/install/main_control:/home/eating/work/install/gui:/home/eating/work/install/docking_pkg:/opt/ros/humble LD_LIBRARY_PATH=/home/eating/work/install/realsense2_camera_msgs/lib:/home/eating/work/install/realsense2_camera/lib:/home/eating/work/install/pallet_interfaces/lib:/home/eating/work/install/interface/lib:/home/eating/work/install/gui_interface/lib:/opt/ros/humble/opt/rviz_ogre_vendor/lib:/opt/ros/humble/lib/x86_64-linux-gnu:/opt/ros/humble/lib /usr/bin/cmake --install /home/eating/work/build/realsense2_description
