[0.940s] Invoking command in '/home/eating/work/src/gui/gui': AMENT_PREFIX_PATH=/home/eating/work/install/gui_interface:${AMENT_PREFIX_PATH} CMAKE_PREFIX_PATH=/home/eating/work/install/gui_interface LD_LIBRARY_PATH=/home/eating/work/install/gui_interface/lib:${LD_LIBRARY_PATH} PYTHONPATH=/home/eating/work/build/gui/prefix_override:/usr/lib/python3/dist-packages/colcon_core/task/python/colcon_distutils_commands:/home/eating/work/install/gui/lib/python3.10/site-packages:/home/eating/work/install/gui_interface/local/lib/python3.10/dist-packages:${PYTHONPATH} /usr/bin/python3 -W ignore:setup.py install is deprecated -W ignore:easy_install command is deprecated setup.py egg_info --egg-base ../../../build/gui build --build-base /home/eating/work/build/gui/build install --record /home/eating/work/build/gui/install.log --single-version-externally-managed install_data
[1.163s] running egg_info
[1.164s] writing ../../../build/gui/gui.egg-info/PKG-INFO
[1.164s] writing dependency_links to ../../../build/gui/gui.egg-info/dependency_links.txt
[1.164s] writing entry points to ../../../build/gui/gui.egg-info/entry_points.txt
[1.164s] writing requirements to ../../../build/gui/gui.egg-info/requires.txt
[1.164s] writing top-level names to ../../../build/gui/gui.egg-info/top_level.txt
[1.166s] reading manifest file '../../../build/gui/gui.egg-info/SOURCES.txt'
[1.167s] writing manifest file '../../../build/gui/gui.egg-info/SOURCES.txt'
[1.167s] running build
[1.167s] running build_py
[1.167s] running install
[1.168s] running install_lib
[1.169s] running install_data
[1.169s] running install_egg_info
[1.171s] removing '/home/eating/work/install/gui/lib/python3.10/site-packages/gui-0.0.0-py3.10.egg-info' (and everything under it)
[1.171s] Copying ../../../build/gui/gui.egg-info to /home/eating/work/install/gui/lib/python3.10/site-packages/gui-0.0.0-py3.10.egg-info
[1.172s] running install_scripts
[1.191s] Installing main script to /home/eating/work/install/gui/lib/gui
[1.191s] writing list of installed files to '/home/eating/work/build/gui/install.log'
