[0.016s] Invoking command in '/home/fxck/work/build/linear_move': CMAKE_PREFIX_PATH=${CMAKE_PREFIX_PATH}:/home/fxck/work/install/main_control:/home/fxck/work/install/gui:/opt/ros/humble /usr/bin/cmake --build /home/fxck/work/build/linear_move -- -j16 -l16
[0.079s] [100%] Built target slide
[0.108s] Invoked command in '/home/fxck/work/build/linear_move' returned '0': CMAKE_PREFIX_PATH=${CMAKE_PREFIX_PATH}:/home/fxck/work/install/main_control:/home/fxck/work/install/gui:/opt/ros/humble /usr/bin/cmake --build /home/fxck/work/build/linear_move -- -j16 -l16
[0.109s] Invoking command in '/home/fxck/work/build/linear_move': CMAKE_PREFIX_PATH=${CMAKE_PREFIX_PATH}:/home/fxck/work/install/main_control:/home/fxck/work/install/gui:/opt/ros/humble /usr/bin/cmake --install /home/fxck/work/build/linear_move
[0.117s] -- Install configuration: ""
[0.117s] -- Up-to-date: /home/fxck/work/install/linear_move/lib/linear_move/slide
[0.117s] -- Up-to-date: /home/fxck/work/install/linear_move/share/ament_index/resource_index/package_run_dependencies/linear_move
[0.117s] -- Up-to-date: /home/fxck/work/install/linear_move/share/ament_index/resource_index/parent_prefix_path/linear_move
[0.117s] -- Up-to-date: /home/fxck/work/install/linear_move/share/linear_move/environment/ament_prefix_path.sh
[0.117s] -- Up-to-date: /home/fxck/work/install/linear_move/share/linear_move/environment/ament_prefix_path.dsv
[0.118s] -- Up-to-date: /home/fxck/work/install/linear_move/share/linear_move/environment/path.sh
[0.118s] -- Up-to-date: /home/fxck/work/install/linear_move/share/linear_move/environment/path.dsv
[0.118s] -- Up-to-date: /home/fxck/work/install/linear_move/share/linear_move/local_setup.bash
[0.118s] -- Up-to-date: /home/fxck/work/install/linear_move/share/linear_move/local_setup.sh
[0.118s] -- Up-to-date: /home/fxck/work/install/linear_move/share/linear_move/local_setup.zsh
[0.118s] -- Up-to-date: /home/fxck/work/install/linear_move/share/linear_move/local_setup.dsv
[0.119s] -- Installing: /home/fxck/work/install/linear_move/share/linear_move/package.dsv
[0.119s] -- Up-to-date: /home/fxck/work/install/linear_move/share/ament_index/resource_index/packages/linear_move
[0.119s] -- Up-to-date: /home/fxck/work/install/linear_move/share/linear_move/cmake/linear_moveConfig.cmake
[0.119s] -- Up-to-date: /home/fxck/work/install/linear_move/share/linear_move/cmake/linear_moveConfig-version.cmake
[0.119s] -- Up-to-date: /home/fxck/work/install/linear_move/share/linear_move/package.xml
[0.132s] Invoked command in '/home/fxck/work/build/linear_move' returned '0': CMAKE_PREFIX_PATH=${CMAKE_PREFIX_PATH}:/home/fxck/work/install/main_control:/home/fxck/work/install/gui:/opt/ros/humble /usr/bin/cmake --install /home/fxck/work/build/linear_move
