running egg_info
creating ../../build/shelf_pose_est/shelf_pose_est.egg-info
writing ../../build/shelf_pose_est/shelf_pose_est.egg-info/PKG-INFO
writing dependency_links to ../../build/shelf_pose_est/shelf_pose_est.egg-info/dependency_links.txt
writing entry points to ../../build/shelf_pose_est/shelf_pose_est.egg-info/entry_points.txt
writing requirements to ../../build/shelf_pose_est/shelf_pose_est.egg-info/requires.txt
writing top-level names to ../../build/shelf_pose_est/shelf_pose_est.egg-info/top_level.txt
writing manifest file '../../build/shelf_pose_est/shelf_pose_est.egg-info/SOURCES.txt'
reading manifest file '../../build/shelf_pose_est/shelf_pose_est.egg-info/SOURCES.txt'
adding license file 'LICENSE'
writing manifest file '../../build/shelf_pose_est/shelf_pose_est.egg-info/SOURCES.txt'
running build
running build_py
creating /home/fxck/work/build/shelf_pose_est/build
creating /home/fxck/work/build/shelf_pose_est/build/lib
creating /home/fxck/work/build/shelf_pose_est/build/lib/shelf_pose_est
copying shelf_pose_est/heihei.py -> /home/fxck/work/build/shelf_pose_est/build/lib/shelf_pose_est
copying shelf_pose_est/aruco_detect.py -> /home/fxck/work/build/shelf_pose_est/build/lib/shelf_pose_est
copying shelf_pose_est/realsense_color_pub.py -> /home/fxck/work/build/shelf_pose_est/build/lib/shelf_pose_est
copying shelf_pose_est/__init__.py -> /home/fxck/work/build/shelf_pose_est/build/lib/shelf_pose_est
running install
running install_lib
creating /home/fxck/work/install/shelf_pose_est/lib/python3.10/site-packages/shelf_pose_est
copying /home/fxck/work/build/shelf_pose_est/build/lib/shelf_pose_est/heihei.py -> /home/fxck/work/install/shelf_pose_est/lib/python3.10/site-packages/shelf_pose_est
copying /home/fxck/work/build/shelf_pose_est/build/lib/shelf_pose_est/aruco_detect.py -> /home/fxck/work/install/shelf_pose_est/lib/python3.10/site-packages/shelf_pose_est
copying /home/fxck/work/build/shelf_pose_est/build/lib/shelf_pose_est/realsense_color_pub.py -> /home/fxck/work/install/shelf_pose_est/lib/python3.10/site-packages/shelf_pose_est
copying /home/fxck/work/build/shelf_pose_est/build/lib/shelf_pose_est/__init__.py -> /home/fxck/work/install/shelf_pose_est/lib/python3.10/site-packages/shelf_pose_est
byte-compiling /home/fxck/work/install/shelf_pose_est/lib/python3.10/site-packages/shelf_pose_est/heihei.py to heihei.cpython-310.pyc
byte-compiling /home/fxck/work/install/shelf_pose_est/lib/python3.10/site-packages/shelf_pose_est/aruco_detect.py to aruco_detect.cpython-310.pyc
byte-compiling /home/fxck/work/install/shelf_pose_est/lib/python3.10/site-packages/shelf_pose_est/realsense_color_pub.py to realsense_color_pub.cpython-310.pyc
byte-compiling /home/fxck/work/install/shelf_pose_est/lib/python3.10/site-packages/shelf_pose_est/__init__.py to __init__.cpython-310.pyc
running install_data
creating /home/fxck/work/install/shelf_pose_est/share/ament_index
creating /home/fxck/work/install/shelf_pose_est/share/ament_index/resource_index
creating /home/fxck/work/install/shelf_pose_est/share/ament_index/resource_index/packages
copying resource/shelf_pose_est -> /home/fxck/work/install/shelf_pose_est/share/ament_index/resource_index/packages
copying package.xml -> /home/fxck/work/install/shelf_pose_est/share/shelf_pose_est
running install_egg_info
Copying ../../build/shelf_pose_est/shelf_pose_est.egg-info to /home/fxck/work/install/shelf_pose_est/lib/python3.10/site-packages/shelf_pose_est-0.0.0-py3.10.egg-info
running install_scripts
Installing aruco_detect script to /home/fxck/work/install/shelf_pose_est/lib/shelf_pose_est
Installing stream_rs script to /home/fxck/work/install/shelf_pose_est/lib/shelf_pose_est
writing list of installed files to '/home/fxck/work/build/shelf_pose_est/install.log'
