[0.091s] Invoking command in '/home/eating/work/build/timda_gazebo': CMAKE_PREFIX_PATH=${CMAKE_PREFIX_PATH}:/home/eating/work/install/pallet_main:/home/eating/work/install/main_control:/home/eating/work/install/gui:/home/eating/work/install/docking_pkg:/opt/ros/humble /usr/bin/cmake /home/eating/work/src/timda_sim/timda_gazebo -DCMAKE_INSTALL_PREFIX=/home/eating/work/install/timda_gazebo
[0.214s] -- The C compiler identification is GNU 11.4.0
[0.350s] -- The CXX compiler identification is GNU 11.4.0
[0.375s] -- Detecting C compiler ABI info
[0.644s] -- Detecting C compiler ABI info - done
[0.662s] -- Check for working C compiler: /usr/bin/cc - skipped
[0.662s] -- Detecting C compile features
[0.663s] -- Detecting C compile features - done
[0.674s] -- Detecting CXX compiler ABI info
[0.977s] -- Detecting CXX compiler ABI info - done
[0.997s] -- Check for working CXX compiler: /usr/bin/c++ - skipped
[0.997s] -- Detecting CXX compile features
[1.001s] -- Detecting CXX compile features - done
[1.012s] -- Found ament_cmake: 1.3.11 (/opt/ros/humble/share/ament_cmake/cmake)
[1.344s] -- Found Python3: /usr/bin/python3 (found version "3.10.12") found components: Interpreter 
[1.605s] -- Found ament_lint_auto: 0.12.12 (/opt/ros/humble/share/ament_lint_auto/cmake)
[1.918s] -- Added test 'lint_cmake' to check CMake code style
[1.933s] -- Added test 'xmllint' to check XML markup files
[1.945s] -- Configuring done
[1.950s] -- Generating done
[1.957s] -- Build files have been written to: /home/eating/work/build/timda_gazebo
[1.971s] Invoked command in '/home/eating/work/build/timda_gazebo' returned '0': CMAKE_PREFIX_PATH=${CMAKE_PREFIX_PATH}:/home/eating/work/install/pallet_main:/home/eating/work/install/main_control:/home/eating/work/install/gui:/home/eating/work/install/docking_pkg:/opt/ros/humble /usr/bin/cmake /home/eating/work/src/timda_sim/timda_gazebo -DCMAKE_INSTALL_PREFIX=/home/eating/work/install/timda_gazebo
[1.972s] Invoking command in '/home/eating/work/build/timda_gazebo': CMAKE_PREFIX_PATH=${CMAKE_PREFIX_PATH}:/home/eating/work/install/pallet_main:/home/eating/work/install/main_control:/home/eating/work/install/gui:/home/eating/work/install/docking_pkg:/opt/ros/humble /usr/bin/cmake --build /home/eating/work/build/timda_gazebo -- -j8 -l8
[2.153s] Invoked command in '/home/eating/work/build/timda_gazebo' returned '0': CMAKE_PREFIX_PATH=${CMAKE_PREFIX_PATH}:/home/eating/work/install/pallet_main:/home/eating/work/install/main_control:/home/eating/work/install/gui:/home/eating/work/install/docking_pkg:/opt/ros/humble /usr/bin/cmake --build /home/eating/work/build/timda_gazebo -- -j8 -l8
[2.154s] Invoking command in '/home/eating/work/build/timda_gazebo': CMAKE_PREFIX_PATH=${CMAKE_PREFIX_PATH}:/home/eating/work/install/pallet_main:/home/eating/work/install/main_control:/home/eating/work/install/gui:/home/eating/work/install/docking_pkg:/opt/ros/humble /usr/bin/cmake --install /home/eating/work/build/timda_gazebo
[2.178s] -- Install configuration: ""
[2.183s] -- Installing: /home/eating/work/install/timda_gazebo/share/ament_index/resource_index/package_run_dependencies/timda_gazebo
[2.183s] -- Installing: /home/eating/work/install/timda_gazebo/share/ament_index/resource_index/parent_prefix_path/timda_gazebo
[2.184s] -- Installing: /home/eating/work/install/timda_gazebo/share/timda_gazebo/environment/ament_prefix_path.sh
[2.184s] -- Installing: /home/eating/work/install/timda_gazebo/share/timda_gazebo/environment/ament_prefix_path.dsv
[2.184s] -- Installing: /home/eating/work/install/timda_gazebo/share/timda_gazebo/environment/path.sh
[2.185s] -- Installing: /home/eating/work/install/timda_gazebo/share/timda_gazebo/environment/path.dsv
[2.185s] -- Installing: /home/eating/work/install/timda_gazebo/share/timda_gazebo/local_setup.bash
[2.185s] -- Installing: /home/eating/work/install/timda_gazebo/share/timda_gazebo/local_setup.sh
[2.185s] -- Installing: /home/eating/work/install/timda_gazebo/share/timda_gazebo/local_setup.zsh
[2.186s] -- Installing: /home/eating/work/install/timda_gazebo/share/timda_gazebo/local_setup.dsv
[2.186s] -- Installing: /home/eating/work/install/timda_gazebo/share/timda_gazebo/package.dsv
[2.186s] -- Installing: /home/eating/work/install/timda_gazebo/share/ament_index/resource_index/packages/timda_gazebo
[2.186s] -- Installing: /home/eating/work/install/timda_gazebo/share/timda_gazebo/cmake/timda_gazeboConfig.cmake
[2.187s] -- Installing: /home/eating/work/install/timda_gazebo/share/timda_gazebo/cmake/timda_gazeboConfig-version.cmake
[2.187s] -- Installing: /home/eating/work/install/timda_gazebo/share/timda_gazebo/package.xml
[2.198s] Invoked command in '/home/eating/work/build/timda_gazebo' returned '0': CMAKE_PREFIX_PATH=${CMAKE_PREFIX_PATH}:/home/eating/work/install/pallet_main:/home/eating/work/install/main_control:/home/eating/work/install/gui:/home/eating/work/install/docking_pkg:/opt/ros/humble /usr/bin/cmake --install /home/eating/work/build/timda_gazebo
