[0.048s] Invoking command in '/home/eating/work/build/timda_description': CMAKE_PREFIX_PATH=${CMAKE_PREFIX_PATH}:/home/eating/work/install/pallet_main:/home/eating/work/install/main_control:/home/eating/work/install/gui:/home/eating/work/install/docking_pkg:/opt/ros/humble /usr/bin/cmake --build /home/eating/work/build/timda_description -- -j8 -l8
[0.117s] Invoked command in '/home/eating/work/build/timda_description' returned '0': CMAKE_PREFIX_PATH=${CMAKE_PREFIX_PATH}:/home/eating/work/install/pallet_main:/home/eating/work/install/main_control:/home/eating/work/install/gui:/home/eating/work/install/docking_pkg:/opt/ros/humble /usr/bin/cmake --build /home/eating/work/build/timda_description -- -j8 -l8
[0.118s] Invoking command in '/home/eating/work/build/timda_description': CMAKE_PREFIX_PATH=${CMAKE_PREFIX_PATH}:/home/eating/work/install/pallet_main:/home/eating/work/install/main_control:/home/eating/work/install/gui:/home/eating/work/install/docking_pkg:/opt/ros/humble /usr/bin/cmake --install /home/eating/work/build/timda_description
[0.122s] -- Install configuration: ""
[0.122s] -- Up-to-date: /home/eating/work/install/timda_description/share/timda_description/urdf
[0.122s] -- Up-to-date: /home/eating/work/install/timda_description/share/timda_description/urdf/timda_sim_odom.urdf.xacro
[0.122s] -- Up-to-date: /home/eating/work/install/timda_description/share/timda_description/urdf/timda.gazebo.xacro
[0.122s] -- Up-to-date: /home/eating/work/install/timda_description/share/timda_description/urdf/timda.urdf.xacro
[0.122s] -- Up-to-date: /home/eating/work/install/timda_description/share/timda_description/urdf/timda_only_mobile.urdf.xacro
[0.123s] -- Up-to-date: /home/eating/work/install/timda_description/share/ament_index/resource_index/package_run_dependencies/timda_description
[0.123s] -- Up-to-date: /home/eating/work/install/timda_description/share/ament_index/resource_index/parent_prefix_path/timda_description
[0.124s] -- Up-to-date: /home/eating/work/install/timda_description/share/timda_description/environment/ament_prefix_path.sh
[0.124s] -- Up-to-date: /home/eating/work/install/timda_description/share/timda_description/environment/ament_prefix_path.dsv
[0.124s] -- Up-to-date: /home/eating/work/install/timda_description/share/timda_description/environment/path.sh
[0.125s] -- Up-to-date: /home/eating/work/install/timda_description/share/timda_description/environment/path.dsv
[0.125s] -- Up-to-date: /home/eating/work/install/timda_description/share/timda_description/local_setup.bash
[0.125s] -- Up-to-date: /home/eating/work/install/timda_description/share/timda_description/local_setup.sh
[0.126s] -- Up-to-date: /home/eating/work/install/timda_description/share/timda_description/local_setup.zsh
[0.126s] -- Up-to-date: /home/eating/work/install/timda_description/share/timda_description/local_setup.dsv
[0.126s] -- Installing: /home/eating/work/install/timda_description/share/timda_description/package.dsv
[0.126s] -- Up-to-date: /home/eating/work/install/timda_description/share/ament_index/resource_index/packages/timda_description
[0.127s] -- Up-to-date: /home/eating/work/install/timda_description/share/timda_description/cmake/timda_descriptionConfig.cmake
[0.127s] -- Up-to-date: /home/eating/work/install/timda_description/share/timda_description/cmake/timda_descriptionConfig-version.cmake
[0.127s] -- Up-to-date: /home/eating/work/install/timda_description/share/timda_description/package.xml
[0.221s] Invoked command in '/home/eating/work/build/timda_description' returned '0': CMAKE_PREFIX_PATH=${CMAKE_PREFIX_PATH}:/home/eating/work/install/pallet_main:/home/eating/work/install/main_control:/home/eating/work/install/gui:/home/eating/work/install/docking_pkg:/opt/ros/humble /usr/bin/cmake --install /home/eating/work/build/timda_description
