[0.018s] Invoking command in '/home/fxck/work/build/gui_interface': CMAKE_PREFIX_PATH=${CMAKE_PREFIX_PATH}:/home/fxck/work/install/main_control:/home/fxck/work/install/gui:/opt/ros/humble /usr/bin/cmake /home/fxck/work/src/GUI/gui_interface -DCMAKE_INSTALL_PREFIX=/home/fxck/work/install/gui_interface
[0.108s] -- The C compiler identification is GNU 11.4.0
[0.163s] -- The CXX compiler identification is GNU 11.4.0
[0.172s] -- Detecting C compiler ABI info
[0.238s] -- Detecting C compiler ABI info - done
[0.245s] -- Check for working C compiler: /usr/bin/cc - skipped
[0.245s] -- Detecting C compile features
[0.245s] -- Detecting C compile features - done
[0.248s] -- Detecting CXX compiler ABI info
[0.328s] -- Detecting CXX compiler ABI info - done
[0.334s] -- Check for working CXX compiler: /usr/bin/c++ - skipped
[0.335s] -- Detecting CXX compile features
[0.335s] -- Detecting CXX compile features - done
[0.343s] -- Found ament_cmake: 1.3.11 (/opt/ros/humble/share/ament_cmake/cmake)
[0.477s] -- Found Python3: /usr/bin/python3 (found version "3.10.12") found components: Interpreter 
[0.577s] -- Found geometry_msgs: 4.2.4 (/opt/ros/humble/share/geometry_msgs/cmake)
[0.625s] -- Found rosidl_generator_c: 3.1.6 (/opt/ros/humble/share/rosidl_generator_c/cmake)
[0.632s] -- Found rosidl_adapter: 3.1.6 (/opt/ros/humble/share/rosidl_adapter/cmake)
[0.643s] -- Found rosidl_generator_cpp: 3.1.6 (/opt/ros/humble/share/rosidl_generator_cpp/cmake)
[0.659s] -- Using all available rosidl_typesupport_c: rosidl_typesupport_fastrtps_c;rosidl_typesupport_introspection_c
[0.678s] -- Using all available rosidl_typesupport_cpp: rosidl_typesupport_fastrtps_cpp;rosidl_typesupport_introspection_cpp
[0.721s] -- Found rosidl_default_generators: 1.2.0 (/opt/ros/humble/share/rosidl_default_generators/cmake)
[0.970s] -- Found ament_cmake_ros: 0.10.0 (/opt/ros/humble/share/ament_cmake_ros/cmake)
[1.349s] -- Using all available rosidl_typesupport_c: rosidl_typesupport_fastrtps_c;rosidl_typesupport_introspection_c
[1.517s] -- Using all available rosidl_typesupport_cpp: rosidl_typesupport_fastrtps_cpp;rosidl_typesupport_introspection_cpp
[1.538s] -- Found PythonInterp: /usr/bin/python3 (found suitable version "3.10.12", minimum required is "3.6") 
[1.540s] -- Found python_cmake_module: 0.10.0 (/opt/ros/humble/share/python_cmake_module/cmake)
[1.565s] -- Found PythonLibs: /usr/lib/x86_64-linux-gnu/libpython3.10.so (found suitable version "3.10.12", minimum required is "3.5") 
[1.565s] -- Using PYTHON_EXECUTABLE: /usr/bin/python3
[1.565s] -- Using PYTHON_INCLUDE_DIRS: /usr/include/python3.10
[1.565s] -- Using PYTHON_LIBRARIES: /usr/lib/x86_64-linux-gnu/libpython3.10.so
[1.591s] -- Found PythonExtra: .so  
[1.656s] -- Found ament_lint_auto: 0.12.11 (/opt/ros/humble/share/ament_lint_auto/cmake)
[1.682s] -- Added test 'lint_cmake' to check CMake code style
[1.683s] -- Added test 'xmllint' to check XML markup files
[1.687s] -- Configuring done
[1.724s] -- Generating done
[1.736s] -- Build files have been written to: /home/fxck/work/build/gui_interface
[1.743s] Invoked command in '/home/fxck/work/build/gui_interface' returned '0': CMAKE_PREFIX_PATH=${CMAKE_PREFIX_PATH}:/home/fxck/work/install/main_control:/home/fxck/work/install/gui:/opt/ros/humble /usr/bin/cmake /home/fxck/work/src/GUI/gui_interface -DCMAKE_INSTALL_PREFIX=/home/fxck/work/install/gui_interface
[1.745s] Invoking command in '/home/fxck/work/build/gui_interface': CMAKE_PREFIX_PATH=${CMAKE_PREFIX_PATH}:/home/fxck/work/install/main_control:/home/fxck/work/install/gui:/opt/ros/humble /usr/bin/cmake --build /home/fxck/work/build/gui_interface -- -j16 -l16
[1.785s] [  3%] [34m[1mGenerating C code for ROS interfaces[0m
[1.797s] [  6%] [34m[1mGenerating C++ code for ROS interfaces[0m
[1.804s] [  6%] Built target ament_cmake_python_copy_gui_interface
[2.032s] [  9%] [32mBuilding C object CMakeFiles/gui_interface__rosidl_generator_c.dir/rosidl_generator_c/gui_interface/srv/detail/taskcmd__functions.c.o[0m
[2.057s] [  9%] Built target gui_interface__cpp
[2.069s] [ 12%] [34m[1mGenerating C++ type support dispatch for ROS interfaces[0m
[2.071s] [ 19%] [34m[1mGenerating C++ introspection for ROS interfaces[0m
[2.071s] [ 19%] [34m[1mGenerating C++ type support for eProsima Fast-RTPS[0m
[2.095s] running egg_info
[2.095s] creating gui_interface.egg-info
[2.095s] writing gui_interface.egg-info/PKG-INFO
[2.095s] writing dependency_links to gui_interface.egg-info/dependency_links.txt
[2.096s] writing top-level names to gui_interface.egg-info/top_level.txt
[2.096s] writing manifest file 'gui_interface.egg-info/SOURCES.txt'
[2.098s] reading manifest file 'gui_interface.egg-info/SOURCES.txt'
[2.099s] writing manifest file 'gui_interface.egg-info/SOURCES.txt'
[2.107s] [ 22%] [32m[1mLinking C shared library libgui_interface__rosidl_generator_c.so[0m
[2.140s] [ 22%] Built target ament_cmake_python_build_gui_interface_egg
[2.159s] [ 22%] Built target gui_interface__rosidl_generator_c
[2.174s] [ 29%] [34m[1mGenerating C type support dispatch for ROS interfaces[0m
[2.174s] [ 29%] [34m[1mGenerating C introspection for ROS interfaces[0m
[2.174s] [ 32%] [34m[1mGenerating C type support for eProsima Fast-RTPS[0m
[2.386s] [ 35%] [32mBuilding CXX object CMakeFiles/gui_interface__rosidl_typesupport_introspection_cpp.dir/rosidl_typesupport_introspection_cpp/gui_interface/srv/detail/taskcmd__type_support.cpp.o[0m
[2.389s] [ 38%] [32mBuilding CXX object CMakeFiles/gui_interface__rosidl_typesupport_cpp.dir/rosidl_typesupport_cpp/gui_interface/srv/taskcmd__type_support.cpp.o[0m
[2.426s] [ 41%] [32mBuilding CXX object CMakeFiles/gui_interface__rosidl_typesupport_fastrtps_cpp.dir/rosidl_typesupport_fastrtps_cpp/gui_interface/srv/detail/dds_fastrtps/taskcmd__type_support.cpp.o[0m
[2.499s] [ 45%] [32mBuilding CXX object CMakeFiles/gui_interface__rosidl_typesupport_c.dir/rosidl_typesupport_c/gui_interface/srv/taskcmd__type_support.cpp.o[0m
[2.527s] [ 48%] [32mBuilding CXX object CMakeFiles/gui_interface__rosidl_typesupport_fastrtps_c.dir/rosidl_typesupport_fastrtps_c/gui_interface/srv/detail/taskcmd__type_support_c.cpp.o[0m
[2.531s] [ 51%] [32mBuilding C object CMakeFiles/gui_interface__rosidl_typesupport_introspection_c.dir/rosidl_typesupport_introspection_c/gui_interface/srv/detail/taskcmd__type_support.c.o[0m
[2.547s] [ 54%] [32m[1mLinking CXX shared library libgui_interface__rosidl_typesupport_c.so[0m
[2.586s] [ 58%] [32m[1mLinking C shared library libgui_interface__rosidl_typesupport_introspection_c.so[0m
[2.612s] [ 58%] Built target gui_interface__rosidl_typesupport_c
[2.633s] [ 58%] Built target gui_interface__rosidl_typesupport_introspection_c
[2.715s] [ 61%] [32m[1mLinking CXX shared library libgui_interface__rosidl_typesupport_cpp.so[0m
[2.779s] [ 61%] Built target gui_interface__rosidl_typesupport_cpp
[2.841s] [ 64%] [32m[1mLinking CXX shared library libgui_interface__rosidl_typesupport_introspection_cpp.so[0m
[2.858s] [ 67%] [32m[1mLinking CXX shared library libgui_interface__rosidl_typesupport_fastrtps_c.so[0m
[2.860s] [ 70%] [32m[1mLinking CXX shared library libgui_interface__rosidl_typesupport_fastrtps_cpp.so[0m
[2.908s] [ 70%] Built target gui_interface__rosidl_typesupport_introspection_cpp
[2.955s] [ 70%] Built target gui_interface__rosidl_typesupport_fastrtps_c
[2.957s] [ 70%] Built target gui_interface__rosidl_typesupport_fastrtps_cpp
[2.978s] [ 70%] Built target gui_interface
[3.001s] [ 74%] [34m[1mGenerating Python code for ROS interfaces[0m
[3.287s] [ 74%] Built target gui_interface__py
[3.308s] [ 77%] [32mBuilding C object CMakeFiles/gui_interface__rosidl_generator_py.dir/rosidl_generator_py/gui_interface/srv/_taskcmd_s.c.o[0m
[3.411s] [ 80%] [32m[1mLinking C shared library rosidl_generator_py/gui_interface/libgui_interface__rosidl_generator_py.so[0m
[3.454s] [ 80%] Built target gui_interface__rosidl_generator_py
[3.476s] [ 87%] [32mBuilding C object CMakeFiles/gui_interface__rosidl_typesupport_c__pyext.dir/rosidl_generator_py/gui_interface/_gui_interface_s.ep.rosidl_typesupport_c.c.o[0m
[3.476s] [ 87%] [32mBuilding C object CMakeFiles/gui_interface__rosidl_typesupport_fastrtps_c__pyext.dir/rosidl_generator_py/gui_interface/_gui_interface_s.ep.rosidl_typesupport_fastrtps_c.c.o[0m
[3.477s] [ 90%] [32mBuilding C object CMakeFiles/gui_interface__rosidl_typesupport_introspection_c__pyext.dir/rosidl_generator_py/gui_interface/_gui_interface_s.ep.rosidl_typesupport_introspection_c.c.o[0m
[3.586s] [ 93%] [32m[1mLinking C shared library rosidl_generator_py/gui_interface/gui_interface_s__rosidl_typesupport_c.cpython-310-x86_64-linux-gnu.so[0m
[3.590s] [ 96%] [32m[1mLinking C shared library rosidl_generator_py/gui_interface/gui_interface_s__rosidl_typesupport_introspection_c.cpython-310-x86_64-linux-gnu.so[0m
[3.592s] [100%] [32m[1mLinking C shared library rosidl_generator_py/gui_interface/gui_interface_s__rosidl_typesupport_fastrtps_c.cpython-310-x86_64-linux-gnu.so[0m
[3.629s] [100%] Built target gui_interface__rosidl_typesupport_c__pyext
[3.635s] [100%] Built target gui_interface__rosidl_typesupport_introspection_c__pyext
[3.635s] [100%] Built target gui_interface__rosidl_typesupport_fastrtps_c__pyext
[3.649s] Invoked command in '/home/fxck/work/build/gui_interface' returned '0': CMAKE_PREFIX_PATH=${CMAKE_PREFIX_PATH}:/home/fxck/work/install/main_control:/home/fxck/work/install/gui:/opt/ros/humble /usr/bin/cmake --build /home/fxck/work/build/gui_interface -- -j16 -l16
[3.660s] Invoking command in '/home/fxck/work/build/gui_interface': CMAKE_PREFIX_PATH=${CMAKE_PREFIX_PATH}:/home/fxck/work/install/main_control:/home/fxck/work/install/gui:/opt/ros/humble /usr/bin/cmake --install /home/fxck/work/build/gui_interface
[3.669s] -- Install configuration: ""
[3.669s] -- Installing: /home/fxck/work/install/gui_interface/share/ament_index/resource_index/rosidl_interfaces/gui_interface
[3.670s] -- Installing: /home/fxck/work/install/gui_interface/include/gui_interface/gui_interface
[3.670s] -- Installing: /home/fxck/work/install/gui_interface/include/gui_interface/gui_interface/msg
[3.670s] -- Installing: /home/fxck/work/install/gui_interface/include/gui_interface/gui_interface/msg/rosidl_generator_c__visibility_control.h
[3.670s] -- Installing: /home/fxck/work/install/gui_interface/include/gui_interface/gui_interface/srv
[3.670s] -- Installing: /home/fxck/work/install/gui_interface/include/gui_interface/gui_interface/srv/taskcmd.h
[3.670s] -- Installing: /home/fxck/work/install/gui_interface/include/gui_interface/gui_interface/srv/detail
[3.670s] -- Installing: /home/fxck/work/install/gui_interface/include/gui_interface/gui_interface/srv/detail/taskcmd__struct.h
[3.670s] -- Installing: /home/fxck/work/install/gui_interface/include/gui_interface/gui_interface/srv/detail/taskcmd__functions.h
[3.671s] -- Installing: /home/fxck/work/install/gui_interface/include/gui_interface/gui_interface/srv/detail/taskcmd__type_support.h
[3.671s] -- Installing: /home/fxck/work/install/gui_interface/include/gui_interface/gui_interface/srv/detail/taskcmd__functions.c
[3.671s] -- Installing: /home/fxck/work/install/gui_interface/share/gui_interface/environment/library_path.sh
[3.671s] -- Installing: /home/fxck/work/install/gui_interface/share/gui_interface/environment/library_path.dsv
[3.671s] -- Installing: /home/fxck/work/install/gui_interface/lib/libgui_interface__rosidl_generator_c.so
[3.672s] -- Set runtime path of "/home/fxck/work/install/gui_interface/lib/libgui_interface__rosidl_generator_c.so" to ""
[3.672s] -- Up-to-date: /home/fxck/work/install/gui_interface/include/gui_interface/gui_interface
[3.672s] -- Up-to-date: /home/fxck/work/install/gui_interface/include/gui_interface/gui_interface/msg
[3.672s] -- Installing: /home/fxck/work/install/gui_interface/include/gui_interface/gui_interface/msg/rosidl_typesupport_fastrtps_c__visibility_control.h
[3.672s] -- Up-to-date: /home/fxck/work/install/gui_interface/include/gui_interface/gui_interface/srv
[3.672s] -- Up-to-date: /home/fxck/work/install/gui_interface/include/gui_interface/gui_interface/srv/detail
[3.672s] -- Installing: /home/fxck/work/install/gui_interface/include/gui_interface/gui_interface/srv/detail/taskcmd__rosidl_typesupport_fastrtps_c.h
[3.672s] -- Installing: /home/fxck/work/install/gui_interface/lib/libgui_interface__rosidl_typesupport_fastrtps_c.so
[3.673s] -- Set runtime path of "/home/fxck/work/install/gui_interface/lib/libgui_interface__rosidl_typesupport_fastrtps_c.so" to ""
[3.673s] -- Up-to-date: /home/fxck/work/install/gui_interface/include/gui_interface/gui_interface
[3.673s] -- Up-to-date: /home/fxck/work/install/gui_interface/include/gui_interface/gui_interface/msg
[3.673s] -- Installing: /home/fxck/work/install/gui_interface/include/gui_interface/gui_interface/msg/rosidl_generator_cpp__visibility_control.hpp
[3.673s] -- Up-to-date: /home/fxck/work/install/gui_interface/include/gui_interface/gui_interface/srv
[3.673s] -- Installing: /home/fxck/work/install/gui_interface/include/gui_interface/gui_interface/srv/taskcmd.hpp
[3.673s] -- Up-to-date: /home/fxck/work/install/gui_interface/include/gui_interface/gui_interface/srv/detail
[3.674s] -- Installing: /home/fxck/work/install/gui_interface/include/gui_interface/gui_interface/srv/detail/taskcmd__builder.hpp
[3.674s] -- Installing: /home/fxck/work/install/gui_interface/include/gui_interface/gui_interface/srv/detail/taskcmd__struct.hpp
[3.674s] -- Installing: /home/fxck/work/install/gui_interface/include/gui_interface/gui_interface/srv/detail/taskcmd__type_support.hpp
[3.674s] -- Installing: /home/fxck/work/install/gui_interface/include/gui_interface/gui_interface/srv/detail/taskcmd__traits.hpp
[3.674s] -- Up-to-date: /home/fxck/work/install/gui_interface/include/gui_interface/gui_interface
[3.674s] -- Up-to-date: /home/fxck/work/install/gui_interface/include/gui_interface/gui_interface/msg
[3.674s] -- Installing: /home/fxck/work/install/gui_interface/include/gui_interface/gui_interface/msg/rosidl_typesupport_fastrtps_cpp__visibility_control.h
[3.674s] -- Up-to-date: /home/fxck/work/install/gui_interface/include/gui_interface/gui_interface/srv
[3.674s] -- Up-to-date: /home/fxck/work/install/gui_interface/include/gui_interface/gui_interface/srv/detail
[3.675s] -- Installing: /home/fxck/work/install/gui_interface/include/gui_interface/gui_interface/srv/detail/dds_fastrtps
[3.675s] -- Installing: /home/fxck/work/install/gui_interface/include/gui_interface/gui_interface/srv/detail/taskcmd__rosidl_typesupport_fastrtps_cpp.hpp
[3.675s] -- Installing: /home/fxck/work/install/gui_interface/lib/libgui_interface__rosidl_typesupport_fastrtps_cpp.so
[3.675s] -- Set runtime path of "/home/fxck/work/install/gui_interface/lib/libgui_interface__rosidl_typesupport_fastrtps_cpp.so" to ""
[3.675s] -- Up-to-date: /home/fxck/work/install/gui_interface/include/gui_interface/gui_interface
[3.675s] -- Up-to-date: /home/fxck/work/install/gui_interface/include/gui_interface/gui_interface/msg
[3.675s] -- Installing: /home/fxck/work/install/gui_interface/include/gui_interface/gui_interface/msg/rosidl_typesupport_introspection_c__visibility_control.h
[3.676s] -- Up-to-date: /home/fxck/work/install/gui_interface/include/gui_interface/gui_interface/srv
[3.676s] -- Up-to-date: /home/fxck/work/install/gui_interface/include/gui_interface/gui_interface/srv/detail
[3.676s] -- Installing: /home/fxck/work/install/gui_interface/include/gui_interface/gui_interface/srv/detail/taskcmd__type_support.c
[3.676s] -- Installing: /home/fxck/work/install/gui_interface/include/gui_interface/gui_interface/srv/detail/taskcmd__rosidl_typesupport_introspection_c.h
[3.676s] -- Installing: /home/fxck/work/install/gui_interface/lib/libgui_interface__rosidl_typesupport_introspection_c.so
[3.677s] -- Set runtime path of "/home/fxck/work/install/gui_interface/lib/libgui_interface__rosidl_typesupport_introspection_c.so" to ""
[3.677s] -- Installing: /home/fxck/work/install/gui_interface/lib/libgui_interface__rosidl_typesupport_c.so
[3.677s] -- Set runtime path of "/home/fxck/work/install/gui_interface/lib/libgui_interface__rosidl_typesupport_c.so" to ""
[3.677s] -- Up-to-date: /home/fxck/work/install/gui_interface/include/gui_interface/gui_interface
[3.677s] -- Up-to-date: /home/fxck/work/install/gui_interface/include/gui_interface/gui_interface/srv
[3.677s] -- Up-to-date: /home/fxck/work/install/gui_interface/include/gui_interface/gui_interface/srv/detail
[3.677s] -- Installing: /home/fxck/work/install/gui_interface/include/gui_interface/gui_interface/srv/detail/taskcmd__type_support.cpp
[3.677s] -- Installing: /home/fxck/work/install/gui_interface/include/gui_interface/gui_interface/srv/detail/taskcmd__rosidl_typesupport_introspection_cpp.hpp
[3.678s] -- Installing: /home/fxck/work/install/gui_interface/lib/libgui_interface__rosidl_typesupport_introspection_cpp.so
[3.678s] -- Set runtime path of "/home/fxck/work/install/gui_interface/lib/libgui_interface__rosidl_typesupport_introspection_cpp.so" to ""
[3.678s] -- Installing: /home/fxck/work/install/gui_interface/lib/libgui_interface__rosidl_typesupport_cpp.so
[3.678s] -- Set runtime path of "/home/fxck/work/install/gui_interface/lib/libgui_interface__rosidl_typesupport_cpp.so" to ""
[3.678s] -- Installing: /home/fxck/work/install/gui_interface/share/gui_interface/environment/pythonpath.sh
[3.679s] -- Installing: /home/fxck/work/install/gui_interface/share/gui_interface/environment/pythonpath.dsv
[3.679s] -- Installing: /home/fxck/work/install/gui_interface/local/lib/python3.10/dist-packages/gui_interface-0.0.0-py3.10.egg-info
[3.679s] -- Installing: /home/fxck/work/install/gui_interface/local/lib/python3.10/dist-packages/gui_interface-0.0.0-py3.10.egg-info/SOURCES.txt
[3.679s] -- Installing: /home/fxck/work/install/gui_interface/local/lib/python3.10/dist-packages/gui_interface-0.0.0-py3.10.egg-info/dependency_links.txt
[3.679s] -- Installing: /home/fxck/work/install/gui_interface/local/lib/python3.10/dist-packages/gui_interface-0.0.0-py3.10.egg-info/PKG-INFO
[3.679s] -- Installing: /home/fxck/work/install/gui_interface/local/lib/python3.10/dist-packages/gui_interface-0.0.0-py3.10.egg-info/top_level.txt
[3.680s] -- Installing: /home/fxck/work/install/gui_interface/local/lib/python3.10/dist-packages/gui_interface
[3.680s] -- Installing: /home/fxck/work/install/gui_interface/local/lib/python3.10/dist-packages/gui_interface/srv
[3.680s] -- Installing: /home/fxck/work/install/gui_interface/local/lib/python3.10/dist-packages/gui_interface/srv/_taskcmd_s.c
[3.680s] -- Installing: /home/fxck/work/install/gui_interface/local/lib/python3.10/dist-packages/gui_interface/srv/_taskcmd.py
[3.680s] -- Installing: /home/fxck/work/install/gui_interface/local/lib/python3.10/dist-packages/gui_interface/srv/__init__.py
[3.680s] -- Installing: /home/fxck/work/install/gui_interface/local/lib/python3.10/dist-packages/gui_interface/_gui_interface_s.ep.rosidl_typesupport_fastrtps_c.c
[3.680s] -- Installing: /home/fxck/work/install/gui_interface/local/lib/python3.10/dist-packages/gui_interface/gui_interface_s__rosidl_typesupport_fastrtps_c.cpython-310-x86_64-linux-gnu.so
[3.681s] -- Installing: /home/fxck/work/install/gui_interface/local/lib/python3.10/dist-packages/gui_interface/libgui_interface__rosidl_generator_py.so
[3.681s] -- Installing: /home/fxck/work/install/gui_interface/local/lib/python3.10/dist-packages/gui_interface/gui_interface_s__rosidl_typesupport_c.cpython-310-x86_64-linux-gnu.so
[3.681s] -- Installing: /home/fxck/work/install/gui_interface/local/lib/python3.10/dist-packages/gui_interface/_gui_interface_s.ep.rosidl_typesupport_c.c
[3.681s] -- Installing: /home/fxck/work/install/gui_interface/local/lib/python3.10/dist-packages/gui_interface/_gui_interface_s.ep.rosidl_typesupport_introspection_c.c
[3.681s] -- Installing: /home/fxck/work/install/gui_interface/local/lib/python3.10/dist-packages/gui_interface/__init__.py
[3.681s] -- Installing: /home/fxck/work/install/gui_interface/local/lib/python3.10/dist-packages/gui_interface/gui_interface_s__rosidl_typesupport_introspection_c.cpython-310-x86_64-linux-gnu.so
[3.712s] Listing '/home/fxck/work/install/gui_interface/local/lib/python3.10/dist-packages/gui_interface'...
[3.712s] Compiling '/home/fxck/work/install/gui_interface/local/lib/python3.10/dist-packages/gui_interface/__init__.py'...
[3.712s] Listing '/home/fxck/work/install/gui_interface/local/lib/python3.10/dist-packages/gui_interface/srv'...
[3.712s] Compiling '/home/fxck/work/install/gui_interface/local/lib/python3.10/dist-packages/gui_interface/srv/__init__.py'...
[3.712s] Compiling '/home/fxck/work/install/gui_interface/local/lib/python3.10/dist-packages/gui_interface/srv/_taskcmd.py'...
[3.716s] -- Installing: /home/fxck/work/install/gui_interface/local/lib/python3.10/dist-packages/gui_interface/gui_interface_s__rosidl_typesupport_fastrtps_c.cpython-310-x86_64-linux-gnu.so
[3.716s] -- Set runtime path of "/home/fxck/work/install/gui_interface/local/lib/python3.10/dist-packages/gui_interface/gui_interface_s__rosidl_typesupport_fastrtps_c.cpython-310-x86_64-linux-gnu.so" to ""
[3.717s] -- Installing: /home/fxck/work/install/gui_interface/local/lib/python3.10/dist-packages/gui_interface/gui_interface_s__rosidl_typesupport_introspection_c.cpython-310-x86_64-linux-gnu.so
[3.717s] -- Set runtime path of "/home/fxck/work/install/gui_interface/local/lib/python3.10/dist-packages/gui_interface/gui_interface_s__rosidl_typesupport_introspection_c.cpython-310-x86_64-linux-gnu.so" to ""
[3.717s] -- Installing: /home/fxck/work/install/gui_interface/local/lib/python3.10/dist-packages/gui_interface/gui_interface_s__rosidl_typesupport_c.cpython-310-x86_64-linux-gnu.so
[3.717s] -- Set runtime path of "/home/fxck/work/install/gui_interface/local/lib/python3.10/dist-packages/gui_interface/gui_interface_s__rosidl_typesupport_c.cpython-310-x86_64-linux-gnu.so" to ""
[3.717s] -- Installing: /home/fxck/work/install/gui_interface/lib/libgui_interface__rosidl_generator_py.so
[3.718s] -- Set runtime path of "/home/fxck/work/install/gui_interface/lib/libgui_interface__rosidl_generator_py.so" to ""
[3.718s] -- Installing: /home/fxck/work/install/gui_interface/share/gui_interface/srv/Taskcmd.idl
[3.718s] -- Installing: /home/fxck/work/install/gui_interface/share/gui_interface/srv/Taskcmd.srv
[3.718s] -- Installing: /home/fxck/work/install/gui_interface/share/gui_interface/srv/Taskcmd_Request.msg
[3.718s] -- Installing: /home/fxck/work/install/gui_interface/share/gui_interface/srv/Taskcmd_Response.msg
[3.719s] -- Installing: /home/fxck/work/install/gui_interface/share/ament_index/resource_index/package_run_dependencies/gui_interface
[3.719s] -- Installing: /home/fxck/work/install/gui_interface/share/ament_index/resource_index/parent_prefix_path/gui_interface
[3.719s] -- Installing: /home/fxck/work/install/gui_interface/share/gui_interface/environment/ament_prefix_path.sh
[3.719s] -- Installing: /home/fxck/work/install/gui_interface/share/gui_interface/environment/ament_prefix_path.dsv
[3.719s] -- Installing: /home/fxck/work/install/gui_interface/share/gui_interface/environment/path.sh
[3.720s] -- Installing: /home/fxck/work/install/gui_interface/share/gui_interface/environment/path.dsv
[3.720s] -- Installing: /home/fxck/work/install/gui_interface/share/gui_interface/local_setup.bash
[3.720s] -- Installing: /home/fxck/work/install/gui_interface/share/gui_interface/local_setup.sh
[3.720s] -- Installing: /home/fxck/work/install/gui_interface/share/gui_interface/local_setup.zsh
[3.720s] -- Installing: /home/fxck/work/install/gui_interface/share/gui_interface/local_setup.dsv
[3.720s] -- Installing: /home/fxck/work/install/gui_interface/share/gui_interface/package.dsv
[3.721s] -- Installing: /home/fxck/work/install/gui_interface/share/ament_index/resource_index/packages/gui_interface
[3.721s] -- Installing: /home/fxck/work/install/gui_interface/share/gui_interface/cmake/export_gui_interface__rosidl_generator_cExport.cmake
[3.721s] -- Installing: /home/fxck/work/install/gui_interface/share/gui_interface/cmake/export_gui_interface__rosidl_generator_cExport-noconfig.cmake
[3.721s] -- Installing: /home/fxck/work/install/gui_interface/share/gui_interface/cmake/export_gui_interface__rosidl_typesupport_fastrtps_cExport.cmake
[3.721s] -- Installing: /home/fxck/work/install/gui_interface/share/gui_interface/cmake/export_gui_interface__rosidl_typesupport_fastrtps_cExport-noconfig.cmake
[3.721s] -- Installing: /home/fxck/work/install/gui_interface/share/gui_interface/cmake/export_gui_interface__rosidl_generator_cppExport.cmake
[3.722s] -- Installing: /home/fxck/work/install/gui_interface/share/gui_interface/cmake/export_gui_interface__rosidl_typesupport_fastrtps_cppExport.cmake
[3.722s] -- Installing: /home/fxck/work/install/gui_interface/share/gui_interface/cmake/export_gui_interface__rosidl_typesupport_fastrtps_cppExport-noconfig.cmake
[3.722s] -- Installing: /home/fxck/work/install/gui_interface/share/gui_interface/cmake/gui_interface__rosidl_typesupport_introspection_cExport.cmake
[3.722s] -- Installing: /home/fxck/work/install/gui_interface/share/gui_interface/cmake/gui_interface__rosidl_typesupport_introspection_cExport-noconfig.cmake
[3.722s] -- Installing: /home/fxck/work/install/gui_interface/share/gui_interface/cmake/gui_interface__rosidl_typesupport_cExport.cmake
[3.722s] -- Installing: /home/fxck/work/install/gui_interface/share/gui_interface/cmake/gui_interface__rosidl_typesupport_cExport-noconfig.cmake
[3.723s] -- Installing: /home/fxck/work/install/gui_interface/share/gui_interface/cmake/gui_interface__rosidl_typesupport_introspection_cppExport.cmake
[3.723s] -- Installing: /home/fxck/work/install/gui_interface/share/gui_interface/cmake/gui_interface__rosidl_typesupport_introspection_cppExport-noconfig.cmake
[3.723s] -- Installing: /home/fxck/work/install/gui_interface/share/gui_interface/cmake/gui_interface__rosidl_typesupport_cppExport.cmake
[3.723s] -- Installing: /home/fxck/work/install/gui_interface/share/gui_interface/cmake/gui_interface__rosidl_typesupport_cppExport-noconfig.cmake
[3.723s] -- Installing: /home/fxck/work/install/gui_interface/share/gui_interface/cmake/export_gui_interface__rosidl_generator_pyExport.cmake
[3.723s] -- Installing: /home/fxck/work/install/gui_interface/share/gui_interface/cmake/export_gui_interface__rosidl_generator_pyExport-noconfig.cmake
[3.724s] -- Installing: /home/fxck/work/install/gui_interface/share/gui_interface/cmake/rosidl_cmake-extras.cmake
[3.724s] -- Installing: /home/fxck/work/install/gui_interface/share/gui_interface/cmake/ament_cmake_export_dependencies-extras.cmake
[3.724s] -- Installing: /home/fxck/work/install/gui_interface/share/gui_interface/cmake/ament_cmake_export_include_directories-extras.cmake
[3.724s] -- Installing: /home/fxck/work/install/gui_interface/share/gui_interface/cmake/ament_cmake_export_libraries-extras.cmake
[3.724s] -- Installing: /home/fxck/work/install/gui_interface/share/gui_interface/cmake/ament_cmake_export_targets-extras.cmake
[3.724s] -- Installing: /home/fxck/work/install/gui_interface/share/gui_interface/cmake/rosidl_cmake_export_typesupport_targets-extras.cmake
[3.725s] -- Installing: /home/fxck/work/install/gui_interface/share/gui_interface/cmake/rosidl_cmake_export_typesupport_libraries-extras.cmake
[3.725s] -- Installing: /home/fxck/work/install/gui_interface/share/gui_interface/cmake/gui_interfaceConfig.cmake
[3.725s] -- Installing: /home/fxck/work/install/gui_interface/share/gui_interface/cmake/gui_interfaceConfig-version.cmake
[3.725s] -- Installing: /home/fxck/work/install/gui_interface/share/gui_interface/package.xml
[3.728s] Invoked command in '/home/fxck/work/build/gui_interface' returned '0': CMAKE_PREFIX_PATH=${CMAKE_PREFIX_PATH}:/home/fxck/work/install/main_control:/home/fxck/work/install/gui:/opt/ros/humble /usr/bin/cmake --install /home/fxck/work/build/gui_interface
