[0.464s] Invoking command in '/home/eating/work/build/suction_description': CMAKE_PREFIX_PATH=/opt/ros/humble /usr/bin/cmake /home/eating/work/src/timda_sim/suction_description -DCMAKE_INSTALL_PREFIX=/home/eating/work/install/suction_description
[1.782s] -- The C compiler identification is GNU 11.4.0
[1.783s] -- The CXX compiler identification is GNU 11.4.0
[1.783s] -- Detecting C compiler ABI info
[1.784s] -- Detecting C compiler ABI info - done
[1.784s] -- Check for working C compiler: /usr/bin/cc - skipped
[1.784s] -- Detecting C compile features
[1.784s] -- Detecting C compile features - done
[1.784s] -- Detecting CXX compiler ABI info
[1.785s] -- Detecting CXX compiler ABI info - done
[1.785s] -- Check for working CXX compiler: /usr/bin/c++ - skipped
[1.785s] -- Detecting CXX compile features
[1.785s] -- Detecting CXX compile features - done
[1.785s] -- Found ament_cmake: 1.3.11 (/opt/ros/humble/share/ament_cmake/cmake)
[1.785s] -- Found Python3: /usr/bin/python3 (found version "3.10.12") found components: Interpreter 
[1.785s] -- Found ament_lint_auto: 0.12.12 (/opt/ros/humble/share/ament_lint_auto/cmake)
[1.785s] -- Added test 'lint_cmake' to check CMake code style
[1.785s] -- Added test 'xmllint' to check XML markup files
[1.785s] -- Configuring done
[1.785s] -- Generating done
[1.786s] -- Build files have been written to: /home/eating/work/build/suction_description
[1.792s] Invoked command in '/home/eating/work/build/suction_description' returned '0': CMAKE_PREFIX_PATH=/opt/ros/humble /usr/bin/cmake /home/eating/work/src/timda_sim/suction_description -DCMAKE_INSTALL_PREFIX=/home/eating/work/install/suction_description
[1.792s] Invoking command in '/home/eating/work/build/suction_description': CMAKE_PREFIX_PATH=/opt/ros/humble /usr/bin/cmake --build /home/eating/work/build/suction_description -- -j8 -l8
[1.872s] Invoked command in '/home/eating/work/build/suction_description' returned '0': CMAKE_PREFIX_PATH=/opt/ros/humble /usr/bin/cmake --build /home/eating/work/build/suction_description -- -j8 -l8
[1.873s] Invoking command in '/home/eating/work/build/suction_description': CMAKE_PREFIX_PATH=/opt/ros/humble /usr/bin/cmake --install /home/eating/work/build/suction_description
[2.646s] -- Install configuration: ""
[2.646s] -- Installing: /home/eating/work/install/suction_description/share/suction_description/config
[2.646s] -- Installing: /home/eating/work/install/suction_description/share/suction_description/config/joint_names_suction_urdf.yaml
[2.646s] -- Installing: /home/eating/work/install/suction_description/share/suction_description/meshes
[2.646s] -- Installing: /home/eating/work/install/suction_description/share/suction_description/meshes/tool_link.STL
[2.647s] -- Installing: /home/eating/work/install/suction_description/share/suction_description/meshes/tool_end_Link.STL
[2.647s] -- Installing: /home/eating/work/install/suction_description/share/suction_description/urdf
[2.647s] -- Installing: /home/eating/work/install/suction_description/share/suction_description/urdf/suction_urdf.xacro
[2.647s] -- Installing: /home/eating/work/install/suction_description/share/suction_description/urdf/suction.gazebo.xacro
[2.647s] -- Installing: /home/eating/work/install/suction_description/share/suction_description/urdf/suction.transmission.xacro
[2.647s] -- Installing: /home/eating/work/install/suction_description/share/ament_index/resource_index/package_run_dependencies/suction_description
[2.647s] -- Installing: /home/eating/work/install/suction_description/share/ament_index/resource_index/parent_prefix_path/suction_description
[2.647s] -- Installing: /home/eating/work/install/suction_description/share/suction_description/environment/ament_prefix_path.sh
[2.648s] -- Installing: /home/eating/work/install/suction_description/share/suction_description/environment/ament_prefix_path.dsv
[2.648s] -- Installing: /home/eating/work/install/suction_description/share/suction_description/environment/path.sh
[2.648s] -- Installing: /home/eating/work/install/suction_description/share/suction_description/environment/path.dsv
[2.648s] -- Installing: /home/eating/work/install/suction_description/share/suction_description/local_setup.bash
[2.648s] -- Installing: /home/eating/work/install/suction_description/share/suction_description/local_setup.sh
[2.648s] -- Installing: /home/eating/work/install/suction_description/share/suction_description/local_setup.zsh
[2.648s] -- Installing: /home/eating/work/install/suction_description/share/suction_description/local_setup.dsv
[2.648s] -- Installing: /home/eating/work/install/suction_description/share/suction_description/package.dsv
[2.648s] -- Installing: /home/eating/work/install/suction_description/share/ament_index/resource_index/packages/suction_description
[2.649s] -- Installing: /home/eating/work/install/suction_description/share/suction_description/cmake/suction_descriptionConfig.cmake
[2.649s] -- Installing: /home/eating/work/install/suction_description/share/suction_description/cmake/suction_descriptionConfig-version.cmake
[2.649s] -- Installing: /home/eating/work/install/suction_description/share/suction_description/package.xml
[2.671s] Invoked command in '/home/eating/work/build/suction_description' returned '0': CMAKE_PREFIX_PATH=/opt/ros/humble /usr/bin/cmake --install /home/eating/work/build/suction_description
