[0.043s] Invoking command in '/home/eating/work/build/interface': CMAKE_PREFIX_PATH=${CMAKE_PREFIX_PATH}:/home/eating/work/install/pallet_main:/home/eating/work/install/main_control:/home/eating/work/install/gui:/home/eating/work/install/docking_pkg:/opt/ros/humble /usr/bin/cmake --build /home/eating/work/build/interface -- -j8 -l8
[0.523s] [  3%] Built target interface__cpp
[0.523s] [ 12%] Built target interface__rosidl_generator_c
[0.523s] [ 22%] Built target interface__rosidl_typesupport_cpp
[0.523s] [ 22%] Built target ament_cmake_python_copy_interface
[0.523s] [ 32%] Built target interface__rosidl_typesupport_fastrtps_c
[0.523s] [ 41%] Built target interface__rosidl_typesupport_fastrtps_cpp
[0.523s] [ 51%] Built target interface__rosidl_typesupport_introspection_c
[0.523s] [ 61%] Built target interface__rosidl_typesupport_c
[0.524s] [ 70%] Built target interface__rosidl_typesupport_introspection_cpp
[0.524s] [ 70%] Built target interface
[0.524s] [ 74%] Built target interface__py
[0.524s] [ 80%] Built target interface__rosidl_generator_py
[0.524s] [ 87%] Built target interface__rosidl_typesupport_fastrtps_c__pyext
[0.524s] [ 93%] Built target interface__rosidl_typesupport_c__pyext
[0.524s] [100%] Built target interface__rosidl_typesupport_introspection_c__pyext
[0.597s] running egg_info
[0.598s] writing interface.egg-info/PKG-INFO
[0.598s] writing dependency_links to interface.egg-info/dependency_links.txt
[0.599s] writing top-level names to interface.egg-info/top_level.txt
[0.603s] reading manifest file 'interface.egg-info/SOURCES.txt'
[0.605s] writing manifest file 'interface.egg-info/SOURCES.txt'
[0.678s] [100%] Built target ament_cmake_python_build_interface_egg
[0.750s] Invoked command in '/home/eating/work/build/interface' returned '0': CMAKE_PREFIX_PATH=${CMAKE_PREFIX_PATH}:/home/eating/work/install/pallet_main:/home/eating/work/install/main_control:/home/eating/work/install/gui:/home/eating/work/install/docking_pkg:/opt/ros/humble /usr/bin/cmake --build /home/eating/work/build/interface -- -j8 -l8
[0.752s] Invoking command in '/home/eating/work/build/interface': CMAKE_PREFIX_PATH=${CMAKE_PREFIX_PATH}:/home/eating/work/install/pallet_main:/home/eating/work/install/main_control:/home/eating/work/install/gui:/home/eating/work/install/docking_pkg:/opt/ros/humble /usr/bin/cmake --install /home/eating/work/build/interface
[0.793s] -- Install configuration: ""
[0.793s] -- Up-to-date: /home/eating/work/install/interface/share/ament_index/resource_index/rosidl_interfaces/interface
[0.793s] -- Up-to-date: /home/eating/work/install/interface/include/interface/interface
[0.793s] -- Up-to-date: /home/eating/work/install/interface/include/interface/interface/msg
[0.793s] -- Up-to-date: /home/eating/work/install/interface/include/interface/interface/msg/rosidl_generator_c__visibility_control.h
[0.793s] -- Up-to-date: /home/eating/work/install/interface/include/interface/interface/srv
[0.794s] -- Up-to-date: /home/eating/work/install/interface/include/interface/interface/srv/detail
[0.794s] -- Up-to-date: /home/eating/work/install/interface/include/interface/interface/srv/detail/maincontroller__struct.h
[0.794s] -- Up-to-date: /home/eating/work/install/interface/include/interface/interface/srv/detail/maincontroller__functions.c
[0.794s] -- Up-to-date: /home/eating/work/install/interface/include/interface/interface/srv/detail/maincontroller__functions.h
[0.794s] -- Up-to-date: /home/eating/work/install/interface/include/interface/interface/srv/detail/maincontroller__type_support.h
[0.794s] -- Up-to-date: /home/eating/work/install/interface/include/interface/interface/srv/maincontroller.h
[0.794s] -- Up-to-date: /home/eating/work/install/interface/share/interface/environment/library_path.sh
[0.794s] -- Up-to-date: /home/eating/work/install/interface/share/interface/environment/library_path.dsv
[0.795s] -- Up-to-date: /home/eating/work/install/interface/lib/libinterface__rosidl_generator_c.so
[0.795s] -- Up-to-date: /home/eating/work/install/interface/include/interface/interface
[0.795s] -- Up-to-date: /home/eating/work/install/interface/include/interface/interface/msg
[0.795s] -- Up-to-date: /home/eating/work/install/interface/include/interface/interface/msg/rosidl_typesupport_fastrtps_c__visibility_control.h
[0.795s] -- Up-to-date: /home/eating/work/install/interface/include/interface/interface/srv
[0.795s] -- Up-to-date: /home/eating/work/install/interface/include/interface/interface/srv/detail
[0.795s] -- Up-to-date: /home/eating/work/install/interface/include/interface/interface/srv/detail/maincontroller__rosidl_typesupport_fastrtps_c.h
[0.796s] -- Up-to-date: /home/eating/work/install/interface/lib/libinterface__rosidl_typesupport_fastrtps_c.so
[0.796s] -- Up-to-date: /home/eating/work/install/interface/include/interface/interface
[0.796s] -- Up-to-date: /home/eating/work/install/interface/include/interface/interface/msg
[0.796s] -- Up-to-date: /home/eating/work/install/interface/include/interface/interface/msg/rosidl_generator_cpp__visibility_control.hpp
[0.796s] -- Up-to-date: /home/eating/work/install/interface/include/interface/interface/srv
[0.796s] -- Up-to-date: /home/eating/work/install/interface/include/interface/interface/srv/maincontroller.hpp
[0.796s] -- Up-to-date: /home/eating/work/install/interface/include/interface/interface/srv/detail
[0.797s] -- Up-to-date: /home/eating/work/install/interface/include/interface/interface/srv/detail/maincontroller__builder.hpp
[0.797s] -- Up-to-date: /home/eating/work/install/interface/include/interface/interface/srv/detail/maincontroller__traits.hpp
[0.797s] -- Up-to-date: /home/eating/work/install/interface/include/interface/interface/srv/detail/maincontroller__type_support.hpp
[0.797s] -- Up-to-date: /home/eating/work/install/interface/include/interface/interface/srv/detail/maincontroller__struct.hpp
[0.797s] -- Up-to-date: /home/eating/work/install/interface/include/interface/interface
[0.797s] -- Up-to-date: /home/eating/work/install/interface/include/interface/interface/msg
[0.798s] -- Up-to-date: /home/eating/work/install/interface/include/interface/interface/msg/rosidl_typesupport_fastrtps_cpp__visibility_control.h
[0.798s] -- Up-to-date: /home/eating/work/install/interface/include/interface/interface/srv
[0.798s] -- Up-to-date: /home/eating/work/install/interface/include/interface/interface/srv/detail
[0.798s] -- Up-to-date: /home/eating/work/install/interface/include/interface/interface/srv/detail/dds_fastrtps
[0.798s] -- Up-to-date: /home/eating/work/install/interface/include/interface/interface/srv/detail/maincontroller__rosidl_typesupport_fastrtps_cpp.hpp
[0.798s] -- Up-to-date: /home/eating/work/install/interface/lib/libinterface__rosidl_typesupport_fastrtps_cpp.so
[0.799s] -- Up-to-date: /home/eating/work/install/interface/include/interface/interface
[0.799s] -- Up-to-date: /home/eating/work/install/interface/include/interface/interface/msg
[0.799s] -- Up-to-date: /home/eating/work/install/interface/include/interface/interface/msg/rosidl_typesupport_introspection_c__visibility_control.h
[0.799s] -- Up-to-date: /home/eating/work/install/interface/include/interface/interface/srv
[0.799s] -- Up-to-date: /home/eating/work/install/interface/include/interface/interface/srv/detail
[0.799s] -- Up-to-date: /home/eating/work/install/interface/include/interface/interface/srv/detail/maincontroller__type_support.c
[0.800s] -- Up-to-date: /home/eating/work/install/interface/include/interface/interface/srv/detail/maincontroller__rosidl_typesupport_introspection_c.h
[0.800s] -- Up-to-date: /home/eating/work/install/interface/lib/libinterface__rosidl_typesupport_introspection_c.so
[0.800s] -- Up-to-date: /home/eating/work/install/interface/lib/libinterface__rosidl_typesupport_c.so
[0.800s] -- Up-to-date: /home/eating/work/install/interface/include/interface/interface
[0.800s] -- Up-to-date: /home/eating/work/install/interface/include/interface/interface/srv
[0.801s] -- Up-to-date: /home/eating/work/install/interface/include/interface/interface/srv/detail
[0.801s] -- Up-to-date: /home/eating/work/install/interface/include/interface/interface/srv/detail/maincontroller__type_support.cpp
[0.801s] -- Up-to-date: /home/eating/work/install/interface/include/interface/interface/srv/detail/maincontroller__rosidl_typesupport_introspection_cpp.hpp
[0.801s] -- Up-to-date: /home/eating/work/install/interface/lib/libinterface__rosidl_typesupport_introspection_cpp.so
[0.802s] -- Up-to-date: /home/eating/work/install/interface/lib/libinterface__rosidl_typesupport_cpp.so
[0.802s] -- Up-to-date: /home/eating/work/install/interface/share/interface/environment/pythonpath.sh
[0.802s] -- Up-to-date: /home/eating/work/install/interface/share/interface/environment/pythonpath.dsv
[0.802s] -- Up-to-date: /home/eating/work/install/interface/local/lib/python3.10/dist-packages/interface-0.0.0-py3.10.egg-info
[0.803s] -- Installing: /home/eating/work/install/interface/local/lib/python3.10/dist-packages/interface-0.0.0-py3.10.egg-info/top_level.txt
[0.803s] -- Installing: /home/eating/work/install/interface/local/lib/python3.10/dist-packages/interface-0.0.0-py3.10.egg-info/SOURCES.txt
[0.803s] -- Installing: /home/eating/work/install/interface/local/lib/python3.10/dist-packages/interface-0.0.0-py3.10.egg-info/dependency_links.txt
[0.803s] -- Installing: /home/eating/work/install/interface/local/lib/python3.10/dist-packages/interface-0.0.0-py3.10.egg-info/PKG-INFO
[0.804s] -- Up-to-date: /home/eating/work/install/interface/local/lib/python3.10/dist-packages/interface
[0.804s] -- Up-to-date: /home/eating/work/install/interface/local/lib/python3.10/dist-packages/interface/interface_s__rosidl_typesupport_fastrtps_c.cpython-310-x86_64-linux-gnu.so
[0.804s] -- Up-to-date: /home/eating/work/install/interface/local/lib/python3.10/dist-packages/interface/libinterface__rosidl_generator_py.so
[0.805s] -- Up-to-date: /home/eating/work/install/interface/local/lib/python3.10/dist-packages/interface/__init__.py
[0.805s] -- Up-to-date: /home/eating/work/install/interface/local/lib/python3.10/dist-packages/interface/_interface_s.ep.rosidl_typesupport_fastrtps_c.c
[0.805s] -- Up-to-date: /home/eating/work/install/interface/local/lib/python3.10/dist-packages/interface/_interface_s.ep.rosidl_typesupport_c.c
[0.805s] -- Up-to-date: /home/eating/work/install/interface/local/lib/python3.10/dist-packages/interface/srv
[0.805s] -- Up-to-date: /home/eating/work/install/interface/local/lib/python3.10/dist-packages/interface/srv/__init__.py
[0.806s] -- Up-to-date: /home/eating/work/install/interface/local/lib/python3.10/dist-packages/interface/srv/_maincontroller.py
[0.806s] -- Up-to-date: /home/eating/work/install/interface/local/lib/python3.10/dist-packages/interface/srv/_maincontroller_s.c
[0.806s] -- Up-to-date: /home/eating/work/install/interface/local/lib/python3.10/dist-packages/interface/_interface_s.ep.rosidl_typesupport_introspection_c.c
[0.806s] -- Up-to-date: /home/eating/work/install/interface/local/lib/python3.10/dist-packages/interface/interface_s__rosidl_typesupport_introspection_c.cpython-310-x86_64-linux-gnu.so
[0.806s] -- Up-to-date: /home/eating/work/install/interface/local/lib/python3.10/dist-packages/interface/interface_s__rosidl_typesupport_c.cpython-310-x86_64-linux-gnu.so
[0.806s] Listing '/home/eating/work/install/interface/local/lib/python3.10/dist-packages/interface'...
[0.807s] Listing '/home/eating/work/install/interface/local/lib/python3.10/dist-packages/interface/srv'...
[0.807s] -- Up-to-date: /home/eating/work/install/interface/local/lib/python3.10/dist-packages/interface/interface_s__rosidl_typesupport_fastrtps_c.cpython-310-x86_64-linux-gnu.so
[0.807s] -- Up-to-date: /home/eating/work/install/interface/local/lib/python3.10/dist-packages/interface/interface_s__rosidl_typesupport_introspection_c.cpython-310-x86_64-linux-gnu.so
[0.807s] -- Up-to-date: /home/eating/work/install/interface/local/lib/python3.10/dist-packages/interface/interface_s__rosidl_typesupport_c.cpython-310-x86_64-linux-gnu.so
[0.807s] -- Up-to-date: /home/eating/work/install/interface/lib/libinterface__rosidl_generator_py.so
[0.807s] -- Up-to-date: /home/eating/work/install/interface/share/interface/srv/Maincontroller.idl
[0.808s] -- Up-to-date: /home/eating/work/install/interface/share/interface/srv/Maincontroller.srv
[0.808s] -- Up-to-date: /home/eating/work/install/interface/share/interface/srv/Maincontroller_Request.msg
[0.808s] -- Up-to-date: /home/eating/work/install/interface/share/interface/srv/Maincontroller_Response.msg
[0.808s] -- Up-to-date: /home/eating/work/install/interface/share/ament_index/resource_index/package_run_dependencies/interface
[0.808s] -- Up-to-date: /home/eating/work/install/interface/share/ament_index/resource_index/parent_prefix_path/interface
[0.808s] -- Up-to-date: /home/eating/work/install/interface/share/interface/environment/ament_prefix_path.sh
[0.808s] -- Up-to-date: /home/eating/work/install/interface/share/interface/environment/ament_prefix_path.dsv
[0.809s] -- Up-to-date: /home/eating/work/install/interface/share/interface/environment/path.sh
[0.809s] -- Up-to-date: /home/eating/work/install/interface/share/interface/environment/path.dsv
[0.809s] -- Up-to-date: /home/eating/work/install/interface/share/interface/local_setup.bash
[0.809s] -- Up-to-date: /home/eating/work/install/interface/share/interface/local_setup.sh
[0.809s] -- Up-to-date: /home/eating/work/install/interface/share/interface/local_setup.zsh
[0.809s] -- Up-to-date: /home/eating/work/install/interface/share/interface/local_setup.dsv
[0.809s] -- Installing: /home/eating/work/install/interface/share/interface/package.dsv
[0.810s] -- Up-to-date: /home/eating/work/install/interface/share/ament_index/resource_index/packages/interface
[0.810s] -- Up-to-date: /home/eating/work/install/interface/share/interface/cmake/export_interface__rosidl_generator_cExport.cmake
[0.810s] -- Up-to-date: /home/eating/work/install/interface/share/interface/cmake/export_interface__rosidl_generator_cExport-noconfig.cmake
[0.810s] -- Up-to-date: /home/eating/work/install/interface/share/interface/cmake/export_interface__rosidl_typesupport_fastrtps_cExport.cmake
[0.810s] -- Up-to-date: /home/eating/work/install/interface/share/interface/cmake/export_interface__rosidl_typesupport_fastrtps_cExport-noconfig.cmake
[0.810s] -- Up-to-date: /home/eating/work/install/interface/share/interface/cmake/export_interface__rosidl_generator_cppExport.cmake
[0.810s] -- Up-to-date: /home/eating/work/install/interface/share/interface/cmake/export_interface__rosidl_typesupport_fastrtps_cppExport.cmake
[0.811s] -- Up-to-date: /home/eating/work/install/interface/share/interface/cmake/export_interface__rosidl_typesupport_fastrtps_cppExport-noconfig.cmake
[0.811s] -- Up-to-date: /home/eating/work/install/interface/share/interface/cmake/interface__rosidl_typesupport_introspection_cExport.cmake
[0.811s] -- Up-to-date: /home/eating/work/install/interface/share/interface/cmake/interface__rosidl_typesupport_introspection_cExport-noconfig.cmake
[0.811s] -- Up-to-date: /home/eating/work/install/interface/share/interface/cmake/interface__rosidl_typesupport_cExport.cmake
[0.811s] -- Up-to-date: /home/eating/work/install/interface/share/interface/cmake/interface__rosidl_typesupport_cExport-noconfig.cmake
[0.811s] -- Up-to-date: /home/eating/work/install/interface/share/interface/cmake/interface__rosidl_typesupport_introspection_cppExport.cmake
[0.811s] -- Up-to-date: /home/eating/work/install/interface/share/interface/cmake/interface__rosidl_typesupport_introspection_cppExport-noconfig.cmake
[0.812s] -- Up-to-date: /home/eating/work/install/interface/share/interface/cmake/interface__rosidl_typesupport_cppExport.cmake
[0.812s] -- Up-to-date: /home/eating/work/install/interface/share/interface/cmake/interface__rosidl_typesupport_cppExport-noconfig.cmake
[0.812s] -- Up-to-date: /home/eating/work/install/interface/share/interface/cmake/export_interface__rosidl_generator_pyExport.cmake
[0.812s] -- Up-to-date: /home/eating/work/install/interface/share/interface/cmake/export_interface__rosidl_generator_pyExport-noconfig.cmake
[0.812s] -- Up-to-date: /home/eating/work/install/interface/share/interface/cmake/rosidl_cmake-extras.cmake
[0.812s] -- Up-to-date: /home/eating/work/install/interface/share/interface/cmake/ament_cmake_export_dependencies-extras.cmake
[0.812s] -- Up-to-date: /home/eating/work/install/interface/share/interface/cmake/ament_cmake_export_include_directories-extras.cmake
[0.813s] -- Up-to-date: /home/eating/work/install/interface/share/interface/cmake/ament_cmake_export_libraries-extras.cmake
[0.813s] -- Up-to-date: /home/eating/work/install/interface/share/interface/cmake/ament_cmake_export_targets-extras.cmake
[0.813s] -- Up-to-date: /home/eating/work/install/interface/share/interface/cmake/rosidl_cmake_export_typesupport_targets-extras.cmake
[0.813s] -- Up-to-date: /home/eating/work/install/interface/share/interface/cmake/rosidl_cmake_export_typesupport_libraries-extras.cmake
[0.813s] -- Up-to-date: /home/eating/work/install/interface/share/interface/cmake/interfaceConfig.cmake
[0.813s] -- Up-to-date: /home/eating/work/install/interface/share/interface/cmake/interfaceConfig-version.cmake
[0.813s] -- Up-to-date: /home/eating/work/install/interface/share/interface/package.xml
[1.126s] Invoked command in '/home/eating/work/build/interface' returned '0': CMAKE_PREFIX_PATH=${CMAKE_PREFIX_PATH}:/home/eating/work/install/pallet_main:/home/eating/work/install/main_control:/home/eating/work/install/gui:/home/eating/work/install/docking_pkg:/opt/ros/humble /usr/bin/cmake --install /home/eating/work/build/interface
