[0.040s] Invoking command in '/home/fxck/work/build/timda_gazebo': CMAKE_PREFIX_PATH=/opt/ros/humble /usr/bin/cmake /home/fxck/work/src/timda_sim/timda_gazebo -DCMAKE_INSTALL_PREFIX=/home/fxck/work/install/timda_gazebo
[0.171s] -- The C compiler identification is GNU 11.4.0
[0.175s] -- The CXX compiler identification is GNU 11.4.0
[0.184s] -- Detecting C compiler ABI info
[0.271s] -- Detecting C compiler ABI info - done
[0.281s] -- Check for working C compiler: /usr/bin/cc - skipped
[0.282s] -- Detecting C compile features
[0.283s] -- Detecting C compile features - done
[0.286s] -- Detecting CXX compiler ABI info
[0.392s] -- Detecting CXX compiler ABI info - done
[0.414s] -- Check for working CXX compiler: /usr/bin/c++ - skipped
[0.414s] -- Detecting CXX compile features
[0.414s] -- Detecting CXX compile features - done
[0.414s] -- Found ament_cmake: 1.3.11 (/opt/ros/humble/share/ament_cmake/cmake)
[0.589s] -- Found Python3: /usr/bin/python3 (found version "3.10.12") found components: Interpreter 
[0.742s] -- Found ament_lint_auto: 0.12.12 (/opt/ros/humble/share/ament_lint_auto/cmake)
[0.854s] -- Added test 'lint_cmake' to check CMake code style
[0.860s] -- Added test 'xmllint' to check XML markup files
[0.863s] -- Configuring done
[0.877s] -- Generating done
[0.879s] -- Build files have been written to: /home/fxck/work/build/timda_gazebo
[0.908s] Invoked command in '/home/fxck/work/build/timda_gazebo' returned '0': CMAKE_PREFIX_PATH=/opt/ros/humble /usr/bin/cmake /home/fxck/work/src/timda_sim/timda_gazebo -DCMAKE_INSTALL_PREFIX=/home/fxck/work/install/timda_gazebo
[0.909s] Invoking command in '/home/fxck/work/build/timda_gazebo': CMAKE_PREFIX_PATH=/opt/ros/humble /usr/bin/cmake --build /home/fxck/work/build/timda_gazebo -- -j16 -l16
[0.983s] Invoked command in '/home/fxck/work/build/timda_gazebo' returned '0': CMAKE_PREFIX_PATH=/opt/ros/humble /usr/bin/cmake --build /home/fxck/work/build/timda_gazebo -- -j16 -l16
[0.984s] Invoking command in '/home/fxck/work/build/timda_gazebo': CMAKE_PREFIX_PATH=/opt/ros/humble /usr/bin/cmake --install /home/fxck/work/build/timda_gazebo
[1.007s] -- Install configuration: ""
[1.009s] -- Installing: /home/fxck/work/install/timda_gazebo/share/ament_index/resource_index/package_run_dependencies/timda_gazebo
[1.009s] -- Installing: /home/fxck/work/install/timda_gazebo/share/ament_index/resource_index/parent_prefix_path/timda_gazebo
[1.009s] -- Installing: /home/fxck/work/install/timda_gazebo/share/timda_gazebo/environment/ament_prefix_path.sh
[1.009s] -- Installing: /home/fxck/work/install/timda_gazebo/share/timda_gazebo/environment/ament_prefix_path.dsv
[1.009s] -- Installing: /home/fxck/work/install/timda_gazebo/share/timda_gazebo/environment/path.sh
[1.009s] -- Installing: /home/fxck/work/install/timda_gazebo/share/timda_gazebo/environment/path.dsv
[1.009s] -- Installing: /home/fxck/work/install/timda_gazebo/share/timda_gazebo/local_setup.bash
[1.010s] -- Installing: /home/fxck/work/install/timda_gazebo/share/timda_gazebo/local_setup.sh
[1.010s] -- Installing: /home/fxck/work/install/timda_gazebo/share/timda_gazebo/local_setup.zsh
[1.011s] -- Installing: /home/fxck/work/install/timda_gazebo/share/timda_gazebo/local_setup.dsv
[1.011s] -- Installing: /home/fxck/work/install/timda_gazebo/share/timda_gazebo/package.dsv
[1.012s] -- Installing: /home/fxck/work/install/timda_gazebo/share/ament_index/resource_index/packages/timda_gazebo
[1.012s] -- Installing: /home/fxck/work/install/timda_gazebo/share/timda_gazebo/cmake/timda_gazeboConfig.cmake
[1.012s] -- Installing: /home/fxck/work/install/timda_gazebo/share/timda_gazebo/cmake/timda_gazeboConfig-version.cmake
[1.012s] -- Installing: /home/fxck/work/install/timda_gazebo/share/timda_gazebo/package.xml
[1.020s] Invoked command in '/home/fxck/work/build/timda_gazebo' returned '0': CMAKE_PREFIX_PATH=/opt/ros/humble /usr/bin/cmake --install /home/fxck/work/build/timda_gazebo
