-- The C compiler identification is GNU 11.4.0
-- The CXX compiler identification is GNU 11.4.0
-- Detecting C compiler ABI info
-- Detecting C compiler ABI info - done
-- Check for working C compiler: /usr/bin/cc - skipped
-- Detecting C compile features
-- Detecting C compile features - done
-- Detecting CXX compiler ABI info
-- Detecting CXX compiler ABI info - done
-- Check for working CXX compiler: /usr/bin/c++ - skipped
-- Detecting CXX compile features
-- Detecting CXX compile features - done
-- Found ament_cmake: 1.3.11 (/opt/ros/humble/share/ament_cmake/cmake)
-- Found Python3: /usr/bin/python3 (found version "3.10.12") found components: Interpreter 
-- Found geometry_msgs: 4.8.0 (/opt/ros/humble/share/geometry_msgs/cmake)
-- Found rosidl_generator_c: 3.1.6 (/opt/ros/humble/share/rosidl_generator_c/cmake)
-- Found rosidl_adapter: 3.1.6 (/opt/ros/humble/share/rosidl_adapter/cmake)
-- Found rosidl_generator_cpp: 3.1.6 (/opt/ros/humble/share/rosidl_generator_cpp/cmake)
-- Using all available rosidl_typesupport_c: rosidl_typesupport_fastrtps_c;rosidl_typesupport_introspection_c
-- Using all available rosidl_typesupport_cpp: rosidl_typesupport_fastrtps_cpp;rosidl_typesupport_introspection_cpp
-- Found rosidl_default_generators: 1.2.0 (/opt/ros/humble/share/rosidl_default_generators/cmake)
-- Found ament_cmake_ros: 0.10.0 (/opt/ros/humble/share/ament_cmake_ros/cmake)
-- Using all available rosidl_typesupport_c: rosidl_typesupport_fastrtps_c;rosidl_typesupport_introspection_c
-- Using all available rosidl_typesupport_cpp: rosidl_typesupport_fastrtps_cpp;rosidl_typesupport_introspection_cpp
-- Found PythonInterp: /usr/bin/python3 (found suitable version "3.10.12", minimum required is "3.6") 
-- Found python_cmake_module: 0.10.0 (/opt/ros/humble/share/python_cmake_module/cmake)
-- Found PythonLibs: /usr/lib/x86_64-linux-gnu/libpython3.10.so (found suitable version "3.10.12", minimum required is "3.5") 
-- Using PYTHON_EXECUTABLE: /usr/bin/python3
-- Using PYTHON_INCLUDE_DIRS: /usr/include/python3.10
-- Using PYTHON_LIBRARIES: /usr/lib/x86_64-linux-gnu/libpython3.10.so
-- Found PythonExtra: .so  
-- Found ament_lint_auto: 0.12.12 (/opt/ros/humble/share/ament_lint_auto/cmake)
-- Added test 'lint_cmake' to check CMake code style
-- Added test 'xmllint' to check XML markup files
-- Configuring done
-- Generating done
-- Build files have been written to: /home/eating/work/build/gui_interface
[  3%] [34m[1mGenerating C code for ROS interfaces[0m
[  6%] [34m[1mGenerating C++ code for ROS interfaces[0m
[  6%] Built target ament_cmake_python_copy_gui_interface
[  9%] [32mBuilding C object CMakeFiles/gui_interface__rosidl_generator_c.dir/rosidl_generator_c/gui_interface/srv/detail/taskcmd__functions.c.o[0m
[  9%] Built target gui_interface__cpp
[ 12%] [34m[1mGenerating C++ type support dispatch for ROS interfaces[0m
[ 16%] [34m[1mGenerating C++ introspection for ROS interfaces[0m
[ 19%] [34m[1mGenerating C++ type support for eProsima Fast-RTPS[0m
running egg_info
creating gui_interface.egg-info
writing gui_interface.egg-info/PKG-INFO
writing dependency_links to gui_interface.egg-info/dependency_links.txt
writing top-level names to gui_interface.egg-info/top_level.txt
writing manifest file 'gui_interface.egg-info/SOURCES.txt'
reading manifest file 'gui_interface.egg-info/SOURCES.txt'
writing manifest file 'gui_interface.egg-info/SOURCES.txt'
[ 22%] [32m[1mLinking C shared library libgui_interface__rosidl_generator_c.so[0m
[ 22%] Built target ament_cmake_python_build_gui_interface_egg
[ 22%] Built target gui_interface__rosidl_generator_c
[ 25%] [34m[1mGenerating C type support for eProsima Fast-RTPS[0m
[ 29%] [34m[1mGenerating C introspection for ROS interfaces[0m
[ 32%] [34m[1mGenerating C type support dispatch for ROS interfaces[0m
[ 35%] [32mBuilding CXX object CMakeFiles/gui_interface__rosidl_typesupport_cpp.dir/rosidl_typesupport_cpp/gui_interface/srv/taskcmd__type_support.cpp.o[0m
[ 38%] [32mBuilding CXX object CMakeFiles/gui_interface__rosidl_typesupport_introspection_cpp.dir/rosidl_typesupport_introspection_cpp/gui_interface/srv/detail/taskcmd__type_support.cpp.o[0m
[ 41%] [32mBuilding CXX object CMakeFiles/gui_interface__rosidl_typesupport_fastrtps_c.dir/rosidl_typesupport_fastrtps_c/gui_interface/srv/detail/taskcmd__type_support_c.cpp.o[0m
[ 45%] [32mBuilding CXX object CMakeFiles/gui_interface__rosidl_typesupport_fastrtps_cpp.dir/rosidl_typesupport_fastrtps_cpp/gui_interface/srv/detail/dds_fastrtps/taskcmd__type_support.cpp.o[0m
[ 48%] [32m[1mLinking CXX shared library libgui_interface__rosidl_typesupport_cpp.so[0m
[ 51%] [32mBuilding C object CMakeFiles/gui_interface__rosidl_typesupport_introspection_c.dir/rosidl_typesupport_introspection_c/gui_interface/srv/detail/taskcmd__type_support.c.o[0m
[ 51%] Built target gui_interface__rosidl_typesupport_cpp
[ 54%] [32m[1mLinking C shared library libgui_interface__rosidl_typesupport_introspection_c.so[0m
[ 58%] [32m[1mLinking CXX shared library libgui_interface__rosidl_typesupport_introspection_cpp.so[0m
[ 58%] Built target gui_interface__rosidl_typesupport_introspection_c
[ 61%] [32mBuilding CXX object CMakeFiles/gui_interface__rosidl_typesupport_c.dir/rosidl_typesupport_c/gui_interface/srv/taskcmd__type_support.cpp.o[0m
[ 64%] [32m[1mLinking CXX shared library libgui_interface__rosidl_typesupport_c.so[0m
[ 67%] [32m[1mLinking CXX shared library libgui_interface__rosidl_typesupport_fastrtps_c.so[0m
[ 67%] Built target gui_interface__rosidl_typesupport_introspection_cpp
[ 67%] Built target gui_interface__rosidl_typesupport_c
[ 67%] Built target gui_interface__rosidl_typesupport_fastrtps_c
[ 70%] [32m[1mLinking CXX shared library libgui_interface__rosidl_typesupport_fastrtps_cpp.so[0m
[ 70%] Built target gui_interface__rosidl_typesupport_fastrtps_cpp
[ 70%] Built target gui_interface
[ 74%] [34m[1mGenerating Python code for ROS interfaces[0m
[ 74%] Built target gui_interface__py
[ 77%] [32mBuilding C object CMakeFiles/gui_interface__rosidl_generator_py.dir/rosidl_generator_py/gui_interface/srv/_taskcmd_s.c.o[0m
[ 80%] [32m[1mLinking C shared library rosidl_generator_py/gui_interface/libgui_interface__rosidl_generator_py.so[0m
[ 80%] Built target gui_interface__rosidl_generator_py
[ 83%] [32mBuilding C object CMakeFiles/gui_interface__rosidl_typesupport_c__pyext.dir/rosidl_generator_py/gui_interface/_gui_interface_s.ep.rosidl_typesupport_c.c.o[0m
[ 87%] [32mBuilding C object CMakeFiles/gui_interface__rosidl_typesupport_fastrtps_c__pyext.dir/rosidl_generator_py/gui_interface/_gui_interface_s.ep.rosidl_typesupport_fastrtps_c.c.o[0m
[ 90%] [32mBuilding C object CMakeFiles/gui_interface__rosidl_typesupport_introspection_c__pyext.dir/rosidl_generator_py/gui_interface/_gui_interface_s.ep.rosidl_typesupport_introspection_c.c.o[0m
[ 93%] [32m[1mLinking C shared library rosidl_generator_py/gui_interface/gui_interface_s__rosidl_typesupport_c.cpython-310-x86_64-linux-gnu.so[0m
[ 96%] [32m[1mLinking C shared library rosidl_generator_py/gui_interface/gui_interface_s__rosidl_typesupport_introspection_c.cpython-310-x86_64-linux-gnu.so[0m
[ 96%] Built target gui_interface__rosidl_typesupport_c__pyext
[100%] [32m[1mLinking C shared library rosidl_generator_py/gui_interface/gui_interface_s__rosidl_typesupport_fastrtps_c.cpython-310-x86_64-linux-gnu.so[0m
[100%] Built target gui_interface__rosidl_typesupport_introspection_c__pyext
[100%] Built target gui_interface__rosidl_typesupport_fastrtps_c__pyext
-- Install configuration: ""
-- Installing: /home/eating/work/install/gui_interface/share/ament_index/resource_index/rosidl_interfaces/gui_interface
-- Installing: /home/eating/work/install/gui_interface/include/gui_interface/gui_interface
-- Installing: /home/eating/work/install/gui_interface/include/gui_interface/gui_interface/msg
-- Installing: /home/eating/work/install/gui_interface/include/gui_interface/gui_interface/msg/rosidl_generator_c__visibility_control.h
-- Installing: /home/eating/work/install/gui_interface/include/gui_interface/gui_interface/srv
-- Installing: /home/eating/work/install/gui_interface/include/gui_interface/gui_interface/srv/detail
-- Installing: /home/eating/work/install/gui_interface/include/gui_interface/gui_interface/srv/detail/taskcmd__struct.h
-- Installing: /home/eating/work/install/gui_interface/include/gui_interface/gui_interface/srv/detail/taskcmd__type_support.h
-- Installing: /home/eating/work/install/gui_interface/include/gui_interface/gui_interface/srv/detail/taskcmd__functions.h
-- Installing: /home/eating/work/install/gui_interface/include/gui_interface/gui_interface/srv/detail/taskcmd__functions.c
-- Installing: /home/eating/work/install/gui_interface/include/gui_interface/gui_interface/srv/taskcmd.h
-- Installing: /home/eating/work/install/gui_interface/share/gui_interface/environment/library_path.sh
-- Installing: /home/eating/work/install/gui_interface/share/gui_interface/environment/library_path.dsv
-- Installing: /home/eating/work/install/gui_interface/lib/libgui_interface__rosidl_generator_c.so
-- Set runtime path of "/home/eating/work/install/gui_interface/lib/libgui_interface__rosidl_generator_c.so" to ""
-- Up-to-date: /home/eating/work/install/gui_interface/include/gui_interface/gui_interface
-- Up-to-date: /home/eating/work/install/gui_interface/include/gui_interface/gui_interface/msg
-- Installing: /home/eating/work/install/gui_interface/include/gui_interface/gui_interface/msg/rosidl_typesupport_fastrtps_c__visibility_control.h
-- Up-to-date: /home/eating/work/install/gui_interface/include/gui_interface/gui_interface/srv
-- Up-to-date: /home/eating/work/install/gui_interface/include/gui_interface/gui_interface/srv/detail
-- Installing: /home/eating/work/install/gui_interface/include/gui_interface/gui_interface/srv/detail/taskcmd__rosidl_typesupport_fastrtps_c.h
-- Installing: /home/eating/work/install/gui_interface/lib/libgui_interface__rosidl_typesupport_fastrtps_c.so
-- Set runtime path of "/home/eating/work/install/gui_interface/lib/libgui_interface__rosidl_typesupport_fastrtps_c.so" to ""
-- Up-to-date: /home/eating/work/install/gui_interface/include/gui_interface/gui_interface
-- Up-to-date: /home/eating/work/install/gui_interface/include/gui_interface/gui_interface/msg
-- Installing: /home/eating/work/install/gui_interface/include/gui_interface/gui_interface/msg/rosidl_generator_cpp__visibility_control.hpp
-- Up-to-date: /home/eating/work/install/gui_interface/include/gui_interface/gui_interface/srv
-- Installing: /home/eating/work/install/gui_interface/include/gui_interface/gui_interface/srv/taskcmd.hpp
-- Up-to-date: /home/eating/work/install/gui_interface/include/gui_interface/gui_interface/srv/detail
-- Installing: /home/eating/work/install/gui_interface/include/gui_interface/gui_interface/srv/detail/taskcmd__struct.hpp
-- Installing: /home/eating/work/install/gui_interface/include/gui_interface/gui_interface/srv/detail/taskcmd__builder.hpp
-- Installing: /home/eating/work/install/gui_interface/include/gui_interface/gui_interface/srv/detail/taskcmd__type_support.hpp
-- Installing: /home/eating/work/install/gui_interface/include/gui_interface/gui_interface/srv/detail/taskcmd__traits.hpp
-- Up-to-date: /home/eating/work/install/gui_interface/include/gui_interface/gui_interface
-- Up-to-date: /home/eating/work/install/gui_interface/include/gui_interface/gui_interface/msg
-- Installing: /home/eating/work/install/gui_interface/include/gui_interface/gui_interface/msg/rosidl_typesupport_fastrtps_cpp__visibility_control.h
-- Up-to-date: /home/eating/work/install/gui_interface/include/gui_interface/gui_interface/srv
-- Up-to-date: /home/eating/work/install/gui_interface/include/gui_interface/gui_interface/srv/detail
-- Installing: /home/eating/work/install/gui_interface/include/gui_interface/gui_interface/srv/detail/dds_fastrtps
-- Installing: /home/eating/work/install/gui_interface/include/gui_interface/gui_interface/srv/detail/taskcmd__rosidl_typesupport_fastrtps_cpp.hpp
-- Installing: /home/eating/work/install/gui_interface/lib/libgui_interface__rosidl_typesupport_fastrtps_cpp.so
-- Set runtime path of "/home/eating/work/install/gui_interface/lib/libgui_interface__rosidl_typesupport_fastrtps_cpp.so" to ""
-- Up-to-date: /home/eating/work/install/gui_interface/include/gui_interface/gui_interface
-- Up-to-date: /home/eating/work/install/gui_interface/include/gui_interface/gui_interface/msg
-- Installing: /home/eating/work/install/gui_interface/include/gui_interface/gui_interface/msg/rosidl_typesupport_introspection_c__visibility_control.h
-- Up-to-date: /home/eating/work/install/gui_interface/include/gui_interface/gui_interface/srv
-- Up-to-date: /home/eating/work/install/gui_interface/include/gui_interface/gui_interface/srv/detail
-- Installing: /home/eating/work/install/gui_interface/include/gui_interface/gui_interface/srv/detail/taskcmd__type_support.c
-- Installing: /home/eating/work/install/gui_interface/include/gui_interface/gui_interface/srv/detail/taskcmd__rosidl_typesupport_introspection_c.h
-- Installing: /home/eating/work/install/gui_interface/lib/libgui_interface__rosidl_typesupport_introspection_c.so
-- Set runtime path of "/home/eating/work/install/gui_interface/lib/libgui_interface__rosidl_typesupport_introspection_c.so" to ""
-- Installing: /home/eating/work/install/gui_interface/lib/libgui_interface__rosidl_typesupport_c.so
-- Set runtime path of "/home/eating/work/install/gui_interface/lib/libgui_interface__rosidl_typesupport_c.so" to ""
-- Up-to-date: /home/eating/work/install/gui_interface/include/gui_interface/gui_interface
-- Up-to-date: /home/eating/work/install/gui_interface/include/gui_interface/gui_interface/srv
-- Up-to-date: /home/eating/work/install/gui_interface/include/gui_interface/gui_interface/srv/detail
-- Installing: /home/eating/work/install/gui_interface/include/gui_interface/gui_interface/srv/detail/taskcmd__rosidl_typesupport_introspection_cpp.hpp
-- Installing: /home/eating/work/install/gui_interface/include/gui_interface/gui_interface/srv/detail/taskcmd__type_support.cpp
-- Installing: /home/eating/work/install/gui_interface/lib/libgui_interface__rosidl_typesupport_introspection_cpp.so
-- Set runtime path of "/home/eating/work/install/gui_interface/lib/libgui_interface__rosidl_typesupport_introspection_cpp.so" to ""
-- Installing: /home/eating/work/install/gui_interface/lib/libgui_interface__rosidl_typesupport_cpp.so
-- Set runtime path of "/home/eating/work/install/gui_interface/lib/libgui_interface__rosidl_typesupport_cpp.so" to ""
-- Installing: /home/eating/work/install/gui_interface/share/gui_interface/environment/pythonpath.sh
-- Installing: /home/eating/work/install/gui_interface/share/gui_interface/environment/pythonpath.dsv
-- Installing: /home/eating/work/install/gui_interface/local/lib/python3.10/dist-packages/gui_interface-0.0.0-py3.10.egg-info
-- Installing: /home/eating/work/install/gui_interface/local/lib/python3.10/dist-packages/gui_interface-0.0.0-py3.10.egg-info/top_level.txt
-- Installing: /home/eating/work/install/gui_interface/local/lib/python3.10/dist-packages/gui_interface-0.0.0-py3.10.egg-info/SOURCES.txt
-- Installing: /home/eating/work/install/gui_interface/local/lib/python3.10/dist-packages/gui_interface-0.0.0-py3.10.egg-info/dependency_links.txt
-- Installing: /home/eating/work/install/gui_interface/local/lib/python3.10/dist-packages/gui_interface-0.0.0-py3.10.egg-info/PKG-INFO
-- Installing: /home/eating/work/install/gui_interface/local/lib/python3.10/dist-packages/gui_interface
-- Installing: /home/eating/work/install/gui_interface/local/lib/python3.10/dist-packages/gui_interface/__init__.py
-- Installing: /home/eating/work/install/gui_interface/local/lib/python3.10/dist-packages/gui_interface/gui_interface_s__rosidl_typesupport_c.cpython-310-x86_64-linux-gnu.so
-- Installing: /home/eating/work/install/gui_interface/local/lib/python3.10/dist-packages/gui_interface/_gui_interface_s.ep.rosidl_typesupport_fastrtps_c.c
-- Installing: /home/eating/work/install/gui_interface/local/lib/python3.10/dist-packages/gui_interface/_gui_interface_s.ep.rosidl_typesupport_c.c
-- Installing: /home/eating/work/install/gui_interface/local/lib/python3.10/dist-packages/gui_interface/gui_interface_s__rosidl_typesupport_introspection_c.cpython-310-x86_64-linux-gnu.so
-- Installing: /home/eating/work/install/gui_interface/local/lib/python3.10/dist-packages/gui_interface/srv
-- Installing: /home/eating/work/install/gui_interface/local/lib/python3.10/dist-packages/gui_interface/srv/__init__.py
-- Installing: /home/eating/work/install/gui_interface/local/lib/python3.10/dist-packages/gui_interface/srv/_taskcmd.py
-- Installing: /home/eating/work/install/gui_interface/local/lib/python3.10/dist-packages/gui_interface/srv/_taskcmd_s.c
-- Installing: /home/eating/work/install/gui_interface/local/lib/python3.10/dist-packages/gui_interface/libgui_interface__rosidl_generator_py.so
-- Installing: /home/eating/work/install/gui_interface/local/lib/python3.10/dist-packages/gui_interface/gui_interface_s__rosidl_typesupport_fastrtps_c.cpython-310-x86_64-linux-gnu.so
-- Installing: /home/eating/work/install/gui_interface/local/lib/python3.10/dist-packages/gui_interface/_gui_interface_s.ep.rosidl_typesupport_introspection_c.c
Listing '/home/eating/work/install/gui_interface/local/lib/python3.10/dist-packages/gui_interface'...
Compiling '/home/eating/work/install/gui_interface/local/lib/python3.10/dist-packages/gui_interface/__init__.py'...
Listing '/home/eating/work/install/gui_interface/local/lib/python3.10/dist-packages/gui_interface/srv'...
Compiling '/home/eating/work/install/gui_interface/local/lib/python3.10/dist-packages/gui_interface/srv/__init__.py'...
Compiling '/home/eating/work/install/gui_interface/local/lib/python3.10/dist-packages/gui_interface/srv/_taskcmd.py'...
-- Installing: /home/eating/work/install/gui_interface/local/lib/python3.10/dist-packages/gui_interface/gui_interface_s__rosidl_typesupport_fastrtps_c.cpython-310-x86_64-linux-gnu.so
-- Set runtime path of "/home/eating/work/install/gui_interface/local/lib/python3.10/dist-packages/gui_interface/gui_interface_s__rosidl_typesupport_fastrtps_c.cpython-310-x86_64-linux-gnu.so" to ""
-- Installing: /home/eating/work/install/gui_interface/local/lib/python3.10/dist-packages/gui_interface/gui_interface_s__rosidl_typesupport_introspection_c.cpython-310-x86_64-linux-gnu.so
-- Set runtime path of "/home/eating/work/install/gui_interface/local/lib/python3.10/dist-packages/gui_interface/gui_interface_s__rosidl_typesupport_introspection_c.cpython-310-x86_64-linux-gnu.so" to ""
-- Installing: /home/eating/work/install/gui_interface/local/lib/python3.10/dist-packages/gui_interface/gui_interface_s__rosidl_typesupport_c.cpython-310-x86_64-linux-gnu.so
-- Set runtime path of "/home/eating/work/install/gui_interface/local/lib/python3.10/dist-packages/gui_interface/gui_interface_s__rosidl_typesupport_c.cpython-310-x86_64-linux-gnu.so" to ""
-- Installing: /home/eating/work/install/gui_interface/lib/libgui_interface__rosidl_generator_py.so
-- Set runtime path of "/home/eating/work/install/gui_interface/lib/libgui_interface__rosidl_generator_py.so" to ""
-- Installing: /home/eating/work/install/gui_interface/share/gui_interface/srv/Taskcmd.idl
-- Installing: /home/eating/work/install/gui_interface/share/gui_interface/srv/Taskcmd.srv
-- Installing: /home/eating/work/install/gui_interface/share/gui_interface/srv/Taskcmd_Request.msg
-- Installing: /home/eating/work/install/gui_interface/share/gui_interface/srv/Taskcmd_Response.msg
-- Installing: /home/eating/work/install/gui_interface/share/ament_index/resource_index/package_run_dependencies/gui_interface
-- Installing: /home/eating/work/install/gui_interface/share/ament_index/resource_index/parent_prefix_path/gui_interface
-- Installing: /home/eating/work/install/gui_interface/share/gui_interface/environment/ament_prefix_path.sh
-- Installing: /home/eating/work/install/gui_interface/share/gui_interface/environment/ament_prefix_path.dsv
-- Installing: /home/eating/work/install/gui_interface/share/gui_interface/environment/path.sh
-- Installing: /home/eating/work/install/gui_interface/share/gui_interface/environment/path.dsv
-- Installing: /home/eating/work/install/gui_interface/share/gui_interface/local_setup.bash
-- Installing: /home/eating/work/install/gui_interface/share/gui_interface/local_setup.sh
-- Installing: /home/eating/work/install/gui_interface/share/gui_interface/local_setup.zsh
-- Installing: /home/eating/work/install/gui_interface/share/gui_interface/local_setup.dsv
-- Installing: /home/eating/work/install/gui_interface/share/gui_interface/package.dsv
-- Installing: /home/eating/work/install/gui_interface/share/ament_index/resource_index/packages/gui_interface
-- Installing: /home/eating/work/install/gui_interface/share/gui_interface/cmake/export_gui_interface__rosidl_generator_cExport.cmake
-- Installing: /home/eating/work/install/gui_interface/share/gui_interface/cmake/export_gui_interface__rosidl_generator_cExport-noconfig.cmake
-- Installing: /home/eating/work/install/gui_interface/share/gui_interface/cmake/export_gui_interface__rosidl_typesupport_fastrtps_cExport.cmake
-- Installing: /home/eating/work/install/gui_interface/share/gui_interface/cmake/export_gui_interface__rosidl_typesupport_fastrtps_cExport-noconfig.cmake
-- Installing: /home/eating/work/install/gui_interface/share/gui_interface/cmake/export_gui_interface__rosidl_generator_cppExport.cmake
-- Installing: /home/eating/work/install/gui_interface/share/gui_interface/cmake/export_gui_interface__rosidl_typesupport_fastrtps_cppExport.cmake
-- Installing: /home/eating/work/install/gui_interface/share/gui_interface/cmake/export_gui_interface__rosidl_typesupport_fastrtps_cppExport-noconfig.cmake
-- Installing: /home/eating/work/install/gui_interface/share/gui_interface/cmake/gui_interface__rosidl_typesupport_introspection_cExport.cmake
-- Installing: /home/eating/work/install/gui_interface/share/gui_interface/cmake/gui_interface__rosidl_typesupport_introspection_cExport-noconfig.cmake
-- Installing: /home/eating/work/install/gui_interface/share/gui_interface/cmake/gui_interface__rosidl_typesupport_cExport.cmake
-- Installing: /home/eating/work/install/gui_interface/share/gui_interface/cmake/gui_interface__rosidl_typesupport_cExport-noconfig.cmake
-- Installing: /home/eating/work/install/gui_interface/share/gui_interface/cmake/gui_interface__rosidl_typesupport_introspection_cppExport.cmake
-- Installing: /home/eating/work/install/gui_interface/share/gui_interface/cmake/gui_interface__rosidl_typesupport_introspection_cppExport-noconfig.cmake
-- Installing: /home/eating/work/install/gui_interface/share/gui_interface/cmake/gui_interface__rosidl_typesupport_cppExport.cmake
-- Installing: /home/eating/work/install/gui_interface/share/gui_interface/cmake/gui_interface__rosidl_typesupport_cppExport-noconfig.cmake
-- Installing: /home/eating/work/install/gui_interface/share/gui_interface/cmake/export_gui_interface__rosidl_generator_pyExport.cmake
-- Installing: /home/eating/work/install/gui_interface/share/gui_interface/cmake/export_gui_interface__rosidl_generator_pyExport-noconfig.cmake
-- Installing: /home/eating/work/install/gui_interface/share/gui_interface/cmake/rosidl_cmake-extras.cmake
-- Installing: /home/eating/work/install/gui_interface/share/gui_interface/cmake/ament_cmake_export_dependencies-extras.cmake
-- Installing: /home/eating/work/install/gui_interface/share/gui_interface/cmake/ament_cmake_export_include_directories-extras.cmake
-- Installing: /home/eating/work/install/gui_interface/share/gui_interface/cmake/ament_cmake_export_libraries-extras.cmake
-- Installing: /home/eating/work/install/gui_interface/share/gui_interface/cmake/ament_cmake_export_targets-extras.cmake
-- Installing: /home/eating/work/install/gui_interface/share/gui_interface/cmake/rosidl_cmake_export_typesupport_targets-extras.cmake
-- Installing: /home/eating/work/install/gui_interface/share/gui_interface/cmake/rosidl_cmake_export_typesupport_libraries-extras.cmake
-- Installing: /home/eating/work/install/gui_interface/share/gui_interface/cmake/gui_interfaceConfig.cmake
-- Installing: /home/eating/work/install/gui_interface/share/gui_interface/cmake/gui_interfaceConfig-version.cmake
-- Installing: /home/eating/work/install/gui_interface/share/gui_interface/package.xml
