[0.988s] Invoking command in '/home/eating/work/src/docking/docking_pkg': PYTHONPATH=/home/eating/work/build/docking_pkg/prefix_override:/usr/lib/python3/dist-packages/colcon_core/task/python/colcon_distutils_commands:/home/eating/work/install/docking_pkg/lib/python3.10/site-packages:${PYTHONPATH} /usr/bin/python3 -W ignore:setup.py install is deprecated -W ignore:easy_install command is deprecated setup.py egg_info --egg-base ../../../build/docking_pkg build --build-base /home/eating/work/build/docking_pkg/build install --record /home/eating/work/build/docking_pkg/install.log --single-version-externally-managed install_data
[1.269s] running egg_info
[1.269s] writing ../../../build/docking_pkg/docking_pkg.egg-info/PKG-INFO
[1.269s] writing dependency_links to ../../../build/docking_pkg/docking_pkg.egg-info/dependency_links.txt
[1.270s] writing entry points to ../../../build/docking_pkg/docking_pkg.egg-info/entry_points.txt
[1.270s] writing requirements to ../../../build/docking_pkg/docking_pkg.egg-info/requires.txt
[1.270s] writing top-level names to ../../../build/docking_pkg/docking_pkg.egg-info/top_level.txt
[1.271s] reading manifest file '../../../build/docking_pkg/docking_pkg.egg-info/SOURCES.txt'
[1.272s] writing manifest file '../../../build/docking_pkg/docking_pkg.egg-info/SOURCES.txt'
[1.272s] running build
[1.272s] running build_py
[1.273s] running install
[1.273s] running install_lib
[1.274s] running install_data
[1.274s] running install_egg_info
[1.276s] removing '/home/eating/work/install/docking_pkg/lib/python3.10/site-packages/docking_pkg-0.0.0-py3.10.egg-info' (and everything under it)
[1.277s] Copying ../../../build/docking_pkg/docking_pkg.egg-info to /home/eating/work/install/docking_pkg/lib/python3.10/site-packages/docking_pkg-0.0.0-py3.10.egg-info
[1.277s] running install_scripts
[1.295s] Installing YoloDepthProcessor script to /home/eating/work/install/docking_pkg/lib/docking_pkg
[1.295s] Installing docking_status_server script to /home/eating/work/install/docking_pkg/lib/docking_pkg
[1.295s] Installing dockingcamera script to /home/eating/work/install/docking_pkg/lib/docking_pkg
[1.295s] Installing pid_mecanum_node script to /home/eating/work/install/docking_pkg/lib/docking_pkg
[1.295s] Installing ransac script to /home/eating/work/install/docking_pkg/lib/docking_pkg
[1.295s] Installing yolo_subscriber script to /home/eating/work/install/docking_pkg/lib/docking_pkg
[1.296s] writing list of installed files to '/home/eating/work/build/docking_pkg/install.log'
[1.691s] Invoked command in '/home/eating/work/src/docking/docking_pkg' returned '0': PYTHONPATH=/home/eating/work/build/docking_pkg/prefix_override:/usr/lib/python3/dist-packages/colcon_core/task/python/colcon_distutils_commands:/home/eating/work/install/docking_pkg/lib/python3.10/site-packages:${PYTHONPATH} /usr/bin/python3 -W ignore:setup.py install is deprecated -W ignore:easy_install command is deprecated setup.py egg_info --egg-base ../../../build/docking_pkg build --build-base /home/eating/work/build/docking_pkg/build install --record /home/eating/work/build/docking_pkg/install.log --single-version-externally-managed install_data
