[2.709s] Invoking command in '/home/eating/work/src/docking/docking_pkg': PYTHONPATH=/home/eating/work/build/docking_pkg/prefix_override:/usr/lib/python3/dist-packages/colcon_core/task/python/colcon_distutils_commands:/home/eating/work/install/docking_pkg/lib/python3.10/site-packages:${PYTHONPATH} /usr/bin/python3 -W ignore:setup.py install is deprecated -W ignore:easy_install command is deprecated setup.py egg_info --egg-base ../../../build/docking_pkg build --build-base /home/eating/work/build/docking_pkg/build install --record /home/eating/work/build/docking_pkg/install.log --single-version-externally-managed install_data
[3.643s] running egg_info
[3.645s] writing ../../../build/docking_pkg/docking_pkg.egg-info/PKG-INFO
[3.645s] writing dependency_links to ../../../build/docking_pkg/docking_pkg.egg-info/dependency_links.txt
[3.645s] writing entry points to ../../../build/docking_pkg/docking_pkg.egg-info/entry_points.txt
[3.645s] writing requirements to ../../../build/docking_pkg/docking_pkg.egg-info/requires.txt
[3.646s] writing top-level names to ../../../build/docking_pkg/docking_pkg.egg-info/top_level.txt
[3.649s] reading manifest file '../../../build/docking_pkg/docking_pkg.egg-info/SOURCES.txt'
[3.651s] writing manifest file '../../../build/docking_pkg/docking_pkg.egg-info/SOURCES.txt'
[3.651s] running build
[3.651s] running build_py
[3.651s] copying docking_pkg/pid_mecanum_node.py -> /home/eating/work/build/docking_pkg/build/lib/docking_pkg
[3.652s] running install
[3.653s] running install_lib
[3.655s] copying /home/eating/work/build/docking_pkg/build/lib/docking_pkg/pid_mecanum_node.py -> /home/eating/work/install/docking_pkg/lib/python3.10/site-packages/docking_pkg
[3.655s] byte-compiling /home/eating/work/install/docking_pkg/lib/python3.10/site-packages/docking_pkg/pid_mecanum_node.py to pid_mecanum_node.cpython-310.pyc
[3.657s] running install_data
[3.657s] running install_egg_info
[3.660s] removing '/home/eating/work/install/docking_pkg/lib/python3.10/site-packages/docking_pkg-0.0.0-py3.10.egg-info' (and everything under it)
[3.661s] Copying ../../../build/docking_pkg/docking_pkg.egg-info to /home/eating/work/install/docking_pkg/lib/python3.10/site-packages/docking_pkg-0.0.0-py3.10.egg-info
[3.662s] running install_scripts
[3.699s] Installing YoloDepthProcessor script to /home/eating/work/install/docking_pkg/lib/docking_pkg
[3.700s] Installing docking_status_server script to /home/eating/work/install/docking_pkg/lib/docking_pkg
[3.700s] Installing dockingcamera script to /home/eating/work/install/docking_pkg/lib/docking_pkg
[3.700s] Installing pid_mecanum_node script to /home/eating/work/install/docking_pkg/lib/docking_pkg
[3.700s] Installing ransac script to /home/eating/work/install/docking_pkg/lib/docking_pkg
[3.700s] Installing yolo_subscriber script to /home/eating/work/install/docking_pkg/lib/docking_pkg
[3.701s] writing list of installed files to '/home/eating/work/build/docking_pkg/install.log'
[4.256s] Invoked command in '/home/eating/work/src/docking/docking_pkg' returned '0': PYTHONPATH=/home/eating/work/build/docking_pkg/prefix_override:/usr/lib/python3/dist-packages/colcon_core/task/python/colcon_distutils_commands:/home/eating/work/install/docking_pkg/lib/python3.10/site-packages:${PYTHONPATH} /usr/bin/python3 -W ignore:setup.py install is deprecated -W ignore:easy_install command is deprecated setup.py egg_info --egg-base ../../../build/docking_pkg build --build-base /home/eating/work/build/docking_pkg/build install --record /home/eating/work/build/docking_pkg/install.log --single-version-externally-managed install_data
